Arguments:
{
    "action_repeat": 1,
    "alpha_lr": 0.0003,
    "backend": null,
    "batch_size": 256,
    "contrastive_loss_fn": "infonce_backward",
    "critic_lr": 0.0003,
    "disable_entropy_actor": false,
    "discounting": 0.99,
    "discriminator_lr": 0.0003,
    "energy_fn": "l2",
    "entropy_alpha": 1e-06,
    "env_name": "ant_fullobs",
    "episode_length": 1025,
    "eval_env": null,
    "exp_name": "ant_fullobs-main-standard-numenvs512-numtimesteps12000000000-batchsize256-1-della-maxent-gaussianmlp-",
    "generator_lr": 0.0003,
    "group_name": "first_run",
    "h_dim": 256,
    "l2_penalty": 0.0,
    "log_wandb": true,
    "logsumexp_penalty": 0.0,
    "max_replay_size": 10000,
    "min_replay_size": 1000,
    "n_hidden": 8,
    "no_resubs": false,
    "noise_dim": 4,
    "num_envs": 512,
    "num_eval_envs": 256,
    "num_evals": 50,
    "num_timesteps": 12000000000,
    "policy_lr": 0.0003,
    "project_name": "test",
    "random_goals": 0.0,
    "repr_dim": 64,
    "saved_ckpt_path": null,
    "seed": 1,
    "train_step_multiplier": 1,
    "unroll_length": 62,
    "use_dense_reward": false,
    "use_generator_for_targets": false,
    "use_her": false,
    "use_ln": false,
    "var_post": "standard",
    "visualization_interval": 5
}
Updates per environment step: 0.06457913306451613
Calculated env_steps_per_actor_step as action_repeat (1) * num_envs (512) * unroll_length (62) = 31744
Calculated num_prefill_actor_steps as min_replay_size (1000) // unroll_length (62) + 1 = 17
Num_prefill_actor_steps:  17
Calculated num_prefill_env_steps as num_prefill_actor_steps (17) * env_steps_per_actor_step (31744) = 539648
Num prefill env steps: 539648
obs_size 38
action_size 8
state_dim 29
state_dim, goal_dim, action_dim 29 9 8
env keys (1, 512, 2)
original env reset observation shape (1, 512, 38)
current num_prefill_actor_steps 17
get experience env_state observation shape (512, 38)
replay size after prefill 1054
replay buffer.size <bound method QueueBase.size of <src.replay_buffer.TrajectoryUniformSamplingQueue object at 0x15165f7e8370>>
jax process count 1
obs shape (256, 38)
LOGITS (256, 16)
ACTION SHAPE (256, 8)
obs shape (1, 38)
LOGITS (1, 16)
ACTION SHAPE (1, 8)
step: 0, eval/episode_dist: 16561.078 +/- 0.000
step: 0, eval/episode_reward_survive: 938.375 +/- 0.000
step: 0, eval/episode_success: 58.312 +/- 0.000
step: 0, eval/episode_success_ang: 0.262 +/- 0.000
step: 0, eval/episode_success_easy: 228.102 +/- 0.000
step: 0, eval/episode_success_pos: 3.289 +/- 0.000
step: 0, eval/episode_success_vel: 1.184 +/- 0.000
step: 0, eval/episode_success_any: 0.312 +/- 0.000
step: 0, eval/episode_success_hard: 0.000 +/- 0.000
step: 0, eval/episode_success_rot: 0.000 +/- 0.000
step: 0, training/crl_critic_loss: 0.000 +/- 0.000
step: 0, training/actor_loss: 0.000 +/- 0.000
step: 0, training/binary_accuracy: 0.000 +/- 0.000
step: 0, training/categorical_accuracy: 0.000 +/- 0.000
step: 0, training/logits_pos: 0.000 +/- 0.000
step: 0, training/logits_neg: 0.000 +/- 0.000
step: 0, training/logsumexp: 0.000 +/- 0.000
step: 0, training/sps: 0.000 +/- 0.000
step: 0, training/entropy: 0.000 +/- 0.000
step: 0, training/alpha: 0.000 +/- 0.000
step: 0, training/alpha_loss: 0.000 +/- 0.000
step: 0, training/sa_repr_mean: 0.000 +/- 0.000
step: 0, training/g_repr_mean: 0.000 +/- 0.000
step: 0, training/sa_repr_std: 0.000 +/- 0.000
step: 0, training/g_repr_std: 0.000 +/- 0.000
step: 0, training/l_align: 0.000 +/- 0.000
step: 0, training/l_unif: 0.000 +/- 0.000
step: 0, training/entropy_loss: 0.000 +/- 0.000
step: 0, training/context_info_loss: 0.000 +/- 0.000
step: 0, training/context_mean_norm: 0.000 +/- 0.000
step: 0, training/context_std_mean: 0.000 +/- 0.000
get experience env_state observation shape (512, 38)
ENVS IDXS (512,)
transitions (512, 1025, 38)
SEQ LEN (1025, 38)
traj_id (1025,)
SINGLE TRAJECTORIES (1025, 1025)
probs shape (1025, 1025)
goal index Traced<ShapedArray(int32[1025])>with<DynamicJaxprTrace(level=3/1)>
goal index shape (1025,)
state, target, noise (1024, 29) (1024, 9) (1,)
next state (1024, 29)
TRANSITIONS SHAPE AFTER PROCESSING (512, 1024, 38)
TRANSITIONS SHAPE AFTER RESHAPING (524288, 38)
next_state.shape, goal.shape, action.shape (256, 29) (256, 9) (256, 8)
actor_loss ()
actor_loss (256,)
env_keys shape: (512, 2)
get experience context env_state observation shape (512, 38)
data shape before flipping (1025, 512, 38)
data shape (512, 1025, 38)
trajectories before slice (1, 512, 1025, 38)
trajectories before update step context (1, 512, 1024, 38)
transitions (512, 1024, 38) (512, 1024)
targets (512, 9)
trajectories (512, 37888)
context output shape (512, 18)
[1;34mwandb[0m: 
[1;34mwandb[0m: You can sync this run to the cloud by running:
[1;34mwandb[0m: [1mwandb sync /home/kw2960/JaxGCRL/wandb/offline-run-20250818_192547-3k32mi6s[0m
[1;34mwandb[0m: Find logs at: [1;35mwandb/offline-run-20250818_192547-3k32mi6s/logs[0m
