usage: training_goalkde.py [-h] [--exp_name EXP_NAME]
                           [--group_name GROUP_NAME]
                           [--project_name PROJECT_NAME]
                           [--num_timesteps NUM_TIMESTEPS]
                           [--max_replay_size MAX_REPLAY_SIZE]
                           [--min_replay_size MIN_REPLAY_SIZE]
                           [--num_evals NUM_EVALS]
                           [--episode_length EPISODE_LENGTH]
                           [--action_repeat ACTION_REPEAT]
                           [--discounting DISCOUNTING] [--num_envs NUM_ENVS]
                           [--num_eval_envs NUM_EVAL_ENVS]
                           [--batch_size BATCH_SIZE] [--seed SEED]
                           [--unroll_length UNROLL_LENGTH]
                           [--train_step_multiplier TRAIN_STEP_MULTIPLIER]
                           [--env_name ENV_NAME] [--log_wandb]
                           [--policy_lr POLICY_LR] [--alpha_lr ALPHA_LR]
                           [--critic_lr CRITIC_LR]
                           [--contrastive_loss_fn CONTRASTIVE_LOSS_FN]
                           [--energy_fn ENERGY_FN] [--backend BACKEND]
                           [--no_resubs] [--use_ln]
                           [--logsumexp_penalty LOGSUMEXP_PENALTY]
                           [--l2_penalty L2_PENALTY]
                           [--random_goals RANDOM_GOALS]
                           [--disable_entropy_actor] [--eval_env EVAL_ENV]
                           [--h_dim H_DIM] [--n_hidden N_HIDDEN]
                           [--repr_dim REPR_DIM] [--use_dense_reward]
                           [--use_her]
                           [--visualization_interval VISUALIZATION_INTERVAL]
                           [--saved_ckpt_path SAVED_CKPT_PATH]
                           [--entropy_alpha ENTROPY_ALPHA]
                           [--generator_lr GENERATOR_LR]
                           [--discriminator_lr DISCRIMINATOR_LR]
                           [--noise_dim NOISE_DIM]
                           [--use_generator_for_targets] [--var_post VAR_POST]
training_goalkde.py: error: argument --num_evals: invalid int value: '1e-4'
