Arguments:
{
    "action_repeat": 1,
    "alpha_lr": 0.0001,
    "backend": null,
    "batch_size": 256,
    "contrastive_loss_fn": "infonce_backward",
    "critic_lr": 0.0001,
    "disable_entropy_actor": false,
    "discounting": 0.99,
    "discriminator_lr": 0.0003,
    "energy_fn": "l2",
    "entropy_alpha": 1e-06,
    "env_name": "ant",
    "episode_length": 1025,
    "eval_env": null,
    "exp_name": "ant-goalkde-meanfield-1x-60000000-256-512-1e-4-1e-4-1e-4-1-della-maxent-gaussianmlp-1e-4",
    "generator_lr": 0.0003,
    "group_name": "first_run",
    "h_dim": 256,
    "l2_penalty": 0.0,
    "log_wandb": true,
    "logsumexp_penalty": 0.0,
    "max_replay_size": 10000,
    "min_replay_size": 1000,
    "n_hidden": 8,
    "no_resubs": false,
    "noise_dim": 4,
    "num_envs": 512,
    "num_eval_envs": 256,
    "num_evals": 50,
    "num_timesteps": 60000000,
    "policy_lr": 0.0001,
    "project_name": "test",
    "random_goals": 0.0,
    "repr_dim": 64,
    "saved_ckpt_path": null,
    "seed": 1,
    "train_step_multiplier": 1,
    "unroll_length": 62,
    "use_dense_reward": false,
    "use_generator_for_targets": false,
    "use_her": false,
    "use_ln": false,
    "var_post": "meanfield",
    "visualization_interval": 5
}
Updates per environment step: 0.06457913306451613
Calculated env_steps_per_actor_step as action_repeat (1) * num_envs (512) * unroll_length (62) = 31744
Calculated num_prefill_actor_steps as min_replay_size (1000) // unroll_length (62) + 1 = 17
Num_prefill_actor_steps:  17
Calculated num_prefill_env_steps as num_prefill_actor_steps (17) * env_steps_per_actor_step (31744) = 539648
Num prefill env steps: 539648
obs_size 31
action_size 8
state_dim 29
env keys (1, 512, 2)
original env reset observation shape (1, 512, 31)
current num_prefill_actor_steps 17
replay size after prefill 10000
replay buffer.size <bound method QueueBase.size of <src.replay_buffer.TrajectoryUniformSamplingQueue object at 0x14f84a9702e0>>
jax process count 1
obs shape (256, 31)
LOGITS (256, 16)
ACTION SHAPE (256, 8)
obs shape (1, 31)
LOGITS (1, 16)
ACTION SHAPE (1, 8)
step: 0, eval/episode_dist: 9670.150 +/- 0.000
step: 0, eval/episode_reward_survive: 948.734 +/- 0.000
step: 0, eval/episode_success: 0.000 +/- 0.000
step: 0, eval/episode_success_easy: 0.000 +/- 0.000
step: 0, eval/episode_success_any: 0.000 +/- 0.000
step: 0, eval/episode_success_hard: 0.000 +/- 0.000
step: 0, eval/episode_success_pos: 0.000 +/- 0.000
step: 0, eval/episode_success_rot: 0.000 +/- 0.000
step: 0, eval/episode_success_vel: 0.000 +/- 0.000
step: 0, eval/episode_success_ang: 0.000 +/- 0.000
step: 0, training/crl_critic_loss: 0.000 +/- 0.000
step: 0, training/actor_loss: 0.000 +/- 0.000
step: 0, training/binary_accuracy: 0.000 +/- 0.000
step: 0, training/categorical_accuracy: 0.000 +/- 0.000
step: 0, training/logits_pos: 0.000 +/- 0.000
step: 0, training/logits_neg: 0.000 +/- 0.000
step: 0, training/logsumexp: 0.000 +/- 0.000
step: 0, training/sps: 0.000 +/- 0.000
step: 0, training/entropy: 0.000 +/- 0.000
step: 0, training/alpha: 0.000 +/- 0.000
step: 0, training/alpha_loss: 0.000 +/- 0.000
step: 0, training/sa_repr_mean: 0.000 +/- 0.000
step: 0, training/g_repr_mean: 0.000 +/- 0.000
step: 0, training/sa_repr_std: 0.000 +/- 0.000
step: 0, training/g_repr_std: 0.000 +/- 0.000
step: 0, training/l_align: 0.000 +/- 0.000
step: 0, training/l_unif: 0.000 +/- 0.000
step: 0, training/context_info_loss: 0.000 +/- 0.000
step: 0, training/context_mean_norm: 0.000 +/- 0.000
step: 0, training/context_std_mean: 0.000 +/- 0.000
ENVS IDXS (512,)
transitions (512, 1025, 31)
SEQ LEN (1025, 31)
traj_id (1025,)
SINGLE TRAJECTORIES (1025, 1025)
probs shape (1025, 1025)
goal index Traced<ShapedArray(int32[1025])>with<DynamicJaxprTrace(level=3/1)>
goal index shape (1025,)
state, target, noise (1024, 29) (1024, 2) (1,)
next state (1024, 29)
kde: transitions shape before permutation (524288, 31)
kde: permutation shape (524288,)
kde: transitions shape after permutation (524288, 31)
kde: data_to_kde shape (10000, 2)
kde: buffer_goals shape (512, 1024, 2)
kde: exploration_goals shape (512, 2)
TRANSITIONS SHAPE AFTER PROCESSING (512, 1024, 31)
TRAJECTORIES SHAPE (1, 512, 1024, 31)
TRANSITIONS SHAPE AFTER RESHAPING (524288, 31)
next_state.shape, goal.shape, action.shape (256, 29) (256, 2) (256, 8)
actor_loss ()
actor_loss (256,)
env_keys shape: (512, 2)
get experience context env_state observation shape (512, 31)
data shape before flipping (1025, 512, 31)
data shape (512, 1025, 31)
trajectories before slice (1, 512, 1025, 31)
trajectories before update step context (1, 512, 1024, 31)
transitions (512, 1024, 31) (512, 1024)
targets (512, 2)
sa_pairs_flat (524288, 37)
context output shape (524288, 4)
context output shape (512, 1024, 4)
context mean shape (512, 1024, 2)
context log_std shape (512, 1024, 2)
pair_log_likelihood shape (512, 1024)
log_likelihood shape (512,)
obs shape (1, 31)
LOGITS (1, 16)
ACTION SHAPE (1, 8)
step: 1777664, eval/episode_dist: 5713.655 +/- 0.000
step: 1777664, eval/episode_reward_survive: 630.891 +/- 0.000
step: 1777664, eval/episode_success: 0.438 +/- 0.000
step: 1777664, eval/episode_success_easy: 4.746 +/- 0.000
step: 1777664, eval/episode_success_any: 0.012 +/- 0.000
step: 1777664, eval/episode_success_hard: 0.000 +/- 0.000
step: 1777664, eval/episode_success_pos: 0.000 +/- 0.000
step: 1777664, eval/episode_success_rot: 0.000 +/- 0.000
step: 1777664, eval/episode_success_vel: 0.000 +/- 0.000
step: 1777664, eval/episode_success_ang: 0.000 +/- 0.000
step: 1777664, training/crl_critic_loss: 0.000 +/- 0.000
step: 1777664, training/actor_loss: 1.282 +/- 0.000
step: 1777664, training/binary_accuracy: 0.996 +/- 0.000
step: 1777664, training/categorical_accuracy: 0.264 +/- 0.000
step: 1777664, training/logits_pos: -2.066 +/- 0.000
step: 1777664, training/logits_neg: -8.742 +/- 0.000
step: 1777664, training/logsumexp: 2.827 +/- 0.000
step: 1777664, training/sps: 4039.895 +/- 0.000
step: 1777664, training/entropy: 2.646 +/- 0.000
step: 1777664, training/alpha: 0.137 +/- 0.000
step: 1777664, training/alpha_loss: 1.281 +/- 0.000
step: 1777664, training/sa_repr_mean: 5.857 +/- 0.000
step: 1777664, training/g_repr_mean: 6.363 +/- 0.000
step: 1777664, training/sa_repr_std: 3.869 +/- 0.000
step: 1777664, training/g_repr_std: 3.879 +/- 0.000
step: 1777664, training/l_align: 2.066 +/- 0.000
step: 1777664, training/l_unif: 1.171 +/- 0.000
step: 1777664, training/context_info_loss: 27768.863 +/- 0.000
step: 1777664, training/context_mean_norm: 0.144 +/- 0.000
step: 1777664, training/context_std_mean: 1.742 +/- 0.000
kde: transitions shape before permutation (524288, 31)
kde: permutation shape (524288,)
kde: transitions shape after permutation (524288, 31)
kde: data_to_kde shape (10000, 2)
kde: buffer_goals shape (512, 1024, 2)
kde: exploration_goals shape (512, 2)
TRANSITIONS SHAPE AFTER PROCESSING (512, 1024, 31)
TRAJECTORIES SHAPE (1, 512, 1024, 31)
TRANSITIONS SHAPE AFTER RESHAPING (524288, 31)
next_state.shape, goal.shape, action.shape (256, 29) (256, 2) (256, 8)
actor_loss ()
actor_loss (256,)
env_keys shape: (512, 2)
get experience context env_state observation shape (512, 31)
data shape before flipping (1025, 512, 31)
data shape (512, 1025, 31)
trajectories before slice (1, 512, 1025, 31)
trajectories before update step context (1, 512, 1024, 31)
step: 3015680, eval/episode_dist: 2287.537 +/- 0.000
step: 3015680, eval/episode_reward_survive: 667.355 +/- 0.000
step: 3015680, eval/episode_success: 50.781 +/- 0.000
step: 3015680, eval/episode_success_easy: 342.660 +/- 0.000
step: 3015680, eval/episode_success_any: 0.551 +/- 0.000
step: 3015680, eval/episode_success_hard: 0.000 +/- 0.000
step: 3015680, eval/episode_success_pos: 0.000 +/- 0.000
step: 3015680, eval/episode_success_rot: 0.000 +/- 0.000
step: 3015680, eval/episode_success_vel: 0.000 +/- 0.000
step: 3015680, eval/episode_success_ang: 0.000 +/- 0.000
step: 3015680, training/crl_critic_loss: 0.000 +/- 0.000
step: 3015680, training/actor_loss: 4.390 +/- 0.000
step: 3015680, training/binary_accuracy: 0.996 +/- 0.000
step: 3015680, training/categorical_accuracy: 0.414 +/- 0.000
step: 3015680, training/logits_pos: -4.769 +/- 0.000
step: 3015680, training/logits_neg: -14.794 +/- 0.000
step: 3015680, training/logsumexp: 12.948 +/- 0.000
step: 3015680, training/sps: 4578.648 +/- 0.000
step: 3015680, training/entropy: -4.035 +/- 0.000
step: 3015680, training/alpha: 0.010 +/- 0.000
step: 3015680, training/alpha_loss: -0.000 +/- 0.000
step: 3015680, training/sa_repr_mean: 10.765 +/- 0.000
step: 3015680, training/g_repr_mean: 10.941 +/- 0.000
step: 3015680, training/sa_repr_std: 4.812 +/- 0.000
step: 3015680, training/g_repr_std: 4.265 +/- 0.000
step: 3015680, training/l_align: 4.769 +/- 0.000
step: 3015680, training/l_unif: -2.551 +/- 0.000
step: 3015680, training/context_info_loss: 10206.399 +/- 0.000
step: 3015680, training/context_mean_norm: 0.159 +/- 0.000
step: 3015680, training/context_std_mean: 21.622 +/- 0.000
step: 4253696, eval/episode_dist: 2341.717 +/- 0.000
step: 4253696, eval/episode_reward_survive: 836.949 +/- 0.000
step: 4253696, eval/episode_success: 87.141 +/- 0.000
step: 4253696, eval/episode_success_easy: 529.547 +/- 0.000
step: 4253696, eval/episode_success_any: 0.648 +/- 0.000
step: 4253696, eval/episode_success_hard: 0.000 +/- 0.000
step: 4253696, eval/episode_success_pos: 0.000 +/- 0.000
step: 4253696, eval/episode_success_rot: 0.000 +/- 0.000
step: 4253696, eval/episode_success_vel: 0.000 +/- 0.000
step: 4253696, eval/episode_success_ang: 0.000 +/- 0.000
step: 4253696, training/crl_critic_loss: 0.000 +/- 0.000
step: 4253696, training/actor_loss: 11.365 +/- 0.000
step: 4253696, training/binary_accuracy: 0.996 +/- 0.000
step: 4253696, training/categorical_accuracy: 0.424 +/- 0.000
step: 4253696, training/logits_pos: -11.925 +/- 0.000
step: 4253696, training/logits_neg: -26.714 +/- 0.000
step: 4253696, training/logsumexp: 104.404 +/- 0.000
step: 4253696, training/sps: 5041.274 +/- 0.000
step: 4253696, training/entropy: -4.002 +/- 0.000
step: 4253696, training/alpha: 0.013 +/- 0.000
step: 4253696, training/alpha_loss: -0.000 +/- 0.000
step: 4253696, training/sa_repr_mean: 19.385 +/- 0.000
step: 4253696, training/g_repr_mean: 20.677 +/- 0.000
step: 4253696, training/sa_repr_std: 7.962 +/- 0.000
step: 4253696, training/g_repr_std: 6.660 +/- 0.000
step: 4253696, training/l_align: 11.925 +/- 0.000
step: 4253696, training/l_unif: -10.167 +/- 0.000
step: 4253696, training/context_info_loss: 7623.067 +/- 0.000
step: 4253696, training/context_mean_norm: 0.239 +/- 0.000
step: 4253696, training/context_std_mean: 13.966 +/- 0.000
step: 5491712, eval/episode_dist: 2193.530 +/- 0.000
step: 5491712, eval/episode_reward_survive: 872.711 +/- 0.000
step: 5491712, eval/episode_success: 124.777 +/- 0.000
step: 5491712, eval/episode_success_easy: 592.020 +/- 0.000
step: 5491712, eval/episode_success_any: 0.695 +/- 0.000
step: 5491712, eval/episode_success_hard: 0.000 +/- 0.000
step: 5491712, eval/episode_success_pos: 0.000 +/- 0.000
step: 5491712, eval/episode_success_rot: 0.000 +/- 0.000
step: 5491712, eval/episode_success_vel: 0.000 +/- 0.000
step: 5491712, eval/episode_success_ang: 0.000 +/- 0.000
step: 5491712, training/crl_critic_loss: 0.000 +/- 0.000
step: 5491712, training/actor_loss: 15.467 +/- 0.000
step: 5491712, training/binary_accuracy: 0.996 +/- 0.000
step: 5491712, training/categorical_accuracy: 0.408 +/- 0.000
step: 5491712, training/logits_pos: -16.052 +/- 0.000
step: 5491712, training/logits_neg: -31.949 +/- 0.000
step: 5491712, training/logsumexp: 204.633 +/- 0.000
step: 5491712, training/sps: 5044.521 +/- 0.000
step: 5491712, training/entropy: -4.004 +/- 0.000
step: 5491712, training/alpha: 0.015 +/- 0.000
step: 5491712, training/alpha_loss: -0.000 +/- 0.000
step: 5491712, training/sa_repr_mean: 21.846 +/- 0.000
step: 5491712, training/g_repr_mean: 25.095 +/- 0.000
step: 5491712, training/sa_repr_std: 9.965 +/- 0.000
step: 5491712, training/g_repr_std: 8.982 +/- 0.000
step: 5491712, training/l_align: 16.052 +/- 0.000
step: 5491712, training/l_unif: -14.401 +/- 0.000
step: 5491712, training/context_info_loss: 7252.397 +/- 0.000
step: 5491712, training/context_mean_norm: 0.244 +/- 0.000
step: 5491712, training/context_std_mean: 8.158 +/- 0.000
step: 6729728, eval/episode_dist: 2394.291 +/- 0.000
step: 6729728, eval/episode_reward_survive: 922.832 +/- 0.000
step: 6729728, eval/episode_success: 99.770 +/- 0.000
step: 6729728, eval/episode_success_easy: 614.918 +/- 0.000
step: 6729728, eval/episode_success_any: 0.703 +/- 0.000
step: 6729728, eval/episode_success_hard: 0.000 +/- 0.000
step: 6729728, eval/episode_success_pos: 0.000 +/- 0.000
step: 6729728, eval/episode_success_rot: 0.000 +/- 0.000
step: 6729728, eval/episode_success_vel: 0.000 +/- 0.000
step: 6729728, eval/episode_success_ang: 0.000 +/- 0.000
step: 6729728, training/crl_critic_loss: 0.000 +/- 0.000
step: 6729728, training/actor_loss: 18.594 +/- 0.000
step: 6729728, training/binary_accuracy: 0.996 +/- 0.000
step: 6729728, training/categorical_accuracy: 0.420 +/- 0.000
step: 6729728, training/logits_pos: -19.183 +/- 0.000
step: 6729728, training/logits_neg: -35.252 +/- 0.000
step: 6729728, training/logsumexp: 302.493 +/- 0.000
step: 6729728, training/sps: 5050.374 +/- 0.000
step: 6729728, training/entropy: -4.003 +/- 0.000
step: 6729728, training/alpha: 0.017 +/- 0.000
step: 6729728, training/alpha_loss: -0.000 +/- 0.000
step: 6729728, training/sa_repr_mean: 23.023 +/- 0.000
step: 6729728, training/g_repr_mean: 28.114 +/- 0.000
step: 6729728, training/sa_repr_std: 10.226 +/- 0.000
step: 6729728, training/g_repr_std: 9.669 +/- 0.000
step: 6729728, training/l_align: 19.183 +/- 0.000
step: 6729728, training/l_unif: -17.638 +/- 0.000
step: 6729728, training/context_info_loss: 7156.658 +/- 0.000
step: 6729728, training/context_mean_norm: 0.329 +/- 0.000
step: 6729728, training/context_std_mean: 8.068 +/- 0.000
obs shape (1, 31)
LOGITS (1, 16)
ACTION SHAPE (1, 8)
step: 7967744, eval/episode_dist: 2426.987 +/- 0.000
step: 7967744, eval/episode_reward_survive: 906.504 +/- 0.000
step: 7967744, eval/episode_success: 73.785 +/- 0.000
step: 7967744, eval/episode_success_easy: 589.844 +/- 0.000
step: 7967744, eval/episode_success_any: 0.570 +/- 0.000
step: 7967744, eval/episode_success_hard: 0.000 +/- 0.000
step: 7967744, eval/episode_success_pos: 0.000 +/- 0.000
step: 7967744, eval/episode_success_rot: 0.000 +/- 0.000
step: 7967744, eval/episode_success_vel: 0.000 +/- 0.000
step: 7967744, eval/episode_success_ang: 0.000 +/- 0.000
step: 7967744, training/crl_critic_loss: 0.000 +/- 0.000
step: 7967744, training/actor_loss: 20.885 +/- 0.000
step: 7967744, training/binary_accuracy: 0.996 +/- 0.000
step: 7967744, training/categorical_accuracy: 0.418 +/- 0.000
step: 7967744, training/logits_pos: -21.478 +/- 0.000
step: 7967744, training/logits_neg: -37.121 +/- 0.000
step: 7967744, training/logsumexp: 382.431 +/- 0.000
step: 7967744, training/sps: 5044.930 +/- 0.000
step: 7967744, training/entropy: -4.003 +/- 0.000
step: 7967744, training/alpha: 0.018 +/- 0.000
step: 7967744, training/alpha_loss: -0.000 +/- 0.000
step: 7967744, training/sa_repr_mean: 23.453 +/- 0.000
step: 7967744, training/g_repr_mean: 30.310 +/- 0.000
step: 7967744, training/sa_repr_std: 10.098 +/- 0.000
step: 7967744, training/g_repr_std: 10.216 +/- 0.000
step: 7967744, training/l_align: 21.478 +/- 0.000
step: 7967744, training/l_unif: -19.975 +/- 0.000
step: 7967744, training/context_info_loss: 7056.741 +/- 0.000
step: 7967744, training/context_mean_norm: 0.446 +/- 0.000
step: 7967744, training/context_std_mean: 7.677 +/- 0.000
step: 9205760, eval/episode_dist: 2501.749 +/- 0.000
step: 9205760, eval/episode_reward_survive: 985.879 +/- 0.000
step: 9205760, eval/episode_success: 97.531 +/- 0.000
step: 9205760, eval/episode_success_easy: 676.094 +/- 0.000
step: 9205760, eval/episode_success_any: 0.703 +/- 0.000
step: 9205760, eval/episode_success_hard: 0.000 +/- 0.000
step: 9205760, eval/episode_success_pos: 0.000 +/- 0.000
step: 9205760, eval/episode_success_rot: 0.000 +/- 0.000
step: 9205760, eval/episode_success_vel: 0.000 +/- 0.000
step: 9205760, eval/episode_success_ang: 0.000 +/- 0.000
step: 9205760, training/crl_critic_loss: 0.000 +/- 0.000
step: 9205760, training/actor_loss: 24.198 +/- 0.000
step: 9205760, training/binary_accuracy: 0.996 +/- 0.000
step: 9205760, training/categorical_accuracy: 0.424 +/- 0.000
step: 9205760, training/logits_pos: -24.784 +/- 0.000
step: 9205760, training/logits_neg: -40.930 +/- 0.000
step: 9205760, training/logsumexp: 518.958 +/- 0.000
step: 9205760, training/sps: 5044.622 +/- 0.000
step: 9205760, training/entropy: -4.000 +/- 0.000
step: 9205760, training/alpha: 0.019 +/- 0.000
step: 9205760, training/alpha_loss: 0.000 +/- 0.000
step: 9205760, training/sa_repr_mean: 25.037 +/- 0.000
step: 9205760, training/g_repr_mean: 33.741 +/- 0.000
step: 9205760, training/sa_repr_std: 11.178 +/- 0.000
step: 9205760, training/g_repr_std: 11.940 +/- 0.000
step: 9205760, training/l_align: 24.784 +/- 0.000
step: 9205760, training/l_unif: -23.362 +/- 0.000
step: 9205760, training/context_info_loss: 6961.471 +/- 0.000
step: 9205760, training/context_mean_norm: 0.605 +/- 0.000
step: 9205760, training/context_std_mean: 7.246 +/- 0.000
step: 10443776, eval/episode_dist: 2222.048 +/- 0.000
step: 10443776, eval/episode_reward_survive: 919.059 +/- 0.000
step: 10443776, eval/episode_success: 139.855 +/- 0.000
step: 10443776, eval/episode_success_easy: 654.008 +/- 0.000
step: 10443776, eval/episode_success_any: 0.684 +/- 0.000
step: 10443776, eval/episode_success_hard: 0.000 +/- 0.000
step: 10443776, eval/episode_success_pos: 0.000 +/- 0.000
step: 10443776, eval/episode_success_rot: 0.000 +/- 0.000
step: 10443776, eval/episode_success_vel: 0.000 +/- 0.000
step: 10443776, eval/episode_success_ang: 0.000 +/- 0.000
step: 10443776, training/crl_critic_loss: 0.000 +/- 0.000
step: 10443776, training/actor_loss: 26.839 +/- 0.000
step: 10443776, training/binary_accuracy: 0.996 +/- 0.000
step: 10443776, training/categorical_accuracy: 0.408 +/- 0.000
step: 10443776, training/logits_pos: -27.425 +/- 0.000
step: 10443776, training/logits_neg: -43.431 +/- 0.000
step: 10443776, training/logsumexp: 637.069 +/- 0.000
step: 10443776, training/sps: 5045.059 +/- 0.000
step: 10443776, training/entropy: -3.995 +/- 0.000
step: 10443776, training/alpha: 0.019 +/- 0.000
step: 10443776, training/alpha_loss: 0.000 +/- 0.000
step: 10443776, training/sa_repr_mean: 25.762 +/- 0.000
step: 10443776, training/g_repr_mean: 36.371 +/- 0.000
step: 10443776, training/sa_repr_std: 11.750 +/- 0.000
step: 10443776, training/g_repr_std: 13.679 +/- 0.000
step: 10443776, training/l_align: 27.425 +/- 0.000
step: 10443776, training/l_unif: -26.011 +/- 0.000
step: 10443776, training/context_info_loss: 6861.902 +/- 0.000
step: 10443776, training/context_mean_norm: 0.810 +/- 0.000
step: 10443776, training/context_std_mean: 7.007 +/- 0.000
step: 11681792, eval/episode_dist: 2419.036 +/- 0.000
step: 11681792, eval/episode_reward_survive: 944.367 +/- 0.000
step: 11681792, eval/episode_success: 79.352 +/- 0.000
step: 11681792, eval/episode_success_easy: 640.973 +/- 0.000
step: 11681792, eval/episode_success_any: 0.461 +/- 0.000
step: 11681792, eval/episode_success_hard: 0.000 +/- 0.000
step: 11681792, eval/episode_success_pos: 0.000 +/- 0.000
step: 11681792, eval/episode_success_rot: 0.000 +/- 0.000
step: 11681792, eval/episode_success_vel: 0.000 +/- 0.000
step: 11681792, eval/episode_success_ang: 0.000 +/- 0.000
step: 11681792, training/crl_critic_loss: 0.000 +/- 0.000
step: 11681792, training/actor_loss: 29.456 +/- 0.000
step: 11681792, training/binary_accuracy: 0.996 +/- 0.000
step: 11681792, training/categorical_accuracy: 0.405 +/- 0.000
step: 11681792, training/logits_pos: -30.036 +/- 0.000
step: 11681792, training/logits_neg: -46.309 +/- 0.000
step: 11681792, training/logsumexp: 770.844 +/- 0.000
step: 11681792, training/sps: 5043.996 +/- 0.000
step: 11681792, training/entropy: -4.001 +/- 0.000
step: 11681792, training/alpha: 0.019 +/- 0.000
step: 11681792, training/alpha_loss: -0.000 +/- 0.000
step: 11681792, training/sa_repr_mean: 26.640 +/- 0.000
step: 11681792, training/g_repr_mean: 39.171 +/- 0.000
step: 11681792, training/sa_repr_std: 12.137 +/- 0.000
step: 11681792, training/g_repr_std: 14.493 +/- 0.000
step: 11681792, training/l_align: 30.036 +/- 0.000
step: 11681792, training/l_unif: -28.683 +/- 0.000
step: 11681792, training/context_info_loss: 6713.894 +/- 0.000
step: 11681792, training/context_mean_norm: 1.110 +/- 0.000
step: 11681792, training/context_std_mean: 6.499 +/- 0.000
step: 12919808, eval/episode_dist: 2368.021 +/- 0.000
step: 12919808, eval/episode_reward_survive: 982.117 +/- 0.000
step: 12919808, eval/episode_success: 114.156 +/- 0.000
step: 12919808, eval/episode_success_easy: 691.176 +/- 0.000
step: 12919808, eval/episode_success_any: 0.641 +/- 0.000
step: 12919808, eval/episode_success_hard: 0.000 +/- 0.000
step: 12919808, eval/episode_success_pos: 0.000 +/- 0.000
step: 12919808, eval/episode_success_rot: 0.000 +/- 0.000
step: 12919808, eval/episode_success_vel: 0.000 +/- 0.000
step: 12919808, eval/episode_success_ang: 0.000 +/- 0.000
step: 12919808, training/crl_critic_loss: 0.000 +/- 0.000
step: 12919808, training/actor_loss: 32.723 +/- 0.000
step: 12919808, training/binary_accuracy: 0.996 +/- 0.000
step: 12919808, training/categorical_accuracy: 0.390 +/- 0.000
step: 12919808, training/logits_pos: -33.298 +/- 0.000
step: 12919808, training/logits_neg: -49.966 +/- 0.000
step: 12919808, training/logsumexp: 942.869 +/- 0.000
step: 12919808, training/sps: 5047.313 +/- 0.000
step: 12919808, training/entropy: -3.993 +/- 0.000
step: 12919808, training/alpha: 0.019 +/- 0.000
step: 12919808, training/alpha_loss: 0.000 +/- 0.000
step: 12919808, training/sa_repr_mean: 28.115 +/- 0.000
step: 12919808, training/g_repr_mean: 42.584 +/- 0.000
step: 12919808, training/sa_repr_std: 12.985 +/- 0.000
step: 12919808, training/g_repr_std: 16.567 +/- 0.000
step: 12919808, training/l_align: 33.298 +/- 0.000
step: 12919808, training/l_unif: -31.976 +/- 0.000
step: 12919808, training/context_info_loss: 6557.790 +/- 0.000
step: 12919808, training/context_mean_norm: 1.549 +/- 0.000
step: 12919808, training/context_std_mean: 6.190 +/- 0.000
obs shape (1, 31)
LOGITS (1, 16)
ACTION SHAPE (1, 8)
step: 14157824, eval/episode_dist: 2416.628 +/- 0.000
step: 14157824, eval/episode_reward_survive: 973.270 +/- 0.000
step: 14157824, eval/episode_success: 92.176 +/- 0.000
step: 14157824, eval/episode_success_easy: 670.324 +/- 0.000
step: 14157824, eval/episode_success_any: 0.668 +/- 0.000
step: 14157824, eval/episode_success_hard: 0.000 +/- 0.000
step: 14157824, eval/episode_success_pos: 0.000 +/- 0.000
step: 14157824, eval/episode_success_rot: 0.000 +/- 0.000
step: 14157824, eval/episode_success_vel: 0.000 +/- 0.000
step: 14157824, eval/episode_success_ang: 0.000 +/- 0.000
step: 14157824, training/crl_critic_loss: 0.000 +/- 0.000
step: 14157824, training/actor_loss: 35.902 +/- 0.000
step: 14157824, training/binary_accuracy: 0.996 +/- 0.000
step: 14157824, training/categorical_accuracy: 0.354 +/- 0.000
step: 14157824, training/logits_pos: -36.474 +/- 0.000
step: 14157824, training/logits_neg: -53.638 +/- 0.000
step: 14157824, training/logsumexp: 1110.179 +/- 0.000
step: 14157824, training/sps: 5040.892 +/- 0.000
step: 14157824, training/entropy: -3.997 +/- 0.000
step: 14157824, training/alpha: 0.020 +/- 0.000
step: 14157824, training/alpha_loss: 0.000 +/- 0.000
step: 14157824, training/sa_repr_mean: 29.583 +/- 0.000
step: 14157824, training/g_repr_mean: 46.013 +/- 0.000
step: 14157824, training/sa_repr_std: 13.969 +/- 0.000
step: 14157824, training/g_repr_std: 18.712 +/- 0.000
step: 14157824, training/l_align: 36.474 +/- 0.000
step: 14157824, training/l_unif: -35.185 +/- 0.000
step: 14157824, training/context_info_loss: 6283.258 +/- 0.000
step: 14157824, training/context_mean_norm: 2.337 +/- 0.000
step: 14157824, training/context_std_mean: 5.450 +/- 0.000
step: 15395840, eval/episode_dist: 2331.002 +/- 0.000
step: 15395840, eval/episode_reward_survive: 971.656 +/- 0.000
step: 15395840, eval/episode_success: 129.465 +/- 0.000
step: 15395840, eval/episode_success_easy: 678.293 +/- 0.000
step: 15395840, eval/episode_success_any: 0.711 +/- 0.000
step: 15395840, eval/episode_success_hard: 0.000 +/- 0.000
step: 15395840, eval/episode_success_pos: 0.000 +/- 0.000
step: 15395840, eval/episode_success_rot: 0.000 +/- 0.000
step: 15395840, eval/episode_success_vel: 0.000 +/- 0.000
step: 15395840, eval/episode_success_ang: 0.000 +/- 0.000
step: 15395840, training/crl_critic_loss: 0.000 +/- 0.000
step: 15395840, training/actor_loss: 37.109 +/- 0.000
step: 15395840, training/binary_accuracy: 0.996 +/- 0.000
step: 15395840, training/categorical_accuracy: 0.332 +/- 0.000
step: 15395840, training/logits_pos: -37.686 +/- 0.000
step: 15395840, training/logits_neg: -54.657 +/- 0.000
step: 15395840, training/logsumexp: 1180.849 +/- 0.000
step: 15395840, training/sps: 5042.643 +/- 0.000
step: 15395840, training/entropy: -3.994 +/- 0.000
step: 15395840, training/alpha: 0.019 +/- 0.000
step: 15395840, training/alpha_loss: 0.000 +/- 0.000
step: 15395840, training/sa_repr_mean: 29.585 +/- 0.000
step: 15395840, training/g_repr_mean: 47.069 +/- 0.000
step: 15395840, training/sa_repr_std: 13.321 +/- 0.000
step: 15395840, training/g_repr_std: 18.299 +/- 0.000
step: 15395840, training/l_align: 37.686 +/- 0.000
step: 15395840, training/l_unif: -36.399 +/- 0.000
step: 15395840, training/context_info_loss: 5689.248 +/- 0.000
step: 15395840, training/context_mean_norm: 4.273 +/- 0.000
step: 15395840, training/context_std_mean: 4.455 +/- 0.000
step: 16633856, eval/episode_dist: 2268.210 +/- 0.000
step: 16633856, eval/episode_reward_survive: 959.730 +/- 0.000
step: 16633856, eval/episode_success: 169.160 +/- 0.000
step: 16633856, eval/episode_success_easy: 680.594 +/- 0.000
step: 16633856, eval/episode_success_any: 0.773 +/- 0.000
step: 16633856, eval/episode_success_hard: 0.000 +/- 0.000
step: 16633856, eval/episode_success_pos: 0.000 +/- 0.000
step: 16633856, eval/episode_success_rot: 0.000 +/- 0.000
step: 16633856, eval/episode_success_vel: 0.000 +/- 0.000
step: 16633856, eval/episode_success_ang: 0.000 +/- 0.000
step: 16633856, training/crl_critic_loss: 0.000 +/- 0.000
step: 16633856, training/actor_loss: 40.672 +/- 0.000
step: 16633856, training/binary_accuracy: 0.996 +/- 0.000
step: 16633856, training/categorical_accuracy: 0.278 +/- 0.000
step: 16633856, training/logits_pos: -41.231 +/- 0.000
step: 16633856, training/logits_neg: -58.779 +/- 0.000
step: 16633856, training/logsumexp: 1363.295 +/- 0.000
step: 16633856, training/sps: 5043.851 +/- 0.000
step: 16633856, training/entropy: -3.991 +/- 0.000
step: 16633856, training/alpha: 0.017 +/- 0.000
step: 16633856, training/alpha_loss: 0.000 +/- 0.000
step: 16633856, training/sa_repr_mean: 31.017 +/- 0.000
step: 16633856, training/g_repr_mean: 50.817 +/- 0.000
step: 16633856, training/sa_repr_std: 14.285 +/- 0.000
step: 16633856, training/g_repr_std: 20.506 +/- 0.000
step: 16633856, training/l_align: 41.231 +/- 0.000
step: 16633856, training/l_unif: -39.975 +/- 0.000
step: 16633856, training/context_info_loss: 4409.593 +/- 0.000
step: 16633856, training/context_mean_norm: 7.091 +/- 0.000
step: 16633856, training/context_std_mean: 2.658 +/- 0.000
step: 17871872, eval/episode_dist: 2163.453 +/- 0.000
step: 17871872, eval/episode_reward_survive: 975.539 +/- 0.000
step: 17871872, eval/episode_success: 210.332 +/- 0.000
step: 17871872, eval/episode_success_easy: 712.141 +/- 0.000
step: 17871872, eval/episode_success_any: 0.836 +/- 0.000
step: 17871872, eval/episode_success_hard: 0.000 +/- 0.000
step: 17871872, eval/episode_success_pos: 0.000 +/- 0.000
step: 17871872, eval/episode_success_rot: 0.000 +/- 0.000
step: 17871872, eval/episode_success_vel: 0.000 +/- 0.000
step: 17871872, eval/episode_success_ang: 0.000 +/- 0.000
step: 17871872, training/crl_critic_loss: 0.000 +/- 0.000
step: 17871872, training/actor_loss: 42.387 +/- 0.000
step: 17871872, training/binary_accuracy: 0.996 +/- 0.000
step: 17871872, training/categorical_accuracy: 0.247 +/- 0.000
step: 17871872, training/logits_pos: -42.951 +/- 0.000
step: 17871872, training/logits_neg: -60.644 +/- 0.000
step: 17871872, training/logsumexp: 1454.911 +/- 0.000
step: 17871872, training/sps: 5043.528 +/- 0.000
step: 17871872, training/entropy: -3.999 +/- 0.000
step: 17871872, training/alpha: 0.017 +/- 0.000
step: 17871872, training/alpha_loss: 0.000 +/- 0.000
step: 17871872, training/sa_repr_mean: 31.657 +/- 0.000
step: 17871872, training/g_repr_mean: 52.749 +/- 0.000
step: 17871872, training/sa_repr_std: 14.397 +/- 0.000
step: 17871872, training/g_repr_std: 20.907 +/- 0.000
step: 17871872, training/l_align: 42.951 +/- 0.000
step: 17871872, training/l_unif: -41.704 +/- 0.000
step: 17871872, training/context_info_loss: 3499.691 +/- 0.000
step: 17871872, training/context_mean_norm: 8.146 +/- 0.000
step: 17871872, training/context_std_mean: 1.742 +/- 0.000
step: 19109888, eval/episode_dist: 2258.306 +/- 0.000
step: 19109888, eval/episode_reward_survive: 983.723 +/- 0.000
step: 19109888, eval/episode_success: 144.332 +/- 0.000
step: 19109888, eval/episode_success_easy: 714.152 +/- 0.000
step: 19109888, eval/episode_success_any: 0.684 +/- 0.000
step: 19109888, eval/episode_success_hard: 0.000 +/- 0.000
step: 19109888, eval/episode_success_pos: 0.000 +/- 0.000
step: 19109888, eval/episode_success_rot: 0.000 +/- 0.000
step: 19109888, eval/episode_success_vel: 0.000 +/- 0.000
step: 19109888, eval/episode_success_ang: 0.000 +/- 0.000
step: 19109888, training/crl_critic_loss: 0.000 +/- 0.000
step: 19109888, training/actor_loss: 44.380 +/- 0.000
step: 19109888, training/binary_accuracy: 0.996 +/- 0.000
step: 19109888, training/categorical_accuracy: 0.239 +/- 0.000
step: 19109888, training/logits_pos: -44.940 +/- 0.000
step: 19109888, training/logits_neg: -62.805 +/- 0.000
step: 19109888, training/logsumexp: 1564.618 +/- 0.000
step: 19109888, training/sps: 5047.935 +/- 0.000
step: 19109888, training/entropy: -3.999 +/- 0.000
step: 19109888, training/alpha: 0.017 +/- 0.000
step: 19109888, training/alpha_loss: 0.000 +/- 0.000
step: 19109888, training/sa_repr_mean: 32.157 +/- 0.000
step: 19109888, training/g_repr_mean: 54.837 +/- 0.000
step: 19109888, training/sa_repr_std: 14.792 +/- 0.000
step: 19109888, training/g_repr_std: 21.986 +/- 0.000
step: 19109888, training/l_align: 44.940 +/- 0.000
step: 19109888, training/l_unif: -43.717 +/- 0.000
step: 19109888, training/context_info_loss: 3231.772 +/- 0.000
step: 19109888, training/context_mean_norm: 8.348 +/- 0.000
step: 19109888, training/context_std_mean: 1.707 +/- 0.000
obs shape (1, 31)
LOGITS (1, 16)
ACTION SHAPE (1, 8)
step: 20347904, eval/episode_dist: 2274.939 +/- 0.000
step: 20347904, eval/episode_reward_survive: 972.645 +/- 0.000
step: 20347904, eval/episode_success: 187.160 +/- 0.000
step: 20347904, eval/episode_success_easy: 692.738 +/- 0.000
step: 20347904, eval/episode_success_any: 0.789 +/- 0.000
step: 20347904, eval/episode_success_hard: 0.000 +/- 0.000
step: 20347904, eval/episode_success_pos: 0.000 +/- 0.000
step: 20347904, eval/episode_success_rot: 0.000 +/- 0.000
step: 20347904, eval/episode_success_vel: 0.000 +/- 0.000
step: 20347904, eval/episode_success_ang: 0.000 +/- 0.000
step: 20347904, training/crl_critic_loss: 0.000 +/- 0.000
step: 20347904, training/actor_loss: 45.960 +/- 0.000
step: 20347904, training/binary_accuracy: 0.996 +/- 0.000
step: 20347904, training/categorical_accuracy: 0.222 +/- 0.000
step: 20347904, training/logits_pos: -46.513 +/- 0.000
step: 20347904, training/logits_neg: -64.466 +/- 0.000
step: 20347904, training/logsumexp: 1642.866 +/- 0.000
step: 20347904, training/sps: 5042.221 +/- 0.000
step: 20347904, training/entropy: -3.995 +/- 0.000
step: 20347904, training/alpha: 0.018 +/- 0.000
step: 20347904, training/alpha_loss: 0.000 +/- 0.000
step: 20347904, training/sa_repr_mean: 32.465 +/- 0.000
step: 20347904, training/g_repr_mean: 56.312 +/- 0.000
step: 20347904, training/sa_repr_std: 15.546 +/- 0.000
step: 20347904, training/g_repr_std: 24.070 +/- 0.000
step: 20347904, training/l_align: 46.513 +/- 0.000
step: 20347904, training/l_unif: -45.286 +/- 0.000
step: 20347904, training/context_info_loss: 2897.246 +/- 0.000
step: 20347904, training/context_mean_norm: 8.457 +/- 0.000
step: 20347904, training/context_std_mean: 1.504 +/- 0.000
step: 21585920, eval/episode_dist: 2369.153 +/- 0.000
step: 21585920, eval/episode_reward_survive: 934.293 +/- 0.000
step: 21585920, eval/episode_success: 161.168 +/- 0.000
step: 21585920, eval/episode_success_easy: 638.180 +/- 0.000
step: 21585920, eval/episode_success_any: 0.770 +/- 0.000
step: 21585920, eval/episode_success_hard: 0.000 +/- 0.000
step: 21585920, eval/episode_success_pos: 0.000 +/- 0.000
step: 21585920, eval/episode_success_rot: 0.000 +/- 0.000
step: 21585920, eval/episode_success_vel: 0.000 +/- 0.000
step: 21585920, eval/episode_success_ang: 0.000 +/- 0.000
step: 21585920, training/crl_critic_loss: 0.000 +/- 0.000
step: 21585920, training/actor_loss: 47.979 +/- 0.000
step: 21585920, training/binary_accuracy: 0.996 +/- 0.000
step: 21585920, training/categorical_accuracy: 0.179 +/- 0.000
step: 21585920, training/logits_pos: -48.554 +/- 0.000
step: 21585920, training/logits_neg: -66.167 +/- 0.000
step: 21585920, training/logsumexp: 1704.135 +/- 0.000
step: 21585920, training/sps: 5050.869 +/- 0.000
step: 21585920, training/entropy: -3.994 +/- 0.000
step: 21585920, training/alpha: 0.016 +/- 0.000
step: 21585920, training/alpha_loss: 0.000 +/- 0.000
step: 21585920, training/sa_repr_mean: 32.550 +/- 0.000
step: 21585920, training/g_repr_mean: 58.400 +/- 0.000
step: 21585920, training/sa_repr_std: 15.110 +/- 0.000
step: 21585920, training/g_repr_std: 24.358 +/- 0.000
step: 21585920, training/l_align: 48.554 +/- 0.000
step: 21585920, training/l_unif: -47.306 +/- 0.000
step: 21585920, training/context_info_loss: 2768.226 +/- 0.000
step: 21585920, training/context_mean_norm: 8.525 +/- 0.000
step: 21585920, training/context_std_mean: 1.524 +/- 0.000
step: 22823936, eval/episode_dist: 2146.913 +/- 0.000
step: 22823936, eval/episode_reward_survive: 962.562 +/- 0.000
step: 22823936, eval/episode_success: 171.801 +/- 0.000
step: 22823936, eval/episode_success_easy: 702.434 +/- 0.000
step: 22823936, eval/episode_success_any: 0.848 +/- 0.000
step: 22823936, eval/episode_success_hard: 0.000 +/- 0.000
step: 22823936, eval/episode_success_pos: 0.000 +/- 0.000
step: 22823936, eval/episode_success_rot: 0.000 +/- 0.000
step: 22823936, eval/episode_success_vel: 0.000 +/- 0.000
step: 22823936, eval/episode_success_ang: 0.000 +/- 0.000
step: 22823936, training/crl_critic_loss: 0.000 +/- 0.000
step: 22823936, training/actor_loss: 48.922 +/- 0.000
step: 22823936, training/binary_accuracy: 0.996 +/- 0.000
step: 22823936, training/categorical_accuracy: 0.163 +/- 0.000
step: 22823936, training/logits_pos: -49.480 +/- 0.000
step: 22823936, training/logits_neg: -66.696 +/- 0.000
step: 22823936, training/logsumexp: 1717.474 +/- 0.000
step: 22823936, training/sps: 5047.327 +/- 0.000
step: 22823936, training/entropy: -3.994 +/- 0.000
step: 22823936, training/alpha: 0.015 +/- 0.000
step: 22823936, training/alpha_loss: 0.000 +/- 0.000
step: 22823936, training/sa_repr_mean: 32.145 +/- 0.000
step: 22823936, training/g_repr_mean: 59.145 +/- 0.000
step: 22823936, training/sa_repr_std: 15.113 +/- 0.000
step: 22823936, training/g_repr_std: 25.177 +/- 0.000
step: 22823936, training/l_align: 49.480 +/- 0.000
step: 22823936, training/l_unif: -48.194 +/- 0.000
step: 22823936, training/context_info_loss: 2624.707 +/- 0.000
step: 22823936, training/context_mean_norm: 8.645 +/- 0.000
step: 22823936, training/context_std_mean: 1.475 +/- 0.000
step: 24061952, eval/episode_dist: 2221.083 +/- 0.000
step: 24061952, eval/episode_reward_survive: 978.773 +/- 0.000
step: 24061952, eval/episode_success: 219.090 +/- 0.000
step: 24061952, eval/episode_success_easy: 697.879 +/- 0.000
step: 24061952, eval/episode_success_any: 0.855 +/- 0.000
step: 24061952, eval/episode_success_hard: 0.000 +/- 0.000
step: 24061952, eval/episode_success_pos: 0.000 +/- 0.000
step: 24061952, eval/episode_success_rot: 0.000 +/- 0.000
step: 24061952, eval/episode_success_vel: 0.000 +/- 0.000
step: 24061952, eval/episode_success_ang: 0.000 +/- 0.000
step: 24061952, training/crl_critic_loss: 0.000 +/- 0.000
step: 24061952, training/actor_loss: 51.491 +/- 0.000
step: 24061952, training/binary_accuracy: 0.996 +/- 0.000
step: 24061952, training/categorical_accuracy: 0.152 +/- 0.000
step: 24061952, training/logits_pos: -52.059 +/- 0.000
step: 24061952, training/logits_neg: -69.582 +/- 0.000
step: 24061952, training/logsumexp: 1825.509 +/- 0.000
step: 24061952, training/sps: 5051.227 +/- 0.000
step: 24061952, training/entropy: -4.003 +/- 0.000
step: 24061952, training/alpha: 0.016 +/- 0.000
step: 24061952, training/alpha_loss: -0.000 +/- 0.000
step: 24061952, training/sa_repr_mean: 33.045 +/- 0.000
step: 24061952, training/g_repr_mean: 61.932 +/- 0.000
step: 24061952, training/sa_repr_std: 15.551 +/- 0.000
step: 24061952, training/g_repr_std: 26.509 +/- 0.000
step: 24061952, training/l_align: 52.059 +/- 0.000
step: 24061952, training/l_unif: -50.807 +/- 0.000
step: 24061952, training/context_info_loss: 2411.756 +/- 0.000
step: 24061952, training/context_mean_norm: 8.799 +/- 0.000
step: 24061952, training/context_std_mean: 1.343 +/- 0.000
step: 25299968, eval/episode_dist: 2123.203 +/- 0.000
step: 25299968, eval/episode_reward_survive: 979.730 +/- 0.000
step: 25299968, eval/episode_success: 279.449 +/- 0.000
step: 25299968, eval/episode_success_easy: 708.387 +/- 0.000
step: 25299968, eval/episode_success_any: 0.891 +/- 0.000
step: 25299968, eval/episode_success_hard: 0.000 +/- 0.000
step: 25299968, eval/episode_success_pos: 0.000 +/- 0.000
step: 25299968, eval/episode_success_rot: 0.000 +/- 0.000
step: 25299968, eval/episode_success_vel: 0.000 +/- 0.000
step: 25299968, eval/episode_success_ang: 0.000 +/- 0.000
step: 25299968, training/crl_critic_loss: 0.000 +/- 0.000
step: 25299968, training/actor_loss: 53.118 +/- 0.000
step: 25299968, training/binary_accuracy: 0.996 +/- 0.000
step: 25299968, training/categorical_accuracy: 0.129 +/- 0.000
step: 25299968, training/logits_pos: -53.672 +/- 0.000
step: 25299968, training/logits_neg: -71.035 +/- 0.000
step: 25299968, training/logsumexp: 1873.131 +/- 0.000
step: 25299968, training/sps: 5049.301 +/- 0.000
step: 25299968, training/entropy: -3.992 +/- 0.000
step: 25299968, training/alpha: 0.016 +/- 0.000
step: 25299968, training/alpha_loss: 0.000 +/- 0.000
step: 25299968, training/sa_repr_mean: 33.130 +/- 0.000
step: 25299968, training/g_repr_mean: 63.492 +/- 0.000
step: 25299968, training/sa_repr_std: 15.861 +/- 0.000
step: 25299968, training/g_repr_std: 28.204 +/- 0.000
step: 25299968, training/l_align: 53.672 +/- 0.000
step: 25299968, training/l_unif: -52.394 +/- 0.000
step: 25299968, training/context_info_loss: 2076.140 +/- 0.000
step: 25299968, training/context_mean_norm: 8.968 +/- 0.000
step: 25299968, training/context_std_mean: 1.190 +/- 0.000
obs shape (1, 31)
LOGITS (1, 16)
ACTION SHAPE (1, 8)
step: 26537984, eval/episode_dist: 2134.503 +/- 0.000
step: 26537984, eval/episode_reward_survive: 976.164 +/- 0.000
step: 26537984, eval/episode_success: 235.965 +/- 0.000
step: 26537984, eval/episode_success_easy: 697.086 +/- 0.000
step: 26537984, eval/episode_success_any: 0.918 +/- 0.000
step: 26537984, eval/episode_success_hard: 0.000 +/- 0.000
step: 26537984, eval/episode_success_pos: 0.000 +/- 0.000
step: 26537984, eval/episode_success_rot: 0.000 +/- 0.000
step: 26537984, eval/episode_success_vel: 0.000 +/- 0.000
step: 26537984, eval/episode_success_ang: 0.000 +/- 0.000
step: 26537984, training/crl_critic_loss: 0.000 +/- 0.000
step: 26537984, training/actor_loss: 54.693 +/- 0.000
step: 26537984, training/binary_accuracy: 0.996 +/- 0.000
step: 26537984, training/categorical_accuracy: 0.124 +/- 0.000
step: 26537984, training/logits_pos: -55.266 +/- 0.000
step: 26537984, training/logits_neg: -72.459 +/- 0.000
step: 26537984, training/logsumexp: 1933.819 +/- 0.000
step: 26537984, training/sps: 5051.740 +/- 0.000
step: 26537984, training/entropy: -4.001 +/- 0.000
step: 26537984, training/alpha: 0.015 +/- 0.000
step: 26537984, training/alpha_loss: -0.000 +/- 0.000
step: 26537984, training/sa_repr_mean: 33.319 +/- 0.000
step: 26537984, training/g_repr_mean: 65.130 +/- 0.000
step: 26537984, training/sa_repr_std: 15.295 +/- 0.000
step: 26537984, training/g_repr_std: 27.803 +/- 0.000
step: 26537984, training/l_align: 55.266 +/- 0.000
step: 26537984, training/l_unif: -53.972 +/- 0.000
step: 26537984, training/context_info_loss: 1978.823 +/- 0.000
step: 26537984, training/context_mean_norm: 9.023 +/- 0.000
step: 26537984, training/context_std_mean: 1.131 +/- 0.000
step: 27776000, eval/episode_dist: 2030.949 +/- 0.000
step: 27776000, eval/episode_reward_survive: 935.398 +/- 0.000
step: 27776000, eval/episode_success: 234.508 +/- 0.000
step: 27776000, eval/episode_success_easy: 691.000 +/- 0.000
step: 27776000, eval/episode_success_any: 0.852 +/- 0.000
step: 27776000, eval/episode_success_hard: 0.000 +/- 0.000
step: 27776000, eval/episode_success_pos: 0.000 +/- 0.000
step: 27776000, eval/episode_success_rot: 0.000 +/- 0.000
step: 27776000, eval/episode_success_vel: 0.000 +/- 0.000
step: 27776000, eval/episode_success_ang: 0.000 +/- 0.000
step: 27776000, training/crl_critic_loss: 0.000 +/- 0.000
step: 27776000, training/actor_loss: 56.904 +/- 0.000
step: 27776000, training/binary_accuracy: 0.996 +/- 0.000
step: 27776000, training/categorical_accuracy: 0.118 +/- 0.000
step: 27776000, training/logits_pos: -57.468 +/- 0.000
step: 27776000, training/logits_neg: -75.007 +/- 0.000
step: 27776000, training/logsumexp: 2033.312 +/- 0.000
step: 27776000, training/sps: 5042.717 +/- 0.000
step: 27776000, training/entropy: -3.994 +/- 0.000
step: 27776000, training/alpha: 0.015 +/- 0.000
step: 27776000, training/alpha_loss: 0.000 +/- 0.000
step: 27776000, training/sa_repr_mean: 34.021 +/- 0.000
step: 27776000, training/g_repr_mean: 67.351 +/- 0.000
step: 27776000, training/sa_repr_std: 15.745 +/- 0.000
step: 27776000, training/g_repr_std: 29.302 +/- 0.000
step: 27776000, training/l_align: 57.468 +/- 0.000
step: 27776000, training/l_unif: -56.214 +/- 0.000
step: 27776000, training/context_info_loss: 1952.295 +/- 0.000
step: 27776000, training/context_mean_norm: 9.041 +/- 0.000
step: 27776000, training/context_std_mean: 1.135 +/- 0.000
step: 29014016, eval/episode_dist: 1999.164 +/- 0.000
step: 29014016, eval/episode_reward_survive: 952.402 +/- 0.000
step: 29014016, eval/episode_success: 248.555 +/- 0.000
step: 29014016, eval/episode_success_easy: 699.641 +/- 0.000
step: 29014016, eval/episode_success_any: 0.883 +/- 0.000
step: 29014016, eval/episode_success_hard: 0.000 +/- 0.000
step: 29014016, eval/episode_success_pos: 0.000 +/- 0.000
step: 29014016, eval/episode_success_rot: 0.000 +/- 0.000
step: 29014016, eval/episode_success_vel: 0.000 +/- 0.000
step: 29014016, eval/episode_success_ang: 0.000 +/- 0.000
step: 29014016, training/crl_critic_loss: 0.000 +/- 0.000
step: 29014016, training/actor_loss: 58.997 +/- 0.000
step: 29014016, training/binary_accuracy: 0.996 +/- 0.000
step: 29014016, training/categorical_accuracy: 0.116 +/- 0.000
step: 29014016, training/logits_pos: -59.559 +/- 0.000
step: 29014016, training/logits_neg: -77.166 +/- 0.000
step: 29014016, training/logsumexp: 2122.678 +/- 0.000
step: 29014016, training/sps: 5047.242 +/- 0.000
step: 29014016, training/entropy: -3.992 +/- 0.000
step: 29014016, training/alpha: 0.016 +/- 0.000
step: 29014016, training/alpha_loss: 0.000 +/- 0.000
step: 29014016, training/sa_repr_mean: 34.399 +/- 0.000
step: 29014016, training/g_repr_mean: 69.390 +/- 0.000
step: 29014016, training/sa_repr_std: 16.457 +/- 0.000
step: 29014016, training/g_repr_std: 32.387 +/- 0.000
step: 29014016, training/l_align: 59.559 +/- 0.000
step: 29014016, training/l_unif: -58.292 +/- 0.000
step: 29014016, training/context_info_loss: 1713.312 +/- 0.000
step: 29014016, training/context_mean_norm: 9.158 +/- 0.000
step: 29014016, training/context_std_mean: 1.030 +/- 0.000
step: 30252032, eval/episode_dist: 1903.935 +/- 0.000
step: 30252032, eval/episode_reward_survive: 909.965 +/- 0.000
step: 30252032, eval/episode_success: 224.195 +/- 0.000
step: 30252032, eval/episode_success_easy: 673.258 +/- 0.000
step: 30252032, eval/episode_success_any: 0.887 +/- 0.000
step: 30252032, eval/episode_success_hard: 0.000 +/- 0.000
step: 30252032, eval/episode_success_pos: 0.000 +/- 0.000
step: 30252032, eval/episode_success_rot: 0.000 +/- 0.000
step: 30252032, eval/episode_success_vel: 0.000 +/- 0.000
step: 30252032, eval/episode_success_ang: 0.000 +/- 0.000
step: 30252032, training/crl_critic_loss: 0.000 +/- 0.000
step: 30252032, training/actor_loss: 60.483 +/- 0.000
step: 30252032, training/binary_accuracy: 0.996 +/- 0.000
step: 30252032, training/categorical_accuracy: 0.090 +/- 0.000
step: 30252032, training/logits_pos: -61.045 +/- 0.000
step: 30252032, training/logits_neg: -77.658 +/- 0.000
step: 30252032, training/logsumexp: 2021.210 +/- 0.000
step: 30252032, training/sps: 5046.519 +/- 0.000
step: 30252032, training/entropy: -3.998 +/- 0.000
step: 30252032, training/alpha: 0.014 +/- 0.000
step: 30252032, training/alpha_loss: 0.000 +/- 0.000
step: 30252032, training/sa_repr_mean: 33.147 +/- 0.000
step: 30252032, training/g_repr_mean: 70.389 +/- 0.000
step: 30252032, training/sa_repr_std: 16.288 +/- 0.000
step: 30252032, training/g_repr_std: 35.295 +/- 0.000
step: 30252032, training/l_align: 61.045 +/- 0.000
step: 30252032, training/l_unif: -59.665 +/- 0.000
step: 30252032, training/context_info_loss: 1719.468 +/- 0.000
step: 30252032, training/context_mean_norm: 9.212 +/- 0.000
step: 30252032, training/context_std_mean: 1.049 +/- 0.000
step: 31490048, eval/episode_dist: 1794.407 +/- 0.000
step: 31490048, eval/episode_reward_survive: 865.723 +/- 0.000
step: 31490048, eval/episode_success: 240.508 +/- 0.000
step: 31490048, eval/episode_success_easy: 642.223 +/- 0.000
step: 31490048, eval/episode_success_any: 0.809 +/- 0.000
step: 31490048, eval/episode_success_hard: 0.000 +/- 0.000
step: 31490048, eval/episode_success_pos: 0.000 +/- 0.000
step: 31490048, eval/episode_success_rot: 0.000 +/- 0.000
step: 31490048, eval/episode_success_vel: 0.000 +/- 0.000
step: 31490048, eval/episode_success_ang: 0.000 +/- 0.000
step: 31490048, training/crl_critic_loss: 0.000 +/- 0.000
step: 31490048, training/actor_loss: 60.999 +/- 0.000
step: 31490048, training/binary_accuracy: 0.996 +/- 0.000
step: 31490048, training/categorical_accuracy: 0.089 +/- 0.000
step: 31490048, training/logits_pos: -61.564 +/- 0.000
step: 31490048, training/logits_neg: -77.764 +/- 0.000
step: 31490048, training/logsumexp: 1978.365 +/- 0.000
step: 31490048, training/sps: 5045.502 +/- 0.000
step: 31490048, training/entropy: -3.997 +/- 0.000
step: 31490048, training/alpha: 0.015 +/- 0.000
step: 31490048, training/alpha_loss: 0.000 +/- 0.000
step: 31490048, training/sa_repr_mean: 32.826 +/- 0.000
step: 31490048, training/g_repr_mean: 70.735 +/- 0.000
step: 31490048, training/sa_repr_std: 15.964 +/- 0.000
step: 31490048, training/g_repr_std: 35.886 +/- 0.000
step: 31490048, training/l_align: 61.564 +/- 0.000
step: 31490048, training/l_unif: -60.159 +/- 0.000
step: 31490048, training/context_info_loss: 1611.138 +/- 0.000
step: 31490048, training/context_mean_norm: 9.277 +/- 0.000
step: 31490048, training/context_std_mean: 0.992 +/- 0.000
obs shape (1, 31)
LOGITS (1, 16)
ACTION SHAPE (1, 8)
step: 32728064, eval/episode_dist: 1761.281 +/- 0.000
step: 32728064, eval/episode_reward_survive: 907.988 +/- 0.000
step: 32728064, eval/episode_success: 307.586 +/- 0.000
step: 32728064, eval/episode_success_easy: 694.570 +/- 0.000
step: 32728064, eval/episode_success_any: 0.871 +/- 0.000
step: 32728064, eval/episode_success_hard: 0.000 +/- 0.000
step: 32728064, eval/episode_success_pos: 0.000 +/- 0.000
step: 32728064, eval/episode_success_rot: 0.000 +/- 0.000
step: 32728064, eval/episode_success_vel: 0.000 +/- 0.000
step: 32728064, eval/episode_success_ang: 0.000 +/- 0.000
step: 32728064, training/crl_critic_loss: 0.000 +/- 0.000
step: 32728064, training/actor_loss: 63.026 +/- 0.000
step: 32728064, training/binary_accuracy: 0.996 +/- 0.000
step: 32728064, training/categorical_accuracy: 0.094 +/- 0.000
step: 32728064, training/logits_pos: -63.619 +/- 0.000
step: 32728064, training/logits_neg: -79.782 +/- 0.000
step: 32728064, training/logsumexp: 2041.245 +/- 0.000
step: 32728064, training/sps: 5040.922 +/- 0.000
step: 32728064, training/entropy: -3.994 +/- 0.000
step: 32728064, training/alpha: 0.015 +/- 0.000
step: 32728064, training/alpha_loss: 0.000 +/- 0.000
step: 32728064, training/sa_repr_mean: 33.244 +/- 0.000
step: 32728064, training/g_repr_mean: 72.678 +/- 0.000
step: 32728064, training/sa_repr_std: 17.215 +/- 0.000
step: 32728064, training/g_repr_std: 42.026 +/- 0.000
step: 32728064, training/l_align: 63.619 +/- 0.000
step: 32728064, training/l_unif: -62.153 +/- 0.000
step: 32728064, training/context_info_loss: 1445.048 +/- 0.000
step: 32728064, training/context_mean_norm: 9.315 +/- 0.000
step: 32728064, training/context_std_mean: 0.953 +/- 0.000
step: 33966080, eval/episode_dist: 1697.057 +/- 0.000
step: 33966080, eval/episode_reward_survive: 839.062 +/- 0.000
step: 33966080, eval/episode_success: 248.414 +/- 0.000
step: 33966080, eval/episode_success_easy: 629.680 +/- 0.000
step: 33966080, eval/episode_success_any: 0.820 +/- 0.000
step: 33966080, eval/episode_success_hard: 0.000 +/- 0.000
step: 33966080, eval/episode_success_pos: 0.000 +/- 0.000
step: 33966080, eval/episode_success_rot: 0.000 +/- 0.000
step: 33966080, eval/episode_success_vel: 0.000 +/- 0.000
step: 33966080, eval/episode_success_ang: 0.000 +/- 0.000
step: 33966080, training/crl_critic_loss: 0.000 +/- 0.000
step: 33966080, training/actor_loss: 66.768 +/- 0.000
step: 33966080, training/binary_accuracy: 0.996 +/- 0.000
step: 33966080, training/categorical_accuracy: 0.092 +/- 0.000
step: 33966080, training/logits_pos: -67.351 +/- 0.000
step: 33966080, training/logits_neg: -83.782 +/- 0.000
step: 33966080, training/logsumexp: 2110.915 +/- 0.000
step: 33966080, training/sps: 5051.412 +/- 0.000
step: 33966080, training/entropy: -3.994 +/- 0.000
step: 33966080, training/alpha: 0.014 +/- 0.000
step: 33966080, training/alpha_loss: 0.000 +/- 0.000
step: 33966080, training/sa_repr_mean: 33.841 +/- 0.000
step: 33966080, training/g_repr_mean: 76.456 +/- 0.000
step: 33966080, training/sa_repr_std: 17.764 +/- 0.000
step: 33966080, training/g_repr_std: 44.833 +/- 0.000
step: 33966080, training/l_align: 67.351 +/- 0.000
step: 33966080, training/l_unif: -65.916 +/- 0.000
step: 33966080, training/context_info_loss: 1544.154 +/- 0.000
step: 33966080, training/context_mean_norm: 9.354 +/- 0.000
step: 33966080, training/context_std_mean: 0.973 +/- 0.000
step: 35204096, eval/episode_dist: 1775.895 +/- 0.000
step: 35204096, eval/episode_reward_survive: 842.539 +/- 0.000
step: 35204096, eval/episode_success: 180.652 +/- 0.000
step: 35204096, eval/episode_success_easy: 626.504 +/- 0.000
step: 35204096, eval/episode_success_any: 0.762 +/- 0.000
step: 35204096, eval/episode_success_hard: 0.000 +/- 0.000
step: 35204096, eval/episode_success_pos: 0.000 +/- 0.000
step: 35204096, eval/episode_success_rot: 0.000 +/- 0.000
step: 35204096, eval/episode_success_vel: 0.000 +/- 0.000
step: 35204096, eval/episode_success_ang: 0.000 +/- 0.000
step: 35204096, training/crl_critic_loss: 0.000 +/- 0.000
step: 35204096, training/actor_loss: 68.213 +/- 0.000
step: 35204096, training/binary_accuracy: 0.996 +/- 0.000
step: 35204096, training/categorical_accuracy: 0.087 +/- 0.000
step: 35204096, training/logits_pos: -68.806 +/- 0.000
step: 35204096, training/logits_neg: -84.800 +/- 0.000
step: 35204096, training/logsumexp: 2093.763 +/- 0.000
step: 35204096, training/sps: 5049.754 +/- 0.000
step: 35204096, training/entropy: -3.995 +/- 0.000
step: 35204096, training/alpha: 0.014 +/- 0.000
step: 35204096, training/alpha_loss: 0.000 +/- 0.000
step: 35204096, training/sa_repr_mean: 33.701 +/- 0.000
step: 35204096, training/g_repr_mean: 77.761 +/- 0.000
step: 35204096, training/sa_repr_std: 17.599 +/- 0.000
step: 35204096, training/g_repr_std: 46.160 +/- 0.000
step: 35204096, training/l_align: 68.806 +/- 0.000
step: 35204096, training/l_unif: -67.319 +/- 0.000
step: 35204096, training/context_info_loss: 1418.409 +/- 0.000
step: 35204096, training/context_mean_norm: 9.376 +/- 0.000
step: 35204096, training/context_std_mean: 0.954 +/- 0.000
step: 36442112, eval/episode_dist: 1614.305 +/- 0.000
step: 36442112, eval/episode_reward_survive: 872.699 +/- 0.000
step: 36442112, eval/episode_success: 307.031 +/- 0.000
step: 36442112, eval/episode_success_easy: 682.293 +/- 0.000
step: 36442112, eval/episode_success_any: 0.863 +/- 0.000
step: 36442112, eval/episode_success_hard: 0.000 +/- 0.000
step: 36442112, eval/episode_success_pos: 0.000 +/- 0.000
step: 36442112, eval/episode_success_rot: 0.000 +/- 0.000
step: 36442112, eval/episode_success_vel: 0.000 +/- 0.000
step: 36442112, eval/episode_success_ang: 0.000 +/- 0.000
step: 36442112, training/crl_critic_loss: 0.000 +/- 0.000
step: 36442112, training/actor_loss: 67.085 +/- 0.000
step: 36442112, training/binary_accuracy: 0.996 +/- 0.000
step: 36442112, training/categorical_accuracy: 0.098 +/- 0.000
step: 36442112, training/logits_pos: -67.684 +/- 0.000
step: 36442112, training/logits_neg: -83.900 +/- 0.000
step: 36442112, training/logsumexp: 2053.318 +/- 0.000
step: 36442112, training/sps: 5051.012 +/- 0.000
step: 36442112, training/entropy: -3.999 +/- 0.000
step: 36442112, training/alpha: 0.014 +/- 0.000
step: 36442112, training/alpha_loss: 0.000 +/- 0.000
step: 36442112, training/sa_repr_mean: 33.571 +/- 0.000
step: 36442112, training/g_repr_mean: 76.619 +/- 0.000
step: 36442112, training/sa_repr_std: 17.761 +/- 0.000
step: 36442112, training/g_repr_std: 46.054 +/- 0.000
step: 36442112, training/l_align: 67.684 +/- 0.000
step: 36442112, training/l_unif: -66.228 +/- 0.000
step: 36442112, training/context_info_loss: 1464.245 +/- 0.000
step: 36442112, training/context_mean_norm: 9.381 +/- 0.000
step: 36442112, training/context_std_mean: 0.974 +/- 0.000
step: 37680128, eval/episode_dist: 1767.914 +/- 0.000
step: 37680128, eval/episode_reward_survive: 849.418 +/- 0.000
step: 37680128, eval/episode_success: 220.426 +/- 0.000
step: 37680128, eval/episode_success_easy: 625.824 +/- 0.000
step: 37680128, eval/episode_success_any: 0.809 +/- 0.000
step: 37680128, eval/episode_success_hard: 0.000 +/- 0.000
step: 37680128, eval/episode_success_pos: 0.000 +/- 0.000
step: 37680128, eval/episode_success_rot: 0.000 +/- 0.000
step: 37680128, eval/episode_success_vel: 0.000 +/- 0.000
step: 37680128, eval/episode_success_ang: 0.000 +/- 0.000
step: 37680128, training/crl_critic_loss: 0.000 +/- 0.000
step: 37680128, training/actor_loss: 72.907 +/- 0.000
step: 37680128, training/binary_accuracy: 0.996 +/- 0.000
step: 37680128, training/categorical_accuracy: 0.092 +/- 0.000
step: 37680128, training/logits_pos: -73.502 +/- 0.000
step: 37680128, training/logits_neg: -90.414 +/- 0.000
step: 37680128, training/logsumexp: 2217.015 +/- 0.000
step: 37680128, training/sps: 5049.419 +/- 0.000
step: 37680128, training/entropy: -3.996 +/- 0.000
step: 37680128, training/alpha: 0.014 +/- 0.000
step: 37680128, training/alpha_loss: 0.000 +/- 0.000
step: 37680128, training/sa_repr_mean: 35.391 +/- 0.000
step: 37680128, training/g_repr_mean: 82.700 +/- 0.000
step: 37680128, training/sa_repr_std: 18.839 +/- 0.000
step: 37680128, training/g_repr_std: 51.900 +/- 0.000
step: 37680128, training/l_align: 73.502 +/- 0.000
step: 37680128, training/l_unif: -72.101 +/- 0.000
step: 37680128, training/context_info_loss: 1476.017 +/- 0.000
step: 37680128, training/context_mean_norm: 9.380 +/- 0.000
step: 37680128, training/context_std_mean: 0.970 +/- 0.000
obs shape (1, 31)
LOGITS (1, 16)
ACTION SHAPE (1, 8)
step: 38918144, eval/episode_dist: 1752.384 +/- 0.000
step: 38918144, eval/episode_reward_survive: 850.344 +/- 0.000
step: 38918144, eval/episode_success: 231.258 +/- 0.000
step: 38918144, eval/episode_success_easy: 631.234 +/- 0.000
step: 38918144, eval/episode_success_any: 0.805 +/- 0.000
step: 38918144, eval/episode_success_hard: 0.000 +/- 0.000
step: 38918144, eval/episode_success_pos: 0.000 +/- 0.000
step: 38918144, eval/episode_success_rot: 0.000 +/- 0.000
step: 38918144, eval/episode_success_vel: 0.000 +/- 0.000
step: 38918144, eval/episode_success_ang: 0.000 +/- 0.000
step: 38918144, training/crl_critic_loss: 0.000 +/- 0.000
step: 38918144, training/actor_loss: 76.039 +/- 0.000
step: 38918144, training/binary_accuracy: 0.996 +/- 0.000
step: 38918144, training/categorical_accuracy: 0.083 +/- 0.000
step: 38918144, training/logits_pos: -76.623 +/- 0.000
step: 38918144, training/logits_neg: -93.402 +/- 0.000
step: 38918144, training/logsumexp: 2303.452 +/- 0.000
step: 38918144, training/sps: 5051.968 +/- 0.000
step: 38918144, training/entropy: -3.999 +/- 0.000
step: 38918144, training/alpha: 0.014 +/- 0.000
step: 38918144, training/alpha_loss: 0.000 +/- 0.000
step: 38918144, training/sa_repr_mean: 35.539 +/- 0.000
step: 38918144, training/g_repr_mean: 85.709 +/- 0.000
step: 38918144, training/sa_repr_std: 19.288 +/- 0.000
step: 38918144, training/g_repr_std: 55.964 +/- 0.000
step: 38918144, training/l_align: 76.623 +/- 0.000
step: 38918144, training/l_unif: -75.201 +/- 0.000
step: 38918144, training/context_info_loss: 1556.776 +/- 0.000
step: 38918144, training/context_mean_norm: 9.387 +/- 0.000
step: 38918144, training/context_std_mean: 0.981 +/- 0.000
step: 40156160, eval/episode_dist: 1841.961 +/- 0.000
step: 40156160, eval/episode_reward_survive: 887.367 +/- 0.000
step: 40156160, eval/episode_success: 187.844 +/- 0.000
step: 40156160, eval/episode_success_easy: 660.699 +/- 0.000
step: 40156160, eval/episode_success_any: 0.828 +/- 0.000
step: 40156160, eval/episode_success_hard: 0.000 +/- 0.000
step: 40156160, eval/episode_success_pos: 0.000 +/- 0.000
step: 40156160, eval/episode_success_rot: 0.000 +/- 0.000
step: 40156160, eval/episode_success_vel: 0.000 +/- 0.000
step: 40156160, eval/episode_success_ang: 0.000 +/- 0.000
step: 40156160, training/crl_critic_loss: 0.000 +/- 0.000
step: 40156160, training/actor_loss: 76.100 +/- 0.000
step: 40156160, training/binary_accuracy: 0.996 +/- 0.000
step: 40156160, training/categorical_accuracy: 0.088 +/- 0.000
step: 40156160, training/logits_pos: -76.670 +/- 0.000
step: 40156160, training/logits_neg: -93.687 +/- 0.000
step: 40156160, training/logsumexp: 2351.200 +/- 0.000
step: 40156160, training/sps: 5042.951 +/- 0.000
step: 40156160, training/entropy: -4.000 +/- 0.000
step: 40156160, training/alpha: 0.015 +/- 0.000
step: 40156160, training/alpha_loss: 0.000 +/- 0.000
step: 40156160, training/sa_repr_mean: 35.818 +/- 0.000
step: 40156160, training/g_repr_mean: 85.708 +/- 0.000
step: 40156160, training/sa_repr_std: 20.329 +/- 0.000
step: 40156160, training/g_repr_std: 57.824 +/- 0.000
step: 40156160, training/l_align: 76.670 +/- 0.000
step: 40156160, training/l_unif: -75.240 +/- 0.000
step: 40156160, training/context_info_loss: 1528.969 +/- 0.000
step: 40156160, training/context_mean_norm: 9.417 +/- 0.000
step: 40156160, training/context_std_mean: 0.974 +/- 0.000
step: 41394176, eval/episode_dist: 1769.782 +/- 0.000
step: 41394176, eval/episode_reward_survive: 866.969 +/- 0.000
step: 41394176, eval/episode_success: 239.129 +/- 0.000
step: 41394176, eval/episode_success_easy: 647.621 +/- 0.000
step: 41394176, eval/episode_success_any: 0.848 +/- 0.000
step: 41394176, eval/episode_success_hard: 0.000 +/- 0.000
step: 41394176, eval/episode_success_pos: 0.000 +/- 0.000
step: 41394176, eval/episode_success_rot: 0.000 +/- 0.000
step: 41394176, eval/episode_success_vel: 0.000 +/- 0.000
step: 41394176, eval/episode_success_ang: 0.000 +/- 0.000
step: 41394176, training/crl_critic_loss: 0.000 +/- 0.000
step: 41394176, training/actor_loss: 81.715 +/- 0.000
step: 41394176, training/binary_accuracy: 0.996 +/- 0.000
step: 41394176, training/categorical_accuracy: 0.084 +/- 0.000
step: 41394176, training/logits_pos: -82.266 +/- 0.000
step: 41394176, training/logits_neg: -100.035 +/- 0.000
step: 41394176, training/logsumexp: 2499.333 +/- 0.000
step: 41394176, training/sps: 5044.990 +/- 0.000
step: 41394176, training/entropy: -3.996 +/- 0.000
step: 41394176, training/alpha: 0.015 +/- 0.000
step: 41394176, training/alpha_loss: 0.000 +/- 0.000
step: 41394176, training/sa_repr_mean: 37.588 +/- 0.000
step: 41394176, training/g_repr_mean: 91.539 +/- 0.000
step: 41394176, training/sa_repr_std: 21.938 +/- 0.000
step: 41394176, training/g_repr_std: 65.675 +/- 0.000
step: 41394176, training/l_align: 82.266 +/- 0.000
step: 41394176, training/l_unif: -80.861 +/- 0.000
step: 41394176, training/context_info_loss: 1557.453 +/- 0.000
step: 41394176, training/context_mean_norm: 9.398 +/- 0.000
step: 41394176, training/context_std_mean: 0.991 +/- 0.000
step: 42632192, eval/episode_dist: 1682.404 +/- 0.000
step: 42632192, eval/episode_reward_survive: 789.102 +/- 0.000
step: 42632192, eval/episode_success: 193.273 +/- 0.000
step: 42632192, eval/episode_success_easy: 576.207 +/- 0.000
step: 42632192, eval/episode_success_any: 0.797 +/- 0.000
step: 42632192, eval/episode_success_hard: 0.000 +/- 0.000
step: 42632192, eval/episode_success_pos: 0.000 +/- 0.000
step: 42632192, eval/episode_success_rot: 0.000 +/- 0.000
step: 42632192, eval/episode_success_vel: 0.000 +/- 0.000
step: 42632192, eval/episode_success_ang: 0.000 +/- 0.000
step: 42632192, training/crl_critic_loss: 0.000 +/- 0.000
step: 42632192, training/actor_loss: 81.899 +/- 0.000
step: 42632192, training/binary_accuracy: 0.996 +/- 0.000
step: 42632192, training/categorical_accuracy: 0.080 +/- 0.000
step: 42632192, training/logits_pos: -82.447 +/- 0.000
step: 42632192, training/logits_neg: -99.524 +/- 0.000
step: 42632192, training/logsumexp: 2409.248 +/- 0.000
step: 42632192, training/sps: 5045.513 +/- 0.000
step: 42632192, training/entropy: -3.994 +/- 0.000
step: 42632192, training/alpha: 0.014 +/- 0.000
step: 42632192, training/alpha_loss: 0.000 +/- 0.000
step: 42632192, training/sa_repr_mean: 36.544 +/- 0.000
step: 42632192, training/g_repr_mean: 91.602 +/- 0.000
step: 42632192, training/sa_repr_std: 20.517 +/- 0.000
step: 42632192, training/g_repr_std: 64.169 +/- 0.000
step: 42632192, training/l_align: 82.447 +/- 0.000
step: 42632192, training/l_unif: -81.027 +/- 0.000
step: 42632192, training/context_info_loss: 1442.235 +/- 0.000
step: 42632192, training/context_mean_norm: 9.415 +/- 0.000
step: 42632192, training/context_std_mean: 0.977 +/- 0.000
step: 43870208, eval/episode_dist: 1702.344 +/- 0.000
step: 43870208, eval/episode_reward_survive: 769.328 +/- 0.000
step: 43870208, eval/episode_success: 180.281 +/- 0.000
step: 43870208, eval/episode_success_easy: 554.812 +/- 0.000
step: 43870208, eval/episode_success_any: 0.758 +/- 0.000
step: 43870208, eval/episode_success_hard: 0.000 +/- 0.000
step: 43870208, eval/episode_success_pos: 0.000 +/- 0.000
step: 43870208, eval/episode_success_rot: 0.000 +/- 0.000
step: 43870208, eval/episode_success_vel: 0.000 +/- 0.000
step: 43870208, eval/episode_success_ang: 0.000 +/- 0.000
step: 43870208, training/crl_critic_loss: 0.000 +/- 0.000
step: 43870208, training/actor_loss: 87.272 +/- 0.000
step: 43870208, training/binary_accuracy: 0.996 +/- 0.000
step: 43870208, training/categorical_accuracy: 0.073 +/- 0.000
step: 43870208, training/logits_pos: -87.836 +/- 0.000
step: 43870208, training/logits_neg: -105.122 +/- 0.000
step: 43870208, training/logsumexp: 2612.925 +/- 0.000
step: 43870208, training/sps: 5044.415 +/- 0.000
step: 43870208, training/entropy: -3.996 +/- 0.000
step: 43870208, training/alpha: 0.015 +/- 0.000
step: 43870208, training/alpha_loss: 0.000 +/- 0.000
step: 43870208, training/sa_repr_mean: 37.889 +/- 0.000
step: 43870208, training/g_repr_mean: 97.032 +/- 0.000
step: 43870208, training/sa_repr_std: 21.720 +/- 0.000
step: 43870208, training/g_repr_std: 69.642 +/- 0.000
step: 43870208, training/l_align: 87.836 +/- 0.000
step: 43870208, training/l_unif: -86.395 +/- 0.000
step: 43870208, training/context_info_loss: 1569.917 +/- 0.000
step: 43870208, training/context_mean_norm: 9.385 +/- 0.000
step: 43870208, training/context_std_mean: 1.008 +/- 0.000
obs shape (1, 31)
LOGITS (1, 16)
ACTION SHAPE (1, 8)
step: 45108224, eval/episode_dist: 1797.075 +/- 0.000
step: 45108224, eval/episode_reward_survive: 901.695 +/- 0.000
step: 45108224, eval/episode_success: 201.789 +/- 0.000
step: 45108224, eval/episode_success_easy: 678.621 +/- 0.000
step: 45108224, eval/episode_success_any: 0.734 +/- 0.000
step: 45108224, eval/episode_success_hard: 0.000 +/- 0.000
step: 45108224, eval/episode_success_pos: 0.000 +/- 0.000
step: 45108224, eval/episode_success_rot: 0.000 +/- 0.000
step: 45108224, eval/episode_success_vel: 0.000 +/- 0.000
step: 45108224, eval/episode_success_ang: 0.000 +/- 0.000
step: 45108224, training/crl_critic_loss: 0.000 +/- 0.000
step: 45108224, training/actor_loss: 91.249 +/- 0.000
step: 45108224, training/binary_accuracy: 0.996 +/- 0.000
step: 45108224, training/categorical_accuracy: 0.073 +/- 0.000
step: 45108224, training/logits_pos: -91.820 +/- 0.000
step: 45108224, training/logits_neg: -109.401 +/- 0.000
step: 45108224, training/logsumexp: 2757.551 +/- 0.000
step: 45108224, training/sps: 5046.425 +/- 0.000
step: 45108224, training/entropy: -4.000 +/- 0.000
step: 45108224, training/alpha: 0.015 +/- 0.000
step: 45108224, training/alpha_loss: -0.000 +/- 0.000
step: 45108224, training/sa_repr_mean: 38.746 +/- 0.000
step: 45108224, training/g_repr_mean: 100.998 +/- 0.000
step: 45108224, training/sa_repr_std: 22.741 +/- 0.000
step: 45108224, training/g_repr_std: 76.197 +/- 0.000
step: 45108224, training/l_align: 91.820 +/- 0.000
step: 45108224, training/l_unif: -90.391 +/- 0.000
step: 45108224, training/context_info_loss: 1441.398 +/- 0.000
step: 45108224, training/context_mean_norm: 9.436 +/- 0.000
step: 45108224, training/context_std_mean: 0.947 +/- 0.000
step: 46346240, eval/episode_dist: 1812.190 +/- 0.000
step: 46346240, eval/episode_reward_survive: 837.977 +/- 0.000
step: 46346240, eval/episode_success: 190.543 +/- 0.000
step: 46346240, eval/episode_success_easy: 607.703 +/- 0.000
step: 46346240, eval/episode_success_any: 0.711 +/- 0.000
step: 46346240, eval/episode_success_hard: 0.000 +/- 0.000
step: 46346240, eval/episode_success_pos: 0.000 +/- 0.000
step: 46346240, eval/episode_success_rot: 0.000 +/- 0.000
step: 46346240, eval/episode_success_vel: 0.000 +/- 0.000
step: 46346240, eval/episode_success_ang: 0.000 +/- 0.000
step: 46346240, training/crl_critic_loss: 0.000 +/- 0.000
step: 46346240, training/actor_loss: 86.823 +/- 0.000
step: 46346240, training/binary_accuracy: 0.996 +/- 0.000
step: 46346240, training/categorical_accuracy: 0.076 +/- 0.000
step: 46346240, training/logits_pos: -87.387 +/- 0.000
step: 46346240, training/logits_neg: -104.559 +/- 0.000
step: 46346240, training/logsumexp: 2587.946 +/- 0.000
step: 46346240, training/sps: 5046.786 +/- 0.000
step: 46346240, training/entropy: -3.995 +/- 0.000
step: 46346240, training/alpha: 0.015 +/- 0.000
step: 46346240, training/alpha_loss: 0.000 +/- 0.000
step: 46346240, training/sa_repr_mean: 37.249 +/- 0.000
step: 46346240, training/g_repr_mean: 96.367 +/- 0.000
step: 46346240, training/sa_repr_std: 21.056 +/- 0.000
step: 46346240, training/g_repr_std: 71.680 +/- 0.000
step: 46346240, training/l_align: 87.387 +/- 0.000
step: 46346240, training/l_unif: -85.954 +/- 0.000
step: 46346240, training/context_info_loss: 1419.696 +/- 0.000
step: 46346240, training/context_mean_norm: 9.437 +/- 0.000
step: 46346240, training/context_std_mean: 0.959 +/- 0.000
step: 47584256, eval/episode_dist: 1673.470 +/- 0.000
step: 47584256, eval/episode_reward_survive: 895.238 +/- 0.000
step: 47584256, eval/episode_success: 251.066 +/- 0.000
step: 47584256, eval/episode_success_easy: 696.906 +/- 0.000
step: 47584256, eval/episode_success_any: 0.797 +/- 0.000
step: 47584256, eval/episode_success_hard: 0.000 +/- 0.000
step: 47584256, eval/episode_success_pos: 0.000 +/- 0.000
step: 47584256, eval/episode_success_rot: 0.000 +/- 0.000
step: 47584256, eval/episode_success_vel: 0.000 +/- 0.000
step: 47584256, eval/episode_success_ang: 0.000 +/- 0.000
step: 47584256, training/crl_critic_loss: 0.000 +/- 0.000
step: 47584256, training/actor_loss: 91.725 +/- 0.000
step: 47584256, training/binary_accuracy: 0.996 +/- 0.000
step: 47584256, training/categorical_accuracy: 0.067 +/- 0.000
step: 47584256, training/logits_pos: -92.286 +/- 0.000
step: 47584256, training/logits_neg: -109.231 +/- 0.000
step: 47584256, training/logsumexp: 2625.908 +/- 0.000
step: 47584256, training/sps: 5048.860 +/- 0.000
step: 47584256, training/entropy: -4.001 +/- 0.000
step: 47584256, training/alpha: 0.014 +/- 0.000
step: 47584256, training/alpha_loss: -0.000 +/- 0.000
step: 47584256, training/sa_repr_mean: 37.499 +/- 0.000
step: 47584256, training/g_repr_mean: 101.188 +/- 0.000
step: 47584256, training/sa_repr_std: 21.172 +/- 0.000
step: 47584256, training/g_repr_std: 75.977 +/- 0.000
step: 47584256, training/l_align: 92.286 +/- 0.000
step: 47584256, training/l_unif: -90.829 +/- 0.000
step: 47584256, training/context_info_loss: 1313.775 +/- 0.000
step: 47584256, training/context_mean_norm: 9.466 +/- 0.000
step: 47584256, training/context_std_mean: 0.925 +/- 0.000
step: 48822272, eval/episode_dist: 1785.606 +/- 0.000
step: 48822272, eval/episode_reward_survive: 919.062 +/- 0.000
step: 48822272, eval/episode_success: 269.668 +/- 0.000
step: 48822272, eval/episode_success_easy: 693.469 +/- 0.000
step: 48822272, eval/episode_success_any: 0.793 +/- 0.000
step: 48822272, eval/episode_success_hard: 0.000 +/- 0.000
step: 48822272, eval/episode_success_pos: 0.000 +/- 0.000
step: 48822272, eval/episode_success_rot: 0.000 +/- 0.000
step: 48822272, eval/episode_success_vel: 0.000 +/- 0.000
step: 48822272, eval/episode_success_ang: 0.000 +/- 0.000
step: 48822272, training/crl_critic_loss: 0.000 +/- 0.000
step: 48822272, training/actor_loss: 100.417 +/- 0.000
step: 48822272, training/binary_accuracy: 0.996 +/- 0.000
step: 48822272, training/categorical_accuracy: 0.064 +/- 0.000
step: 48822272, training/logits_pos: -100.968 +/- 0.000
step: 48822272, training/logits_neg: -118.605 +/- 0.000
step: 48822272, training/logsumexp: 2961.146 +/- 0.000
step: 48822272, training/sps: 5050.230 +/- 0.000
step: 48822272, training/entropy: -3.997 +/- 0.000
step: 48822272, training/alpha: 0.015 +/- 0.000
step: 48822272, training/alpha_loss: 0.000 +/- 0.000
step: 48822272, training/sa_repr_mean: 39.836 +/- 0.000
step: 48822272, training/g_repr_mean: 109.976 +/- 0.000
step: 48822272, training/sa_repr_std: 23.298 +/- 0.000
step: 48822272, training/g_repr_std: 85.435 +/- 0.000
step: 48822272, training/l_align: 100.968 +/- 0.000
step: 48822272, training/l_unif: -99.562 +/- 0.000
step: 48822272, training/context_info_loss: 1314.305 +/- 0.000
step: 48822272, training/context_mean_norm: 9.470 +/- 0.000
step: 48822272, training/context_std_mean: 0.914 +/- 0.000
step: 50060288, eval/episode_dist: 1600.489 +/- 0.000
step: 50060288, eval/episode_reward_survive: 835.688 +/- 0.000
step: 50060288, eval/episode_success: 271.562 +/- 0.000
step: 50060288, eval/episode_success_easy: 638.887 +/- 0.000
step: 50060288, eval/episode_success_any: 0.801 +/- 0.000
step: 50060288, eval/episode_success_hard: 0.000 +/- 0.000
step: 50060288, eval/episode_success_pos: 0.000 +/- 0.000
step: 50060288, eval/episode_success_rot: 0.000 +/- 0.000
step: 50060288, eval/episode_success_vel: 0.000 +/- 0.000
step: 50060288, eval/episode_success_ang: 0.000 +/- 0.000
step: 50060288, training/crl_critic_loss: 0.000 +/- 0.000
step: 50060288, training/actor_loss: 99.180 +/- 0.000
step: 50060288, training/binary_accuracy: 0.996 +/- 0.000
step: 50060288, training/categorical_accuracy: 0.066 +/- 0.000
step: 50060288, training/logits_pos: -99.724 +/- 0.000
step: 50060288, training/logits_neg: -117.325 +/- 0.000
step: 50060288, training/logsumexp: 2929.916 +/- 0.000
step: 50060288, training/sps: 5048.046 +/- 0.000
step: 50060288, training/entropy: -3.997 +/- 0.000
step: 50060288, training/alpha: 0.015 +/- 0.000
step: 50060288, training/alpha_loss: 0.000 +/- 0.000
step: 50060288, training/sa_repr_mean: 39.456 +/- 0.000
step: 50060288, training/g_repr_mean: 108.902 +/- 0.000
step: 50060288, training/sa_repr_std: 22.683 +/- 0.000
step: 50060288, training/g_repr_std: 83.265 +/- 0.000
step: 50060288, training/l_align: 99.724 +/- 0.000
step: 50060288, training/l_unif: -98.349 +/- 0.000
step: 50060288, training/context_info_loss: 1285.949 +/- 0.000
step: 50060288, training/context_mean_norm: 9.465 +/- 0.000
step: 50060288, training/context_std_mean: 0.918 +/- 0.000
obs shape (1, 31)
LOGITS (1, 16)
ACTION SHAPE (1, 8)
step: 51298304, eval/episode_dist: 1702.558 +/- 0.000
step: 51298304, eval/episode_reward_survive: 928.547 +/- 0.000
step: 51298304, eval/episode_success: 320.684 +/- 0.000
step: 51298304, eval/episode_success_easy: 724.438 +/- 0.000
step: 51298304, eval/episode_success_any: 0.832 +/- 0.000
step: 51298304, eval/episode_success_hard: 0.000 +/- 0.000
step: 51298304, eval/episode_success_pos: 0.000 +/- 0.000
step: 51298304, eval/episode_success_rot: 0.000 +/- 0.000
step: 51298304, eval/episode_success_vel: 0.000 +/- 0.000
step: 51298304, eval/episode_success_ang: 0.000 +/- 0.000
step: 51298304, training/crl_critic_loss: 0.000 +/- 0.000
step: 51298304, training/actor_loss: 105.856 +/- 0.000
step: 51298304, training/binary_accuracy: 0.996 +/- 0.000
step: 51298304, training/categorical_accuracy: 0.062 +/- 0.000
step: 51298304, training/logits_pos: -106.400 +/- 0.000
step: 51298304, training/logits_neg: -124.299 +/- 0.000
step: 51298304, training/logsumexp: 3127.591 +/- 0.000
step: 51298304, training/sps: 5047.795 +/- 0.000
step: 51298304, training/entropy: -3.998 +/- 0.000
step: 51298304, training/alpha: 0.015 +/- 0.000
step: 51298304, training/alpha_loss: 0.000 +/- 0.000
step: 51298304, training/sa_repr_mean: 40.700 +/- 0.000
step: 51298304, training/g_repr_mean: 115.582 +/- 0.000
step: 51298304, training/sa_repr_std: 23.338 +/- 0.000
step: 51298304, training/g_repr_std: 89.490 +/- 0.000
step: 51298304, training/l_align: 106.400 +/- 0.000
step: 51298304, training/l_unif: -105.034 +/- 0.000
step: 51298304, training/context_info_loss: 1201.654 +/- 0.000
step: 51298304, training/context_mean_norm: 9.487 +/- 0.000
step: 51298304, training/context_std_mean: 0.896 +/- 0.000
step: 52536320, eval/episode_dist: 1718.013 +/- 0.000
step: 52536320, eval/episode_reward_survive: 840.875 +/- 0.000
step: 52536320, eval/episode_success: 257.520 +/- 0.000
step: 52536320, eval/episode_success_easy: 628.051 +/- 0.000
step: 52536320, eval/episode_success_any: 0.859 +/- 0.000
step: 52536320, eval/episode_success_hard: 0.000 +/- 0.000
step: 52536320, eval/episode_success_pos: 0.000 +/- 0.000
step: 52536320, eval/episode_success_rot: 0.000 +/- 0.000
step: 52536320, eval/episode_success_vel: 0.000 +/- 0.000
step: 52536320, eval/episode_success_ang: 0.000 +/- 0.000
step: 52536320, training/crl_critic_loss: 0.000 +/- 0.000
step: 52536320, training/actor_loss: 102.623 +/- 0.000
step: 52536320, training/binary_accuracy: 0.996 +/- 0.000
step: 52536320, training/categorical_accuracy: 0.062 +/- 0.000
step: 52536320, training/logits_pos: -103.178 +/- 0.000
step: 52536320, training/logits_neg: -120.847 +/- 0.000
step: 52536320, training/logsumexp: 3066.744 +/- 0.000
step: 52536320, training/sps: 5042.814 +/- 0.000
step: 52536320, training/entropy: -3.997 +/- 0.000
step: 52536320, training/alpha: 0.015 +/- 0.000
step: 52536320, training/alpha_loss: 0.000 +/- 0.000
step: 52536320, training/sa_repr_mean: 40.152 +/- 0.000
step: 52536320, training/g_repr_mean: 112.359 +/- 0.000
step: 52536320, training/sa_repr_std: 22.632 +/- 0.000
step: 52536320, training/g_repr_std: 84.164 +/- 0.000
step: 52536320, training/l_align: 103.178 +/- 0.000
step: 52536320, training/l_unif: -101.811 +/- 0.000
step: 52536320, training/context_info_loss: 1202.150 +/- 0.000
step: 52536320, training/context_mean_norm: 9.479 +/- 0.000
step: 52536320, training/context_std_mean: 0.901 +/- 0.000
step: 53774336, eval/episode_dist: 1881.868 +/- 0.000
step: 53774336, eval/episode_reward_survive: 896.820 +/- 0.000
step: 53774336, eval/episode_success: 262.473 +/- 0.000
step: 53774336, eval/episode_success_easy: 658.961 +/- 0.000
step: 53774336, eval/episode_success_any: 0.898 +/- 0.000
step: 53774336, eval/episode_success_hard: 0.000 +/- 0.000
step: 53774336, eval/episode_success_pos: 0.000 +/- 0.000
step: 53774336, eval/episode_success_rot: 0.000 +/- 0.000
step: 53774336, eval/episode_success_vel: 0.000 +/- 0.000
step: 53774336, eval/episode_success_ang: 0.000 +/- 0.000
step: 53774336, training/crl_critic_loss: 0.000 +/- 0.000
step: 53774336, training/actor_loss: 103.920 +/- 0.000
step: 53774336, training/binary_accuracy: 0.996 +/- 0.000
step: 53774336, training/categorical_accuracy: 0.059 +/- 0.000
step: 53774336, training/logits_pos: -104.461 +/- 0.000
step: 53774336, training/logits_neg: -121.957 +/- 0.000
step: 53774336, training/logsumexp: 3105.913 +/- 0.000
step: 53774336, training/sps: 5046.015 +/- 0.000
step: 53774336, training/entropy: -4.000 +/- 0.000
step: 53774336, training/alpha: 0.015 +/- 0.000
step: 53774336, training/alpha_loss: 0.000 +/- 0.000
step: 53774336, training/sa_repr_mean: 40.175 +/- 0.000
step: 53774336, training/g_repr_mean: 113.560 +/- 0.000
step: 53774336, training/sa_repr_std: 22.877 +/- 0.000
step: 53774336, training/g_repr_std: 86.616 +/- 0.000
step: 53774336, training/l_align: 104.461 +/- 0.000
step: 53774336, training/l_unif: -103.064 +/- 0.000
step: 53774336, training/context_info_loss: 1227.775 +/- 0.000
step: 53774336, training/context_mean_norm: 9.477 +/- 0.000
step: 53774336, training/context_std_mean: 0.897 +/- 0.000
step: 55012352, eval/episode_dist: 1652.382 +/- 0.000
step: 55012352, eval/episode_reward_survive: 844.703 +/- 0.000
step: 55012352, eval/episode_success: 216.176 +/- 0.000
step: 55012352, eval/episode_success_easy: 639.672 +/- 0.000
step: 55012352, eval/episode_success_any: 0.832 +/- 0.000
step: 55012352, eval/episode_success_hard: 0.000 +/- 0.000
step: 55012352, eval/episode_success_pos: 0.000 +/- 0.000
step: 55012352, eval/episode_success_rot: 0.000 +/- 0.000
step: 55012352, eval/episode_success_vel: 0.000 +/- 0.000
step: 55012352, eval/episode_success_ang: 0.000 +/- 0.000
step: 55012352, training/crl_critic_loss: 0.000 +/- 0.000
step: 55012352, training/actor_loss: 105.581 +/- 0.000
step: 55012352, training/binary_accuracy: 0.996 +/- 0.000
step: 55012352, training/categorical_accuracy: 0.059 +/- 0.000
step: 55012352, training/logits_pos: -106.132 +/- 0.000
step: 55012352, training/logits_neg: -123.492 +/- 0.000
step: 55012352, training/logsumexp: 3130.420 +/- 0.000
step: 55012352, training/sps: 5041.686 +/- 0.000
step: 55012352, training/entropy: -3.997 +/- 0.000
step: 55012352, training/alpha: 0.015 +/- 0.000
step: 55012352, training/alpha_loss: 0.000 +/- 0.000
step: 55012352, training/sa_repr_mean: 40.231 +/- 0.000
step: 55012352, training/g_repr_mean: 115.251 +/- 0.000
step: 55012352, training/sa_repr_std: 22.211 +/- 0.000
step: 55012352, training/g_repr_std: 85.920 +/- 0.000
step: 55012352, training/l_align: 106.132 +/- 0.000
step: 55012352, training/l_unif: -104.754 +/- 0.000
step: 55012352, training/context_info_loss: 1414.060 +/- 0.000
step: 55012352, training/context_mean_norm: 9.457 +/- 0.000
step: 55012352, training/context_std_mean: 0.950 +/- 0.000
step: 56250368, eval/episode_dist: 1795.016 +/- 0.000
step: 56250368, eval/episode_reward_survive: 877.270 +/- 0.000
step: 56250368, eval/episode_success: 235.293 +/- 0.000
step: 56250368, eval/episode_success_easy: 651.996 +/- 0.000
step: 56250368, eval/episode_success_any: 0.898 +/- 0.000
step: 56250368, eval/episode_success_hard: 0.000 +/- 0.000
step: 56250368, eval/episode_success_pos: 0.000 +/- 0.000
step: 56250368, eval/episode_success_rot: 0.000 +/- 0.000
step: 56250368, eval/episode_success_vel: 0.000 +/- 0.000
step: 56250368, eval/episode_success_ang: 0.000 +/- 0.000
step: 56250368, training/crl_critic_loss: 0.000 +/- 0.000
step: 56250368, training/actor_loss: 113.418 +/- 0.000
step: 56250368, training/binary_accuracy: 0.996 +/- 0.000
step: 56250368, training/categorical_accuracy: 0.054 +/- 0.000
step: 56250368, training/logits_pos: -113.947 +/- 0.000
step: 56250368, training/logits_neg: -131.676 +/- 0.000
step: 56250368, training/logsumexp: 3284.420 +/- 0.000
step: 56250368, training/sps: 5044.202 +/- 0.000
step: 56250368, training/entropy: -4.004 +/- 0.000
step: 56250368, training/alpha: 0.016 +/- 0.000
step: 56250368, training/alpha_loss: -0.000 +/- 0.000
step: 56250368, training/sa_repr_mean: 41.506 +/- 0.000
step: 56250368, training/g_repr_mean: 123.145 +/- 0.000
step: 56250368, training/sa_repr_std: 23.677 +/- 0.000
step: 56250368, training/g_repr_std: 98.320 +/- 0.000
step: 56250368, training/l_align: 113.947 +/- 0.000
step: 56250368, training/l_unif: -112.589 +/- 0.000
step: 56250368, training/context_info_loss: 1386.500 +/- 0.000
step: 56250368, training/context_mean_norm: 9.436 +/- 0.000
step: 56250368, training/context_std_mean: 0.960 +/- 0.000
obs shape (1, 31)
LOGITS (1, 16)
ACTION SHAPE (1, 8)
step: 57488384, eval/episode_dist: 1669.370 +/- 0.000
step: 57488384, eval/episode_reward_survive: 814.434 +/- 0.000
step: 57488384, eval/episode_success: 251.219 +/- 0.000
step: 57488384, eval/episode_success_easy: 605.453 +/- 0.000
step: 57488384, eval/episode_success_any: 0.871 +/- 0.000
step: 57488384, eval/episode_success_hard: 0.000 +/- 0.000
step: 57488384, eval/episode_success_pos: 0.000 +/- 0.000
step: 57488384, eval/episode_success_rot: 0.000 +/- 0.000
step: 57488384, eval/episode_success_vel: 0.000 +/- 0.000
step: 57488384, eval/episode_success_ang: 0.000 +/- 0.000
step: 57488384, training/crl_critic_loss: 0.000 +/- 0.000
step: 57488384, training/actor_loss: 118.522 +/- 0.000
step: 57488384, training/binary_accuracy: 0.996 +/- 0.000
step: 57488384, training/categorical_accuracy: 0.054 +/- 0.000
step: 57488384, training/logits_pos: -119.042 +/- 0.000
step: 57488384, training/logits_neg: -137.203 +/- 0.000
step: 57488384, training/logsumexp: 3569.681 +/- 0.000
step: 57488384, training/sps: 5045.091 +/- 0.000
step: 57488384, training/entropy: -3.999 +/- 0.000
step: 57488384, training/alpha: 0.016 +/- 0.000
step: 57488384, training/alpha_loss: 0.000 +/- 0.000
step: 57488384, training/sa_repr_mean: 42.951 +/- 0.000
step: 57488384, training/g_repr_mean: 128.350 +/- 0.000
step: 57488384, training/sa_repr_std: 25.199 +/- 0.000
step: 57488384, training/g_repr_std: 108.453 +/- 0.000
step: 57488384, training/l_align: 119.042 +/- 0.000
step: 57488384, training/l_unif: -117.696 +/- 0.000
step: 57488384, training/context_info_loss: 1339.476 +/- 0.000
step: 57488384, training/context_mean_norm: 9.430 +/- 0.000
step: 57488384, training/context_std_mean: 0.943 +/- 0.000
step: 58726400, eval/episode_dist: 1740.331 +/- 0.000
step: 58726400, eval/episode_reward_survive: 820.652 +/- 0.000
step: 58726400, eval/episode_success: 195.719 +/- 0.000
step: 58726400, eval/episode_success_easy: 600.203 +/- 0.000
step: 58726400, eval/episode_success_any: 0.777 +/- 0.000
step: 58726400, eval/episode_success_hard: 0.000 +/- 0.000
step: 58726400, eval/episode_success_pos: 0.000 +/- 0.000
step: 58726400, eval/episode_success_rot: 0.000 +/- 0.000
step: 58726400, eval/episode_success_vel: 0.000 +/- 0.000
step: 58726400, eval/episode_success_ang: 0.000 +/- 0.000
step: 58726400, training/crl_critic_loss: 0.000 +/- 0.000
step: 58726400, training/actor_loss: 117.356 +/- 0.000
step: 58726400, training/binary_accuracy: 0.996 +/- 0.000
step: 58726400, training/categorical_accuracy: 0.053 +/- 0.000
step: 58726400, training/logits_pos: -117.882 +/- 0.000
step: 58726400, training/logits_neg: -135.512 +/- 0.000
step: 58726400, training/logsumexp: 3450.841 +/- 0.000
step: 58726400, training/sps: 5048.874 +/- 0.000
step: 58726400, training/entropy: -3.997 +/- 0.000
step: 58726400, training/alpha: 0.016 +/- 0.000
step: 58726400, training/alpha_loss: 0.000 +/- 0.000
step: 58726400, training/sa_repr_mean: 42.024 +/- 0.000
step: 58726400, training/g_repr_mean: 127.083 +/- 0.000
step: 58726400, training/sa_repr_std: 23.622 +/- 0.000
step: 58726400, training/g_repr_std: 100.251 +/- 0.000
step: 58726400, training/l_align: 117.882 +/- 0.000
step: 58726400, training/l_unif: -116.504 +/- 0.000
step: 58726400, training/context_info_loss: 1406.289 +/- 0.000
step: 58726400, training/context_mean_norm: 9.456 +/- 0.000
step: 58726400, training/context_std_mean: 0.963 +/- 0.000
step: 59964416, eval/episode_dist: 1657.521 +/- 0.000
step: 59964416, eval/episode_reward_survive: 804.605 +/- 0.000
step: 59964416, eval/episode_success: 197.672 +/- 0.000
step: 59964416, eval/episode_success_easy: 596.137 +/- 0.000
step: 59964416, eval/episode_success_any: 0.824 +/- 0.000
step: 59964416, eval/episode_success_hard: 0.000 +/- 0.000
step: 59964416, eval/episode_success_pos: 0.000 +/- 0.000
step: 59964416, eval/episode_success_rot: 0.000 +/- 0.000
step: 59964416, eval/episode_success_vel: 0.000 +/- 0.000
step: 59964416, eval/episode_success_ang: 0.000 +/- 0.000
step: 59964416, training/crl_critic_loss: 0.000 +/- 0.000
step: 59964416, training/actor_loss: 118.043 +/- 0.000
step: 59964416, training/binary_accuracy: 0.996 +/- 0.000
step: 59964416, training/categorical_accuracy: 0.050 +/- 0.000
step: 59964416, training/logits_pos: -118.555 +/- 0.000
step: 59964416, training/logits_neg: -136.350 +/- 0.000
step: 59964416, training/logsumexp: 3457.531 +/- 0.000
step: 59964416, training/sps: 5047.001 +/- 0.000
step: 59964416, training/entropy: -3.995 +/- 0.000
step: 59964416, training/alpha: 0.016 +/- 0.000
step: 59964416, training/alpha_loss: 0.000 +/- 0.000
step: 59964416, training/sa_repr_mean: 42.069 +/- 0.000
step: 59964416, training/g_repr_mean: 127.649 +/- 0.000
step: 59964416, training/sa_repr_std: 24.311 +/- 0.000
step: 59964416, training/g_repr_std: 103.098 +/- 0.000
step: 59964416, training/l_align: 118.555 +/- 0.000
step: 59964416, training/l_unif: -117.150 +/- 0.000
step: 59964416, training/context_info_loss: 1271.840 +/- 0.000
step: 59964416, training/context_mean_norm: 9.476 +/- 0.000
step: 59964416, training/context_std_mean: 0.929 +/- 0.000
step: 61202432, eval/episode_dist: 1603.070 +/- 0.000
step: 61202432, eval/episode_reward_survive: 814.527 +/- 0.000
step: 61202432, eval/episode_success: 228.762 +/- 0.000
step: 61202432, eval/episode_success_easy: 616.109 +/- 0.000
step: 61202432, eval/episode_success_any: 0.887 +/- 0.000
step: 61202432, eval/episode_success_hard: 0.000 +/- 0.000
step: 61202432, eval/episode_success_pos: 0.000 +/- 0.000
step: 61202432, eval/episode_success_rot: 0.000 +/- 0.000
step: 61202432, eval/episode_success_vel: 0.000 +/- 0.000
step: 61202432, eval/episode_success_ang: 0.000 +/- 0.000
step: 61202432, training/crl_critic_loss: 0.000 +/- 0.000
step: 61202432, training/actor_loss: 120.225 +/- 0.000
step: 61202432, training/binary_accuracy: 0.996 +/- 0.000
step: 61202432, training/categorical_accuracy: 0.053 +/- 0.000
step: 61202432, training/logits_pos: -120.723 +/- 0.000
step: 61202432, training/logits_neg: -138.682 +/- 0.000
step: 61202432, training/logsumexp: 3580.673 +/- 0.000
step: 61202432, training/sps: 5051.739 +/- 0.000
step: 61202432, training/entropy: -4.000 +/- 0.000
step: 61202432, training/alpha: 0.016 +/- 0.000
step: 61202432, training/alpha_loss: 0.000 +/- 0.000
step: 61202432, training/sa_repr_mean: 42.635 +/- 0.000
step: 61202432, training/g_repr_mean: 129.743 +/- 0.000
step: 61202432, training/sa_repr_std: 25.133 +/- 0.000
step: 61202432, training/g_repr_std: 107.639 +/- 0.000
step: 61202432, training/l_align: 120.723 +/- 0.000
step: 61202432, training/l_unif: -119.327 +/- 0.000
step: 61202432, training/context_info_loss: 1287.896 +/- 0.000
step: 61202432, training/context_mean_norm: 9.487 +/- 0.000
step: 61202432, training/context_std_mean: 0.911 +/- 0.000

  _     ._   __/__   _ _  _  _ _/_   Recorded: 12:07:04  Samples:  2710
 /_//_/// /_\ / //_// / //_'/ //     Duration: 12557.536 CPU time: 12529.368
/   _/                      v4.6.2

Program: training_goalkde.py --project_name test --group_name first_run --exp_name ant-goalkde-meanfield-1x-60000000-256-512-1e-4-1e-4-1e-4-1-della-maxent-gaussianmlp-1e-4 --num_evals 50 --seed 1 --num_timesteps 60000000 --batch_size 256 --num_envs 512 --discounting 0.99 --action_repeat 1 --env_name ant --episode_length 1025 --unroll_length 62 --n_hidden 8 --min_replay_size 1000 --max_replay_size 10000 --contrastive_loss_fn infonce_backward --energy_fn l2 --train_step_multiplier 1 --log_wandb --var_post meanfield --policy_lr 1e-4 --critic_lr 1e-4 --alpha_lr 1e-4

12557.492 <module>  training_goalkde.py:1
└─ 12557.492 main  training_goalkde.py:15
   └─ 12551.759 train  src/train_goalkde.py:748
      ├─ 12107.078 training_epoch_with_timing  src/train_goalkde.py:1227
      │  ├─ 11524.795 [self]  src/train_goalkde.py
      │  └─ 576.601 cache_miss  jax/_src/api.py:1788
      │        [3 frames hidden]  jax
      └─ 284.213 MetricsRecorder.progress  utils.py:309
         └─ 281.697 render  utils.py:328


[1;34mwandb[0m: 
[1;34mwandb[0m: You can sync this run to the cloud by running:
[1;34mwandb[0m: [1mwandb sync /home/kw2960/JaxGCRL/wandb/offline-run-20250819_120659-fea9q3cv[0m
[1;34mwandb[0m: Find logs at: [1;35mwandb/offline-run-20250819_120659-fea9q3cv/logs[0m
