Arguments:
{
    "action_repeat": 1,
    "alpha_lr": 0.0001,
    "backend": null,
    "batch_size": 256,
    "contrastive_loss_fn": "infonce_backward",
    "critic_lr": 0.0001,
    "disable_entropy_actor": false,
    "discounting": 0.99,
    "discriminator_lr": 0.0003,
    "energy_fn": "l2",
    "entropy_alpha": 1e-06,
    "env_name": "ant",
    "episode_length": 1025,
    "eval_env": null,
    "exp_name": "ant-goalkde-standard-1x-30000000-256-512-1e-4-1e-4-1e-4-2-della-maxent-gaussianmlp-1e-4",
    "generator_lr": 0.0003,
    "group_name": "first_run",
    "h_dim": 256,
    "l2_penalty": 0.0,
    "log_wandb": true,
    "logsumexp_penalty": 0.0,
    "max_replay_size": 10000,
    "min_replay_size": 1000,
    "n_hidden": 8,
    "no_resubs": false,
    "noise_dim": 4,
    "num_envs": 512,
    "num_eval_envs": 256,
    "num_evals": 50,
    "num_timesteps": 30000000,
    "policy_lr": 0.0001,
    "project_name": "test",
    "random_goals": 0.0,
    "repr_dim": 64,
    "saved_ckpt_path": null,
    "seed": 2,
    "train_step_multiplier": 1,
    "unroll_length": 62,
    "use_dense_reward": false,
    "use_generator_for_targets": false,
    "use_her": false,
    "use_ln": false,
    "var_post": "standard",
    "visualization_interval": 5
}
Updates per environment step: 0.06457913306451613
Calculated env_steps_per_actor_step as action_repeat (1) * num_envs (512) * unroll_length (62) = 31744
Calculated num_prefill_actor_steps as min_replay_size (1000) // unroll_length (62) + 1 = 17
Num_prefill_actor_steps:  17
Calculated num_prefill_env_steps as num_prefill_actor_steps (17) * env_steps_per_actor_step (31744) = 539648
Num prefill env steps: 539648
obs_size 31
action_size 8
state_dim 29
env keys (1, 512, 2)
original env reset observation shape (1, 512, 31)
current num_prefill_actor_steps 17
replay size after prefill 10000
replay buffer.size <bound method QueueBase.size of <src.replay_buffer.TrajectoryUniformSamplingQueue object at 0x1495ac80bdf0>>
jax process count 1
obs shape (256, 31)
LOGITS (256, 16)
ACTION SHAPE (256, 8)
obs shape (1, 31)
LOGITS (1, 16)
ACTION SHAPE (1, 8)
step: 0, eval/episode_dist: 9211.932 +/- 0.000
step: 0, eval/episode_reward_survive: 905.223 +/- 0.000
step: 0, eval/episode_success: 0.000 +/- 0.000
step: 0, eval/episode_success_easy: 0.000 +/- 0.000
step: 0, eval/episode_success_any: 0.000 +/- 0.000
step: 0, eval/episode_success_hard: 0.000 +/- 0.000
step: 0, eval/episode_success_pos: 0.000 +/- 0.000
step: 0, eval/episode_success_rot: 0.000 +/- 0.000
step: 0, eval/episode_success_vel: 0.000 +/- 0.000
step: 0, eval/episode_success_ang: 0.000 +/- 0.000
step: 0, training/crl_critic_loss: 0.000 +/- 0.000
step: 0, training/actor_loss: 0.000 +/- 0.000
step: 0, training/binary_accuracy: 0.000 +/- 0.000
step: 0, training/categorical_accuracy: 0.000 +/- 0.000
step: 0, training/logits_pos: 0.000 +/- 0.000
step: 0, training/logits_neg: 0.000 +/- 0.000
step: 0, training/logsumexp: 0.000 +/- 0.000
step: 0, training/sps: 0.000 +/- 0.000
step: 0, training/entropy: 0.000 +/- 0.000
step: 0, training/alpha: 0.000 +/- 0.000
step: 0, training/alpha_loss: 0.000 +/- 0.000
step: 0, training/sa_repr_mean: 0.000 +/- 0.000
step: 0, training/g_repr_mean: 0.000 +/- 0.000
step: 0, training/sa_repr_std: 0.000 +/- 0.000
step: 0, training/g_repr_std: 0.000 +/- 0.000
step: 0, training/l_align: 0.000 +/- 0.000
step: 0, training/l_unif: 0.000 +/- 0.000
step: 0, training/context_info_loss: 0.000 +/- 0.000
step: 0, training/context_mean_norm: 0.000 +/- 0.000
step: 0, training/context_std_mean: 0.000 +/- 0.000
ENVS IDXS (512,)
transitions (512, 1025, 31)
SEQ LEN (1025, 31)
traj_id (1025,)
SINGLE TRAJECTORIES (1025, 1025)
probs shape (1025, 1025)
goal index Traced<ShapedArray(int32[1025])>with<DynamicJaxprTrace(level=3/1)>
goal index shape (1025,)
state, target, noise (1024, 29) (1024, 2) (1,)
next state (1024, 29)
kde: transitions shape before permutation (524288, 31)
kde: permutation shape (524288,)
kde: transitions shape after permutation (524288, 31)
kde: data_to_kde shape (10000, 2)
kde: buffer_goals shape (512, 1024, 2)
kde: exploration_goals shape (512, 2)
TRANSITIONS SHAPE AFTER PROCESSING (512, 1024, 31)
TRAJECTORIES SHAPE (1, 512, 1024, 31)
TRANSITIONS SHAPE AFTER RESHAPING (524288, 31)
next_state.shape, goal.shape, action.shape (256, 29) (256, 2) (256, 8)
actor_loss ()
actor_loss (256,)
env_keys shape: (512, 2)
get experience context env_state observation shape (512, 31)
data shape before flipping (1025, 512, 31)
data shape (512, 1025, 31)
trajectories before slice (1, 512, 1025, 31)
trajectories before update step context (1, 512, 1024, 31)
transitions (512, 1024, 31) (512, 1024)
targets (512, 2)
trajectories (512, 37888)
context output shape (512, 4)
obs shape (1, 31)
LOGITS (1, 16)
ACTION SHAPE (1, 8)
step: 1142784, eval/episode_dist: 6990.144 +/- 0.000
step: 1142784, eval/episode_reward_survive: 756.012 +/- 0.000
step: 1142784, eval/episode_success: 0.234 +/- 0.000
step: 1142784, eval/episode_success_easy: 5.949 +/- 0.000
step: 1142784, eval/episode_success_any: 0.016 +/- 0.000
step: 1142784, eval/episode_success_hard: 0.000 +/- 0.000
step: 1142784, eval/episode_success_pos: 0.000 +/- 0.000
step: 1142784, eval/episode_success_rot: 0.000 +/- 0.000
step: 1142784, eval/episode_success_vel: 0.000 +/- 0.000
step: 1142784, eval/episode_success_ang: 0.000 +/- 0.000
step: 1142784, training/crl_critic_loss: 0.000 +/- 0.000
step: 1142784, training/actor_loss: 0.501 +/- 0.000
step: 1142784, training/binary_accuracy: 0.996 +/- 0.000
step: 1142784, training/categorical_accuracy: 0.242 +/- 0.000
step: 1142784, training/logits_pos: -1.984 +/- 0.000
step: 1142784, training/logits_neg: -8.790 +/- 0.000
step: 1142784, training/logsumexp: 3.205 +/- 0.000
step: 1142784, training/sps: 3289.100 +/- 0.000
step: 1142784, training/entropy: 5.461 +/- 0.000
step: 1142784, training/alpha: 0.272 +/- 0.000
step: 1142784, training/alpha_loss: 2.569 +/- 0.000
step: 1142784, training/sa_repr_mean: 5.755 +/- 0.000
step: 1142784, training/g_repr_mean: 6.284 +/- 0.000
step: 1142784, training/sa_repr_std: 3.910 +/- 0.000
step: 1142784, training/g_repr_std: 3.961 +/- 0.000
step: 1142784, training/l_align: 1.984 +/- 0.000
step: 1142784, training/l_unif: 1.360 +/- 0.000
step: 1142784, training/context_info_loss: 12.174 +/- 0.000
step: 1142784, training/context_mean_norm: 0.686 +/- 0.000
step: 1142784, training/context_std_mean: 30.973 +/- 0.000
kde: transitions shape before permutation (524288, 31)
kde: permutation shape (524288,)
kde: transitions shape after permutation (524288, 31)
kde: data_to_kde shape (10000, 2)
kde: buffer_goals shape (512, 1024, 2)
kde: exploration_goals shape (512, 2)
TRANSITIONS SHAPE AFTER PROCESSING (512, 1024, 31)
TRAJECTORIES SHAPE (1, 512, 1024, 31)
TRANSITIONS SHAPE AFTER RESHAPING (524288, 31)
next_state.shape, goal.shape, action.shape (256, 29) (256, 2) (256, 8)
actor_loss ()
actor_loss (256,)
env_keys shape: (512, 2)
get experience context env_state observation shape (512, 31)
data shape before flipping (1025, 512, 31)
data shape (512, 1025, 31)
trajectories before slice (1, 512, 1025, 31)
trajectories before update step context (1, 512, 1024, 31)
step: 1745920, eval/episode_dist: 6246.427 +/- 0.000
step: 1745920, eval/episode_reward_survive: 800.199 +/- 0.000
step: 1745920, eval/episode_success: 1.523 +/- 0.000
step: 1745920, eval/episode_success_easy: 29.020 +/- 0.000
step: 1745920, eval/episode_success_any: 0.031 +/- 0.000
step: 1745920, eval/episode_success_hard: 0.000 +/- 0.000
step: 1745920, eval/episode_success_pos: 0.000 +/- 0.000
step: 1745920, eval/episode_success_rot: 0.000 +/- 0.000
step: 1745920, eval/episode_success_vel: 0.000 +/- 0.000
step: 1745920, eval/episode_success_ang: 0.000 +/- 0.000
step: 1745920, training/crl_critic_loss: 0.000 +/- 0.000
step: 1745920, training/actor_loss: 2.008 +/- 0.000
step: 1745920, training/binary_accuracy: 0.996 +/- 0.000
step: 1745920, training/categorical_accuracy: 0.298 +/- 0.000
step: 1745920, training/logits_pos: -2.143 +/- 0.000
step: 1745920, training/logits_neg: -9.182 +/- 0.000
step: 1745920, training/logsumexp: 2.259 +/- 0.000
step: 1745920, training/sps: 4175.092 +/- 0.000
step: 1745920, training/entropy: -0.098 +/- 0.000
step: 1745920, training/alpha: 0.009 +/- 0.000
step: 1745920, training/alpha_loss: 0.058 +/- 0.000
step: 1745920, training/sa_repr_mean: 6.269 +/- 0.000
step: 1745920, training/g_repr_mean: 6.760 +/- 0.000
step: 1745920, training/sa_repr_std: 4.070 +/- 0.000
step: 1745920, training/g_repr_std: 4.024 +/- 0.000
step: 1745920, training/l_align: 2.143 +/- 0.000
step: 1745920, training/l_unif: 0.917 +/- 0.000
step: 1745920, training/context_info_loss: 7.293 +/- 0.000
step: 1745920, training/context_mean_norm: 0.877 +/- 0.000
step: 1745920, training/context_std_mean: 11.127 +/- 0.000
step: 2349056, eval/episode_dist: 3204.390 +/- 0.000
step: 2349056, eval/episode_reward_survive: 570.016 +/- 0.000
step: 2349056, eval/episode_success: 14.395 +/- 0.000
step: 2349056, eval/episode_success_easy: 108.785 +/- 0.000
step: 2349056, eval/episode_success_any: 0.227 +/- 0.000
step: 2349056, eval/episode_success_hard: 0.000 +/- 0.000
step: 2349056, eval/episode_success_pos: 0.000 +/- 0.000
step: 2349056, eval/episode_success_rot: 0.000 +/- 0.000
step: 2349056, eval/episode_success_vel: 0.000 +/- 0.000
step: 2349056, eval/episode_success_ang: 0.000 +/- 0.000
step: 2349056, training/crl_critic_loss: 0.000 +/- 0.000
step: 2349056, training/actor_loss: 2.877 +/- 0.000
step: 2349056, training/binary_accuracy: 0.996 +/- 0.000
step: 2349056, training/categorical_accuracy: 0.387 +/- 0.000
step: 2349056, training/logits_pos: -3.230 +/- 0.000
step: 2349056, training/logits_neg: -12.174 +/- 0.000
step: 2349056, training/logsumexp: 2.212 +/- 0.000
step: 2349056, training/sps: 5037.845 +/- 0.000
step: 2349056, training/entropy: -4.035 +/- 0.000
step: 2349056, training/alpha: 0.008 +/- 0.000
step: 2349056, training/alpha_loss: -0.000 +/- 0.000
step: 2349056, training/sa_repr_mean: 8.736 +/- 0.000
step: 2349056, training/g_repr_mean: 8.925 +/- 0.000
step: 2349056, training/sa_repr_std: 4.338 +/- 0.000
step: 2349056, training/g_repr_std: 4.015 +/- 0.000
step: 2349056, training/l_align: 3.230 +/- 0.000
step: 2349056, training/l_unif: -0.812 +/- 0.000
step: 2349056, training/context_info_loss: 6.639 +/- 0.000
step: 2349056, training/context_mean_norm: 1.368 +/- 0.000
step: 2349056, training/context_std_mean: 8.028 +/- 0.000
step: 2952192, eval/episode_dist: 2257.971 +/- 0.000
step: 2952192, eval/episode_reward_survive: 497.301 +/- 0.000
step: 2952192, eval/episode_success: 21.707 +/- 0.000
step: 2952192, eval/episode_success_easy: 159.773 +/- 0.000
step: 2952192, eval/episode_success_any: 0.242 +/- 0.000
step: 2952192, eval/episode_success_hard: 0.000 +/- 0.000
step: 2952192, eval/episode_success_pos: 0.000 +/- 0.000
step: 2952192, eval/episode_success_rot: 0.000 +/- 0.000
step: 2952192, eval/episode_success_vel: 0.000 +/- 0.000
step: 2952192, eval/episode_success_ang: 0.000 +/- 0.000
step: 2952192, training/crl_critic_loss: 0.000 +/- 0.000
step: 2952192, training/actor_loss: 6.208 +/- 0.000
step: 2952192, training/binary_accuracy: 0.996 +/- 0.000
step: 2952192, training/categorical_accuracy: 0.430 +/- 0.000
step: 2952192, training/logits_pos: -6.664 +/- 0.000
step: 2952192, training/logits_neg: -18.890 +/- 0.000
step: 2952192, training/logsumexp: 26.227 +/- 0.000
step: 2952192, training/sps: 5037.303 +/- 0.000
step: 2952192, training/entropy: -4.027 +/- 0.000
step: 2952192, training/alpha: 0.011 +/- 0.000
step: 2952192, training/alpha_loss: -0.000 +/- 0.000
step: 2952192, training/sa_repr_mean: 13.938 +/- 0.000
step: 2952192, training/g_repr_mean: 13.895 +/- 0.000
step: 2952192, training/sa_repr_std: 6.096 +/- 0.000
step: 2952192, training/g_repr_std: 5.256 +/- 0.000
step: 2952192, training/l_align: 6.664 +/- 0.000
step: 2952192, training/l_unif: -4.685 +/- 0.000
step: 2952192, training/context_info_loss: 5.483 +/- 0.000
step: 2952192, training/context_mean_norm: 4.384 +/- 0.000
step: 2952192, training/context_std_mean: 4.564 +/- 0.000
step: 3555328, eval/episode_dist: 2181.904 +/- 0.000
step: 3555328, eval/episode_reward_survive: 766.207 +/- 0.000
step: 3555328, eval/episode_success: 115.824 +/- 0.000
step: 3555328, eval/episode_success_easy: 465.184 +/- 0.000
step: 3555328, eval/episode_success_any: 0.637 +/- 0.000
step: 3555328, eval/episode_success_hard: 0.000 +/- 0.000
step: 3555328, eval/episode_success_pos: 0.000 +/- 0.000
step: 3555328, eval/episode_success_rot: 0.000 +/- 0.000
step: 3555328, eval/episode_success_vel: 0.000 +/- 0.000
step: 3555328, eval/episode_success_ang: 0.000 +/- 0.000
step: 3555328, training/crl_critic_loss: 0.000 +/- 0.000
step: 3555328, training/actor_loss: 11.033 +/- 0.000
step: 3555328, training/binary_accuracy: 0.996 +/- 0.000
step: 3555328, training/categorical_accuracy: 0.436 +/- 0.000
step: 3555328, training/logits_pos: -11.526 +/- 0.000
step: 3555328, training/logits_neg: -26.739 +/- 0.000
step: 3555328, training/logsumexp: 103.707 +/- 0.000
step: 3555328, training/sps: 5029.322 +/- 0.000
step: 3555328, training/entropy: -4.007 +/- 0.000
step: 3555328, training/alpha: 0.014 +/- 0.000
step: 3555328, training/alpha_loss: -0.000 +/- 0.000
step: 3555328, training/sa_repr_mean: 19.081 +/- 0.000
step: 3555328, training/g_repr_mean: 19.900 +/- 0.000
step: 3555328, training/sa_repr_std: 9.198 +/- 0.000
step: 3555328, training/g_repr_std: 8.491 +/- 0.000
step: 3555328, training/l_align: 11.526 +/- 0.000
step: 3555328, training/l_unif: -9.792 +/- 0.000
step: 3555328, training/context_info_loss: 3.349 +/- 0.000
step: 3555328, training/context_mean_norm: 9.006 +/- 0.000
step: 3555328, training/context_std_mean: 1.472 +/- 0.000
obs shape (1, 31)
LOGITS (1, 16)
ACTION SHAPE (1, 8)
step: 4158464, eval/episode_dist: 2098.539 +/- 0.000
step: 4158464, eval/episode_reward_survive: 843.426 +/- 0.000
step: 4158464, eval/episode_success: 118.965 +/- 0.000
step: 4158464, eval/episode_success_easy: 576.707 +/- 0.000
step: 4158464, eval/episode_success_any: 0.703 +/- 0.000
step: 4158464, eval/episode_success_hard: 0.000 +/- 0.000
step: 4158464, eval/episode_success_pos: 0.000 +/- 0.000
step: 4158464, eval/episode_success_rot: 0.000 +/- 0.000
step: 4158464, eval/episode_success_vel: 0.000 +/- 0.000
step: 4158464, eval/episode_success_ang: 0.000 +/- 0.000
step: 4158464, training/crl_critic_loss: 0.000 +/- 0.000
step: 4158464, training/actor_loss: 15.013 +/- 0.000
step: 4158464, training/binary_accuracy: 0.996 +/- 0.000
step: 4158464, training/categorical_accuracy: 0.418 +/- 0.000
step: 4158464, training/logits_pos: -15.525 +/- 0.000
step: 4158464, training/logits_neg: -31.944 +/- 0.000
step: 4158464, training/logsumexp: 199.810 +/- 0.000
step: 4158464, training/sps: 5032.274 +/- 0.000
step: 4158464, training/entropy: -4.006 +/- 0.000
step: 4158464, training/alpha: 0.015 +/- 0.000
step: 4158464, training/alpha_loss: -0.000 +/- 0.000
step: 4158464, training/sa_repr_mean: 22.135 +/- 0.000
step: 4158464, training/g_repr_mean: 24.646 +/- 0.000
step: 4158464, training/sa_repr_std: 11.103 +/- 0.000
step: 4158464, training/g_repr_std: 11.231 +/- 0.000
step: 4158464, training/l_align: 15.525 +/- 0.000
step: 4158464, training/l_unif: -13.894 +/- 0.000
step: 4158464, training/context_info_loss: 2.384 +/- 0.000
step: 4158464, training/context_mean_norm: 9.743 +/- 0.000
step: 4158464, training/context_std_mean: 0.897 +/- 0.000
step: 4761600, eval/episode_dist: 2080.631 +/- 0.000
step: 4761600, eval/episode_reward_survive: 846.145 +/- 0.000
step: 4761600, eval/episode_success: 174.824 +/- 0.000
step: 4761600, eval/episode_success_easy: 576.500 +/- 0.000
step: 4761600, eval/episode_success_any: 0.691 +/- 0.000
step: 4761600, eval/episode_success_hard: 0.000 +/- 0.000
step: 4761600, eval/episode_success_pos: 0.000 +/- 0.000
step: 4761600, eval/episode_success_rot: 0.000 +/- 0.000
step: 4761600, eval/episode_success_vel: 0.000 +/- 0.000
step: 4761600, eval/episode_success_ang: 0.000 +/- 0.000
step: 4761600, training/crl_critic_loss: 0.000 +/- 0.000
step: 4761600, training/actor_loss: 17.036 +/- 0.000
step: 4761600, training/binary_accuracy: 0.996 +/- 0.000
step: 4761600, training/categorical_accuracy: 0.385 +/- 0.000
step: 4761600, training/logits_pos: -17.539 +/- 0.000
step: 4761600, training/logits_neg: -33.715 +/- 0.000
step: 4761600, training/logsumexp: 255.041 +/- 0.000
step: 4761600, training/sps: 5035.718 +/- 0.000
step: 4761600, training/entropy: -3.990 +/- 0.000
step: 4761600, training/alpha: 0.015 +/- 0.000
step: 4761600, training/alpha_loss: 0.000 +/- 0.000
step: 4761600, training/sa_repr_mean: 22.478 +/- 0.000
step: 4761600, training/g_repr_mean: 26.365 +/- 0.000
step: 4761600, training/sa_repr_std: 11.886 +/- 0.000
step: 4761600, training/g_repr_std: 13.221 +/- 0.000
step: 4761600, training/l_align: 17.539 +/- 0.000
step: 4761600, training/l_unif: -15.836 +/- 0.000
step: 4761600, training/context_info_loss: 2.181 +/- 0.000
step: 4761600, training/context_mean_norm: 9.758 +/- 0.000
step: 4761600, training/context_std_mean: 0.794 +/- 0.000
step: 5364736, eval/episode_dist: 2316.592 +/- 0.000
step: 5364736, eval/episode_reward_survive: 835.523 +/- 0.000
step: 5364736, eval/episode_success: 96.945 +/- 0.000
step: 5364736, eval/episode_success_easy: 526.320 +/- 0.000
step: 5364736, eval/episode_success_any: 0.664 +/- 0.000
step: 5364736, eval/episode_success_hard: 0.000 +/- 0.000
step: 5364736, eval/episode_success_pos: 0.000 +/- 0.000
step: 5364736, eval/episode_success_rot: 0.000 +/- 0.000
step: 5364736, eval/episode_success_vel: 0.000 +/- 0.000
step: 5364736, eval/episode_success_ang: 0.000 +/- 0.000
step: 5364736, training/crl_critic_loss: 0.000 +/- 0.000
step: 5364736, training/actor_loss: 19.037 +/- 0.000
step: 5364736, training/binary_accuracy: 0.996 +/- 0.000
step: 5364736, training/categorical_accuracy: 0.378 +/- 0.000
step: 5364736, training/logits_pos: -19.564 +/- 0.000
step: 5364736, training/logits_neg: -36.042 +/- 0.000
step: 5364736, training/logsumexp: 319.540 +/- 0.000
step: 5364736, training/sps: 5033.303 +/- 0.000
step: 5364736, training/entropy: -4.000 +/- 0.000
step: 5364736, training/alpha: 0.014 +/- 0.000
step: 5364736, training/alpha_loss: 0.000 +/- 0.000
step: 5364736, training/sa_repr_mean: 23.290 +/- 0.000
step: 5364736, training/g_repr_mean: 28.397 +/- 0.000
step: 5364736, training/sa_repr_std: 12.778 +/- 0.000
step: 5364736, training/g_repr_std: 15.164 +/- 0.000
step: 5364736, training/l_align: 19.564 +/- 0.000
step: 5364736, training/l_unif: -17.908 +/- 0.000
step: 5364736, training/context_info_loss: 1.794 +/- 0.000
step: 5364736, training/context_mean_norm: 9.858 +/- 0.000
step: 5364736, training/context_std_mean: 0.673 +/- 0.000
step: 5967872, eval/episode_dist: 2282.971 +/- 0.000
step: 5967872, eval/episode_reward_survive: 872.160 +/- 0.000
step: 5967872, eval/episode_success: 89.219 +/- 0.000
step: 5967872, eval/episode_success_easy: 582.328 +/- 0.000
step: 5967872, eval/episode_success_any: 0.652 +/- 0.000
step: 5967872, eval/episode_success_hard: 0.000 +/- 0.000
step: 5967872, eval/episode_success_pos: 0.000 +/- 0.000
step: 5967872, eval/episode_success_rot: 0.000 +/- 0.000
step: 5967872, eval/episode_success_vel: 0.000 +/- 0.000
step: 5967872, eval/episode_success_ang: 0.000 +/- 0.000
step: 5967872, training/crl_critic_loss: 0.000 +/- 0.000
step: 5967872, training/actor_loss: 19.996 +/- 0.000
step: 5967872, training/binary_accuracy: 0.996 +/- 0.000
step: 5967872, training/categorical_accuracy: 0.387 +/- 0.000
step: 5967872, training/logits_pos: -20.562 +/- 0.000
step: 5967872, training/logits_neg: -36.904 +/- 0.000
step: 5967872, training/logsumexp: 349.208 +/- 0.000
step: 5967872, training/sps: 5033.086 +/- 0.000
step: 5967872, training/entropy: -4.010 +/- 0.000
step: 5967872, training/alpha: 0.015 +/- 0.000
step: 5967872, training/alpha_loss: -0.000 +/- 0.000
step: 5967872, training/sa_repr_mean: 23.565 +/- 0.000
step: 5967872, training/g_repr_mean: 29.378 +/- 0.000
step: 5967872, training/sa_repr_std: 12.584 +/- 0.000
step: 5967872, training/g_repr_std: 15.004 +/- 0.000
step: 5967872, training/l_align: 20.562 +/- 0.000
step: 5967872, training/l_unif: -18.961 +/- 0.000
step: 5967872, training/context_info_loss: 1.649 +/- 0.000
step: 5967872, training/context_mean_norm: 9.834 +/- 0.000
step: 5967872, training/context_std_mean: 0.595 +/- 0.000
step: 6571008, eval/episode_dist: 2262.202 +/- 0.000
step: 6571008, eval/episode_reward_survive: 875.969 +/- 0.000
step: 6571008, eval/episode_success: 87.500 +/- 0.000
step: 6571008, eval/episode_success_easy: 593.613 +/- 0.000
step: 6571008, eval/episode_success_any: 0.633 +/- 0.000
step: 6571008, eval/episode_success_hard: 0.000 +/- 0.000
step: 6571008, eval/episode_success_pos: 0.000 +/- 0.000
step: 6571008, eval/episode_success_rot: 0.000 +/- 0.000
step: 6571008, eval/episode_success_vel: 0.000 +/- 0.000
step: 6571008, eval/episode_success_ang: 0.000 +/- 0.000
step: 6571008, training/crl_critic_loss: 0.000 +/- 0.000
step: 6571008, training/actor_loss: 22.227 +/- 0.000
step: 6571008, training/binary_accuracy: 0.996 +/- 0.000
step: 6571008, training/categorical_accuracy: 0.384 +/- 0.000
step: 6571008, training/logits_pos: -22.809 +/- 0.000
step: 6571008, training/logits_neg: -39.845 +/- 0.000
step: 6571008, training/logsumexp: 431.070 +/- 0.000
step: 6571008, training/sps: 5030.295 +/- 0.000
step: 6571008, training/entropy: -3.999 +/- 0.000
step: 6571008, training/alpha: 0.016 +/- 0.000
step: 6571008, training/alpha_loss: 0.000 +/- 0.000
step: 6571008, training/sa_repr_mean: 24.860 +/- 0.000
step: 6571008, training/g_repr_mean: 31.831 +/- 0.000
step: 6571008, training/sa_repr_std: 13.260 +/- 0.000
step: 6571008, training/g_repr_std: 16.962 +/- 0.000
step: 6571008, training/l_align: 22.809 +/- 0.000
step: 6571008, training/l_unif: -21.279 +/- 0.000
step: 6571008, training/context_info_loss: 1.451 +/- 0.000
step: 6571008, training/context_mean_norm: 9.930 +/- 0.000
step: 6571008, training/context_std_mean: 0.543 +/- 0.000
obs shape (1, 31)
LOGITS (1, 16)
ACTION SHAPE (1, 8)
step: 7174144, eval/episode_dist: 2418.582 +/- 0.000
step: 7174144, eval/episode_reward_survive: 939.141 +/- 0.000
step: 7174144, eval/episode_success: 70.789 +/- 0.000
step: 7174144, eval/episode_success_easy: 639.637 +/- 0.000
step: 7174144, eval/episode_success_any: 0.641 +/- 0.000
step: 7174144, eval/episode_success_hard: 0.000 +/- 0.000
step: 7174144, eval/episode_success_pos: 0.000 +/- 0.000
step: 7174144, eval/episode_success_rot: 0.000 +/- 0.000
step: 7174144, eval/episode_success_vel: 0.000 +/- 0.000
step: 7174144, eval/episode_success_ang: 0.000 +/- 0.000
step: 7174144, training/crl_critic_loss: 0.000 +/- 0.000
step: 7174144, training/actor_loss: 23.822 +/- 0.000
step: 7174144, training/binary_accuracy: 0.996 +/- 0.000
step: 7174144, training/categorical_accuracy: 0.382 +/- 0.000
step: 7174144, training/logits_pos: -24.405 +/- 0.000
step: 7174144, training/logits_neg: -41.531 +/- 0.000
step: 7174144, training/logsumexp: 497.804 +/- 0.000
step: 7174144, training/sps: 5039.260 +/- 0.000
step: 7174144, training/entropy: -3.993 +/- 0.000
step: 7174144, training/alpha: 0.016 +/- 0.000
step: 7174144, training/alpha_loss: 0.000 +/- 0.000
step: 7174144, training/sa_repr_mean: 25.528 +/- 0.000
step: 7174144, training/g_repr_mean: 33.523 +/- 0.000
step: 7174144, training/sa_repr_std: 13.884 +/- 0.000
step: 7174144, training/g_repr_std: 18.424 +/- 0.000
step: 7174144, training/l_align: 24.405 +/- 0.000
step: 7174144, training/l_unif: -22.881 +/- 0.000
step: 7174144, training/context_info_loss: 1.434 +/- 0.000
step: 7174144, training/context_mean_norm: 9.887 +/- 0.000
step: 7174144, training/context_std_mean: 0.525 +/- 0.000
step: 7777280, eval/episode_dist: 2469.040 +/- 0.000
step: 7777280, eval/episode_reward_survive: 895.562 +/- 0.000
step: 7777280, eval/episode_success: 91.992 +/- 0.000
step: 7777280, eval/episode_success_easy: 570.887 +/- 0.000
step: 7777280, eval/episode_success_any: 0.676 +/- 0.000
step: 7777280, eval/episode_success_hard: 0.000 +/- 0.000
step: 7777280, eval/episode_success_pos: 0.000 +/- 0.000
step: 7777280, eval/episode_success_rot: 0.000 +/- 0.000
step: 7777280, eval/episode_success_vel: 0.000 +/- 0.000
step: 7777280, eval/episode_success_ang: 0.000 +/- 0.000
step: 7777280, training/crl_critic_loss: 0.000 +/- 0.000
step: 7777280, training/actor_loss: 25.170 +/- 0.000
step: 7777280, training/binary_accuracy: 0.996 +/- 0.000
step: 7777280, training/categorical_accuracy: 0.382 +/- 0.000
step: 7777280, training/logits_pos: -25.749 +/- 0.000
step: 7777280, training/logits_neg: -43.069 +/- 0.000
step: 7777280, training/logsumexp: 550.406 +/- 0.000
step: 7777280, training/sps: 5038.519 +/- 0.000
step: 7777280, training/entropy: -4.000 +/- 0.000
step: 7777280, training/alpha: 0.016 +/- 0.000
step: 7777280, training/alpha_loss: -0.000 +/- 0.000
step: 7777280, training/sa_repr_mean: 26.223 +/- 0.000
step: 7777280, training/g_repr_mean: 34.968 +/- 0.000
step: 7777280, training/sa_repr_std: 14.461 +/- 0.000
step: 7777280, training/g_repr_std: 20.213 +/- 0.000
step: 7777280, training/l_align: 25.749 +/- 0.000
step: 7777280, training/l_unif: -24.239 +/- 0.000
step: 7777280, training/context_info_loss: 1.382 +/- 0.000
step: 7777280, training/context_mean_norm: 9.944 +/- 0.000
step: 7777280, training/context_std_mean: 0.516 +/- 0.000
step: 8380416, eval/episode_dist: 2370.860 +/- 0.000
step: 8380416, eval/episode_reward_survive: 924.480 +/- 0.000
step: 8380416, eval/episode_success: 103.750 +/- 0.000
step: 8380416, eval/episode_success_easy: 621.152 +/- 0.000
step: 8380416, eval/episode_success_any: 0.797 +/- 0.000
step: 8380416, eval/episode_success_hard: 0.000 +/- 0.000
step: 8380416, eval/episode_success_pos: 0.000 +/- 0.000
step: 8380416, eval/episode_success_rot: 0.000 +/- 0.000
step: 8380416, eval/episode_success_vel: 0.000 +/- 0.000
step: 8380416, eval/episode_success_ang: 0.000 +/- 0.000
step: 8380416, training/crl_critic_loss: 0.000 +/- 0.000
step: 8380416, training/actor_loss: 25.759 +/- 0.000
step: 8380416, training/binary_accuracy: 0.996 +/- 0.000
step: 8380416, training/categorical_accuracy: 0.373 +/- 0.000
step: 8380416, training/logits_pos: -26.346 +/- 0.000
step: 8380416, training/logits_neg: -43.204 +/- 0.000
step: 8380416, training/logsumexp: 565.709 +/- 0.000
step: 8380416, training/sps: 5045.896 +/- 0.000
step: 8380416, training/entropy: -4.000 +/- 0.000
step: 8380416, training/alpha: 0.016 +/- 0.000
step: 8380416, training/alpha_loss: -0.000 +/- 0.000
step: 8380416, training/sa_repr_mean: 25.743 +/- 0.000
step: 8380416, training/g_repr_mean: 35.320 +/- 0.000
step: 8380416, training/sa_repr_std: 14.147 +/- 0.000
step: 8380416, training/g_repr_std: 20.833 +/- 0.000
step: 8380416, training/l_align: 26.346 +/- 0.000
step: 8380416, training/l_unif: -24.816 +/- 0.000
step: 8380416, training/context_info_loss: 1.129 +/- 0.000
step: 8380416, training/context_mean_norm: 9.901 +/- 0.000
step: 8380416, training/context_std_mean: 0.441 +/- 0.000
step: 8983552, eval/episode_dist: 2415.794 +/- 0.000
step: 8983552, eval/episode_reward_survive: 888.246 +/- 0.000
step: 8983552, eval/episode_success: 88.273 +/- 0.000
step: 8983552, eval/episode_success_easy: 575.574 +/- 0.000
step: 8983552, eval/episode_success_any: 0.668 +/- 0.000
step: 8983552, eval/episode_success_hard: 0.000 +/- 0.000
step: 8983552, eval/episode_success_pos: 0.000 +/- 0.000
step: 8983552, eval/episode_success_rot: 0.000 +/- 0.000
step: 8983552, eval/episode_success_vel: 0.000 +/- 0.000
step: 8983552, eval/episode_success_ang: 0.000 +/- 0.000
step: 8983552, training/crl_critic_loss: 0.000 +/- 0.000
step: 8983552, training/actor_loss: 26.485 +/- 0.000
step: 8983552, training/binary_accuracy: 0.996 +/- 0.000
step: 8983552, training/categorical_accuracy: 0.366 +/- 0.000
step: 8983552, training/logits_pos: -27.058 +/- 0.000
step: 8983552, training/logits_neg: -43.755 +/- 0.000
step: 8983552, training/logsumexp: 597.063 +/- 0.000
step: 8983552, training/sps: 5041.227 +/- 0.000
step: 8983552, training/entropy: -3.994 +/- 0.000
step: 8983552, training/alpha: 0.016 +/- 0.000
step: 8983552, training/alpha_loss: 0.000 +/- 0.000
step: 8983552, training/sa_repr_mean: 25.741 +/- 0.000
step: 8983552, training/g_repr_mean: 36.116 +/- 0.000
step: 8983552, training/sa_repr_std: 13.872 +/- 0.000
step: 8983552, training/g_repr_std: 20.381 +/- 0.000
step: 8983552, training/l_align: 27.058 +/- 0.000
step: 8983552, training/l_unif: -25.549 +/- 0.000
step: 8983552, training/context_info_loss: 1.196 +/- 0.000
step: 8983552, training/context_mean_norm: 9.938 +/- 0.000
step: 8983552, training/context_std_mean: 0.472 +/- 0.000
step: 9586688, eval/episode_dist: 2368.048 +/- 0.000
step: 9586688, eval/episode_reward_survive: 918.379 +/- 0.000
step: 9586688, eval/episode_success: 102.781 +/- 0.000
step: 9586688, eval/episode_success_easy: 621.617 +/- 0.000
step: 9586688, eval/episode_success_any: 0.746 +/- 0.000
step: 9586688, eval/episode_success_hard: 0.000 +/- 0.000
step: 9586688, eval/episode_success_pos: 0.000 +/- 0.000
step: 9586688, eval/episode_success_rot: 0.000 +/- 0.000
step: 9586688, eval/episode_success_vel: 0.000 +/- 0.000
step: 9586688, eval/episode_success_ang: 0.000 +/- 0.000
step: 9586688, training/crl_critic_loss: 0.000 +/- 0.000
step: 9586688, training/actor_loss: 27.594 +/- 0.000
step: 9586688, training/binary_accuracy: 0.996 +/- 0.000
step: 9586688, training/categorical_accuracy: 0.351 +/- 0.000
step: 9586688, training/logits_pos: -28.170 +/- 0.000
step: 9586688, training/logits_neg: -44.757 +/- 0.000
step: 9586688, training/logsumexp: 635.927 +/- 0.000
step: 9586688, training/sps: 5041.619 +/- 0.000
step: 9586688, training/entropy: -3.996 +/- 0.000
step: 9586688, training/alpha: 0.015 +/- 0.000
step: 9586688, training/alpha_loss: 0.000 +/- 0.000
step: 9586688, training/sa_repr_mean: 26.052 +/- 0.000
step: 9586688, training/g_repr_mean: 37.153 +/- 0.000
step: 9586688, training/sa_repr_std: 14.015 +/- 0.000
step: 9586688, training/g_repr_std: 20.993 +/- 0.000
step: 9586688, training/l_align: 28.170 +/- 0.000
step: 9586688, training/l_unif: -26.645 +/- 0.000
step: 9586688, training/context_info_loss: 0.944 +/- 0.000
step: 9586688, training/context_mean_norm: 9.948 +/- 0.000
step: 9586688, training/context_std_mean: 0.415 +/- 0.000
obs shape (1, 31)
LOGITS (1, 16)
ACTION SHAPE (1, 8)
step: 10189824, eval/episode_dist: 2235.093 +/- 0.000
step: 10189824, eval/episode_reward_survive: 921.379 +/- 0.000
step: 10189824, eval/episode_success: 116.793 +/- 0.000
step: 10189824, eval/episode_success_easy: 640.527 +/- 0.000
step: 10189824, eval/episode_success_any: 0.793 +/- 0.000
step: 10189824, eval/episode_success_hard: 0.000 +/- 0.000
step: 10189824, eval/episode_success_pos: 0.000 +/- 0.000
step: 10189824, eval/episode_success_rot: 0.000 +/- 0.000
step: 10189824, eval/episode_success_vel: 0.000 +/- 0.000
step: 10189824, eval/episode_success_ang: 0.000 +/- 0.000
step: 10189824, training/crl_critic_loss: 0.000 +/- 0.000
step: 10189824, training/actor_loss: 29.109 +/- 0.000
step: 10189824, training/binary_accuracy: 0.996 +/- 0.000
step: 10189824, training/categorical_accuracy: 0.331 +/- 0.000
step: 10189824, training/logits_pos: -29.689 +/- 0.000
step: 10189824, training/logits_neg: -46.114 +/- 0.000
step: 10189824, training/logsumexp: 697.086 +/- 0.000
step: 10189824, training/sps: 5040.047 +/- 0.000
step: 10189824, training/entropy: -3.997 +/- 0.000
step: 10189824, training/alpha: 0.015 +/- 0.000
step: 10189824, training/alpha_loss: 0.000 +/- 0.000
step: 10189824, training/sa_repr_mean: 26.288 +/- 0.000
step: 10189824, training/g_repr_mean: 38.576 +/- 0.000
step: 10189824, training/sa_repr_std: 14.423 +/- 0.000
step: 10189824, training/g_repr_std: 22.670 +/- 0.000
step: 10189824, training/l_align: 29.689 +/- 0.000
step: 10189824, training/l_unif: -28.138 +/- 0.000
step: 10189824, training/context_info_loss: 1.067 +/- 0.000
step: 10189824, training/context_mean_norm: 9.954 +/- 0.000
step: 10189824, training/context_std_mean: 0.433 +/- 0.000
step: 10792960, eval/episode_dist: 2068.339 +/- 0.000
step: 10792960, eval/episode_reward_survive: 880.852 +/- 0.000
step: 10792960, eval/episode_success: 120.016 +/- 0.000
step: 10792960, eval/episode_success_easy: 633.180 +/- 0.000
step: 10792960, eval/episode_success_any: 0.723 +/- 0.000
step: 10792960, eval/episode_success_hard: 0.000 +/- 0.000
step: 10792960, eval/episode_success_pos: 0.000 +/- 0.000
step: 10792960, eval/episode_success_rot: 0.000 +/- 0.000
step: 10792960, eval/episode_success_vel: 0.000 +/- 0.000
step: 10792960, eval/episode_success_ang: 0.000 +/- 0.000
step: 10792960, training/crl_critic_loss: 0.000 +/- 0.000
step: 10792960, training/actor_loss: 30.142 +/- 0.000
step: 10792960, training/binary_accuracy: 0.996 +/- 0.000
step: 10792960, training/categorical_accuracy: 0.315 +/- 0.000
step: 10792960, training/logits_pos: -30.731 +/- 0.000
step: 10792960, training/logits_neg: -46.908 +/- 0.000
step: 10792960, training/logsumexp: 747.585 +/- 0.000
step: 10792960, training/sps: 5039.601 +/- 0.000
step: 10792960, training/entropy: -4.004 +/- 0.000
step: 10792960, training/alpha: 0.015 +/- 0.000
step: 10792960, training/alpha_loss: -0.000 +/- 0.000
step: 10792960, training/sa_repr_mean: 26.501 +/- 0.000
step: 10792960, training/g_repr_mean: 39.519 +/- 0.000
step: 10792960, training/sa_repr_std: 14.252 +/- 0.000
step: 10792960, training/g_repr_std: 22.072 +/- 0.000
step: 10792960, training/l_align: 30.731 +/- 0.000
step: 10792960, training/l_unif: -29.174 +/- 0.000
step: 10792960, training/context_info_loss: 1.113 +/- 0.000
step: 10792960, training/context_mean_norm: 9.970 +/- 0.000
step: 10792960, training/context_std_mean: 0.459 +/- 0.000
step: 11396096, eval/episode_dist: 2186.171 +/- 0.000
step: 11396096, eval/episode_reward_survive: 912.949 +/- 0.000
step: 11396096, eval/episode_success: 127.418 +/- 0.000
step: 11396096, eval/episode_success_easy: 635.055 +/- 0.000
step: 11396096, eval/episode_success_any: 0.703 +/- 0.000
step: 11396096, eval/episode_success_hard: 0.000 +/- 0.000
step: 11396096, eval/episode_success_pos: 0.000 +/- 0.000
step: 11396096, eval/episode_success_rot: 0.000 +/- 0.000
step: 11396096, eval/episode_success_vel: 0.000 +/- 0.000
step: 11396096, eval/episode_success_ang: 0.000 +/- 0.000
step: 11396096, training/crl_critic_loss: 0.000 +/- 0.000
step: 11396096, training/actor_loss: 32.947 +/- 0.000
step: 11396096, training/binary_accuracy: 0.996 +/- 0.000
step: 11396096, training/categorical_accuracy: 0.310 +/- 0.000
step: 11396096, training/logits_pos: -33.551 +/- 0.000
step: 11396096, training/logits_neg: -50.151 +/- 0.000
step: 11396096, training/logsumexp: 858.433 +/- 0.000
step: 11396096, training/sps: 5035.132 +/- 0.000
step: 11396096, training/entropy: -3.995 +/- 0.000
step: 11396096, training/alpha: 0.015 +/- 0.000
step: 11396096, training/alpha_loss: 0.000 +/- 0.000
step: 11396096, training/sa_repr_mean: 27.528 +/- 0.000
step: 11396096, training/g_repr_mean: 42.337 +/- 0.000
step: 11396096, training/sa_repr_std: 16.099 +/- 0.000
step: 11396096, training/g_repr_std: 28.740 +/- 0.000
step: 11396096, training/l_align: 33.551 +/- 0.000
step: 11396096, training/l_unif: -32.016 +/- 0.000
step: 11396096, training/context_info_loss: 1.010 +/- 0.000
step: 11396096, training/context_mean_norm: 9.942 +/- 0.000
step: 11396096, training/context_std_mean: 0.427 +/- 0.000
step: 11999232, eval/episode_dist: 1942.533 +/- 0.000
step: 11999232, eval/episode_reward_survive: 862.500 +/- 0.000
step: 11999232, eval/episode_success: 138.926 +/- 0.000
step: 11999232, eval/episode_success_easy: 624.934 +/- 0.000
step: 11999232, eval/episode_success_any: 0.738 +/- 0.000
step: 11999232, eval/episode_success_hard: 0.000 +/- 0.000
step: 11999232, eval/episode_success_pos: 0.000 +/- 0.000
step: 11999232, eval/episode_success_rot: 0.000 +/- 0.000
step: 11999232, eval/episode_success_vel: 0.000 +/- 0.000
step: 11999232, eval/episode_success_ang: 0.000 +/- 0.000
step: 11999232, training/crl_critic_loss: 0.000 +/- 0.000
step: 11999232, training/actor_loss: 32.953 +/- 0.000
step: 11999232, training/binary_accuracy: 0.996 +/- 0.000
step: 11999232, training/categorical_accuracy: 0.296 +/- 0.000
step: 11999232, training/logits_pos: -33.532 +/- 0.000
step: 11999232, training/logits_neg: -49.891 +/- 0.000
step: 11999232, training/logsumexp: 867.883 +/- 0.000
step: 11999232, training/sps: 5037.371 +/- 0.000
step: 11999232, training/entropy: -3.999 +/- 0.000
step: 11999232, training/alpha: 0.015 +/- 0.000
step: 11999232, training/alpha_loss: 0.000 +/- 0.000
step: 11999232, training/sa_repr_mean: 27.023 +/- 0.000
step: 11999232, training/g_repr_mean: 42.154 +/- 0.000
step: 11999232, training/sa_repr_std: 15.847 +/- 0.000
step: 11999232, training/g_repr_std: 27.303 +/- 0.000
step: 11999232, training/l_align: 33.532 +/- 0.000
step: 11999232, training/l_unif: -31.975 +/- 0.000
step: 11999232, training/context_info_loss: 0.830 +/- 0.000
step: 11999232, training/context_mean_norm: 9.963 +/- 0.000
step: 11999232, training/context_std_mean: 0.389 +/- 0.000
step: 12602368, eval/episode_dist: 1943.264 +/- 0.000
step: 12602368, eval/episode_reward_survive: 851.078 +/- 0.000
step: 12602368, eval/episode_success: 140.793 +/- 0.000
step: 12602368, eval/episode_success_easy: 611.664 +/- 0.000
step: 12602368, eval/episode_success_any: 0.719 +/- 0.000
step: 12602368, eval/episode_success_hard: 0.000 +/- 0.000
step: 12602368, eval/episode_success_pos: 0.000 +/- 0.000
step: 12602368, eval/episode_success_rot: 0.000 +/- 0.000
step: 12602368, eval/episode_success_vel: 0.000 +/- 0.000
step: 12602368, eval/episode_success_ang: 0.000 +/- 0.000
step: 12602368, training/crl_critic_loss: 0.000 +/- 0.000
step: 12602368, training/actor_loss: 34.365 +/- 0.000
step: 12602368, training/binary_accuracy: 0.996 +/- 0.000
step: 12602368, training/categorical_accuracy: 0.302 +/- 0.000
step: 12602368, training/logits_pos: -34.955 +/- 0.000
step: 12602368, training/logits_neg: -51.654 +/- 0.000
step: 12602368, training/logsumexp: 916.719 +/- 0.000
step: 12602368, training/sps: 5034.006 +/- 0.000
step: 12602368, training/entropy: -3.997 +/- 0.000
step: 12602368, training/alpha: 0.015 +/- 0.000
step: 12602368, training/alpha_loss: 0.000 +/- 0.000
step: 12602368, training/sa_repr_mean: 27.814 +/- 0.000
step: 12602368, training/g_repr_mean: 43.848 +/- 0.000
step: 12602368, training/sa_repr_std: 15.723 +/- 0.000
step: 12602368, training/g_repr_std: 28.214 +/- 0.000
step: 12602368, training/l_align: 34.955 +/- 0.000
step: 12602368, training/l_unif: -33.482 +/- 0.000
step: 12602368, training/context_info_loss: 0.947 +/- 0.000
step: 12602368, training/context_mean_norm: 9.952 +/- 0.000
step: 12602368, training/context_std_mean: 0.416 +/- 0.000
obs shape (1, 31)
LOGITS (1, 16)
ACTION SHAPE (1, 8)
step: 13205504, eval/episode_dist: 2007.545 +/- 0.000
step: 13205504, eval/episode_reward_survive: 878.887 +/- 0.000
step: 13205504, eval/episode_success: 193.254 +/- 0.000
step: 13205504, eval/episode_success_easy: 627.484 +/- 0.000
step: 13205504, eval/episode_success_any: 0.797 +/- 0.000
step: 13205504, eval/episode_success_hard: 0.000 +/- 0.000
step: 13205504, eval/episode_success_pos: 0.000 +/- 0.000
step: 13205504, eval/episode_success_rot: 0.000 +/- 0.000
step: 13205504, eval/episode_success_vel: 0.000 +/- 0.000
step: 13205504, eval/episode_success_ang: 0.000 +/- 0.000
step: 13205504, training/crl_critic_loss: 0.000 +/- 0.000
step: 13205504, training/actor_loss: 36.447 +/- 0.000
step: 13205504, training/binary_accuracy: 0.996 +/- 0.000
step: 13205504, training/categorical_accuracy: 0.288 +/- 0.000
step: 13205504, training/logits_pos: -37.034 +/- 0.000
step: 13205504, training/logits_neg: -53.738 +/- 0.000
step: 13205504, training/logsumexp: 1007.592 +/- 0.000
step: 13205504, training/sps: 5035.941 +/- 0.000
step: 13205504, training/entropy: -4.003 +/- 0.000
step: 13205504, training/alpha: 0.015 +/- 0.000
step: 13205504, training/alpha_loss: -0.000 +/- 0.000
step: 13205504, training/sa_repr_mean: 28.420 +/- 0.000
step: 13205504, training/g_repr_mean: 45.962 +/- 0.000
step: 13205504, training/sa_repr_std: 16.388 +/- 0.000
step: 13205504, training/g_repr_std: 30.927 +/- 0.000
step: 13205504, training/l_align: 37.034 +/- 0.000
step: 13205504, training/l_unif: -35.549 +/- 0.000
step: 13205504, training/context_info_loss: 0.861 +/- 0.000
step: 13205504, training/context_mean_norm: 9.963 +/- 0.000
step: 13205504, training/context_std_mean: 0.413 +/- 0.000
step: 13808640, eval/episode_dist: 2103.334 +/- 0.000
step: 13808640, eval/episode_reward_survive: 858.465 +/- 0.000
step: 13808640, eval/episode_success: 138.035 +/- 0.000
step: 13808640, eval/episode_success_easy: 597.824 +/- 0.000
step: 13808640, eval/episode_success_any: 0.680 +/- 0.000
step: 13808640, eval/episode_success_hard: 0.000 +/- 0.000
step: 13808640, eval/episode_success_pos: 0.000 +/- 0.000
step: 13808640, eval/episode_success_rot: 0.000 +/- 0.000
step: 13808640, eval/episode_success_vel: 0.000 +/- 0.000
step: 13808640, eval/episode_success_ang: 0.000 +/- 0.000
step: 13808640, training/crl_critic_loss: 0.000 +/- 0.000
step: 13808640, training/actor_loss: 34.479 +/- 0.000
step: 13808640, training/binary_accuracy: 0.996 +/- 0.000
step: 13808640, training/categorical_accuracy: 0.274 +/- 0.000
step: 13808640, training/logits_pos: -35.060 +/- 0.000
step: 13808640, training/logits_neg: -50.992 +/- 0.000
step: 13808640, training/logsumexp: 911.628 +/- 0.000
step: 13808640, training/sps: 5036.480 +/- 0.000
step: 13808640, training/entropy: -3.996 +/- 0.000
step: 13808640, training/alpha: 0.015 +/- 0.000
step: 13808640, training/alpha_loss: 0.000 +/- 0.000
step: 13808640, training/sa_repr_mean: 26.823 +/- 0.000
step: 13808640, training/g_repr_mean: 43.605 +/- 0.000
step: 13808640, training/sa_repr_std: 15.052 +/- 0.000
step: 13808640, training/g_repr_std: 27.325 +/- 0.000
step: 13808640, training/l_align: 35.060 +/- 0.000
step: 13808640, training/l_unif: -33.522 +/- 0.000
step: 13808640, training/context_info_loss: 0.863 +/- 0.000
step: 13808640, training/context_mean_norm: 9.957 +/- 0.000
step: 13808640, training/context_std_mean: 0.399 +/- 0.000
step: 14411776, eval/episode_dist: 2073.222 +/- 0.000
step: 14411776, eval/episode_reward_survive: 848.305 +/- 0.000
step: 14411776, eval/episode_success: 123.398 +/- 0.000
step: 14411776, eval/episode_success_easy: 587.637 +/- 0.000
step: 14411776, eval/episode_success_any: 0.695 +/- 0.000
step: 14411776, eval/episode_success_hard: 0.000 +/- 0.000
step: 14411776, eval/episode_success_pos: 0.000 +/- 0.000
step: 14411776, eval/episode_success_rot: 0.000 +/- 0.000
step: 14411776, eval/episode_success_vel: 0.000 +/- 0.000
step: 14411776, eval/episode_success_ang: 0.000 +/- 0.000
step: 14411776, training/crl_critic_loss: 0.000 +/- 0.000
step: 14411776, training/actor_loss: 33.527 +/- 0.000
step: 14411776, training/binary_accuracy: 0.996 +/- 0.000
step: 14411776, training/categorical_accuracy: 0.274 +/- 0.000
step: 14411776, training/logits_pos: -34.113 +/- 0.000
step: 14411776, training/logits_neg: -49.837 +/- 0.000
step: 14411776, training/logsumexp: 865.879 +/- 0.000
step: 14411776, training/sps: 5039.847 +/- 0.000
step: 14411776, training/entropy: -3.999 +/- 0.000
step: 14411776, training/alpha: 0.015 +/- 0.000
step: 14411776, training/alpha_loss: 0.000 +/- 0.000
step: 14411776, training/sa_repr_mean: 26.236 +/- 0.000
step: 14411776, training/g_repr_mean: 42.562 +/- 0.000
step: 14411776, training/sa_repr_std: 14.079 +/- 0.000
step: 14411776, training/g_repr_std: 24.990 +/- 0.000
step: 14411776, training/l_align: 34.113 +/- 0.000
step: 14411776, training/l_unif: -32.563 +/- 0.000
step: 14411776, training/context_info_loss: 0.812 +/- 0.000
step: 14411776, training/context_mean_norm: 9.959 +/- 0.000
step: 14411776, training/context_std_mean: 0.391 +/- 0.000
step: 15014912, eval/episode_dist: 1963.278 +/- 0.000
step: 15014912, eval/episode_reward_survive: 839.871 +/- 0.000
step: 15014912, eval/episode_success: 157.047 +/- 0.000
step: 15014912, eval/episode_success_easy: 592.508 +/- 0.000
step: 15014912, eval/episode_success_any: 0.711 +/- 0.000
step: 15014912, eval/episode_success_hard: 0.000 +/- 0.000
step: 15014912, eval/episode_success_pos: 0.000 +/- 0.000
step: 15014912, eval/episode_success_rot: 0.000 +/- 0.000
step: 15014912, eval/episode_success_vel: 0.000 +/- 0.000
step: 15014912, eval/episode_success_ang: 0.000 +/- 0.000
step: 15014912, training/crl_critic_loss: 0.000 +/- 0.000
step: 15014912, training/actor_loss: 35.252 +/- 0.000
step: 15014912, training/binary_accuracy: 0.996 +/- 0.000
step: 15014912, training/categorical_accuracy: 0.266 +/- 0.000
step: 15014912, training/logits_pos: -35.847 +/- 0.000
step: 15014912, training/logits_neg: -51.874 +/- 0.000
step: 15014912, training/logsumexp: 942.493 +/- 0.000
step: 15014912, training/sps: 5037.987 +/- 0.000
step: 15014912, training/entropy: -3.998 +/- 0.000
step: 15014912, training/alpha: 0.015 +/- 0.000
step: 15014912, training/alpha_loss: 0.000 +/- 0.000
step: 15014912, training/sa_repr_mean: 27.174 +/- 0.000
step: 15014912, training/g_repr_mean: 44.591 +/- 0.000
step: 15014912, training/sa_repr_std: 14.235 +/- 0.000
step: 15014912, training/g_repr_std: 25.079 +/- 0.000
step: 15014912, training/l_align: 35.847 +/- 0.000
step: 15014912, training/l_unif: -34.353 +/- 0.000
step: 15014912, training/context_info_loss: 0.794 +/- 0.000
step: 15014912, training/context_mean_norm: 9.935 +/- 0.000
step: 15014912, training/context_std_mean: 0.388 +/- 0.000
step: 15618048, eval/episode_dist: 2105.058 +/- 0.000
step: 15618048, eval/episode_reward_survive: 913.020 +/- 0.000
step: 15618048, eval/episode_success: 191.219 +/- 0.000
step: 15618048, eval/episode_success_easy: 657.203 +/- 0.000
step: 15618048, eval/episode_success_any: 0.797 +/- 0.000
step: 15618048, eval/episode_success_hard: 0.000 +/- 0.000
step: 15618048, eval/episode_success_pos: 0.000 +/- 0.000
step: 15618048, eval/episode_success_rot: 0.000 +/- 0.000
step: 15618048, eval/episode_success_vel: 0.000 +/- 0.000
step: 15618048, eval/episode_success_ang: 0.000 +/- 0.000
step: 15618048, training/crl_critic_loss: 0.000 +/- 0.000
step: 15618048, training/actor_loss: 37.574 +/- 0.000
step: 15618048, training/binary_accuracy: 0.996 +/- 0.000
step: 15618048, training/categorical_accuracy: 0.252 +/- 0.000
step: 15618048, training/logits_pos: -38.164 +/- 0.000
step: 15618048, training/logits_neg: -54.577 +/- 0.000
step: 15618048, training/logsumexp: 1042.441 +/- 0.000
step: 15618048, training/sps: 5040.611 +/- 0.000
step: 15618048, training/entropy: -3.996 +/- 0.000
step: 15618048, training/alpha: 0.015 +/- 0.000
step: 15618048, training/alpha_loss: 0.000 +/- 0.000
step: 15618048, training/sa_repr_mean: 28.210 +/- 0.000
step: 15618048, training/g_repr_mean: 47.058 +/- 0.000
step: 15618048, training/sa_repr_std: 14.996 +/- 0.000
step: 15618048, training/g_repr_std: 27.385 +/- 0.000
step: 15618048, training/l_align: 38.164 +/- 0.000
step: 15618048, training/l_unif: -36.693 +/- 0.000
step: 15618048, training/context_info_loss: 0.589 +/- 0.000
step: 15618048, training/context_mean_norm: 9.973 +/- 0.000
step: 15618048, training/context_std_mean: 0.341 +/- 0.000
obs shape (1, 31)
LOGITS (1, 16)
ACTION SHAPE (1, 8)
step: 16221184, eval/episode_dist: 1918.044 +/- 0.000
step: 16221184, eval/episode_reward_survive: 908.633 +/- 0.000
step: 16221184, eval/episode_success: 219.508 +/- 0.000
step: 16221184, eval/episode_success_easy: 675.746 +/- 0.000
step: 16221184, eval/episode_success_any: 0.852 +/- 0.000
step: 16221184, eval/episode_success_hard: 0.000 +/- 0.000
step: 16221184, eval/episode_success_pos: 0.000 +/- 0.000
step: 16221184, eval/episode_success_rot: 0.000 +/- 0.000
step: 16221184, eval/episode_success_vel: 0.000 +/- 0.000
step: 16221184, eval/episode_success_ang: 0.000 +/- 0.000
step: 16221184, training/crl_critic_loss: 0.000 +/- 0.000
step: 16221184, training/actor_loss: 37.633 +/- 0.000
step: 16221184, training/binary_accuracy: 0.996 +/- 0.000
step: 16221184, training/categorical_accuracy: 0.255 +/- 0.000
step: 16221184, training/logits_pos: -38.227 +/- 0.000
step: 16221184, training/logits_neg: -54.727 +/- 0.000
step: 16221184, training/logsumexp: 1054.774 +/- 0.000
step: 16221184, training/sps: 5039.065 +/- 0.000
step: 16221184, training/entropy: -3.999 +/- 0.000
step: 16221184, training/alpha: 0.015 +/- 0.000
step: 16221184, training/alpha_loss: 0.000 +/- 0.000
step: 16221184, training/sa_repr_mean: 28.007 +/- 0.000
step: 16221184, training/g_repr_mean: 47.064 +/- 0.000
step: 16221184, training/sa_repr_std: 14.940 +/- 0.000
step: 16221184, training/g_repr_std: 27.272 +/- 0.000
step: 16221184, training/l_align: 38.227 +/- 0.000
step: 16221184, training/l_unif: -36.801 +/- 0.000
step: 16221184, training/context_info_loss: 0.591 +/- 0.000
step: 16221184, training/context_mean_norm: 9.975 +/- 0.000
step: 16221184, training/context_std_mean: 0.343 +/- 0.000
step: 16824320, eval/episode_dist: 1986.186 +/- 0.000
step: 16824320, eval/episode_reward_survive: 918.645 +/- 0.000
step: 16824320, eval/episode_success: 254.801 +/- 0.000
step: 16824320, eval/episode_success_easy: 670.082 +/- 0.000
step: 16824320, eval/episode_success_any: 0.863 +/- 0.000
step: 16824320, eval/episode_success_hard: 0.000 +/- 0.000
step: 16824320, eval/episode_success_pos: 0.000 +/- 0.000
step: 16824320, eval/episode_success_rot: 0.000 +/- 0.000
step: 16824320, eval/episode_success_vel: 0.000 +/- 0.000
step: 16824320, eval/episode_success_ang: 0.000 +/- 0.000
step: 16824320, training/crl_critic_loss: 0.000 +/- 0.000
step: 16824320, training/actor_loss: 40.352 +/- 0.000
step: 16824320, training/binary_accuracy: 0.996 +/- 0.000
step: 16824320, training/categorical_accuracy: 0.229 +/- 0.000
step: 16824320, training/logits_pos: -40.935 +/- 0.000
step: 16824320, training/logits_neg: -57.662 +/- 0.000
step: 16824320, training/logsumexp: 1159.589 +/- 0.000
step: 16824320, training/sps: 5036.880 +/- 0.000
step: 16824320, training/entropy: -3.995 +/- 0.000
step: 16824320, training/alpha: 0.014 +/- 0.000
step: 16824320, training/alpha_loss: 0.000 +/- 0.000
step: 16824320, training/sa_repr_mean: 29.029 +/- 0.000
step: 16824320, training/g_repr_mean: 49.959 +/- 0.000
step: 16824320, training/sa_repr_std: 15.177 +/- 0.000
step: 16824320, training/g_repr_std: 28.566 +/- 0.000
step: 16824320, training/l_align: 40.935 +/- 0.000
step: 16824320, training/l_unif: -39.514 +/- 0.000
step: 16824320, training/context_info_loss: 0.564 +/- 0.000
step: 16824320, training/context_mean_norm: 9.965 +/- 0.000
step: 16824320, training/context_std_mean: 0.353 +/- 0.000
step: 17427456, eval/episode_dist: 1951.795 +/- 0.000
step: 17427456, eval/episode_reward_survive: 907.570 +/- 0.000
step: 17427456, eval/episode_success: 244.172 +/- 0.000
step: 17427456, eval/episode_success_easy: 668.516 +/- 0.000
step: 17427456, eval/episode_success_any: 0.871 +/- 0.000
step: 17427456, eval/episode_success_hard: 0.000 +/- 0.000
step: 17427456, eval/episode_success_pos: 0.000 +/- 0.000
step: 17427456, eval/episode_success_rot: 0.000 +/- 0.000
step: 17427456, eval/episode_success_vel: 0.000 +/- 0.000
step: 17427456, eval/episode_success_ang: 0.000 +/- 0.000
step: 17427456, training/crl_critic_loss: 0.000 +/- 0.000
step: 17427456, training/actor_loss: 39.681 +/- 0.000
step: 17427456, training/binary_accuracy: 0.996 +/- 0.000
step: 17427456, training/categorical_accuracy: 0.223 +/- 0.000
step: 17427456, training/logits_pos: -40.266 +/- 0.000
step: 17427456, training/logits_neg: -56.426 +/- 0.000
step: 17427456, training/logsumexp: 1119.715 +/- 0.000
step: 17427456, training/sps: 5033.980 +/- 0.000
step: 17427456, training/entropy: -4.006 +/- 0.000
step: 17427456, training/alpha: 0.014 +/- 0.000
step: 17427456, training/alpha_loss: -0.000 +/- 0.000
step: 17427456, training/sa_repr_mean: 28.325 +/- 0.000
step: 17427456, training/g_repr_mean: 49.152 +/- 0.000
step: 17427456, training/sa_repr_std: 14.503 +/- 0.000
step: 17427456, training/g_repr_std: 26.843 +/- 0.000
step: 17427456, training/l_align: 40.266 +/- 0.000
step: 17427456, training/l_unif: -38.816 +/- 0.000
step: 17427456, training/context_info_loss: 0.482 +/- 0.000
step: 17427456, training/context_mean_norm: 9.974 +/- 0.000
step: 17427456, training/context_std_mean: 0.327 +/- 0.000
step: 18030592, eval/episode_dist: 2033.251 +/- 0.000
step: 18030592, eval/episode_reward_survive: 898.523 +/- 0.000
step: 18030592, eval/episode_success: 197.777 +/- 0.000
step: 18030592, eval/episode_success_easy: 641.703 +/- 0.000
step: 18030592, eval/episode_success_any: 0.812 +/- 0.000
step: 18030592, eval/episode_success_hard: 0.000 +/- 0.000
step: 18030592, eval/episode_success_pos: 0.000 +/- 0.000
step: 18030592, eval/episode_success_rot: 0.000 +/- 0.000
step: 18030592, eval/episode_success_vel: 0.000 +/- 0.000
step: 18030592, eval/episode_success_ang: 0.000 +/- 0.000
step: 18030592, training/crl_critic_loss: 0.000 +/- 0.000
step: 18030592, training/actor_loss: 41.773 +/- 0.000
step: 18030592, training/binary_accuracy: 0.996 +/- 0.000
step: 18030592, training/categorical_accuracy: 0.208 +/- 0.000
step: 18030592, training/logits_pos: -42.358 +/- 0.000
step: 18030592, training/logits_neg: -58.899 +/- 0.000
step: 18030592, training/logsumexp: 1188.470 +/- 0.000
step: 18030592, training/sps: 5037.630 +/- 0.000
step: 18030592, training/entropy: -4.002 +/- 0.000
step: 18030592, training/alpha: 0.015 +/- 0.000
step: 18030592, training/alpha_loss: -0.000 +/- 0.000
step: 18030592, training/sa_repr_mean: 29.135 +/- 0.000
step: 18030592, training/g_repr_mean: 51.276 +/- 0.000
step: 18030592, training/sa_repr_std: 14.858 +/- 0.000
step: 18030592, training/g_repr_std: 28.810 +/- 0.000
step: 18030592, training/l_align: 42.358 +/- 0.000
step: 18030592, training/l_unif: -40.930 +/- 0.000
step: 18030592, training/context_info_loss: 0.362 +/- 0.000
step: 18030592, training/context_mean_norm: 9.974 +/- 0.000
step: 18030592, training/context_std_mean: 0.308 +/- 0.000
step: 18633728, eval/episode_dist: 2105.096 +/- 0.000
step: 18633728, eval/episode_reward_survive: 891.715 +/- 0.000
step: 18633728, eval/episode_success: 159.938 +/- 0.000
step: 18633728, eval/episode_success_easy: 626.770 +/- 0.000
step: 18633728, eval/episode_success_any: 0.797 +/- 0.000
step: 18633728, eval/episode_success_hard: 0.000 +/- 0.000
step: 18633728, eval/episode_success_pos: 0.000 +/- 0.000
step: 18633728, eval/episode_success_rot: 0.000 +/- 0.000
step: 18633728, eval/episode_success_vel: 0.000 +/- 0.000
step: 18633728, eval/episode_success_ang: 0.000 +/- 0.000
step: 18633728, training/crl_critic_loss: 0.000 +/- 0.000
step: 18633728, training/actor_loss: 44.611 +/- 0.000
step: 18633728, training/binary_accuracy: 0.996 +/- 0.000
step: 18633728, training/categorical_accuracy: 0.196 +/- 0.000
step: 18633728, training/logits_pos: -45.201 +/- 0.000
step: 18633728, training/logits_neg: -62.493 +/- 0.000
step: 18633728, training/logsumexp: 1307.599 +/- 0.000
step: 18633728, training/sps: 5035.759 +/- 0.000
step: 18633728, training/entropy: -3.998 +/- 0.000
step: 18633728, training/alpha: 0.015 +/- 0.000
step: 18633728, training/alpha_loss: 0.000 +/- 0.000
step: 18633728, training/sa_repr_mean: 30.462 +/- 0.000
step: 18633728, training/g_repr_mean: 54.433 +/- 0.000
step: 18633728, training/sa_repr_std: 15.675 +/- 0.000
step: 18633728, training/g_repr_std: 30.738 +/- 0.000
step: 18633728, training/l_align: 45.201 +/- 0.000
step: 18633728, training/l_unif: -43.838 +/- 0.000
step: 18633728, training/context_info_loss: 0.386 +/- 0.000
step: 18633728, training/context_mean_norm: 9.981 +/- 0.000
step: 18633728, training/context_std_mean: 0.313 +/- 0.000
obs shape (1, 31)
LOGITS (1, 16)
ACTION SHAPE (1, 8)
step: 19236864, eval/episode_dist: 2158.496 +/- 0.000
step: 19236864, eval/episode_reward_survive: 920.840 +/- 0.000
step: 19236864, eval/episode_success: 162.852 +/- 0.000
step: 19236864, eval/episode_success_easy: 655.652 +/- 0.000
step: 19236864, eval/episode_success_any: 0.742 +/- 0.000
step: 19236864, eval/episode_success_hard: 0.000 +/- 0.000
step: 19236864, eval/episode_success_pos: 0.000 +/- 0.000
step: 19236864, eval/episode_success_rot: 0.000 +/- 0.000
step: 19236864, eval/episode_success_vel: 0.000 +/- 0.000
step: 19236864, eval/episode_success_ang: 0.000 +/- 0.000
step: 19236864, training/crl_critic_loss: 0.000 +/- 0.000
step: 19236864, training/actor_loss: 43.581 +/- 0.000
step: 19236864, training/binary_accuracy: 0.996 +/- 0.000
step: 19236864, training/categorical_accuracy: 0.198 +/- 0.000
step: 19236864, training/logits_pos: -44.193 +/- 0.000
step: 19236864, training/logits_neg: -60.874 +/- 0.000
step: 19236864, training/logsumexp: 1270.854 +/- 0.000
step: 19236864, training/sps: 5036.621 +/- 0.000
step: 19236864, training/entropy: -3.992 +/- 0.000
step: 19236864, training/alpha: 0.015 +/- 0.000
step: 19236864, training/alpha_loss: 0.000 +/- 0.000
step: 19236864, training/sa_repr_mean: 29.565 +/- 0.000
step: 19236864, training/g_repr_mean: 53.221 +/- 0.000
step: 19236864, training/sa_repr_std: 15.175 +/- 0.000
step: 19236864, training/g_repr_std: 30.364 +/- 0.000
step: 19236864, training/l_align: 44.193 +/- 0.000
step: 19236864, training/l_unif: -42.778 +/- 0.000
step: 19236864, training/context_info_loss: 0.521 +/- 0.000
step: 19236864, training/context_mean_norm: 9.967 +/- 0.000
step: 19236864, training/context_std_mean: 0.341 +/- 0.000
step: 19840000, eval/episode_dist: 1972.422 +/- 0.000
step: 19840000, eval/episode_reward_survive: 897.594 +/- 0.000
step: 19840000, eval/episode_success: 185.875 +/- 0.000
step: 19840000, eval/episode_success_easy: 652.945 +/- 0.000
step: 19840000, eval/episode_success_any: 0.672 +/- 0.000
step: 19840000, eval/episode_success_hard: 0.000 +/- 0.000
step: 19840000, eval/episode_success_pos: 0.000 +/- 0.000
step: 19840000, eval/episode_success_rot: 0.000 +/- 0.000
step: 19840000, eval/episode_success_vel: 0.000 +/- 0.000
step: 19840000, eval/episode_success_ang: 0.000 +/- 0.000
step: 19840000, training/crl_critic_loss: 0.000 +/- 0.000
step: 19840000, training/actor_loss: 44.470 +/- 0.000
step: 19840000, training/binary_accuracy: 0.996 +/- 0.000
step: 19840000, training/categorical_accuracy: 0.182 +/- 0.000
step: 19840000, training/logits_pos: -45.090 +/- 0.000
step: 19840000, training/logits_neg: -61.800 +/- 0.000
step: 19840000, training/logsumexp: 1280.454 +/- 0.000
step: 19840000, training/sps: 5037.933 +/- 0.000
step: 19840000, training/entropy: -4.004 +/- 0.000
step: 19840000, training/alpha: 0.016 +/- 0.000
step: 19840000, training/alpha_loss: -0.000 +/- 0.000
step: 19840000, training/sa_repr_mean: 29.800 +/- 0.000
step: 19840000, training/g_repr_mean: 54.196 +/- 0.000
step: 19840000, training/sa_repr_std: 14.998 +/- 0.000
step: 19840000, training/g_repr_std: 30.336 +/- 0.000
step: 19840000, training/l_align: 45.090 +/- 0.000
step: 19840000, training/l_unif: -43.683 +/- 0.000
step: 19840000, training/context_info_loss: 0.504 +/- 0.000
step: 19840000, training/context_mean_norm: 9.976 +/- 0.000
step: 19840000, training/context_std_mean: 0.333 +/- 0.000
step: 20443136, eval/episode_dist: 2116.977 +/- 0.000
step: 20443136, eval/episode_reward_survive: 924.465 +/- 0.000
step: 20443136, eval/episode_success: 141.996 +/- 0.000
step: 20443136, eval/episode_success_easy: 669.965 +/- 0.000
step: 20443136, eval/episode_success_any: 0.711 +/- 0.000
step: 20443136, eval/episode_success_hard: 0.000 +/- 0.000
step: 20443136, eval/episode_success_pos: 0.000 +/- 0.000
step: 20443136, eval/episode_success_rot: 0.000 +/- 0.000
step: 20443136, eval/episode_success_vel: 0.000 +/- 0.000
step: 20443136, eval/episode_success_ang: 0.000 +/- 0.000
step: 20443136, training/crl_critic_loss: 0.000 +/- 0.000
step: 20443136, training/actor_loss: 45.907 +/- 0.000
step: 20443136, training/binary_accuracy: 0.996 +/- 0.000
step: 20443136, training/categorical_accuracy: 0.179 +/- 0.000
step: 20443136, training/logits_pos: -46.527 +/- 0.000
step: 20443136, training/logits_neg: -63.426 +/- 0.000
step: 20443136, training/logsumexp: 1358.142 +/- 0.000
step: 20443136, training/sps: 5044.598 +/- 0.000
step: 20443136, training/entropy: -4.002 +/- 0.000
step: 20443136, training/alpha: 0.016 +/- 0.000
step: 20443136, training/alpha_loss: -0.000 +/- 0.000
step: 20443136, training/sa_repr_mean: 30.242 +/- 0.000
step: 20443136, training/g_repr_mean: 55.825 +/- 0.000
step: 20443136, training/sa_repr_std: 15.031 +/- 0.000
step: 20443136, training/g_repr_std: 30.359 +/- 0.000
step: 20443136, training/l_align: 46.527 +/- 0.000
step: 20443136, training/l_unif: -45.162 +/- 0.000
step: 20443136, training/context_info_loss: 0.493 +/- 0.000
step: 20443136, training/context_mean_norm: 9.960 +/- 0.000
step: 20443136, training/context_std_mean: 0.330 +/- 0.000
step: 21046272, eval/episode_dist: 2101.158 +/- 0.000
step: 21046272, eval/episode_reward_survive: 902.949 +/- 0.000
step: 21046272, eval/episode_success: 172.480 +/- 0.000
step: 21046272, eval/episode_success_easy: 639.707 +/- 0.000
step: 21046272, eval/episode_success_any: 0.777 +/- 0.000
step: 21046272, eval/episode_success_hard: 0.000 +/- 0.000
step: 21046272, eval/episode_success_pos: 0.000 +/- 0.000
step: 21046272, eval/episode_success_rot: 0.000 +/- 0.000
step: 21046272, eval/episode_success_vel: 0.000 +/- 0.000
step: 21046272, eval/episode_success_ang: 0.000 +/- 0.000
step: 21046272, training/crl_critic_loss: 0.000 +/- 0.000
step: 21046272, training/actor_loss: 46.071 +/- 0.000
step: 21046272, training/binary_accuracy: 0.996 +/- 0.000
step: 21046272, training/categorical_accuracy: 0.195 +/- 0.000
step: 21046272, training/logits_pos: -46.696 +/- 0.000
step: 21046272, training/logits_neg: -63.733 +/- 0.000
step: 21046272, training/logsumexp: 1379.859 +/- 0.000
step: 21046272, training/sps: 5036.889 +/- 0.000
step: 21046272, training/entropy: -3.999 +/- 0.000
step: 21046272, training/alpha: 0.017 +/- 0.000
step: 21046272, training/alpha_loss: 0.000 +/- 0.000
step: 21046272, training/sa_repr_mean: 30.420 +/- 0.000
step: 21046272, training/g_repr_mean: 55.963 +/- 0.000
step: 21046272, training/sa_repr_std: 15.443 +/- 0.000
step: 21046272, training/g_repr_std: 31.091 +/- 0.000
step: 21046272, training/l_align: 46.696 +/- 0.000
step: 21046272, training/l_unif: -45.361 +/- 0.000
step: 21046272, training/context_info_loss: 0.358 +/- 0.000
step: 21046272, training/context_mean_norm: 9.978 +/- 0.000
step: 21046272, training/context_std_mean: 0.306 +/- 0.000
step: 21649408, eval/episode_dist: 1925.958 +/- 0.000
step: 21649408, eval/episode_reward_survive: 887.340 +/- 0.000
step: 21649408, eval/episode_success: 228.320 +/- 0.000
step: 21649408, eval/episode_success_easy: 656.500 +/- 0.000
step: 21649408, eval/episode_success_any: 0.840 +/- 0.000
step: 21649408, eval/episode_success_hard: 0.000 +/- 0.000
step: 21649408, eval/episode_success_pos: 0.000 +/- 0.000
step: 21649408, eval/episode_success_rot: 0.000 +/- 0.000
step: 21649408, eval/episode_success_vel: 0.000 +/- 0.000
step: 21649408, eval/episode_success_ang: 0.000 +/- 0.000
step: 21649408, training/crl_critic_loss: 0.000 +/- 0.000
step: 21649408, training/actor_loss: 46.562 +/- 0.000
step: 21649408, training/binary_accuracy: 0.996 +/- 0.000
step: 21649408, training/categorical_accuracy: 0.180 +/- 0.000
step: 21649408, training/logits_pos: -47.196 +/- 0.000
step: 21649408, training/logits_neg: -64.104 +/- 0.000
step: 21649408, training/logsumexp: 1380.078 +/- 0.000
step: 21649408, training/sps: 5040.603 +/- 0.000
step: 21649408, training/entropy: -4.001 +/- 0.000
step: 21649408, training/alpha: 0.017 +/- 0.000
step: 21649408, training/alpha_loss: -0.000 +/- 0.000
step: 21649408, training/sa_repr_mean: 30.278 +/- 0.000
step: 21649408, training/g_repr_mean: 56.306 +/- 0.000
step: 21649408, training/sa_repr_std: 15.411 +/- 0.000
step: 21649408, training/g_repr_std: 31.653 +/- 0.000
step: 21649408, training/l_align: 47.196 +/- 0.000
step: 21649408, training/l_unif: -45.828 +/- 0.000
step: 21649408, training/context_info_loss: 0.437 +/- 0.000
step: 21649408, training/context_mean_norm: 9.958 +/- 0.000
step: 21649408, training/context_std_mean: 0.325 +/- 0.000
obs shape (1, 31)
LOGITS (1, 16)
ACTION SHAPE (1, 8)
step: 22252544, eval/episode_dist: 2144.159 +/- 0.000
step: 22252544, eval/episode_reward_survive: 928.605 +/- 0.000
step: 22252544, eval/episode_success: 151.375 +/- 0.000
step: 22252544, eval/episode_success_easy: 662.703 +/- 0.000
step: 22252544, eval/episode_success_any: 0.781 +/- 0.000
step: 22252544, eval/episode_success_hard: 0.000 +/- 0.000
step: 22252544, eval/episode_success_pos: 0.000 +/- 0.000
step: 22252544, eval/episode_success_rot: 0.000 +/- 0.000
step: 22252544, eval/episode_success_vel: 0.000 +/- 0.000
step: 22252544, eval/episode_success_ang: 0.000 +/- 0.000
step: 22252544, training/crl_critic_loss: 0.000 +/- 0.000
step: 22252544, training/actor_loss: 49.840 +/- 0.000
step: 22252544, training/binary_accuracy: 0.996 +/- 0.000
step: 22252544, training/categorical_accuracy: 0.160 +/- 0.000
step: 22252544, training/logits_pos: -50.445 +/- 0.000
step: 22252544, training/logits_neg: -67.409 +/- 0.000
step: 22252544, training/logsumexp: 1449.079 +/- 0.000
step: 22252544, training/sps: 5040.644 +/- 0.000
step: 22252544, training/entropy: -3.999 +/- 0.000
step: 22252544, training/alpha: 0.017 +/- 0.000
step: 22252544, training/alpha_loss: 0.000 +/- 0.000
step: 22252544, training/sa_repr_mean: 30.830 +/- 0.000
step: 22252544, training/g_repr_mean: 59.434 +/- 0.000
step: 22252544, training/sa_repr_std: 16.480 +/- 0.000
step: 22252544, training/g_repr_std: 36.699 +/- 0.000
step: 22252544, training/l_align: 50.445 +/- 0.000
step: 22252544, training/l_unif: -49.062 +/- 0.000
step: 22252544, training/context_info_loss: 0.508 +/- 0.000
step: 22252544, training/context_mean_norm: 9.959 +/- 0.000
step: 22252544, training/context_std_mean: 0.339 +/- 0.000
step: 22855680, eval/episode_dist: 1996.339 +/- 0.000
step: 22855680, eval/episode_reward_survive: 880.672 +/- 0.000
step: 22855680, eval/episode_success: 173.379 +/- 0.000
step: 22855680, eval/episode_success_easy: 633.480 +/- 0.000
step: 22855680, eval/episode_success_any: 0.832 +/- 0.000
step: 22855680, eval/episode_success_hard: 0.000 +/- 0.000
step: 22855680, eval/episode_success_pos: 0.000 +/- 0.000
step: 22855680, eval/episode_success_rot: 0.000 +/- 0.000
step: 22855680, eval/episode_success_vel: 0.000 +/- 0.000
step: 22855680, eval/episode_success_ang: 0.000 +/- 0.000
step: 22855680, training/crl_critic_loss: 0.000 +/- 0.000
step: 22855680, training/actor_loss: 50.114 +/- 0.000
step: 22855680, training/binary_accuracy: 0.996 +/- 0.000
step: 22855680, training/categorical_accuracy: 0.166 +/- 0.000
step: 22855680, training/logits_pos: -50.751 +/- 0.000
step: 22855680, training/logits_neg: -68.077 +/- 0.000
step: 22855680, training/logsumexp: 1497.384 +/- 0.000
step: 22855680, training/sps: 5037.967 +/- 0.000
step: 22855680, training/entropy: -3.999 +/- 0.000
step: 22855680, training/alpha: 0.019 +/- 0.000
step: 22855680, training/alpha_loss: -0.000 +/- 0.000
step: 22855680, training/sa_repr_mean: 31.313 +/- 0.000
step: 22855680, training/g_repr_mean: 59.949 +/- 0.000
step: 22855680, training/sa_repr_std: 17.036 +/- 0.000
step: 22855680, training/g_repr_std: 37.919 +/- 0.000
step: 22855680, training/l_align: 50.751 +/- 0.000
step: 22855680, training/l_unif: -49.417 +/- 0.000
step: 22855680, training/context_info_loss: 0.456 +/- 0.000
step: 22855680, training/context_mean_norm: 9.964 +/- 0.000
step: 22855680, training/context_std_mean: 0.331 +/- 0.000
step: 23458816, eval/episode_dist: 2455.054 +/- 0.000
step: 23458816, eval/episode_reward_survive: 953.473 +/- 0.000
step: 23458816, eval/episode_success: 138.340 +/- 0.000
step: 23458816, eval/episode_success_easy: 653.590 +/- 0.000
step: 23458816, eval/episode_success_any: 0.703 +/- 0.000
step: 23458816, eval/episode_success_hard: 0.000 +/- 0.000
step: 23458816, eval/episode_success_pos: 0.000 +/- 0.000
step: 23458816, eval/episode_success_rot: 0.000 +/- 0.000
step: 23458816, eval/episode_success_vel: 0.000 +/- 0.000
step: 23458816, eval/episode_success_ang: 0.000 +/- 0.000
step: 23458816, training/crl_critic_loss: 0.000 +/- 0.000
step: 23458816, training/actor_loss: 52.551 +/- 0.000
step: 23458816, training/binary_accuracy: 0.996 +/- 0.000
step: 23458816, training/categorical_accuracy: 0.155 +/- 0.000
step: 23458816, training/logits_pos: -53.183 +/- 0.000
step: 23458816, training/logits_neg: -71.062 +/- 0.000
step: 23458816, training/logsumexp: 1605.699 +/- 0.000
step: 23458816, training/sps: 5035.881 +/- 0.000
step: 23458816, training/entropy: -3.996 +/- 0.000
step: 23458816, training/alpha: 0.018 +/- 0.000
step: 23458816, training/alpha_loss: 0.000 +/- 0.000
step: 23458816, training/sa_repr_mean: 32.286 +/- 0.000
step: 23458816, training/g_repr_mean: 62.498 +/- 0.000
step: 23458816, training/sa_repr_std: 17.794 +/- 0.000
step: 23458816, training/g_repr_std: 40.116 +/- 0.000
step: 23458816, training/l_align: 53.183 +/- 0.000
step: 23458816, training/l_unif: -51.871 +/- 0.000
step: 23458816, training/context_info_loss: 0.613 +/- 0.000
step: 23458816, training/context_mean_norm: 9.962 +/- 0.000
step: 23458816, training/context_std_mean: 0.355 +/- 0.000
step: 24061952, eval/episode_dist: 2180.100 +/- 0.000
step: 24061952, eval/episode_reward_survive: 946.863 +/- 0.000
step: 24061952, eval/episode_success: 157.430 +/- 0.000
step: 24061952, eval/episode_success_easy: 687.398 +/- 0.000
step: 24061952, eval/episode_success_any: 0.777 +/- 0.000
step: 24061952, eval/episode_success_hard: 0.000 +/- 0.000
step: 24061952, eval/episode_success_pos: 0.000 +/- 0.000
step: 24061952, eval/episode_success_rot: 0.000 +/- 0.000
step: 24061952, eval/episode_success_vel: 0.000 +/- 0.000
step: 24061952, eval/episode_success_ang: 0.000 +/- 0.000
step: 24061952, training/crl_critic_loss: 0.000 +/- 0.000
step: 24061952, training/actor_loss: 50.310 +/- 0.000
step: 24061952, training/binary_accuracy: 0.996 +/- 0.000
step: 24061952, training/categorical_accuracy: 0.163 +/- 0.000
step: 24061952, training/logits_pos: -50.926 +/- 0.000
step: 24061952, training/logits_neg: -68.153 +/- 0.000
step: 24061952, training/logsumexp: 1508.553 +/- 0.000
step: 24061952, training/sps: 5037.676 +/- 0.000
step: 24061952, training/entropy: -4.000 +/- 0.000
step: 24061952, training/alpha: 0.018 +/- 0.000
step: 24061952, training/alpha_loss: 0.000 +/- 0.000
step: 24061952, training/sa_repr_mean: 31.061 +/- 0.000
step: 24061952, training/g_repr_mean: 60.118 +/- 0.000
step: 24061952, training/sa_repr_std: 16.009 +/- 0.000
step: 24061952, training/g_repr_std: 34.907 +/- 0.000
step: 24061952, training/l_align: 50.926 +/- 0.000
step: 24061952, training/l_unif: -49.627 +/- 0.000
step: 24061952, training/context_info_loss: 0.527 +/- 0.000
step: 24061952, training/context_mean_norm: 9.941 +/- 0.000
step: 24061952, training/context_std_mean: 0.355 +/- 0.000
step: 24665088, eval/episode_dist: 2029.259 +/- 0.000
step: 24665088, eval/episode_reward_survive: 961.941 +/- 0.000
step: 24665088, eval/episode_success: 166.305 +/- 0.000
step: 24665088, eval/episode_success_easy: 723.172 +/- 0.000
step: 24665088, eval/episode_success_any: 0.859 +/- 0.000
step: 24665088, eval/episode_success_hard: 0.000 +/- 0.000
step: 24665088, eval/episode_success_pos: 0.000 +/- 0.000
step: 24665088, eval/episode_success_rot: 0.000 +/- 0.000
step: 24665088, eval/episode_success_vel: 0.000 +/- 0.000
step: 24665088, eval/episode_success_ang: 0.000 +/- 0.000
step: 24665088, training/crl_critic_loss: 0.000 +/- 0.000
step: 24665088, training/actor_loss: 54.090 +/- 0.000
step: 24665088, training/binary_accuracy: 0.996 +/- 0.000
step: 24665088, training/categorical_accuracy: 0.142 +/- 0.000
step: 24665088, training/logits_pos: -54.713 +/- 0.000
step: 24665088, training/logits_neg: -72.429 +/- 0.000
step: 24665088, training/logsumexp: 1641.636 +/- 0.000
step: 24665088, training/sps: 5037.687 +/- 0.000
step: 24665088, training/entropy: -3.992 +/- 0.000
step: 24665088, training/alpha: 0.019 +/- 0.000
step: 24665088, training/alpha_loss: 0.000 +/- 0.000
step: 24665088, training/sa_repr_mean: 32.744 +/- 0.000
step: 24665088, training/g_repr_mean: 64.066 +/- 0.000
step: 24665088, training/sa_repr_std: 17.374 +/- 0.000
step: 24665088, training/g_repr_std: 38.556 +/- 0.000
step: 24665088, training/l_align: 54.713 +/- 0.000
step: 24665088, training/l_unif: -53.443 +/- 0.000
step: 24665088, training/context_info_loss: 0.248 +/- 0.000
step: 24665088, training/context_mean_norm: 9.975 +/- 0.000
step: 24665088, training/context_std_mean: 0.294 +/- 0.000
obs shape (1, 31)
LOGITS (1, 16)
ACTION SHAPE (1, 8)
step: 25268224, eval/episode_dist: 2072.445 +/- 0.000
step: 25268224, eval/episode_reward_survive: 938.461 +/- 0.000
step: 25268224, eval/episode_success: 144.215 +/- 0.000
step: 25268224, eval/episode_success_easy: 695.656 +/- 0.000
step: 25268224, eval/episode_success_any: 0.770 +/- 0.000
step: 25268224, eval/episode_success_hard: 0.000 +/- 0.000
step: 25268224, eval/episode_success_pos: 0.000 +/- 0.000
step: 25268224, eval/episode_success_rot: 0.000 +/- 0.000
step: 25268224, eval/episode_success_vel: 0.000 +/- 0.000
step: 25268224, eval/episode_success_ang: 0.000 +/- 0.000
step: 25268224, training/crl_critic_loss: 0.000 +/- 0.000
step: 25268224, training/actor_loss: 54.666 +/- 0.000
step: 25268224, training/binary_accuracy: 0.996 +/- 0.000
step: 25268224, training/categorical_accuracy: 0.160 +/- 0.000
step: 25268224, training/logits_pos: -55.282 +/- 0.000
step: 25268224, training/logits_neg: -73.078 +/- 0.000
step: 25268224, training/logsumexp: 1644.756 +/- 0.000
step: 25268224, training/sps: 5041.489 +/- 0.000
step: 25268224, training/entropy: -3.993 +/- 0.000
step: 25268224, training/alpha: 0.018 +/- 0.000
step: 25268224, training/alpha_loss: 0.000 +/- 0.000
step: 25268224, training/sa_repr_mean: 32.749 +/- 0.000
step: 25268224, training/g_repr_mean: 64.696 +/- 0.000
step: 25268224, training/sa_repr_std: 17.386 +/- 0.000
step: 25268224, training/g_repr_std: 40.029 +/- 0.000
step: 25268224, training/l_align: 55.282 +/- 0.000
step: 25268224, training/l_unif: -54.020 +/- 0.000
step: 25268224, training/context_info_loss: 0.226 +/- 0.000
step: 25268224, training/context_mean_norm: 9.984 +/- 0.000
step: 25268224, training/context_std_mean: 0.295 +/- 0.000
step: 25871360, eval/episode_dist: 2129.922 +/- 0.000
step: 25871360, eval/episode_reward_survive: 933.410 +/- 0.000
step: 25871360, eval/episode_success: 169.531 +/- 0.000
step: 25871360, eval/episode_success_easy: 672.973 +/- 0.000
step: 25871360, eval/episode_success_any: 0.816 +/- 0.000
step: 25871360, eval/episode_success_hard: 0.000 +/- 0.000
step: 25871360, eval/episode_success_pos: 0.000 +/- 0.000
step: 25871360, eval/episode_success_rot: 0.000 +/- 0.000
step: 25871360, eval/episode_success_vel: 0.000 +/- 0.000
step: 25871360, eval/episode_success_ang: 0.000 +/- 0.000
step: 25871360, training/crl_critic_loss: 0.000 +/- 0.000
step: 25871360, training/actor_loss: 57.054 +/- 0.000
step: 25871360, training/binary_accuracy: 0.996 +/- 0.000
step: 25871360, training/categorical_accuracy: 0.150 +/- 0.000
step: 25871360, training/logits_pos: -57.659 +/- 0.000
step: 25871360, training/logits_neg: -75.621 +/- 0.000
step: 25871360, training/logsumexp: 1728.517 +/- 0.000
step: 25871360, training/sps: 5040.010 +/- 0.000
step: 25871360, training/entropy: -4.000 +/- 0.000
step: 25871360, training/alpha: 0.018 +/- 0.000
step: 25871360, training/alpha_loss: 0.000 +/- 0.000
step: 25871360, training/sa_repr_mean: 33.246 +/- 0.000
step: 25871360, training/g_repr_mean: 67.108 +/- 0.000
step: 25871360, training/sa_repr_std: 17.825 +/- 0.000
step: 25871360, training/g_repr_std: 41.297 +/- 0.000
step: 25871360, training/l_align: 57.659 +/- 0.000
step: 25871360, training/l_unif: -56.386 +/- 0.000
step: 25871360, training/context_info_loss: 0.239 +/- 0.000
step: 25871360, training/context_mean_norm: 9.978 +/- 0.000
step: 25871360, training/context_std_mean: 0.288 +/- 0.000
step: 26474496, eval/episode_dist: 2384.394 +/- 0.000
step: 26474496, eval/episode_reward_survive: 958.180 +/- 0.000
step: 26474496, eval/episode_success: 157.031 +/- 0.000
step: 26474496, eval/episode_success_easy: 647.570 +/- 0.000
step: 26474496, eval/episode_success_any: 0.754 +/- 0.000
step: 26474496, eval/episode_success_hard: 0.000 +/- 0.000
step: 26474496, eval/episode_success_pos: 0.000 +/- 0.000
step: 26474496, eval/episode_success_rot: 0.000 +/- 0.000
step: 26474496, eval/episode_success_vel: 0.000 +/- 0.000
step: 26474496, eval/episode_success_ang: 0.000 +/- 0.000
step: 26474496, training/crl_critic_loss: 0.000 +/- 0.000
step: 26474496, training/actor_loss: 58.092 +/- 0.000
step: 26474496, training/binary_accuracy: 0.996 +/- 0.000
step: 26474496, training/categorical_accuracy: 0.145 +/- 0.000
step: 26474496, training/logits_pos: -58.688 +/- 0.000
step: 26474496, training/logits_neg: -76.792 +/- 0.000
step: 26474496, training/logsumexp: 1737.713 +/- 0.000
step: 26474496, training/sps: 5044.512 +/- 0.000
step: 26474496, training/entropy: -4.005 +/- 0.000
step: 26474496, training/alpha: 0.019 +/- 0.000
step: 26474496, training/alpha_loss: -0.000 +/- 0.000
step: 26474496, training/sa_repr_mean: 33.263 +/- 0.000
step: 26474496, training/g_repr_mean: 68.057 +/- 0.000
step: 26474496, training/sa_repr_std: 18.325 +/- 0.000
step: 26474496, training/g_repr_std: 45.049 +/- 0.000
step: 26474496, training/l_align: 58.688 +/- 0.000
step: 26474496, training/l_unif: -57.415 +/- 0.000
step: 26474496, training/context_info_loss: 0.334 +/- 0.000
step: 26474496, training/context_mean_norm: 9.976 +/- 0.000
step: 26474496, training/context_std_mean: 0.311 +/- 0.000
step: 27077632, eval/episode_dist: 2231.029 +/- 0.000
step: 27077632, eval/episode_reward_survive: 960.180 +/- 0.000
step: 27077632, eval/episode_success: 200.352 +/- 0.000
step: 27077632, eval/episode_success_easy: 672.590 +/- 0.000
step: 27077632, eval/episode_success_any: 0.859 +/- 0.000
step: 27077632, eval/episode_success_hard: 0.000 +/- 0.000
step: 27077632, eval/episode_success_pos: 0.000 +/- 0.000
step: 27077632, eval/episode_success_rot: 0.000 +/- 0.000
step: 27077632, eval/episode_success_vel: 0.000 +/- 0.000
step: 27077632, eval/episode_success_ang: 0.000 +/- 0.000
step: 27077632, training/crl_critic_loss: 0.000 +/- 0.000
step: 27077632, training/actor_loss: 58.175 +/- 0.000
step: 27077632, training/binary_accuracy: 0.996 +/- 0.000
step: 27077632, training/categorical_accuracy: 0.145 +/- 0.000
step: 27077632, training/logits_pos: -58.770 +/- 0.000
step: 27077632, training/logits_neg: -77.007 +/- 0.000
step: 27077632, training/logsumexp: 1797.191 +/- 0.000
step: 27077632, training/sps: 5037.800 +/- 0.000
step: 27077632, training/entropy: -3.999 +/- 0.000
step: 27077632, training/alpha: 0.019 +/- 0.000
step: 27077632, training/alpha_loss: 0.000 +/- 0.000
step: 27077632, training/sa_repr_mean: 33.668 +/- 0.000
step: 27077632, training/g_repr_mean: 68.245 +/- 0.000
step: 27077632, training/sa_repr_std: 18.567 +/- 0.000
step: 27077632, training/g_repr_std: 44.734 +/- 0.000
step: 27077632, training/l_align: 58.770 +/- 0.000
step: 27077632, training/l_unif: -57.495 +/- 0.000
step: 27077632, training/context_info_loss: 0.236 +/- 0.000
step: 27077632, training/context_mean_norm: 9.972 +/- 0.000
step: 27077632, training/context_std_mean: 0.294 +/- 0.000
step: 27680768, eval/episode_dist: 2248.854 +/- 0.000
step: 27680768, eval/episode_reward_survive: 908.203 +/- 0.000
step: 27680768, eval/episode_success: 128.727 +/- 0.000
step: 27680768, eval/episode_success_easy: 600.996 +/- 0.000
step: 27680768, eval/episode_success_any: 0.762 +/- 0.000
step: 27680768, eval/episode_success_hard: 0.000 +/- 0.000
step: 27680768, eval/episode_success_pos: 0.000 +/- 0.000
step: 27680768, eval/episode_success_rot: 0.000 +/- 0.000
step: 27680768, eval/episode_success_vel: 0.000 +/- 0.000
step: 27680768, eval/episode_success_ang: 0.000 +/- 0.000
step: 27680768, training/crl_critic_loss: 0.000 +/- 0.000
step: 27680768, training/actor_loss: 58.498 +/- 0.000
step: 27680768, training/binary_accuracy: 0.996 +/- 0.000
step: 27680768, training/categorical_accuracy: 0.123 +/- 0.000
step: 27680768, training/logits_pos: -59.073 +/- 0.000
step: 27680768, training/logits_neg: -77.192 +/- 0.000
step: 27680768, training/logsumexp: 1758.311 +/- 0.000
step: 27680768, training/sps: 5041.071 +/- 0.000
step: 27680768, training/entropy: -3.987 +/- 0.000
step: 27680768, training/alpha: 0.019 +/- 0.000
step: 27680768, training/alpha_loss: 0.000 +/- 0.000
step: 27680768, training/sa_repr_mean: 33.453 +/- 0.000
step: 27680768, training/g_repr_mean: 68.446 +/- 0.000
step: 27680768, training/sa_repr_std: 18.444 +/- 0.000
step: 27680768, training/g_repr_std: 46.697 +/- 0.000
step: 27680768, training/l_align: 59.073 +/- 0.000
step: 27680768, training/l_unif: -57.797 +/- 0.000
step: 27680768, training/context_info_loss: 0.184 +/- 0.000
step: 27680768, training/context_mean_norm: 9.970 +/- 0.000
step: 27680768, training/context_std_mean: 0.285 +/- 0.000
obs shape (1, 31)
LOGITS (1, 16)
ACTION SHAPE (1, 8)
step: 28283904, eval/episode_dist: 2011.627 +/- 0.000
step: 28283904, eval/episode_reward_survive: 958.477 +/- 0.000
step: 28283904, eval/episode_success: 222.934 +/- 0.000
step: 28283904, eval/episode_success_easy: 724.461 +/- 0.000
step: 28283904, eval/episode_success_any: 0.887 +/- 0.000
step: 28283904, eval/episode_success_hard: 0.000 +/- 0.000
step: 28283904, eval/episode_success_pos: 0.000 +/- 0.000
step: 28283904, eval/episode_success_rot: 0.000 +/- 0.000
step: 28283904, eval/episode_success_vel: 0.000 +/- 0.000
step: 28283904, eval/episode_success_ang: 0.000 +/- 0.000
step: 28283904, training/crl_critic_loss: 0.000 +/- 0.000
step: 28283904, training/actor_loss: 62.396 +/- 0.000
step: 28283904, training/binary_accuracy: 0.996 +/- 0.000
step: 28283904, training/categorical_accuracy: 0.128 +/- 0.000
step: 28283904, training/logits_pos: -62.970 +/- 0.000
step: 28283904, training/logits_neg: -81.360 +/- 0.000
step: 28283904, training/logsumexp: 1889.296 +/- 0.000
step: 28283904, training/sps: 5040.125 +/- 0.000
step: 28283904, training/entropy: -3.993 +/- 0.000
step: 28283904, training/alpha: 0.019 +/- 0.000
step: 28283904, training/alpha_loss: 0.000 +/- 0.000
step: 28283904, training/sa_repr_mean: 34.174 +/- 0.000
step: 28283904, training/g_repr_mean: 72.414 +/- 0.000
step: 28283904, training/sa_repr_std: 19.189 +/- 0.000
step: 28283904, training/g_repr_std: 49.050 +/- 0.000
step: 28283904, training/l_align: 62.970 +/- 0.000
step: 28283904, training/l_unif: -61.697 +/- 0.000
step: 28283904, training/context_info_loss: 0.124 +/- 0.000
step: 28283904, training/context_mean_norm: 9.989 +/- 0.000
step: 28283904, training/context_std_mean: 0.286 +/- 0.000
step: 28887040, eval/episode_dist: 1979.645 +/- 0.000
step: 28887040, eval/episode_reward_survive: 908.199 +/- 0.000
step: 28887040, eval/episode_success: 173.699 +/- 0.000
step: 28887040, eval/episode_success_easy: 678.152 +/- 0.000
step: 28887040, eval/episode_success_any: 0.863 +/- 0.000
step: 28887040, eval/episode_success_hard: 0.000 +/- 0.000
step: 28887040, eval/episode_success_pos: 0.000 +/- 0.000
step: 28887040, eval/episode_success_rot: 0.000 +/- 0.000
step: 28887040, eval/episode_success_vel: 0.000 +/- 0.000
step: 28887040, eval/episode_success_ang: 0.000 +/- 0.000
step: 28887040, training/crl_critic_loss: 0.000 +/- 0.000
step: 28887040, training/actor_loss: 68.387 +/- 0.000
step: 28887040, training/binary_accuracy: 0.996 +/- 0.000
step: 28887040, training/categorical_accuracy: 0.116 +/- 0.000
step: 28887040, training/logits_pos: -68.948 +/- 0.000
step: 28887040, training/logits_neg: -88.427 +/- 0.000
step: 28887040, training/logsumexp: 2095.845 +/- 0.000
step: 28887040, training/sps: 5037.010 +/- 0.000
step: 28887040, training/entropy: -4.011 +/- 0.000
step: 28887040, training/alpha: 0.019 +/- 0.000
step: 28887040, training/alpha_loss: -0.000 +/- 0.000
step: 28887040, training/sa_repr_mean: 36.444 +/- 0.000
step: 28887040, training/g_repr_mean: 78.709 +/- 0.000
step: 28887040, training/sa_repr_std: 20.818 +/- 0.000
step: 28887040, training/g_repr_std: 55.511 +/- 0.000
step: 28887040, training/l_align: 68.948 +/- 0.000
step: 28887040, training/l_unif: -67.730 +/- 0.000
step: 28887040, training/context_info_loss: 0.143 +/- 0.000
step: 28887040, training/context_mean_norm: 9.983 +/- 0.000
step: 28887040, training/context_std_mean: 0.286 +/- 0.000
step: 29490176, eval/episode_dist: 2165.975 +/- 0.000
step: 29490176, eval/episode_reward_survive: 969.809 +/- 0.000
step: 29490176, eval/episode_success: 211.539 +/- 0.000
step: 29490176, eval/episode_success_easy: 703.973 +/- 0.000
step: 29490176, eval/episode_success_any: 0.879 +/- 0.000
step: 29490176, eval/episode_success_hard: 0.000 +/- 0.000
step: 29490176, eval/episode_success_pos: 0.000 +/- 0.000
step: 29490176, eval/episode_success_rot: 0.000 +/- 0.000
step: 29490176, eval/episode_success_vel: 0.000 +/- 0.000
step: 29490176, eval/episode_success_ang: 0.000 +/- 0.000
step: 29490176, training/crl_critic_loss: 0.000 +/- 0.000
step: 29490176, training/actor_loss: 70.296 +/- 0.000
step: 29490176, training/binary_accuracy: 0.996 +/- 0.000
step: 29490176, training/categorical_accuracy: 0.121 +/- 0.000
step: 29490176, training/logits_pos: -70.854 +/- 0.000
step: 29490176, training/logits_neg: -90.261 +/- 0.000
step: 29490176, training/logsumexp: 2130.896 +/- 0.000
step: 29490176, training/sps: 5035.326 +/- 0.000
step: 29490176, training/entropy: -3.988 +/- 0.000
step: 29490176, training/alpha: 0.019 +/- 0.000
step: 29490176, training/alpha_loss: 0.000 +/- 0.000
step: 29490176, training/sa_repr_mean: 36.486 +/- 0.000
step: 29490176, training/g_repr_mean: 80.615 +/- 0.000
step: 29490176, training/sa_repr_std: 20.969 +/- 0.000
step: 29490176, training/g_repr_std: 58.581 +/- 0.000
step: 29490176, training/l_align: 70.854 +/- 0.000
step: 29490176, training/l_unif: -69.626 +/- 0.000
step: 29490176, training/context_info_loss: 0.119 +/- 0.000
step: 29490176, training/context_mean_norm: 9.972 +/- 0.000
step: 29490176, training/context_std_mean: 0.272 +/- 0.000
step: 30093312, eval/episode_dist: 2031.519 +/- 0.000
step: 30093312, eval/episode_reward_survive: 929.480 +/- 0.000
step: 30093312, eval/episode_success: 157.445 +/- 0.000
step: 30093312, eval/episode_success_easy: 683.414 +/- 0.000
step: 30093312, eval/episode_success_any: 0.832 +/- 0.000
step: 30093312, eval/episode_success_hard: 0.000 +/- 0.000
step: 30093312, eval/episode_success_pos: 0.000 +/- 0.000
step: 30093312, eval/episode_success_rot: 0.000 +/- 0.000
step: 30093312, eval/episode_success_vel: 0.000 +/- 0.000
step: 30093312, eval/episode_success_ang: 0.000 +/- 0.000
step: 30093312, training/crl_critic_loss: 0.000 +/- 0.000
step: 30093312, training/actor_loss: 71.748 +/- 0.000
step: 30093312, training/binary_accuracy: 0.996 +/- 0.000
step: 30093312, training/categorical_accuracy: 0.112 +/- 0.000
step: 30093312, training/logits_pos: -72.313 +/- 0.000
step: 30093312, training/logits_neg: -91.616 +/- 0.000
step: 30093312, training/logsumexp: 2136.169 +/- 0.000
step: 30093312, training/sps: 5037.422 +/- 0.000
step: 30093312, training/entropy: -3.995 +/- 0.000
step: 30093312, training/alpha: 0.020 +/- 0.000
step: 30093312, training/alpha_loss: 0.000 +/- 0.000
step: 30093312, training/sa_repr_mean: 36.562 +/- 0.000
step: 30093312, training/g_repr_mean: 81.995 +/- 0.000
step: 30093312, training/sa_repr_std: 20.742 +/- 0.000
step: 30093312, training/g_repr_std: 57.763 +/- 0.000
step: 30093312, training/l_align: 72.313 +/- 0.000
step: 30093312, training/l_unif: -71.096 +/- 0.000
step: 30093312, training/context_info_loss: -0.005 +/- 0.000
step: 30093312, training/context_mean_norm: 9.989 +/- 0.000
step: 30093312, training/context_std_mean: 0.270 +/- 0.000

  _     ._   __/__   _ _  _  _ _/_   Recorded: 05:55:03  Samples:  2714
 /_//_/// /_\ / //_// / //_'/ //     Duration: 6405.015  CPU time: 6402.021
/   _/                      v4.6.2

Program: training_goalkde.py --project_name test --group_name first_run --exp_name ant-goalkde-standard-1x-30000000-256-512-1e-4-1e-4-1e-4-2-della-maxent-gaussianmlp-1e-4 --num_evals 50 --seed 2 --num_timesteps 30000000 --batch_size 256 --num_envs 512 --discounting 0.99 --action_repeat 1 --env_name ant --episode_length 1025 --unroll_length 62 --n_hidden 8 --min_replay_size 1000 --max_replay_size 10000 --contrastive_loss_fn infonce_backward --energy_fn l2 --train_step_multiplier 1 --log_wandb --var_post standard --policy_lr 1e-4 --critic_lr 1e-4 --alpha_lr 1e-4

6404.934 <module>  training_goalkde.py:1
└─ 6404.934 main  training_goalkde.py:15
   └─ 6403.767 train  src/train_goalkde.py:748
      ├─ 5954.864 training_epoch_with_timing  src/train_goalkde.py:1227
      │  ├─ 5622.336 [self]  src/train_goalkde.py
      │  └─ 327.623 cache_miss  jax/_src/api.py:1788
      │        [14 frames hidden]  jax
      ├─ 287.026 MetricsRecorder.progress  utils.py:309
      │  └─ 284.343 render  utils.py:328
      │     ├─ 108.278 render  brax/io/html.py:56
      │     │     [7 frames hidden]  brax, jax
      │     └─ 102.288 cache_miss  jax/_src/pjit.py:246
      │           [8 frames hidden]  jax
      └─ 107.759 CrlEvaluator.run_evaluation  src/evaluator.py:22
         └─ 95.340 [self]  src/evaluator.py


[1;34mwandb[0m: 
[1;34mwandb[0m: You can sync this run to the cloud by running:
[1;34mwandb[0m: [1mwandb sync /home/kw2960/JaxGCRL/wandb/offline-run-20250819_055502-afwa5jw2[0m
[1;34mwandb[0m: Find logs at: [1;35mwandb/offline-run-20250819_055502-afwa5jw2/logs[0m
