Arguments:
{
    "action_repeat": 1,
    "alpha_lr": 0.0003,
    "backend": null,
    "batch_size": 256,
    "contrastive_loss_fn": "symmetric_infonce",
    "critic_lr": 0.0003,
    "disable_entropy_actor": false,
    "discounting": 0.99,
    "discriminator_lr": 0.0003,
    "energy_fn": "l2",
    "entropy_alpha": 1e-06,
    "env_name": "pusher_easy",
    "episode_length": 1025,
    "eval_env": null,
    "exp_name": "pusher_easy-ppo-numenvs512-numtimesteps60000000-batchsize256-1-della-maxent-gaussianmlp-",
    "generator_lr": 0.0003,
    "group_name": "first_run",
    "h_dim": 256,
    "l2_penalty": 0.0,
    "log_wandb": true,
    "logsumexp_penalty": 0.0,
    "max_replay_size": 10000,
    "min_replay_size": 1000,
    "n_hidden": 8,
    "no_resubs": false,
    "noise_dim": 4,
    "num_envs": 512,
    "num_eval_envs": 256,
    "num_evals": 50,
    "num_timesteps": 60000000,
    "policy_lr": 0.0003,
    "project_name": "test",
    "random_goals": 0.0,
    "repr_dim": 64,
    "saved_ckpt_path": null,
    "seed": 1,
    "train_step_multiplier": 1,
    "unroll_length": 62,
    "use_dense_reward": true,
    "use_generator_for_targets": false,
    "use_her": false,
    "use_ln": false,
    "var_post": "meanfield",
    "visualization_interval": 5
}
Num_minibatches 16
Updates per environment step: 0.0020161290322580645
step: 0, eval/episode_reward: 8.008 +/- 0.000
step: 0, eval/episode_reward_ctrl: -1946.070 +/- 0.000
step: 0, eval/episode_reward_dist: -328.629 +/- 0.000
step: 0, eval/episode_reward_near: -729.274 +/- 0.000
step: 0, eval/episode_success: 8.008 +/- 0.000
step: 0, eval/episode_success_hard: 0.000 +/- 0.000
step: 0, eval/episode_success_any: 0.008 +/- 0.000
step: 0, eval/episode_success_easy: 0.000 +/- 0.000
step: 0, eval/episode_dist: 0.000 +/- 0.000
step: 0, eval/episode_reward_survive: 0.000 +/- 0.000
step: 0, training/actor_loss: 0.000 +/- 0.000
step: 0, training/critic_loss: 0.000 +/- 0.000
step: 0, training/sps: 0.000 +/- 0.000
step: 0, training/entropy: 0.000 +/- 0.000
step: 0, training/alpha: 0.000 +/- 0.000
step: 0, training/alpha_loss: 0.000 +/- 0.000
step: 1269760, eval/episode_reward: 24.023 +/- 0.000
step: 1269760, eval/episode_reward_ctrl: -1979.551 +/- 0.000
step: 1269760, eval/episode_reward_dist: -336.744 +/- 0.000
step: 1269760, eval/episode_reward_near: -838.688 +/- 0.000
step: 1269760, eval/episode_success: 24.023 +/- 0.000
step: 1269760, eval/episode_success_hard: 0.000 +/- 0.000
step: 1269760, eval/episode_success_any: 0.023 +/- 0.000
step: 1269760, eval/episode_success_easy: 0.000 +/- 0.000
step: 1269760, eval/episode_dist: 0.000 +/- 0.000
step: 1269760, eval/episode_reward_survive: 0.000 +/- 0.000
step: 1269760, training/actor_loss: 0.000 +/- 0.000
step: 1269760, training/critic_loss: 0.000 +/- 0.000
step: 1269760, training/sps: 21095.832 +/- 0.000
step: 1269760, training/entropy: 0.000 +/- 0.000
step: 1269760, training/alpha: 0.000 +/- 0.000
step: 1269760, training/alpha_loss: 0.000 +/- 0.000
step: 2539520, eval/episode_reward: 0.000 +/- 0.000
step: 2539520, eval/episode_reward_ctrl: -2010.817 +/- 0.000
step: 2539520, eval/episode_reward_dist: -320.070 +/- 0.000
step: 2539520, eval/episode_reward_near: -985.716 +/- 0.000
step: 2539520, eval/episode_success: 0.000 +/- 0.000
step: 2539520, eval/episode_success_hard: 0.000 +/- 0.000
step: 2539520, eval/episode_success_any: 0.000 +/- 0.000
step: 2539520, eval/episode_success_easy: 0.000 +/- 0.000
step: 2539520, eval/episode_dist: 0.000 +/- 0.000
step: 2539520, eval/episode_reward_survive: 0.000 +/- 0.000
step: 2539520, training/actor_loss: 0.000 +/- 0.000
step: 2539520, training/critic_loss: 0.000 +/- 0.000
step: 2539520, training/sps: 30805.244 +/- 0.000
step: 2539520, training/entropy: 0.000 +/- 0.000
step: 2539520, training/alpha: 0.000 +/- 0.000
step: 2539520, training/alpha_loss: 0.000 +/- 0.000
step: 3809280, eval/episode_reward: 48.047 +/- 0.000
step: 3809280, eval/episode_reward_ctrl: -1995.355 +/- 0.000
step: 3809280, eval/episode_reward_dist: -323.926 +/- 0.000
step: 3809280, eval/episode_reward_near: -1118.557 +/- 0.000
step: 3809280, eval/episode_success: 48.047 +/- 0.000
step: 3809280, eval/episode_success_hard: 0.000 +/- 0.000
step: 3809280, eval/episode_success_any: 0.047 +/- 0.000
step: 3809280, eval/episode_success_easy: 0.000 +/- 0.000
step: 3809280, eval/episode_dist: 0.000 +/- 0.000
step: 3809280, eval/episode_reward_survive: 0.000 +/- 0.000
step: 3809280, training/actor_loss: 0.000 +/- 0.000
step: 3809280, training/critic_loss: 0.000 +/- 0.000
step: 3809280, training/sps: 30833.012 +/- 0.000
step: 3809280, training/entropy: 0.000 +/- 0.000
step: 3809280, training/alpha: 0.000 +/- 0.000
step: 3809280, training/alpha_loss: 0.000 +/- 0.000
step: 5079040, eval/episode_reward: 24.023 +/- 0.000
step: 5079040, eval/episode_reward_ctrl: -2008.193 +/- 0.000
step: 5079040, eval/episode_reward_dist: -318.533 +/- 0.000
step: 5079040, eval/episode_reward_near: -1052.048 +/- 0.000
step: 5079040, eval/episode_success: 24.023 +/- 0.000
step: 5079040, eval/episode_success_hard: 0.000 +/- 0.000
step: 5079040, eval/episode_success_any: 0.023 +/- 0.000
step: 5079040, eval/episode_success_easy: 0.000 +/- 0.000
step: 5079040, eval/episode_dist: 0.000 +/- 0.000
step: 5079040, eval/episode_reward_survive: 0.000 +/- 0.000
step: 5079040, training/actor_loss: 0.000 +/- 0.000
step: 5079040, training/critic_loss: 0.000 +/- 0.000
step: 5079040, training/sps: 30834.107 +/- 0.000
step: 5079040, training/entropy: 0.000 +/- 0.000
step: 5079040, training/alpha: 0.000 +/- 0.000
step: 5079040, training/alpha_loss: 0.000 +/- 0.000
step: 6348800, eval/episode_reward: 16.016 +/- 0.000
step: 6348800, eval/episode_reward_ctrl: -2059.544 +/- 0.000
step: 6348800, eval/episode_reward_dist: -318.187 +/- 0.000
step: 6348800, eval/episode_reward_near: -1049.331 +/- 0.000
step: 6348800, eval/episode_success: 16.016 +/- 0.000
step: 6348800, eval/episode_success_hard: 0.000 +/- 0.000
step: 6348800, eval/episode_success_any: 0.016 +/- 0.000
step: 6348800, eval/episode_success_easy: 0.000 +/- 0.000
step: 6348800, eval/episode_dist: 0.000 +/- 0.000
step: 6348800, eval/episode_reward_survive: 0.000 +/- 0.000
step: 6348800, training/actor_loss: 0.000 +/- 0.000
step: 6348800, training/critic_loss: 0.000 +/- 0.000
step: 6348800, training/sps: 30801.190 +/- 0.000
step: 6348800, training/entropy: 0.000 +/- 0.000
step: 6348800, training/alpha: 0.000 +/- 0.000
step: 6348800, training/alpha_loss: 0.000 +/- 0.000
step: 7618560, eval/episode_reward: 32.031 +/- 0.000
step: 7618560, eval/episode_reward_ctrl: -2130.447 +/- 0.000
step: 7618560, eval/episode_reward_dist: -313.446 +/- 0.000
step: 7618560, eval/episode_reward_near: -1029.584 +/- 0.000
step: 7618560, eval/episode_success: 32.031 +/- 0.000
step: 7618560, eval/episode_success_hard: 0.000 +/- 0.000
step: 7618560, eval/episode_success_any: 0.031 +/- 0.000
step: 7618560, eval/episode_success_easy: 0.000 +/- 0.000
step: 7618560, eval/episode_dist: 0.000 +/- 0.000
step: 7618560, eval/episode_reward_survive: 0.000 +/- 0.000
step: 7618560, training/actor_loss: 0.000 +/- 0.000
step: 7618560, training/critic_loss: 0.000 +/- 0.000
step: 7618560, training/sps: 30890.999 +/- 0.000
step: 7618560, training/entropy: 0.000 +/- 0.000
step: 7618560, training/alpha: 0.000 +/- 0.000
step: 7618560, training/alpha_loss: 0.000 +/- 0.000
step: 8888320, eval/episode_reward: 16.016 +/- 0.000
step: 8888320, eval/episode_reward_ctrl: -2068.102 +/- 0.000
step: 8888320, eval/episode_reward_dist: -319.469 +/- 0.000
step: 8888320, eval/episode_reward_near: -1055.022 +/- 0.000
step: 8888320, eval/episode_success: 16.016 +/- 0.000
step: 8888320, eval/episode_success_hard: 0.000 +/- 0.000
step: 8888320, eval/episode_success_any: 0.016 +/- 0.000
step: 8888320, eval/episode_success_easy: 0.000 +/- 0.000
step: 8888320, eval/episode_dist: 0.000 +/- 0.000
step: 8888320, eval/episode_reward_survive: 0.000 +/- 0.000
step: 8888320, training/actor_loss: 0.000 +/- 0.000
step: 8888320, training/critic_loss: 0.000 +/- 0.000
step: 8888320, training/sps: 30778.686 +/- 0.000
step: 8888320, training/entropy: 0.000 +/- 0.000
step: 8888320, training/alpha: 0.000 +/- 0.000
step: 8888320, training/alpha_loss: 0.000 +/- 0.000
step: 10158080, eval/episode_reward: 16.016 +/- 0.000
step: 10158080, eval/episode_reward_ctrl: -1961.041 +/- 0.000
step: 10158080, eval/episode_reward_dist: -353.147 +/- 0.000
step: 10158080, eval/episode_reward_near: -1188.596 +/- 0.000
step: 10158080, eval/episode_success: 16.016 +/- 0.000
step: 10158080, eval/episode_success_hard: 0.000 +/- 0.000
step: 10158080, eval/episode_success_any: 0.016 +/- 0.000
step: 10158080, eval/episode_success_easy: 0.000 +/- 0.000
step: 10158080, eval/episode_dist: 0.000 +/- 0.000
step: 10158080, eval/episode_reward_survive: 0.000 +/- 0.000
step: 10158080, training/actor_loss: 0.000 +/- 0.000
step: 10158080, training/critic_loss: 0.000 +/- 0.000
step: 10158080, training/sps: 30865.360 +/- 0.000
step: 10158080, training/entropy: 0.000 +/- 0.000
step: 10158080, training/alpha: 0.000 +/- 0.000
step: 10158080, training/alpha_loss: 0.000 +/- 0.000
step: 11427840, eval/episode_reward: 56.055 +/- 0.000
step: 11427840, eval/episode_reward_ctrl: -1966.403 +/- 0.000
step: 11427840, eval/episode_reward_dist: -325.033 +/- 0.000
step: 11427840, eval/episode_reward_near: -758.365 +/- 0.000
step: 11427840, eval/episode_success: 56.055 +/- 0.000
step: 11427840, eval/episode_success_hard: 8.008 +/- 0.000
step: 11427840, eval/episode_success_any: 0.055 +/- 0.000
step: 11427840, eval/episode_success_easy: 0.000 +/- 0.000
step: 11427840, eval/episode_dist: 0.000 +/- 0.000
step: 11427840, eval/episode_reward_survive: 0.000 +/- 0.000
step: 11427840, training/actor_loss: 0.000 +/- 0.000
step: 11427840, training/critic_loss: 0.000 +/- 0.000
step: 11427840, training/sps: 30830.453 +/- 0.000
step: 11427840, training/entropy: 0.000 +/- 0.000
step: 11427840, training/alpha: 0.000 +/- 0.000
step: 11427840, training/alpha_loss: 0.000 +/- 0.000
step: 12697600, eval/episode_reward: 0.000 +/- 0.000
step: 12697600, eval/episode_reward_ctrl: -2005.986 +/- 0.000
step: 12697600, eval/episode_reward_dist: -332.154 +/- 0.000
step: 12697600, eval/episode_reward_near: -739.556 +/- 0.000
step: 12697600, eval/episode_success: 0.000 +/- 0.000
step: 12697600, eval/episode_success_hard: 0.000 +/- 0.000
step: 12697600, eval/episode_success_any: 0.000 +/- 0.000
step: 12697600, eval/episode_success_easy: 0.000 +/- 0.000
step: 12697600, eval/episode_dist: 0.000 +/- 0.000
step: 12697600, eval/episode_reward_survive: 0.000 +/- 0.000
step: 12697600, training/actor_loss: 0.000 +/- 0.000
step: 12697600, training/critic_loss: 0.000 +/- 0.000
step: 12697600, training/sps: 30766.331 +/- 0.000
step: 12697600, training/entropy: 0.000 +/- 0.000
step: 12697600, training/alpha: 0.000 +/- 0.000
step: 12697600, training/alpha_loss: 0.000 +/- 0.000
step: 13967360, eval/episode_reward: 32.031 +/- 0.000
step: 13967360, eval/episode_reward_ctrl: -2065.769 +/- 0.000
step: 13967360, eval/episode_reward_dist: -328.102 +/- 0.000
step: 13967360, eval/episode_reward_near: -1055.065 +/- 0.000
step: 13967360, eval/episode_success: 32.031 +/- 0.000
step: 13967360, eval/episode_success_hard: 0.000 +/- 0.000
step: 13967360, eval/episode_success_any: 0.031 +/- 0.000
step: 13967360, eval/episode_success_easy: 0.000 +/- 0.000
step: 13967360, eval/episode_dist: 0.000 +/- 0.000
step: 13967360, eval/episode_reward_survive: 0.000 +/- 0.000
step: 13967360, training/actor_loss: 0.000 +/- 0.000
step: 13967360, training/critic_loss: 0.000 +/- 0.000
step: 13967360, training/sps: 30796.504 +/- 0.000
step: 13967360, training/entropy: 0.000 +/- 0.000
step: 13967360, training/alpha: 0.000 +/- 0.000
step: 13967360, training/alpha_loss: 0.000 +/- 0.000
step: 15237120, eval/episode_reward: 8.008 +/- 0.000
step: 15237120, eval/episode_reward_ctrl: -2162.684 +/- 0.000
step: 15237120, eval/episode_reward_dist: -341.263 +/- 0.000
step: 15237120, eval/episode_reward_near: -898.607 +/- 0.000
step: 15237120, eval/episode_success: 8.008 +/- 0.000
step: 15237120, eval/episode_success_hard: 0.000 +/- 0.000
step: 15237120, eval/episode_success_any: 0.008 +/- 0.000
step: 15237120, eval/episode_success_easy: 0.000 +/- 0.000
step: 15237120, eval/episode_dist: 0.000 +/- 0.000
step: 15237120, eval/episode_reward_survive: 0.000 +/- 0.000
step: 15237120, training/actor_loss: 0.000 +/- 0.000
step: 15237120, training/critic_loss: 0.000 +/- 0.000
step: 15237120, training/sps: 30778.953 +/- 0.000
step: 15237120, training/entropy: 0.000 +/- 0.000
step: 15237120, training/alpha: 0.000 +/- 0.000
step: 15237120, training/alpha_loss: 0.000 +/- 0.000
step: 16506880, eval/episode_reward: 24.023 +/- 0.000
step: 16506880, eval/episode_reward_ctrl: -2167.916 +/- 0.000
step: 16506880, eval/episode_reward_dist: -338.021 +/- 0.000
step: 16506880, eval/episode_reward_near: -1383.504 +/- 0.000
step: 16506880, eval/episode_success: 24.023 +/- 0.000
step: 16506880, eval/episode_success_hard: 0.000 +/- 0.000
step: 16506880, eval/episode_success_any: 0.023 +/- 0.000
step: 16506880, eval/episode_success_easy: 0.000 +/- 0.000
step: 16506880, eval/episode_dist: 0.000 +/- 0.000
step: 16506880, eval/episode_reward_survive: 0.000 +/- 0.000
step: 16506880, training/actor_loss: 0.000 +/- 0.000
step: 16506880, training/critic_loss: 0.000 +/- 0.000
step: 16506880, training/sps: 30820.202 +/- 0.000
step: 16506880, training/entropy: 0.000 +/- 0.000
step: 16506880, training/alpha: 0.000 +/- 0.000
step: 16506880, training/alpha_loss: 0.000 +/- 0.000
step: 17776640, eval/episode_reward: 32.031 +/- 0.000
step: 17776640, eval/episode_reward_ctrl: -2203.034 +/- 0.000
step: 17776640, eval/episode_reward_dist: -330.545 +/- 0.000
step: 17776640, eval/episode_reward_near: -1371.898 +/- 0.000
step: 17776640, eval/episode_success: 32.031 +/- 0.000
step: 17776640, eval/episode_success_hard: 8.008 +/- 0.000
step: 17776640, eval/episode_success_any: 0.031 +/- 0.000
step: 17776640, eval/episode_success_easy: 0.000 +/- 0.000
step: 17776640, eval/episode_dist: 0.000 +/- 0.000
step: 17776640, eval/episode_reward_survive: 0.000 +/- 0.000
step: 17776640, training/actor_loss: 0.000 +/- 0.000
step: 17776640, training/critic_loss: 0.000 +/- 0.000
step: 17776640, training/sps: 30876.329 +/- 0.000
step: 17776640, training/entropy: 0.000 +/- 0.000
step: 17776640, training/alpha: 0.000 +/- 0.000
step: 17776640, training/alpha_loss: 0.000 +/- 0.000
step: 19046400, eval/episode_reward: 24.023 +/- 0.000
step: 19046400, eval/episode_reward_ctrl: -2186.230 +/- 0.000
step: 19046400, eval/episode_reward_dist: -334.428 +/- 0.000
step: 19046400, eval/episode_reward_near: -1403.556 +/- 0.000
step: 19046400, eval/episode_success: 24.023 +/- 0.000
step: 19046400, eval/episode_success_hard: 0.000 +/- 0.000
step: 19046400, eval/episode_success_any: 0.023 +/- 0.000
step: 19046400, eval/episode_success_easy: 0.000 +/- 0.000
step: 19046400, eval/episode_dist: 0.000 +/- 0.000
step: 19046400, eval/episode_reward_survive: 0.000 +/- 0.000
step: 19046400, training/actor_loss: 0.000 +/- 0.000
step: 19046400, training/critic_loss: 0.000 +/- 0.000
step: 19046400, training/sps: 30862.568 +/- 0.000
step: 19046400, training/entropy: 0.000 +/- 0.000
step: 19046400, training/alpha: 0.000 +/- 0.000
step: 19046400, training/alpha_loss: 0.000 +/- 0.000
step: 20316160, eval/episode_reward: 24.023 +/- 0.000
step: 20316160, eval/episode_reward_ctrl: -2205.013 +/- 0.000
step: 20316160, eval/episode_reward_dist: -364.466 +/- 0.000
step: 20316160, eval/episode_reward_near: -1361.318 +/- 0.000
step: 20316160, eval/episode_success: 24.023 +/- 0.000
step: 20316160, eval/episode_success_hard: 0.000 +/- 0.000
step: 20316160, eval/episode_success_any: 0.023 +/- 0.000
step: 20316160, eval/episode_success_easy: 0.000 +/- 0.000
step: 20316160, eval/episode_dist: 0.000 +/- 0.000
step: 20316160, eval/episode_reward_survive: 0.000 +/- 0.000
step: 20316160, training/actor_loss: 0.000 +/- 0.000
step: 20316160, training/critic_loss: 0.000 +/- 0.000
step: 20316160, training/sps: 30845.670 +/- 0.000
step: 20316160, training/entropy: 0.000 +/- 0.000
step: 20316160, training/alpha: 0.000 +/- 0.000
step: 20316160, training/alpha_loss: 0.000 +/- 0.000
step: 21585920, eval/episode_reward: 24.023 +/- 0.000
step: 21585920, eval/episode_reward_ctrl: -2134.391 +/- 0.000
step: 21585920, eval/episode_reward_dist: -336.804 +/- 0.000
step: 21585920, eval/episode_reward_near: -1174.613 +/- 0.000
step: 21585920, eval/episode_success: 24.023 +/- 0.000
step: 21585920, eval/episode_success_hard: 0.000 +/- 0.000
step: 21585920, eval/episode_success_any: 0.023 +/- 0.000
step: 21585920, eval/episode_success_easy: 0.000 +/- 0.000
step: 21585920, eval/episode_dist: 0.000 +/- 0.000
step: 21585920, eval/episode_reward_survive: 0.000 +/- 0.000
step: 21585920, training/actor_loss: 0.000 +/- 0.000
step: 21585920, training/critic_loss: 0.000 +/- 0.000
step: 21585920, training/sps: 30848.790 +/- 0.000
step: 21585920, training/entropy: 0.000 +/- 0.000
step: 21585920, training/alpha: 0.000 +/- 0.000
step: 21585920, training/alpha_loss: 0.000 +/- 0.000
step: 22855680, eval/episode_reward: 24.023 +/- 0.000
step: 22855680, eval/episode_reward_ctrl: -2121.182 +/- 0.000
step: 22855680, eval/episode_reward_dist: -319.617 +/- 0.000
step: 22855680, eval/episode_reward_near: -699.460 +/- 0.000
step: 22855680, eval/episode_success: 24.023 +/- 0.000
step: 22855680, eval/episode_success_hard: 0.000 +/- 0.000
step: 22855680, eval/episode_success_any: 0.023 +/- 0.000
step: 22855680, eval/episode_success_easy: 0.000 +/- 0.000
step: 22855680, eval/episode_dist: 0.000 +/- 0.000
step: 22855680, eval/episode_reward_survive: 0.000 +/- 0.000
step: 22855680, training/actor_loss: 0.000 +/- 0.000
step: 22855680, training/critic_loss: 0.000 +/- 0.000
step: 22855680, training/sps: 30813.493 +/- 0.000
step: 22855680, training/entropy: 0.000 +/- 0.000
step: 22855680, training/alpha: 0.000 +/- 0.000
step: 22855680, training/alpha_loss: 0.000 +/- 0.000
step: 24125440, eval/episode_reward: 40.039 +/- 0.000
step: 24125440, eval/episode_reward_ctrl: -2199.009 +/- 0.000
step: 24125440, eval/episode_reward_dist: -385.349 +/- 0.000
step: 24125440, eval/episode_reward_near: -987.380 +/- 0.000
step: 24125440, eval/episode_success: 40.039 +/- 0.000
step: 24125440, eval/episode_success_hard: 0.000 +/- 0.000
step: 24125440, eval/episode_success_any: 0.039 +/- 0.000
step: 24125440, eval/episode_success_easy: 0.000 +/- 0.000
step: 24125440, eval/episode_dist: 0.000 +/- 0.000
step: 24125440, eval/episode_reward_survive: 0.000 +/- 0.000
step: 24125440, training/actor_loss: 0.000 +/- 0.000
step: 24125440, training/critic_loss: 0.000 +/- 0.000
step: 24125440, training/sps: 30778.229 +/- 0.000
step: 24125440, training/entropy: 0.000 +/- 0.000
step: 24125440, training/alpha: 0.000 +/- 0.000
step: 24125440, training/alpha_loss: 0.000 +/- 0.000
step: 25395200, eval/episode_reward: 32.031 +/- 0.000
step: 25395200, eval/episode_reward_ctrl: -2142.012 +/- 0.000
step: 25395200, eval/episode_reward_dist: -331.029 +/- 0.000
step: 25395200, eval/episode_reward_near: -1055.840 +/- 0.000
step: 25395200, eval/episode_success: 32.031 +/- 0.000
step: 25395200, eval/episode_success_hard: 8.008 +/- 0.000
step: 25395200, eval/episode_success_any: 0.031 +/- 0.000
step: 25395200, eval/episode_success_easy: 0.000 +/- 0.000
step: 25395200, eval/episode_dist: 0.000 +/- 0.000
step: 25395200, eval/episode_reward_survive: 0.000 +/- 0.000
step: 25395200, training/actor_loss: 0.000 +/- 0.000
step: 25395200, training/critic_loss: 0.000 +/- 0.000
step: 25395200, training/sps: 30885.406 +/- 0.000
step: 25395200, training/entropy: 0.000 +/- 0.000
step: 25395200, training/alpha: 0.000 +/- 0.000
step: 25395200, training/alpha_loss: 0.000 +/- 0.000
step: 26664960, eval/episode_reward: 16.016 +/- 0.000
step: 26664960, eval/episode_reward_ctrl: -2103.481 +/- 0.000
step: 26664960, eval/episode_reward_dist: -359.126 +/- 0.000
step: 26664960, eval/episode_reward_near: -1055.984 +/- 0.000
step: 26664960, eval/episode_success: 16.016 +/- 0.000
step: 26664960, eval/episode_success_hard: 0.000 +/- 0.000
step: 26664960, eval/episode_success_any: 0.016 +/- 0.000
step: 26664960, eval/episode_success_easy: 0.000 +/- 0.000
step: 26664960, eval/episode_dist: 0.000 +/- 0.000
step: 26664960, eval/episode_reward_survive: 0.000 +/- 0.000
step: 26664960, training/actor_loss: 0.000 +/- 0.000
step: 26664960, training/critic_loss: 0.000 +/- 0.000
step: 26664960, training/sps: 30851.382 +/- 0.000
step: 26664960, training/entropy: 0.000 +/- 0.000
step: 26664960, training/alpha: 0.000 +/- 0.000
step: 26664960, training/alpha_loss: 0.000 +/- 0.000
step: 27934720, eval/episode_reward: 24.023 +/- 0.000
step: 27934720, eval/episode_reward_ctrl: -2122.967 +/- 0.000
step: 27934720, eval/episode_reward_dist: -315.047 +/- 0.000
step: 27934720, eval/episode_reward_near: -1093.231 +/- 0.000
step: 27934720, eval/episode_success: 24.023 +/- 0.000
step: 27934720, eval/episode_success_hard: 0.000 +/- 0.000
step: 27934720, eval/episode_success_any: 0.023 +/- 0.000
step: 27934720, eval/episode_success_easy: 0.000 +/- 0.000
step: 27934720, eval/episode_dist: 0.000 +/- 0.000
step: 27934720, eval/episode_reward_survive: 0.000 +/- 0.000
step: 27934720, training/actor_loss: 0.000 +/- 0.000
step: 27934720, training/critic_loss: 0.000 +/- 0.000
step: 27934720, training/sps: 30957.562 +/- 0.000
step: 27934720, training/entropy: 0.000 +/- 0.000
step: 27934720, training/alpha: 0.000 +/- 0.000
step: 27934720, training/alpha_loss: 0.000 +/- 0.000
step: 29204480, eval/episode_reward: 8.008 +/- 0.000
step: 29204480, eval/episode_reward_ctrl: -2118.234 +/- 0.000
step: 29204480, eval/episode_reward_dist: -335.260 +/- 0.000
step: 29204480, eval/episode_reward_near: -1162.605 +/- 0.000
step: 29204480, eval/episode_success: 8.008 +/- 0.000
step: 29204480, eval/episode_success_hard: 0.000 +/- 0.000
step: 29204480, eval/episode_success_any: 0.008 +/- 0.000
step: 29204480, eval/episode_success_easy: 0.000 +/- 0.000
step: 29204480, eval/episode_dist: 0.000 +/- 0.000
step: 29204480, eval/episode_reward_survive: 0.000 +/- 0.000
step: 29204480, training/actor_loss: 0.000 +/- 0.000
step: 29204480, training/critic_loss: 0.000 +/- 0.000
step: 29204480, training/sps: 30886.285 +/- 0.000
step: 29204480, training/entropy: 0.000 +/- 0.000
step: 29204480, training/alpha: 0.000 +/- 0.000
step: 29204480, training/alpha_loss: 0.000 +/- 0.000
step: 30474240, eval/episode_reward: 16.016 +/- 0.000
step: 30474240, eval/episode_reward_ctrl: -2117.884 +/- 0.000
step: 30474240, eval/episode_reward_dist: -336.762 +/- 0.000
step: 30474240, eval/episode_reward_near: -1097.640 +/- 0.000
step: 30474240, eval/episode_success: 16.016 +/- 0.000
step: 30474240, eval/episode_success_hard: 0.000 +/- 0.000
step: 30474240, eval/episode_success_any: 0.016 +/- 0.000
step: 30474240, eval/episode_success_easy: 0.000 +/- 0.000
step: 30474240, eval/episode_dist: 0.000 +/- 0.000
step: 30474240, eval/episode_reward_survive: 0.000 +/- 0.000
step: 30474240, training/actor_loss: 0.000 +/- 0.000
step: 30474240, training/critic_loss: 0.000 +/- 0.000
step: 30474240, training/sps: 30965.582 +/- 0.000
step: 30474240, training/entropy: 0.000 +/- 0.000
step: 30474240, training/alpha: 0.000 +/- 0.000
step: 30474240, training/alpha_loss: 0.000 +/- 0.000
step: 31744000, eval/episode_reward: 0.000 +/- 0.000
step: 31744000, eval/episode_reward_ctrl: -2147.846 +/- 0.000
step: 31744000, eval/episode_reward_dist: -328.245 +/- 0.000
step: 31744000, eval/episode_reward_near: -1052.006 +/- 0.000
step: 31744000, eval/episode_success: 0.000 +/- 0.000
step: 31744000, eval/episode_success_hard: 0.000 +/- 0.000
step: 31744000, eval/episode_success_any: 0.000 +/- 0.000
step: 31744000, eval/episode_success_easy: 0.000 +/- 0.000
step: 31744000, eval/episode_dist: 0.000 +/- 0.000
step: 31744000, eval/episode_reward_survive: 0.000 +/- 0.000
step: 31744000, training/actor_loss: 0.000 +/- 0.000
step: 31744000, training/critic_loss: 0.000 +/- 0.000
step: 31744000, training/sps: 30856.854 +/- 0.000
step: 31744000, training/entropy: 0.000 +/- 0.000
step: 31744000, training/alpha: 0.000 +/- 0.000
step: 31744000, training/alpha_loss: 0.000 +/- 0.000
step: 33013760, eval/episode_reward: 32.031 +/- 0.000
step: 33013760, eval/episode_reward_ctrl: -2133.830 +/- 0.000
step: 33013760, eval/episode_reward_dist: -349.154 +/- 0.000
step: 33013760, eval/episode_reward_near: -737.873 +/- 0.000
step: 33013760, eval/episode_success: 32.031 +/- 0.000
step: 33013760, eval/episode_success_hard: 0.000 +/- 0.000
step: 33013760, eval/episode_success_any: 0.031 +/- 0.000
step: 33013760, eval/episode_success_easy: 0.000 +/- 0.000
step: 33013760, eval/episode_dist: 0.000 +/- 0.000
step: 33013760, eval/episode_reward_survive: 0.000 +/- 0.000
step: 33013760, training/actor_loss: 0.000 +/- 0.000
step: 33013760, training/critic_loss: 0.000 +/- 0.000
step: 33013760, training/sps: 30963.524 +/- 0.000
step: 33013760, training/entropy: 0.000 +/- 0.000
step: 33013760, training/alpha: 0.000 +/- 0.000
step: 33013760, training/alpha_loss: 0.000 +/- 0.000
step: 34283520, eval/episode_reward: 0.000 +/- 0.000
step: 34283520, eval/episode_reward_ctrl: -2159.982 +/- 0.000
step: 34283520, eval/episode_reward_dist: -370.070 +/- 0.000
step: 34283520, eval/episode_reward_near: -615.763 +/- 0.000
step: 34283520, eval/episode_success: 0.000 +/- 0.000
step: 34283520, eval/episode_success_hard: 0.000 +/- 0.000
step: 34283520, eval/episode_success_any: 0.000 +/- 0.000
step: 34283520, eval/episode_success_easy: 0.000 +/- 0.000
step: 34283520, eval/episode_dist: 0.000 +/- 0.000
step: 34283520, eval/episode_reward_survive: 0.000 +/- 0.000
step: 34283520, training/actor_loss: 0.000 +/- 0.000
step: 34283520, training/critic_loss: 0.000 +/- 0.000
step: 34283520, training/sps: 30815.835 +/- 0.000
step: 34283520, training/entropy: 0.000 +/- 0.000
step: 34283520, training/alpha: 0.000 +/- 0.000
step: 34283520, training/alpha_loss: 0.000 +/- 0.000
step: 35553280, eval/episode_reward: 32.031 +/- 0.000
step: 35553280, eval/episode_reward_ctrl: -2169.991 +/- 0.000
step: 35553280, eval/episode_reward_dist: -323.347 +/- 0.000
step: 35553280, eval/episode_reward_near: -675.086 +/- 0.000
step: 35553280, eval/episode_success: 32.031 +/- 0.000
step: 35553280, eval/episode_success_hard: 0.000 +/- 0.000
step: 35553280, eval/episode_success_any: 0.031 +/- 0.000
step: 35553280, eval/episode_success_easy: 0.000 +/- 0.000
step: 35553280, eval/episode_dist: 0.000 +/- 0.000
step: 35553280, eval/episode_reward_survive: 0.000 +/- 0.000
step: 35553280, training/actor_loss: 0.000 +/- 0.000
step: 35553280, training/critic_loss: 0.000 +/- 0.000
step: 35553280, training/sps: 30943.241 +/- 0.000
step: 35553280, training/entropy: 0.000 +/- 0.000
step: 35553280, training/alpha: 0.000 +/- 0.000
step: 35553280, training/alpha_loss: 0.000 +/- 0.000
step: 36823040, eval/episode_reward: 16.016 +/- 0.000
step: 36823040, eval/episode_reward_ctrl: -2121.977 +/- 0.000
step: 36823040, eval/episode_reward_dist: -346.418 +/- 0.000
step: 36823040, eval/episode_reward_near: -549.374 +/- 0.000
step: 36823040, eval/episode_success: 16.016 +/- 0.000
step: 36823040, eval/episode_success_hard: 0.000 +/- 0.000
step: 36823040, eval/episode_success_any: 0.016 +/- 0.000
step: 36823040, eval/episode_success_easy: 0.000 +/- 0.000
step: 36823040, eval/episode_dist: 0.000 +/- 0.000
step: 36823040, eval/episode_reward_survive: 0.000 +/- 0.000
step: 36823040, training/actor_loss: 0.000 +/- 0.000
step: 36823040, training/critic_loss: 0.000 +/- 0.000
step: 36823040, training/sps: 30768.256 +/- 0.000
step: 36823040, training/entropy: 0.000 +/- 0.000
step: 36823040, training/alpha: 0.000 +/- 0.000
step: 36823040, training/alpha_loss: 0.000 +/- 0.000
step: 38092800, eval/episode_reward: 32.031 +/- 0.000
step: 38092800, eval/episode_reward_ctrl: -2123.801 +/- 0.000
step: 38092800, eval/episode_reward_dist: -335.911 +/- 0.000
step: 38092800, eval/episode_reward_near: -808.198 +/- 0.000
step: 38092800, eval/episode_success: 32.031 +/- 0.000
step: 38092800, eval/episode_success_hard: 0.000 +/- 0.000
step: 38092800, eval/episode_success_any: 0.031 +/- 0.000
step: 38092800, eval/episode_success_easy: 0.000 +/- 0.000
step: 38092800, eval/episode_dist: 0.000 +/- 0.000
step: 38092800, eval/episode_reward_survive: 0.000 +/- 0.000
step: 38092800, training/actor_loss: 0.000 +/- 0.000
step: 38092800, training/critic_loss: 0.000 +/- 0.000
step: 38092800, training/sps: 30840.346 +/- 0.000
step: 38092800, training/entropy: 0.000 +/- 0.000
step: 38092800, training/alpha: 0.000 +/- 0.000
step: 38092800, training/alpha_loss: 0.000 +/- 0.000
step: 39362560, eval/episode_reward: 40.039 +/- 0.000
step: 39362560, eval/episode_reward_ctrl: -2149.137 +/- 0.000
step: 39362560, eval/episode_reward_dist: -309.267 +/- 0.000
step: 39362560, eval/episode_reward_near: -809.858 +/- 0.000
step: 39362560, eval/episode_success: 40.039 +/- 0.000
step: 39362560, eval/episode_success_hard: 0.000 +/- 0.000
step: 39362560, eval/episode_success_any: 0.039 +/- 0.000
step: 39362560, eval/episode_success_easy: 0.000 +/- 0.000
step: 39362560, eval/episode_dist: 0.000 +/- 0.000
step: 39362560, eval/episode_reward_survive: 0.000 +/- 0.000
step: 39362560, training/actor_loss: 0.000 +/- 0.000
step: 39362560, training/critic_loss: 0.000 +/- 0.000
step: 39362560, training/sps: 30850.659 +/- 0.000
step: 39362560, training/entropy: 0.000 +/- 0.000
step: 39362560, training/alpha: 0.000 +/- 0.000
step: 39362560, training/alpha_loss: 0.000 +/- 0.000
step: 40632320, eval/episode_reward: 32.031 +/- 0.000
step: 40632320, eval/episode_reward_ctrl: -2156.349 +/- 0.000
step: 40632320, eval/episode_reward_dist: -328.464 +/- 0.000
step: 40632320, eval/episode_reward_near: -843.634 +/- 0.000
step: 40632320, eval/episode_success: 32.031 +/- 0.000
step: 40632320, eval/episode_success_hard: 0.000 +/- 0.000
step: 40632320, eval/episode_success_any: 0.031 +/- 0.000
step: 40632320, eval/episode_success_easy: 0.000 +/- 0.000
step: 40632320, eval/episode_dist: 0.000 +/- 0.000
step: 40632320, eval/episode_reward_survive: 0.000 +/- 0.000
step: 40632320, training/actor_loss: 0.000 +/- 0.000
step: 40632320, training/critic_loss: 0.000 +/- 0.000
step: 40632320, training/sps: 30742.406 +/- 0.000
step: 40632320, training/entropy: 0.000 +/- 0.000
step: 40632320, training/alpha: 0.000 +/- 0.000
step: 40632320, training/alpha_loss: 0.000 +/- 0.000
step: 41902080, eval/episode_reward: 0.000 +/- 0.000
step: 41902080, eval/episode_reward_ctrl: -2005.738 +/- 0.000
step: 41902080, eval/episode_reward_dist: -340.841 +/- 0.000
step: 41902080, eval/episode_reward_near: -729.941 +/- 0.000
step: 41902080, eval/episode_success: 0.000 +/- 0.000
step: 41902080, eval/episode_success_hard: 0.000 +/- 0.000
step: 41902080, eval/episode_success_any: 0.000 +/- 0.000
step: 41902080, eval/episode_success_easy: 0.000 +/- 0.000
step: 41902080, eval/episode_dist: 0.000 +/- 0.000
step: 41902080, eval/episode_reward_survive: 0.000 +/- 0.000
step: 41902080, training/actor_loss: 0.000 +/- 0.000
step: 41902080, training/critic_loss: 0.000 +/- 0.000
step: 41902080, training/sps: 30814.628 +/- 0.000
step: 41902080, training/entropy: 0.000 +/- 0.000
step: 41902080, training/alpha: 0.000 +/- 0.000
step: 41902080, training/alpha_loss: 0.000 +/- 0.000
step: 43171840, eval/episode_reward: 8.008 +/- 0.000
step: 43171840, eval/episode_reward_ctrl: -1934.453 +/- 0.000
step: 43171840, eval/episode_reward_dist: -329.652 +/- 0.000
step: 43171840, eval/episode_reward_near: -722.607 +/- 0.000
step: 43171840, eval/episode_success: 8.008 +/- 0.000
step: 43171840, eval/episode_success_hard: 0.000 +/- 0.000
step: 43171840, eval/episode_success_any: 0.008 +/- 0.000
step: 43171840, eval/episode_success_easy: 0.000 +/- 0.000
step: 43171840, eval/episode_dist: 0.000 +/- 0.000
step: 43171840, eval/episode_reward_survive: 0.000 +/- 0.000
step: 43171840, training/actor_loss: 0.000 +/- 0.000
step: 43171840, training/critic_loss: 0.000 +/- 0.000
step: 43171840, training/sps: 30744.901 +/- 0.000
step: 43171840, training/entropy: 0.000 +/- 0.000
step: 43171840, training/alpha: 0.000 +/- 0.000
step: 43171840, training/alpha_loss: 0.000 +/- 0.000
step: 44441600, eval/episode_reward: 32.031 +/- 0.000
step: 44441600, eval/episode_reward_ctrl: -1943.845 +/- 0.000
step: 44441600, eval/episode_reward_dist: -336.880 +/- 0.000
step: 44441600, eval/episode_reward_near: -689.791 +/- 0.000
step: 44441600, eval/episode_success: 32.031 +/- 0.000
step: 44441600, eval/episode_success_hard: 0.000 +/- 0.000
step: 44441600, eval/episode_success_any: 0.031 +/- 0.000
step: 44441600, eval/episode_success_easy: 0.000 +/- 0.000
step: 44441600, eval/episode_dist: 0.000 +/- 0.000
step: 44441600, eval/episode_reward_survive: 0.000 +/- 0.000
step: 44441600, training/actor_loss: 0.000 +/- 0.000
step: 44441600, training/critic_loss: 0.000 +/- 0.000
step: 44441600, training/sps: 30773.424 +/- 0.000
step: 44441600, training/entropy: 0.000 +/- 0.000
step: 44441600, training/alpha: 0.000 +/- 0.000
step: 44441600, training/alpha_loss: 0.000 +/- 0.000
step: 45711360, eval/episode_reward: 24.023 +/- 0.000
step: 45711360, eval/episode_reward_ctrl: -1989.535 +/- 0.000
step: 45711360, eval/episode_reward_dist: -333.172 +/- 0.000
step: 45711360, eval/episode_reward_near: -801.376 +/- 0.000
step: 45711360, eval/episode_success: 24.023 +/- 0.000
step: 45711360, eval/episode_success_hard: 0.000 +/- 0.000
step: 45711360, eval/episode_success_any: 0.023 +/- 0.000
step: 45711360, eval/episode_success_easy: 0.000 +/- 0.000
step: 45711360, eval/episode_dist: 0.000 +/- 0.000
step: 45711360, eval/episode_reward_survive: 0.000 +/- 0.000
step: 45711360, training/actor_loss: 0.000 +/- 0.000
step: 45711360, training/critic_loss: 0.000 +/- 0.000
step: 45711360, training/sps: 30800.221 +/- 0.000
step: 45711360, training/entropy: 0.000 +/- 0.000
step: 45711360, training/alpha: 0.000 +/- 0.000
step: 45711360, training/alpha_loss: 0.000 +/- 0.000
step: 46981120, eval/episode_reward: 32.031 +/- 0.000
step: 46981120, eval/episode_reward_ctrl: -2199.384 +/- 0.000
step: 46981120, eval/episode_reward_dist: -327.471 +/- 0.000
step: 46981120, eval/episode_reward_near: -863.394 +/- 0.000
step: 46981120, eval/episode_success: 32.031 +/- 0.000
step: 46981120, eval/episode_success_hard: 0.000 +/- 0.000
step: 46981120, eval/episode_success_any: 0.031 +/- 0.000
step: 46981120, eval/episode_success_easy: 0.000 +/- 0.000
step: 46981120, eval/episode_dist: 0.000 +/- 0.000
step: 46981120, eval/episode_reward_survive: 0.000 +/- 0.000
step: 46981120, training/actor_loss: 0.000 +/- 0.000
step: 46981120, training/critic_loss: 0.000 +/- 0.000
step: 46981120, training/sps: 30724.694 +/- 0.000
step: 46981120, training/entropy: 0.000 +/- 0.000
step: 46981120, training/alpha: 0.000 +/- 0.000
step: 46981120, training/alpha_loss: 0.000 +/- 0.000
step: 48250880, eval/episode_reward: 16.016 +/- 0.000
step: 48250880, eval/episode_reward_ctrl: -2283.667 +/- 0.000
step: 48250880, eval/episode_reward_dist: -323.447 +/- 0.000
step: 48250880, eval/episode_reward_near: -836.699 +/- 0.000
step: 48250880, eval/episode_success: 16.016 +/- 0.000
step: 48250880, eval/episode_success_hard: 0.000 +/- 0.000
step: 48250880, eval/episode_success_any: 0.016 +/- 0.000
step: 48250880, eval/episode_success_easy: 0.000 +/- 0.000
step: 48250880, eval/episode_dist: 0.000 +/- 0.000
step: 48250880, eval/episode_reward_survive: 0.000 +/- 0.000
step: 48250880, training/actor_loss: 0.000 +/- 0.000
step: 48250880, training/critic_loss: 0.000 +/- 0.000
step: 48250880, training/sps: 30702.750 +/- 0.000
step: 48250880, training/entropy: 0.000 +/- 0.000
step: 48250880, training/alpha: 0.000 +/- 0.000
step: 48250880, training/alpha_loss: 0.000 +/- 0.000
step: 49520640, eval/episode_reward: 24.023 +/- 0.000
step: 49520640, eval/episode_reward_ctrl: -2401.569 +/- 0.000
step: 49520640, eval/episode_reward_dist: -327.503 +/- 0.000
step: 49520640, eval/episode_reward_near: -854.915 +/- 0.000
step: 49520640, eval/episode_success: 24.023 +/- 0.000
step: 49520640, eval/episode_success_hard: 0.000 +/- 0.000
step: 49520640, eval/episode_success_any: 0.023 +/- 0.000
step: 49520640, eval/episode_success_easy: 0.000 +/- 0.000
step: 49520640, eval/episode_dist: 0.000 +/- 0.000
step: 49520640, eval/episode_reward_survive: 0.000 +/- 0.000
step: 49520640, training/actor_loss: 0.000 +/- 0.000
step: 49520640, training/critic_loss: 0.000 +/- 0.000
step: 49520640, training/sps: 30819.651 +/- 0.000
step: 49520640, training/entropy: 0.000 +/- 0.000
step: 49520640, training/alpha: 0.000 +/- 0.000
step: 49520640, training/alpha_loss: 0.000 +/- 0.000
step: 50790400, eval/episode_reward: 16.016 +/- 0.000
step: 50790400, eval/episode_reward_ctrl: -2319.679 +/- 0.000
step: 50790400, eval/episode_reward_dist: -320.289 +/- 0.000
step: 50790400, eval/episode_reward_near: -843.686 +/- 0.000
step: 50790400, eval/episode_success: 16.016 +/- 0.000
step: 50790400, eval/episode_success_hard: 0.000 +/- 0.000
step: 50790400, eval/episode_success_any: 0.016 +/- 0.000
step: 50790400, eval/episode_success_easy: 0.000 +/- 0.000
step: 50790400, eval/episode_dist: 0.000 +/- 0.000
step: 50790400, eval/episode_reward_survive: 0.000 +/- 0.000
step: 50790400, training/actor_loss: 0.000 +/- 0.000
step: 50790400, training/critic_loss: 0.000 +/- 0.000
step: 50790400, training/sps: 30741.325 +/- 0.000
step: 50790400, training/entropy: 0.000 +/- 0.000
step: 50790400, training/alpha: 0.000 +/- 0.000
step: 50790400, training/alpha_loss: 0.000 +/- 0.000
step: 52060160, eval/episode_reward: 32.031 +/- 0.000
step: 52060160, eval/episode_reward_ctrl: -2343.381 +/- 0.000
step: 52060160, eval/episode_reward_dist: -318.977 +/- 0.000
step: 52060160, eval/episode_reward_near: -847.281 +/- 0.000
step: 52060160, eval/episode_success: 32.031 +/- 0.000
step: 52060160, eval/episode_success_hard: 0.000 +/- 0.000
step: 52060160, eval/episode_success_any: 0.031 +/- 0.000
step: 52060160, eval/episode_success_easy: 0.000 +/- 0.000
step: 52060160, eval/episode_dist: 0.000 +/- 0.000
step: 52060160, eval/episode_reward_survive: 0.000 +/- 0.000
step: 52060160, training/actor_loss: 0.000 +/- 0.000
step: 52060160, training/critic_loss: 0.000 +/- 0.000
step: 52060160, training/sps: 30858.444 +/- 0.000
step: 52060160, training/entropy: 0.000 +/- 0.000
step: 52060160, training/alpha: 0.000 +/- 0.000
step: 52060160, training/alpha_loss: 0.000 +/- 0.000
step: 53329920, eval/episode_reward: 16.016 +/- 0.000
step: 53329920, eval/episode_reward_ctrl: -2384.254 +/- 0.000
step: 53329920, eval/episode_reward_dist: -338.329 +/- 0.000
step: 53329920, eval/episode_reward_near: -849.780 +/- 0.000
step: 53329920, eval/episode_success: 16.016 +/- 0.000
step: 53329920, eval/episode_success_hard: 0.000 +/- 0.000
step: 53329920, eval/episode_success_any: 0.016 +/- 0.000
step: 53329920, eval/episode_success_easy: 0.000 +/- 0.000
step: 53329920, eval/episode_dist: 0.000 +/- 0.000
step: 53329920, eval/episode_reward_survive: 0.000 +/- 0.000
step: 53329920, training/actor_loss: 0.000 +/- 0.000
step: 53329920, training/critic_loss: 0.000 +/- 0.000
step: 53329920, training/sps: 30834.439 +/- 0.000
step: 53329920, training/entropy: 0.000 +/- 0.000
step: 53329920, training/alpha: 0.000 +/- 0.000
step: 53329920, training/alpha_loss: 0.000 +/- 0.000
step: 54599680, eval/episode_reward: 16.016 +/- 0.000
step: 54599680, eval/episode_reward_ctrl: -2357.070 +/- 0.000
step: 54599680, eval/episode_reward_dist: -322.653 +/- 0.000
step: 54599680, eval/episode_reward_near: -854.384 +/- 0.000
step: 54599680, eval/episode_success: 16.016 +/- 0.000
step: 54599680, eval/episode_success_hard: 0.000 +/- 0.000
step: 54599680, eval/episode_success_any: 0.016 +/- 0.000
step: 54599680, eval/episode_success_easy: 0.000 +/- 0.000
step: 54599680, eval/episode_dist: 0.000 +/- 0.000
step: 54599680, eval/episode_reward_survive: 0.000 +/- 0.000
step: 54599680, training/actor_loss: 0.000 +/- 0.000
step: 54599680, training/critic_loss: 0.000 +/- 0.000
step: 54599680, training/sps: 30767.136 +/- 0.000
step: 54599680, training/entropy: 0.000 +/- 0.000
step: 54599680, training/alpha: 0.000 +/- 0.000
step: 54599680, training/alpha_loss: 0.000 +/- 0.000
step: 55869440, eval/episode_reward: 32.031 +/- 0.000
step: 55869440, eval/episode_reward_ctrl: -2404.378 +/- 0.000
step: 55869440, eval/episode_reward_dist: -329.557 +/- 0.000
step: 55869440, eval/episode_reward_near: -837.232 +/- 0.000
step: 55869440, eval/episode_success: 32.031 +/- 0.000
step: 55869440, eval/episode_success_hard: 16.016 +/- 0.000
step: 55869440, eval/episode_success_any: 0.031 +/- 0.000
step: 55869440, eval/episode_success_easy: 0.000 +/- 0.000
step: 55869440, eval/episode_dist: 0.000 +/- 0.000
step: 55869440, eval/episode_reward_survive: 0.000 +/- 0.000
step: 55869440, training/actor_loss: 0.000 +/- 0.000
step: 55869440, training/critic_loss: 0.000 +/- 0.000
step: 55869440, training/sps: 30837.512 +/- 0.000
step: 55869440, training/entropy: 0.000 +/- 0.000
step: 55869440, training/alpha: 0.000 +/- 0.000
step: 55869440, training/alpha_loss: 0.000 +/- 0.000
step: 57139200, eval/episode_reward: 40.039 +/- 0.000
step: 57139200, eval/episode_reward_ctrl: -2326.176 +/- 0.000
step: 57139200, eval/episode_reward_dist: -367.174 +/- 0.000
step: 57139200, eval/episode_reward_near: -858.553 +/- 0.000
step: 57139200, eval/episode_success: 40.039 +/- 0.000
step: 57139200, eval/episode_success_hard: 0.000 +/- 0.000
step: 57139200, eval/episode_success_any: 0.039 +/- 0.000
step: 57139200, eval/episode_success_easy: 0.000 +/- 0.000
step: 57139200, eval/episode_dist: 0.000 +/- 0.000
step: 57139200, eval/episode_reward_survive: 0.000 +/- 0.000
step: 57139200, training/actor_loss: 0.000 +/- 0.000
step: 57139200, training/critic_loss: 0.000 +/- 0.000
step: 57139200, training/sps: 30766.467 +/- 0.000
step: 57139200, training/entropy: 0.000 +/- 0.000
step: 57139200, training/alpha: 0.000 +/- 0.000
step: 57139200, training/alpha_loss: 0.000 +/- 0.000
step: 58408960, eval/episode_reward: 8.008 +/- 0.000
step: 58408960, eval/episode_reward_ctrl: -2336.803 +/- 0.000
step: 58408960, eval/episode_reward_dist: -354.919 +/- 0.000
step: 58408960, eval/episode_reward_near: -863.267 +/- 0.000
step: 58408960, eval/episode_success: 8.008 +/- 0.000
step: 58408960, eval/episode_success_hard: 0.000 +/- 0.000
step: 58408960, eval/episode_success_any: 0.008 +/- 0.000
step: 58408960, eval/episode_success_easy: 0.000 +/- 0.000
step: 58408960, eval/episode_dist: 0.000 +/- 0.000
step: 58408960, eval/episode_reward_survive: 0.000 +/- 0.000
step: 58408960, training/actor_loss: 0.000 +/- 0.000
step: 58408960, training/critic_loss: 0.000 +/- 0.000
step: 58408960, training/sps: 30835.904 +/- 0.000
step: 58408960, training/entropy: 0.000 +/- 0.000
step: 58408960, training/alpha: 0.000 +/- 0.000
step: 58408960, training/alpha_loss: 0.000 +/- 0.000
step: 59678720, eval/episode_reward: 8.008 +/- 0.000
step: 59678720, eval/episode_reward_ctrl: -2366.193 +/- 0.000
step: 59678720, eval/episode_reward_dist: -343.738 +/- 0.000
step: 59678720, eval/episode_reward_near: -835.266 +/- 0.000
step: 59678720, eval/episode_success: 8.008 +/- 0.000
step: 59678720, eval/episode_success_hard: 0.000 +/- 0.000
step: 59678720, eval/episode_success_any: 0.008 +/- 0.000
step: 59678720, eval/episode_success_easy: 0.000 +/- 0.000
step: 59678720, eval/episode_dist: 0.000 +/- 0.000
step: 59678720, eval/episode_reward_survive: 0.000 +/- 0.000
step: 59678720, training/actor_loss: 0.000 +/- 0.000
step: 59678720, training/critic_loss: 0.000 +/- 0.000
step: 59678720, training/sps: 30756.656 +/- 0.000
step: 59678720, training/entropy: 0.000 +/- 0.000
step: 59678720, training/alpha: 0.000 +/- 0.000
step: 59678720, training/alpha_loss: 0.000 +/- 0.000
step: 60948480, eval/episode_reward: 16.016 +/- 0.000
step: 60948480, eval/episode_reward_ctrl: -2477.980 +/- 0.000
step: 60948480, eval/episode_reward_dist: -318.627 +/- 0.000
step: 60948480, eval/episode_reward_near: -826.187 +/- 0.000
step: 60948480, eval/episode_success: 16.016 +/- 0.000
step: 60948480, eval/episode_success_hard: 8.008 +/- 0.000
step: 60948480, eval/episode_success_any: 0.016 +/- 0.000
step: 60948480, eval/episode_success_easy: 0.000 +/- 0.000
step: 60948480, eval/episode_dist: 0.000 +/- 0.000
step: 60948480, eval/episode_reward_survive: 0.000 +/- 0.000
step: 60948480, training/actor_loss: 0.000 +/- 0.000
step: 60948480, training/critic_loss: 0.000 +/- 0.000
step: 60948480, training/sps: 30818.840 +/- 0.000
step: 60948480, training/entropy: 0.000 +/- 0.000
step: 60948480, training/alpha: 0.000 +/- 0.000
step: 60948480, training/alpha_loss: 0.000 +/- 0.000
step: 62218240, eval/episode_reward: 24.023 +/- 0.000
step: 62218240, eval/episode_reward_ctrl: -2534.290 +/- 0.000
step: 62218240, eval/episode_reward_dist: -329.855 +/- 0.000
step: 62218240, eval/episode_reward_near: -850.248 +/- 0.000
step: 62218240, eval/episode_success: 24.023 +/- 0.000
step: 62218240, eval/episode_success_hard: 0.000 +/- 0.000
step: 62218240, eval/episode_success_any: 0.023 +/- 0.000
step: 62218240, eval/episode_success_easy: 0.000 +/- 0.000
step: 62218240, eval/episode_dist: 0.000 +/- 0.000
step: 62218240, eval/episode_reward_survive: 0.000 +/- 0.000
step: 62218240, training/actor_loss: 0.000 +/- 0.000
step: 62218240, training/critic_loss: 0.000 +/- 0.000
step: 62218240, training/sps: 30761.793 +/- 0.000
step: 62218240, training/entropy: 0.000 +/- 0.000
step: 62218240, training/alpha: 0.000 +/- 0.000
step: 62218240, training/alpha_loss: 0.000 +/- 0.000

  _     ._   __/__   _ _  _  _ _/_   Recorded: 19:14:37  Samples:  11122
 /_//_/// /_\ / //_// / //_'/ //     Duration: 4041.482  CPU time: 4092.378
/   _/                      v4.6.2

Program: training_ppo.py --project_name test --group_name first_run --exp_name pusher_easy-ppo-numenvs512-numtimesteps60000000-batchsize256-1-della-maxent-gaussianmlp- --num_evals 50 --seed 1 --num_timesteps 60000000 --batch_size 256 --num_envs 512 --discounting 0.99 --action_repeat 1 --env_name pusher_easy --use_dense_reward --episode_length 1025 --unroll_length 62 --n_hidden 8 --min_replay_size 1000 --max_replay_size 10000 --log_wandb

4041.450 <module>  training_ppo.py:1
└─ 4041.450 main  training_ppo.py:14
   └─ 4039.126 train  src/baselines/ppo.py:78
      ├─ 2040.140 training_epoch_with_timing  src/baselines/ppo.py:357
      │  ├─ 1977.900 [self]  src/baselines/ppo.py
      │  └─ 60.140 cache_miss  jax/_src/api.py:1788
      │        [4 frames hidden]  jax
      ├─ 1281.593 MetricsRecorder.progress  utils.py:309
      │  └─ 1277.221 render  utils.py:328
      │     ├─ 981.729 [self]  utils.py
      │     ├─ 137.352 render  brax/io/html.py:56
      │     │     [15 frames hidden]  brax, jax
      │     └─ 128.715 cache_miss  jax/_src/pjit.py:246
      │           [16 frames hidden]  jax
      └─ 706.002 CrlEvaluator.run_evaluation  src/evaluator.py:22
         └─ 675.452 [self]  src/evaluator.py


[1;34mwandb[0m: 
[1;34mwandb[0m: You can sync this run to the cloud by running:
[1;34mwandb[0m: [1mwandb sync /home/kw2960/JaxGCRL/wandb/offline-run-20250907_191435-8z7p9kiy[0m
[1;34mwandb[0m: Find logs at: [1;35mwandb/offline-run-20250907_191435-8z7p9kiy/logs[0m
