Arguments:
{
    "action_repeat": 1,
    "alpha_lr": 0.0003,
    "backend": null,
    "batch_size": 1024,
    "contrastive_loss_fn": "symmetric_infonce",
    "critic_lr": 0.0003,
    "disable_entropy_actor": false,
    "discounting": 0.99,
    "discriminator_lr": 0.0003,
    "energy_fn": "l2",
    "entropy_alpha": 1e-06,
    "env_name": "reacher",
    "episode_length": 1025,
    "eval_env": null,
    "exp_name": "reacher-ppo-numenvs256-numtimesteps20000000-batchsize1024-1-della-maxent-gaussianmlp-",
    "generator_lr": 0.0003,
    "group_name": "first_run",
    "h_dim": 256,
    "l2_penalty": 0.0,
    "log_wandb": true,
    "logsumexp_penalty": 0.0,
    "max_replay_size": 10000,
    "min_replay_size": 1000,
    "n_hidden": 8,
    "no_resubs": false,
    "noise_dim": 4,
    "num_envs": 256,
    "num_eval_envs": 256,
    "num_evals": 50,
    "num_timesteps": 20000000,
    "policy_lr": 0.0003,
    "project_name": "test",
    "random_goals": 0.0,
    "repr_dim": 64,
    "saved_ckpt_path": null,
    "seed": 1,
    "train_step_multiplier": 1,
    "unroll_length": 62,
    "use_dense_reward": true,
    "use_generator_for_targets": false,
    "use_her": false,
    "use_ln": false,
    "var_post": "meanfield",
    "visualization_interval": 5
}
Num_minibatches 16
Updates per environment step: 0.00025201612903225806
step: 0, eval/episode_dist: 163.089 +/- 0.000
step: 0, eval/episode_reward: 90.891 +/- 0.000
step: 0, eval/episode_reward_ctrl: 0.000 +/- 0.000
step: 0, eval/episode_reward_dist: -163.089 +/- 0.000
step: 0, eval/episode_success: 90.891 +/- 0.000
step: 0, eval/episode_success_any: 1.000 +/- 0.000
step: 0, eval/episode_success_hard: 0.000 +/- 0.000
step: 0, eval/episode_success_easy: 0.000 +/- 0.000
step: 0, eval/episode_reward_near: 0.000 +/- 0.000
step: 0, eval/episode_reward_survive: 0.000 +/- 0.000
step: 0, training/actor_loss: 0.000 +/- 0.000
step: 0, training/critic_loss: 0.000 +/- 0.000
step: 0, training/sps: 0.000 +/- 0.000
step: 0, training/entropy: 0.000 +/- 0.000
step: 0, training/alpha: 0.000 +/- 0.000
step: 0, training/alpha_loss: 0.000 +/- 0.000
step: 1015808, eval/episode_dist: 150.045 +/- 0.000
step: 1015808, eval/episode_reward: 109.227 +/- 0.000
step: 1015808, eval/episode_reward_ctrl: 0.000 +/- 0.000
step: 1015808, eval/episode_reward_dist: -150.045 +/- 0.000
step: 1015808, eval/episode_success: 109.227 +/- 0.000
step: 1015808, eval/episode_success_any: 1.000 +/- 0.000
step: 1015808, eval/episode_success_hard: 0.000 +/- 0.000
step: 1015808, eval/episode_success_easy: 0.000 +/- 0.000
step: 1015808, eval/episode_reward_near: 0.000 +/- 0.000
step: 1015808, eval/episode_reward_survive: 0.000 +/- 0.000
step: 1015808, training/actor_loss: 0.000 +/- 0.000
step: 1015808, training/critic_loss: 0.000 +/- 0.000
step: 1015808, training/sps: 20851.530 +/- 0.000
step: 1015808, training/entropy: 0.000 +/- 0.000
step: 1015808, training/alpha: 0.000 +/- 0.000
step: 1015808, training/alpha_loss: 0.000 +/- 0.000
step: 2031616, eval/episode_dist: 145.923 +/- 0.000
step: 2031616, eval/episode_reward: 127.688 +/- 0.000
step: 2031616, eval/episode_reward_ctrl: 0.000 +/- 0.000
step: 2031616, eval/episode_reward_dist: -145.923 +/- 0.000
step: 2031616, eval/episode_success: 127.688 +/- 0.000
step: 2031616, eval/episode_success_any: 1.000 +/- 0.000
step: 2031616, eval/episode_success_hard: 0.000 +/- 0.000
step: 2031616, eval/episode_success_easy: 0.000 +/- 0.000
step: 2031616, eval/episode_reward_near: 0.000 +/- 0.000
step: 2031616, eval/episode_reward_survive: 0.000 +/- 0.000
step: 2031616, training/actor_loss: 0.000 +/- 0.000
step: 2031616, training/critic_loss: 0.000 +/- 0.000
step: 2031616, training/sps: 27443.002 +/- 0.000
step: 2031616, training/entropy: 0.000 +/- 0.000
step: 2031616, training/alpha: 0.000 +/- 0.000
step: 2031616, training/alpha_loss: 0.000 +/- 0.000
step: 3047424, eval/episode_dist: 122.952 +/- 0.000
step: 3047424, eval/episode_reward: 201.789 +/- 0.000
step: 3047424, eval/episode_reward_ctrl: 0.000 +/- 0.000
step: 3047424, eval/episode_reward_dist: -122.952 +/- 0.000
step: 3047424, eval/episode_success: 201.789 +/- 0.000
step: 3047424, eval/episode_success_any: 0.977 +/- 0.000
step: 3047424, eval/episode_success_hard: 0.000 +/- 0.000
step: 3047424, eval/episode_success_easy: 0.000 +/- 0.000
step: 3047424, eval/episode_reward_near: 0.000 +/- 0.000
step: 3047424, eval/episode_reward_survive: 0.000 +/- 0.000
step: 3047424, training/actor_loss: 0.000 +/- 0.000
step: 3047424, training/critic_loss: 0.000 +/- 0.000
step: 3047424, training/sps: 27456.289 +/- 0.000
step: 3047424, training/entropy: 0.000 +/- 0.000
step: 3047424, training/alpha: 0.000 +/- 0.000
step: 3047424, training/alpha_loss: 0.000 +/- 0.000
step: 4063232, eval/episode_dist: 112.277 +/- 0.000
step: 4063232, eval/episode_reward: 208.266 +/- 0.000
step: 4063232, eval/episode_reward_ctrl: 0.000 +/- 0.000
step: 4063232, eval/episode_reward_dist: -112.277 +/- 0.000
step: 4063232, eval/episode_success: 208.266 +/- 0.000
step: 4063232, eval/episode_success_any: 0.859 +/- 0.000
step: 4063232, eval/episode_success_hard: 0.000 +/- 0.000
step: 4063232, eval/episode_success_easy: 0.000 +/- 0.000
step: 4063232, eval/episode_reward_near: 0.000 +/- 0.000
step: 4063232, eval/episode_reward_survive: 0.000 +/- 0.000
step: 4063232, training/actor_loss: 0.000 +/- 0.000
step: 4063232, training/critic_loss: 0.000 +/- 0.000
step: 4063232, training/sps: 27540.457 +/- 0.000
step: 4063232, training/entropy: 0.000 +/- 0.000
step: 4063232, training/alpha: 0.000 +/- 0.000
step: 4063232, training/alpha_loss: 0.000 +/- 0.000
step: 5079040, eval/episode_dist: 116.943 +/- 0.000
step: 5079040, eval/episode_reward: 211.305 +/- 0.000
step: 5079040, eval/episode_reward_ctrl: 0.000 +/- 0.000
step: 5079040, eval/episode_reward_dist: -116.943 +/- 0.000
step: 5079040, eval/episode_success: 211.305 +/- 0.000
step: 5079040, eval/episode_success_any: 0.719 +/- 0.000
step: 5079040, eval/episode_success_hard: 0.000 +/- 0.000
step: 5079040, eval/episode_success_easy: 0.000 +/- 0.000
step: 5079040, eval/episode_reward_near: 0.000 +/- 0.000
step: 5079040, eval/episode_reward_survive: 0.000 +/- 0.000
step: 5079040, training/actor_loss: 0.000 +/- 0.000
step: 5079040, training/critic_loss: 0.000 +/- 0.000
step: 5079040, training/sps: 27735.493 +/- 0.000
step: 5079040, training/entropy: 0.000 +/- 0.000
step: 5079040, training/alpha: 0.000 +/- 0.000
step: 5079040, training/alpha_loss: 0.000 +/- 0.000
step: 6094848, eval/episode_dist: 103.689 +/- 0.000
step: 6094848, eval/episode_reward: 244.625 +/- 0.000
step: 6094848, eval/episode_reward_ctrl: 0.000 +/- 0.000
step: 6094848, eval/episode_reward_dist: -103.689 +/- 0.000
step: 6094848, eval/episode_success: 244.625 +/- 0.000
step: 6094848, eval/episode_success_any: 0.688 +/- 0.000
step: 6094848, eval/episode_success_hard: 0.000 +/- 0.000
step: 6094848, eval/episode_success_easy: 0.000 +/- 0.000
step: 6094848, eval/episode_reward_near: 0.000 +/- 0.000
step: 6094848, eval/episode_reward_survive: 0.000 +/- 0.000
step: 6094848, training/actor_loss: 0.000 +/- 0.000
step: 6094848, training/critic_loss: 0.000 +/- 0.000
step: 6094848, training/sps: 27880.156 +/- 0.000
step: 6094848, training/entropy: 0.000 +/- 0.000
step: 6094848, training/alpha: 0.000 +/- 0.000
step: 6094848, training/alpha_loss: 0.000 +/- 0.000
step: 7110656, eval/episode_dist: 112.947 +/- 0.000
step: 7110656, eval/episode_reward: 235.891 +/- 0.000
step: 7110656, eval/episode_reward_ctrl: 0.000 +/- 0.000
step: 7110656, eval/episode_reward_dist: -112.947 +/- 0.000
step: 7110656, eval/episode_success: 235.891 +/- 0.000
step: 7110656, eval/episode_success_any: 0.711 +/- 0.000
step: 7110656, eval/episode_success_hard: 0.000 +/- 0.000
step: 7110656, eval/episode_success_easy: 0.000 +/- 0.000
step: 7110656, eval/episode_reward_near: 0.000 +/- 0.000
step: 7110656, eval/episode_reward_survive: 0.000 +/- 0.000
step: 7110656, training/actor_loss: 0.000 +/- 0.000
step: 7110656, training/critic_loss: 0.000 +/- 0.000
step: 7110656, training/sps: 27931.789 +/- 0.000
step: 7110656, training/entropy: 0.000 +/- 0.000
step: 7110656, training/alpha: 0.000 +/- 0.000
step: 7110656, training/alpha_loss: 0.000 +/- 0.000
step: 8126464, eval/episode_dist: 103.889 +/- 0.000
step: 8126464, eval/episode_reward: 223.023 +/- 0.000
step: 8126464, eval/episode_reward_ctrl: 0.000 +/- 0.000
step: 8126464, eval/episode_reward_dist: -103.889 +/- 0.000
step: 8126464, eval/episode_success: 223.023 +/- 0.000
step: 8126464, eval/episode_success_any: 0.719 +/- 0.000
step: 8126464, eval/episode_success_hard: 0.000 +/- 0.000
step: 8126464, eval/episode_success_easy: 0.000 +/- 0.000
step: 8126464, eval/episode_reward_near: 0.000 +/- 0.000
step: 8126464, eval/episode_reward_survive: 0.000 +/- 0.000
step: 8126464, training/actor_loss: 0.000 +/- 0.000
step: 8126464, training/critic_loss: 0.000 +/- 0.000
step: 8126464, training/sps: 27439.687 +/- 0.000
step: 8126464, training/entropy: 0.000 +/- 0.000
step: 8126464, training/alpha: 0.000 +/- 0.000
step: 8126464, training/alpha_loss: 0.000 +/- 0.000
step: 9142272, eval/episode_dist: 99.920 +/- 0.000
step: 9142272, eval/episode_reward: 321.359 +/- 0.000
step: 9142272, eval/episode_reward_ctrl: 0.000 +/- 0.000
step: 9142272, eval/episode_reward_dist: -99.920 +/- 0.000
step: 9142272, eval/episode_success: 321.359 +/- 0.000
step: 9142272, eval/episode_success_any: 0.734 +/- 0.000
step: 9142272, eval/episode_success_hard: 0.000 +/- 0.000
step: 9142272, eval/episode_success_easy: 0.000 +/- 0.000
step: 9142272, eval/episode_reward_near: 0.000 +/- 0.000
step: 9142272, eval/episode_reward_survive: 0.000 +/- 0.000
step: 9142272, training/actor_loss: 0.000 +/- 0.000
step: 9142272, training/critic_loss: 0.000 +/- 0.000
step: 9142272, training/sps: 27327.020 +/- 0.000
step: 9142272, training/entropy: 0.000 +/- 0.000
step: 9142272, training/alpha: 0.000 +/- 0.000
step: 9142272, training/alpha_loss: 0.000 +/- 0.000
step: 10158080, eval/episode_dist: 108.658 +/- 0.000
step: 10158080, eval/episode_reward: 249.320 +/- 0.000
step: 10158080, eval/episode_reward_ctrl: 0.000 +/- 0.000
step: 10158080, eval/episode_reward_dist: -108.658 +/- 0.000
step: 10158080, eval/episode_success: 249.320 +/- 0.000
step: 10158080, eval/episode_success_any: 0.648 +/- 0.000
step: 10158080, eval/episode_success_hard: 0.000 +/- 0.000
step: 10158080, eval/episode_success_easy: 0.000 +/- 0.000
step: 10158080, eval/episode_reward_near: 0.000 +/- 0.000
step: 10158080, eval/episode_reward_survive: 0.000 +/- 0.000
step: 10158080, training/actor_loss: 0.000 +/- 0.000
step: 10158080, training/critic_loss: 0.000 +/- 0.000
step: 10158080, training/sps: 27792.972 +/- 0.000
step: 10158080, training/entropy: 0.000 +/- 0.000
step: 10158080, training/alpha: 0.000 +/- 0.000
step: 10158080, training/alpha_loss: 0.000 +/- 0.000
step: 11173888, eval/episode_dist: 110.188 +/- 0.000
step: 11173888, eval/episode_reward: 225.344 +/- 0.000
step: 11173888, eval/episode_reward_ctrl: 0.000 +/- 0.000
step: 11173888, eval/episode_reward_dist: -110.188 +/- 0.000
step: 11173888, eval/episode_success: 225.344 +/- 0.000
step: 11173888, eval/episode_success_any: 0.727 +/- 0.000
step: 11173888, eval/episode_success_hard: 0.000 +/- 0.000
step: 11173888, eval/episode_success_easy: 0.000 +/- 0.000
step: 11173888, eval/episode_reward_near: 0.000 +/- 0.000
step: 11173888, eval/episode_reward_survive: 0.000 +/- 0.000
step: 11173888, training/actor_loss: 0.000 +/- 0.000
step: 11173888, training/critic_loss: 0.000 +/- 0.000
step: 11173888, training/sps: 27468.278 +/- 0.000
step: 11173888, training/entropy: 0.000 +/- 0.000
step: 11173888, training/alpha: 0.000 +/- 0.000
step: 11173888, training/alpha_loss: 0.000 +/- 0.000
step: 12189696, eval/episode_dist: 109.132 +/- 0.000
step: 12189696, eval/episode_reward: 222.328 +/- 0.000
step: 12189696, eval/episode_reward_ctrl: 0.000 +/- 0.000
step: 12189696, eval/episode_reward_dist: -109.132 +/- 0.000
step: 12189696, eval/episode_success: 222.328 +/- 0.000
step: 12189696, eval/episode_success_any: 0.602 +/- 0.000
step: 12189696, eval/episode_success_hard: 0.000 +/- 0.000
step: 12189696, eval/episode_success_easy: 0.000 +/- 0.000
step: 12189696, eval/episode_reward_near: 0.000 +/- 0.000
step: 12189696, eval/episode_reward_survive: 0.000 +/- 0.000
step: 12189696, training/actor_loss: 0.000 +/- 0.000
step: 12189696, training/critic_loss: 0.000 +/- 0.000
step: 12189696, training/sps: 27310.878 +/- 0.000
step: 12189696, training/entropy: 0.000 +/- 0.000
step: 12189696, training/alpha: 0.000 +/- 0.000
step: 12189696, training/alpha_loss: 0.000 +/- 0.000
step: 13205504, eval/episode_dist: 102.898 +/- 0.000
step: 13205504, eval/episode_reward: 245.688 +/- 0.000
step: 13205504, eval/episode_reward_ctrl: 0.000 +/- 0.000
step: 13205504, eval/episode_reward_dist: -102.898 +/- 0.000
step: 13205504, eval/episode_success: 245.688 +/- 0.000
step: 13205504, eval/episode_success_any: 0.719 +/- 0.000
step: 13205504, eval/episode_success_hard: 0.000 +/- 0.000
step: 13205504, eval/episode_success_easy: 0.000 +/- 0.000
step: 13205504, eval/episode_reward_near: 0.000 +/- 0.000
step: 13205504, eval/episode_reward_survive: 0.000 +/- 0.000
step: 13205504, training/actor_loss: 0.000 +/- 0.000
step: 13205504, training/critic_loss: 0.000 +/- 0.000
step: 13205504, training/sps: 27562.746 +/- 0.000
step: 13205504, training/entropy: 0.000 +/- 0.000
step: 13205504, training/alpha: 0.000 +/- 0.000
step: 13205504, training/alpha_loss: 0.000 +/- 0.000
step: 14221312, eval/episode_dist: 108.053 +/- 0.000
step: 14221312, eval/episode_reward: 217.820 +/- 0.000
step: 14221312, eval/episode_reward_ctrl: 0.000 +/- 0.000
step: 14221312, eval/episode_reward_dist: -108.053 +/- 0.000
step: 14221312, eval/episode_success: 217.820 +/- 0.000
step: 14221312, eval/episode_success_any: 0.602 +/- 0.000
step: 14221312, eval/episode_success_hard: 0.000 +/- 0.000
step: 14221312, eval/episode_success_easy: 0.000 +/- 0.000
step: 14221312, eval/episode_reward_near: 0.000 +/- 0.000
step: 14221312, eval/episode_reward_survive: 0.000 +/- 0.000
step: 14221312, training/actor_loss: 0.000 +/- 0.000
step: 14221312, training/critic_loss: 0.000 +/- 0.000
step: 14221312, training/sps: 27554.115 +/- 0.000
step: 14221312, training/entropy: 0.000 +/- 0.000
step: 14221312, training/alpha: 0.000 +/- 0.000
step: 14221312, training/alpha_loss: 0.000 +/- 0.000
step: 15237120, eval/episode_dist: 113.831 +/- 0.000
step: 15237120, eval/episode_reward: 203.719 +/- 0.000
step: 15237120, eval/episode_reward_ctrl: 0.000 +/- 0.000
step: 15237120, eval/episode_reward_dist: -113.831 +/- 0.000
step: 15237120, eval/episode_success: 203.719 +/- 0.000
step: 15237120, eval/episode_success_any: 0.562 +/- 0.000
step: 15237120, eval/episode_success_hard: 0.000 +/- 0.000
step: 15237120, eval/episode_success_easy: 0.000 +/- 0.000
step: 15237120, eval/episode_reward_near: 0.000 +/- 0.000
step: 15237120, eval/episode_reward_survive: 0.000 +/- 0.000
step: 15237120, training/actor_loss: 0.000 +/- 0.000
step: 15237120, training/critic_loss: 0.000 +/- 0.000
step: 15237120, training/sps: 27235.931 +/- 0.000
step: 15237120, training/entropy: 0.000 +/- 0.000
step: 15237120, training/alpha: 0.000 +/- 0.000
step: 15237120, training/alpha_loss: 0.000 +/- 0.000
step: 16252928, eval/episode_dist: 103.784 +/- 0.000
step: 16252928, eval/episode_reward: 263.469 +/- 0.000
step: 16252928, eval/episode_reward_ctrl: 0.000 +/- 0.000
step: 16252928, eval/episode_reward_dist: -103.784 +/- 0.000
step: 16252928, eval/episode_success: 263.469 +/- 0.000
step: 16252928, eval/episode_success_any: 0.641 +/- 0.000
step: 16252928, eval/episode_success_hard: 0.000 +/- 0.000
step: 16252928, eval/episode_success_easy: 0.000 +/- 0.000
step: 16252928, eval/episode_reward_near: 0.000 +/- 0.000
step: 16252928, eval/episode_reward_survive: 0.000 +/- 0.000
step: 16252928, training/actor_loss: 0.000 +/- 0.000
step: 16252928, training/critic_loss: 0.000 +/- 0.000
step: 16252928, training/sps: 27383.888 +/- 0.000
step: 16252928, training/entropy: 0.000 +/- 0.000
step: 16252928, training/alpha: 0.000 +/- 0.000
step: 16252928, training/alpha_loss: 0.000 +/- 0.000
step: 17268736, eval/episode_dist: 106.489 +/- 0.000
step: 17268736, eval/episode_reward: 257.617 +/- 0.000
step: 17268736, eval/episode_reward_ctrl: 0.000 +/- 0.000
step: 17268736, eval/episode_reward_dist: -106.489 +/- 0.000
step: 17268736, eval/episode_success: 257.617 +/- 0.000
step: 17268736, eval/episode_success_any: 0.617 +/- 0.000
step: 17268736, eval/episode_success_hard: 0.000 +/- 0.000
step: 17268736, eval/episode_success_easy: 0.000 +/- 0.000
step: 17268736, eval/episode_reward_near: 0.000 +/- 0.000
step: 17268736, eval/episode_reward_survive: 0.000 +/- 0.000
step: 17268736, training/actor_loss: 0.000 +/- 0.000
step: 17268736, training/critic_loss: 0.000 +/- 0.000
step: 17268736, training/sps: 27419.397 +/- 0.000
step: 17268736, training/entropy: 0.000 +/- 0.000
step: 17268736, training/alpha: 0.000 +/- 0.000
step: 17268736, training/alpha_loss: 0.000 +/- 0.000
step: 18284544, eval/episode_dist: 106.921 +/- 0.000
step: 18284544, eval/episode_reward: 248.039 +/- 0.000
step: 18284544, eval/episode_reward_ctrl: 0.000 +/- 0.000
step: 18284544, eval/episode_reward_dist: -106.921 +/- 0.000
step: 18284544, eval/episode_success: 248.039 +/- 0.000
step: 18284544, eval/episode_success_any: 0.672 +/- 0.000
step: 18284544, eval/episode_success_hard: 0.000 +/- 0.000
step: 18284544, eval/episode_success_easy: 0.000 +/- 0.000
step: 18284544, eval/episode_reward_near: 0.000 +/- 0.000
step: 18284544, eval/episode_reward_survive: 0.000 +/- 0.000
step: 18284544, training/actor_loss: 0.000 +/- 0.000
step: 18284544, training/critic_loss: 0.000 +/- 0.000
step: 18284544, training/sps: 27479.806 +/- 0.000
step: 18284544, training/entropy: 0.000 +/- 0.000
step: 18284544, training/alpha: 0.000 +/- 0.000
step: 18284544, training/alpha_loss: 0.000 +/- 0.000
step: 19300352, eval/episode_dist: 103.716 +/- 0.000
step: 19300352, eval/episode_reward: 216.711 +/- 0.000
step: 19300352, eval/episode_reward_ctrl: 0.000 +/- 0.000
step: 19300352, eval/episode_reward_dist: -103.716 +/- 0.000
step: 19300352, eval/episode_success: 216.711 +/- 0.000
step: 19300352, eval/episode_success_any: 0.625 +/- 0.000
step: 19300352, eval/episode_success_hard: 0.000 +/- 0.000
step: 19300352, eval/episode_success_easy: 0.000 +/- 0.000
step: 19300352, eval/episode_reward_near: 0.000 +/- 0.000
step: 19300352, eval/episode_reward_survive: 0.000 +/- 0.000
step: 19300352, training/actor_loss: 0.000 +/- 0.000
step: 19300352, training/critic_loss: 0.000 +/- 0.000
step: 19300352, training/sps: 27720.107 +/- 0.000
step: 19300352, training/entropy: 0.000 +/- 0.000
step: 19300352, training/alpha: 0.000 +/- 0.000
step: 19300352, training/alpha_loss: 0.000 +/- 0.000
step: 20316160, eval/episode_dist: 95.204 +/- 0.000
step: 20316160, eval/episode_reward: 324.172 +/- 0.000
step: 20316160, eval/episode_reward_ctrl: 0.000 +/- 0.000
step: 20316160, eval/episode_reward_dist: -95.204 +/- 0.000
step: 20316160, eval/episode_success: 324.172 +/- 0.000
step: 20316160, eval/episode_success_any: 0.703 +/- 0.000
step: 20316160, eval/episode_success_hard: 0.000 +/- 0.000
step: 20316160, eval/episode_success_easy: 0.000 +/- 0.000
step: 20316160, eval/episode_reward_near: 0.000 +/- 0.000
step: 20316160, eval/episode_reward_survive: 0.000 +/- 0.000
step: 20316160, training/actor_loss: 0.000 +/- 0.000
step: 20316160, training/critic_loss: 0.000 +/- 0.000
step: 20316160, training/sps: 27419.416 +/- 0.000
step: 20316160, training/entropy: 0.000 +/- 0.000
step: 20316160, training/alpha: 0.000 +/- 0.000
step: 20316160, training/alpha_loss: 0.000 +/- 0.000
step: 21331968, eval/episode_dist: 110.134 +/- 0.000
step: 21331968, eval/episode_reward: 245.852 +/- 0.000
step: 21331968, eval/episode_reward_ctrl: 0.000 +/- 0.000
step: 21331968, eval/episode_reward_dist: -110.134 +/- 0.000
step: 21331968, eval/episode_success: 245.852 +/- 0.000
step: 21331968, eval/episode_success_any: 0.625 +/- 0.000
step: 21331968, eval/episode_success_hard: 0.000 +/- 0.000
step: 21331968, eval/episode_success_easy: 0.000 +/- 0.000
step: 21331968, eval/episode_reward_near: 0.000 +/- 0.000
step: 21331968, eval/episode_reward_survive: 0.000 +/- 0.000
step: 21331968, training/actor_loss: 0.000 +/- 0.000
step: 21331968, training/critic_loss: 0.000 +/- 0.000
step: 21331968, training/sps: 27319.766 +/- 0.000
step: 21331968, training/entropy: 0.000 +/- 0.000
step: 21331968, training/alpha: 0.000 +/- 0.000
step: 21331968, training/alpha_loss: 0.000 +/- 0.000
step: 22347776, eval/episode_dist: 96.843 +/- 0.000
step: 22347776, eval/episode_reward: 313.055 +/- 0.000
step: 22347776, eval/episode_reward_ctrl: 0.000 +/- 0.000
step: 22347776, eval/episode_reward_dist: -96.843 +/- 0.000
step: 22347776, eval/episode_success: 313.055 +/- 0.000
step: 22347776, eval/episode_success_any: 0.641 +/- 0.000
step: 22347776, eval/episode_success_hard: 0.000 +/- 0.000
step: 22347776, eval/episode_success_easy: 0.000 +/- 0.000
step: 22347776, eval/episode_reward_near: 0.000 +/- 0.000
step: 22347776, eval/episode_reward_survive: 0.000 +/- 0.000
step: 22347776, training/actor_loss: 0.000 +/- 0.000
step: 22347776, training/critic_loss: 0.000 +/- 0.000
step: 22347776, training/sps: 27519.876 +/- 0.000
step: 22347776, training/entropy: 0.000 +/- 0.000
step: 22347776, training/alpha: 0.000 +/- 0.000
step: 22347776, training/alpha_loss: 0.000 +/- 0.000
step: 23363584, eval/episode_dist: 109.756 +/- 0.000
step: 23363584, eval/episode_reward: 247.797 +/- 0.000
step: 23363584, eval/episode_reward_ctrl: 0.000 +/- 0.000
step: 23363584, eval/episode_reward_dist: -109.756 +/- 0.000
step: 23363584, eval/episode_success: 247.797 +/- 0.000
step: 23363584, eval/episode_success_any: 0.609 +/- 0.000
step: 23363584, eval/episode_success_hard: 0.000 +/- 0.000
step: 23363584, eval/episode_success_easy: 0.000 +/- 0.000
step: 23363584, eval/episode_reward_near: 0.000 +/- 0.000
step: 23363584, eval/episode_reward_survive: 0.000 +/- 0.000
step: 23363584, training/actor_loss: 0.000 +/- 0.000
step: 23363584, training/critic_loss: 0.000 +/- 0.000
step: 23363584, training/sps: 27314.397 +/- 0.000
step: 23363584, training/entropy: 0.000 +/- 0.000
step: 23363584, training/alpha: 0.000 +/- 0.000
step: 23363584, training/alpha_loss: 0.000 +/- 0.000
step: 24379392, eval/episode_dist: 110.497 +/- 0.000
step: 24379392, eval/episode_reward: 188.469 +/- 0.000
step: 24379392, eval/episode_reward_ctrl: 0.000 +/- 0.000
step: 24379392, eval/episode_reward_dist: -110.497 +/- 0.000
step: 24379392, eval/episode_success: 188.469 +/- 0.000
step: 24379392, eval/episode_success_any: 0.594 +/- 0.000
step: 24379392, eval/episode_success_hard: 0.000 +/- 0.000
step: 24379392, eval/episode_success_easy: 0.000 +/- 0.000
step: 24379392, eval/episode_reward_near: 0.000 +/- 0.000
step: 24379392, eval/episode_reward_survive: 0.000 +/- 0.000
step: 24379392, training/actor_loss: 0.000 +/- 0.000
step: 24379392, training/critic_loss: 0.000 +/- 0.000
step: 24379392, training/sps: 27352.206 +/- 0.000
step: 24379392, training/entropy: 0.000 +/- 0.000
step: 24379392, training/alpha: 0.000 +/- 0.000
step: 24379392, training/alpha_loss: 0.000 +/- 0.000
step: 25395200, eval/episode_dist: 108.827 +/- 0.000
step: 25395200, eval/episode_reward: 211.375 +/- 0.000
step: 25395200, eval/episode_reward_ctrl: 0.000 +/- 0.000
step: 25395200, eval/episode_reward_dist: -108.827 +/- 0.000
step: 25395200, eval/episode_success: 211.375 +/- 0.000
step: 25395200, eval/episode_success_any: 0.516 +/- 0.000
step: 25395200, eval/episode_success_hard: 0.000 +/- 0.000
step: 25395200, eval/episode_success_easy: 0.000 +/- 0.000
step: 25395200, eval/episode_reward_near: 0.000 +/- 0.000
step: 25395200, eval/episode_reward_survive: 0.000 +/- 0.000
step: 25395200, training/actor_loss: 0.000 +/- 0.000
step: 25395200, training/critic_loss: 0.000 +/- 0.000
step: 25395200, training/sps: 27164.623 +/- 0.000
step: 25395200, training/entropy: 0.000 +/- 0.000
step: 25395200, training/alpha: 0.000 +/- 0.000
step: 25395200, training/alpha_loss: 0.000 +/- 0.000
step: 26411008, eval/episode_dist: 113.573 +/- 0.000
step: 26411008, eval/episode_reward: 190.312 +/- 0.000
step: 26411008, eval/episode_reward_ctrl: 0.000 +/- 0.000
step: 26411008, eval/episode_reward_dist: -113.573 +/- 0.000
step: 26411008, eval/episode_success: 190.312 +/- 0.000
step: 26411008, eval/episode_success_any: 0.570 +/- 0.000
step: 26411008, eval/episode_success_hard: 0.000 +/- 0.000
step: 26411008, eval/episode_success_easy: 0.000 +/- 0.000
step: 26411008, eval/episode_reward_near: 0.000 +/- 0.000
step: 26411008, eval/episode_reward_survive: 0.000 +/- 0.000
step: 26411008, training/actor_loss: 0.000 +/- 0.000
step: 26411008, training/critic_loss: 0.000 +/- 0.000
step: 26411008, training/sps: 27243.564 +/- 0.000
step: 26411008, training/entropy: 0.000 +/- 0.000
step: 26411008, training/alpha: 0.000 +/- 0.000
step: 26411008, training/alpha_loss: 0.000 +/- 0.000
step: 27426816, eval/episode_dist: 115.355 +/- 0.000
step: 27426816, eval/episode_reward: 207.055 +/- 0.000
step: 27426816, eval/episode_reward_ctrl: 0.000 +/- 0.000
step: 27426816, eval/episode_reward_dist: -115.355 +/- 0.000
step: 27426816, eval/episode_success: 207.055 +/- 0.000
step: 27426816, eval/episode_success_any: 0.617 +/- 0.000
step: 27426816, eval/episode_success_hard: 0.000 +/- 0.000
step: 27426816, eval/episode_success_easy: 0.000 +/- 0.000
step: 27426816, eval/episode_reward_near: 0.000 +/- 0.000
step: 27426816, eval/episode_reward_survive: 0.000 +/- 0.000
step: 27426816, training/actor_loss: 0.000 +/- 0.000
step: 27426816, training/critic_loss: 0.000 +/- 0.000
step: 27426816, training/sps: 27237.806 +/- 0.000
step: 27426816, training/entropy: 0.000 +/- 0.000
step: 27426816, training/alpha: 0.000 +/- 0.000
step: 27426816, training/alpha_loss: 0.000 +/- 0.000
step: 28442624, eval/episode_dist: 102.506 +/- 0.000
step: 28442624, eval/episode_reward: 294.156 +/- 0.000
step: 28442624, eval/episode_reward_ctrl: 0.000 +/- 0.000
step: 28442624, eval/episode_reward_dist: -102.506 +/- 0.000
step: 28442624, eval/episode_success: 294.156 +/- 0.000
step: 28442624, eval/episode_success_any: 0.570 +/- 0.000
step: 28442624, eval/episode_success_hard: 0.000 +/- 0.000
step: 28442624, eval/episode_success_easy: 0.000 +/- 0.000
step: 28442624, eval/episode_reward_near: 0.000 +/- 0.000
step: 28442624, eval/episode_reward_survive: 0.000 +/- 0.000
step: 28442624, training/actor_loss: 0.000 +/- 0.000
step: 28442624, training/critic_loss: 0.000 +/- 0.000
step: 28442624, training/sps: 27961.955 +/- 0.000
step: 28442624, training/entropy: 0.000 +/- 0.000
step: 28442624, training/alpha: 0.000 +/- 0.000
step: 28442624, training/alpha_loss: 0.000 +/- 0.000
step: 29458432, eval/episode_dist: 102.939 +/- 0.000
step: 29458432, eval/episode_reward: 235.078 +/- 0.000
step: 29458432, eval/episode_reward_ctrl: 0.000 +/- 0.000
step: 29458432, eval/episode_reward_dist: -102.939 +/- 0.000
step: 29458432, eval/episode_success: 235.078 +/- 0.000
step: 29458432, eval/episode_success_any: 0.562 +/- 0.000
step: 29458432, eval/episode_success_hard: 0.000 +/- 0.000
step: 29458432, eval/episode_success_easy: 0.000 +/- 0.000
step: 29458432, eval/episode_reward_near: 0.000 +/- 0.000
step: 29458432, eval/episode_reward_survive: 0.000 +/- 0.000
step: 29458432, training/actor_loss: 0.000 +/- 0.000
step: 29458432, training/critic_loss: 0.000 +/- 0.000
step: 29458432, training/sps: 27471.333 +/- 0.000
step: 29458432, training/entropy: 0.000 +/- 0.000
step: 29458432, training/alpha: 0.000 +/- 0.000
step: 29458432, training/alpha_loss: 0.000 +/- 0.000
step: 30474240, eval/episode_dist: 100.458 +/- 0.000
step: 30474240, eval/episode_reward: 276.008 +/- 0.000
step: 30474240, eval/episode_reward_ctrl: 0.000 +/- 0.000
step: 30474240, eval/episode_reward_dist: -100.458 +/- 0.000
step: 30474240, eval/episode_success: 276.008 +/- 0.000
step: 30474240, eval/episode_success_any: 0.656 +/- 0.000
step: 30474240, eval/episode_success_hard: 0.000 +/- 0.000
step: 30474240, eval/episode_success_easy: 0.000 +/- 0.000
step: 30474240, eval/episode_reward_near: 0.000 +/- 0.000
step: 30474240, eval/episode_reward_survive: 0.000 +/- 0.000
step: 30474240, training/actor_loss: 0.000 +/- 0.000
step: 30474240, training/critic_loss: 0.000 +/- 0.000
step: 30474240, training/sps: 27620.999 +/- 0.000
step: 30474240, training/entropy: 0.000 +/- 0.000
step: 30474240, training/alpha: 0.000 +/- 0.000
step: 30474240, training/alpha_loss: 0.000 +/- 0.000
step: 31490048, eval/episode_dist: 110.250 +/- 0.000
step: 31490048, eval/episode_reward: 220.906 +/- 0.000
step: 31490048, eval/episode_reward_ctrl: 0.000 +/- 0.000
step: 31490048, eval/episode_reward_dist: -110.250 +/- 0.000
step: 31490048, eval/episode_success: 220.906 +/- 0.000
step: 31490048, eval/episode_success_any: 0.578 +/- 0.000
step: 31490048, eval/episode_success_hard: 0.000 +/- 0.000
step: 31490048, eval/episode_success_easy: 0.000 +/- 0.000
step: 31490048, eval/episode_reward_near: 0.000 +/- 0.000
step: 31490048, eval/episode_reward_survive: 0.000 +/- 0.000
step: 31490048, training/actor_loss: 0.000 +/- 0.000
step: 31490048, training/critic_loss: 0.000 +/- 0.000
step: 31490048, training/sps: 27435.270 +/- 0.000
step: 31490048, training/entropy: 0.000 +/- 0.000
step: 31490048, training/alpha: 0.000 +/- 0.000
step: 31490048, training/alpha_loss: 0.000 +/- 0.000
step: 32505856, eval/episode_dist: 94.806 +/- 0.000
step: 32505856, eval/episode_reward: 345.820 +/- 0.000
step: 32505856, eval/episode_reward_ctrl: 0.000 +/- 0.000
step: 32505856, eval/episode_reward_dist: -94.806 +/- 0.000
step: 32505856, eval/episode_success: 345.820 +/- 0.000
step: 32505856, eval/episode_success_any: 0.719 +/- 0.000
step: 32505856, eval/episode_success_hard: 0.000 +/- 0.000
step: 32505856, eval/episode_success_easy: 0.000 +/- 0.000
step: 32505856, eval/episode_reward_near: 0.000 +/- 0.000
step: 32505856, eval/episode_reward_survive: 0.000 +/- 0.000
step: 32505856, training/actor_loss: 0.000 +/- 0.000
step: 32505856, training/critic_loss: 0.000 +/- 0.000
step: 32505856, training/sps: 27895.404 +/- 0.000
step: 32505856, training/entropy: 0.000 +/- 0.000
step: 32505856, training/alpha: 0.000 +/- 0.000
step: 32505856, training/alpha_loss: 0.000 +/- 0.000
step: 33521664, eval/episode_dist: 105.691 +/- 0.000
step: 33521664, eval/episode_reward: 243.383 +/- 0.000
step: 33521664, eval/episode_reward_ctrl: 0.000 +/- 0.000
step: 33521664, eval/episode_reward_dist: -105.691 +/- 0.000
step: 33521664, eval/episode_success: 243.383 +/- 0.000
step: 33521664, eval/episode_success_any: 0.578 +/- 0.000
step: 33521664, eval/episode_success_hard: 0.000 +/- 0.000
step: 33521664, eval/episode_success_easy: 0.000 +/- 0.000
step: 33521664, eval/episode_reward_near: 0.000 +/- 0.000
step: 33521664, eval/episode_reward_survive: 0.000 +/- 0.000
step: 33521664, training/actor_loss: 0.000 +/- 0.000
step: 33521664, training/critic_loss: 0.000 +/- 0.000
step: 33521664, training/sps: 27519.478 +/- 0.000
step: 33521664, training/entropy: 0.000 +/- 0.000
step: 33521664, training/alpha: 0.000 +/- 0.000
step: 33521664, training/alpha_loss: 0.000 +/- 0.000
step: 34537472, eval/episode_dist: 110.092 +/- 0.000
step: 34537472, eval/episode_reward: 236.414 +/- 0.000
step: 34537472, eval/episode_reward_ctrl: 0.000 +/- 0.000
step: 34537472, eval/episode_reward_dist: -110.092 +/- 0.000
step: 34537472, eval/episode_success: 236.414 +/- 0.000
step: 34537472, eval/episode_success_any: 0.508 +/- 0.000
step: 34537472, eval/episode_success_hard: 0.000 +/- 0.000
step: 34537472, eval/episode_success_easy: 0.000 +/- 0.000
step: 34537472, eval/episode_reward_near: 0.000 +/- 0.000
step: 34537472, eval/episode_reward_survive: 0.000 +/- 0.000
step: 34537472, training/actor_loss: 0.000 +/- 0.000
step: 34537472, training/critic_loss: 0.000 +/- 0.000
step: 34537472, training/sps: 27281.515 +/- 0.000
step: 34537472, training/entropy: 0.000 +/- 0.000
step: 34537472, training/alpha: 0.000 +/- 0.000
step: 34537472, training/alpha_loss: 0.000 +/- 0.000
step: 35553280, eval/episode_dist: 98.132 +/- 0.000
step: 35553280, eval/episode_reward: 297.859 +/- 0.000
step: 35553280, eval/episode_reward_ctrl: 0.000 +/- 0.000
step: 35553280, eval/episode_reward_dist: -98.132 +/- 0.000
step: 35553280, eval/episode_success: 297.859 +/- 0.000
step: 35553280, eval/episode_success_any: 0.648 +/- 0.000
step: 35553280, eval/episode_success_hard: 0.000 +/- 0.000
step: 35553280, eval/episode_success_easy: 0.000 +/- 0.000
step: 35553280, eval/episode_reward_near: 0.000 +/- 0.000
step: 35553280, eval/episode_reward_survive: 0.000 +/- 0.000
step: 35553280, training/actor_loss: 0.000 +/- 0.000
step: 35553280, training/critic_loss: 0.000 +/- 0.000
step: 35553280, training/sps: 27257.260 +/- 0.000
step: 35553280, training/entropy: 0.000 +/- 0.000
step: 35553280, training/alpha: 0.000 +/- 0.000
step: 35553280, training/alpha_loss: 0.000 +/- 0.000
step: 36569088, eval/episode_dist: 96.792 +/- 0.000
step: 36569088, eval/episode_reward: 340.867 +/- 0.000
step: 36569088, eval/episode_reward_ctrl: 0.000 +/- 0.000
step: 36569088, eval/episode_reward_dist: -96.792 +/- 0.000
step: 36569088, eval/episode_success: 340.867 +/- 0.000
step: 36569088, eval/episode_success_any: 0.688 +/- 0.000
step: 36569088, eval/episode_success_hard: 0.000 +/- 0.000
step: 36569088, eval/episode_success_easy: 0.000 +/- 0.000
step: 36569088, eval/episode_reward_near: 0.000 +/- 0.000
step: 36569088, eval/episode_reward_survive: 0.000 +/- 0.000
step: 36569088, training/actor_loss: 0.000 +/- 0.000
step: 36569088, training/critic_loss: 0.000 +/- 0.000
step: 36569088, training/sps: 27309.605 +/- 0.000
step: 36569088, training/entropy: 0.000 +/- 0.000
step: 36569088, training/alpha: 0.000 +/- 0.000
step: 36569088, training/alpha_loss: 0.000 +/- 0.000
step: 37584896, eval/episode_dist: 101.710 +/- 0.000
step: 37584896, eval/episode_reward: 262.312 +/- 0.000
step: 37584896, eval/episode_reward_ctrl: 0.000 +/- 0.000
step: 37584896, eval/episode_reward_dist: -101.710 +/- 0.000
step: 37584896, eval/episode_success: 262.312 +/- 0.000
step: 37584896, eval/episode_success_any: 0.617 +/- 0.000
step: 37584896, eval/episode_success_hard: 0.000 +/- 0.000
step: 37584896, eval/episode_success_easy: 0.000 +/- 0.000
step: 37584896, eval/episode_reward_near: 0.000 +/- 0.000
step: 37584896, eval/episode_reward_survive: 0.000 +/- 0.000
step: 37584896, training/actor_loss: 0.000 +/- 0.000
step: 37584896, training/critic_loss: 0.000 +/- 0.000
step: 37584896, training/sps: 27926.104 +/- 0.000
step: 37584896, training/entropy: 0.000 +/- 0.000
step: 37584896, training/alpha: 0.000 +/- 0.000
step: 37584896, training/alpha_loss: 0.000 +/- 0.000
step: 38600704, eval/episode_dist: 98.053 +/- 0.000
step: 38600704, eval/episode_reward: 292.102 +/- 0.000
step: 38600704, eval/episode_reward_ctrl: 0.000 +/- 0.000
step: 38600704, eval/episode_reward_dist: -98.053 +/- 0.000
step: 38600704, eval/episode_success: 292.102 +/- 0.000
step: 38600704, eval/episode_success_any: 0.508 +/- 0.000
step: 38600704, eval/episode_success_hard: 0.000 +/- 0.000
step: 38600704, eval/episode_success_easy: 0.000 +/- 0.000
step: 38600704, eval/episode_reward_near: 0.000 +/- 0.000
step: 38600704, eval/episode_reward_survive: 0.000 +/- 0.000
step: 38600704, training/actor_loss: 0.000 +/- 0.000
step: 38600704, training/critic_loss: 0.000 +/- 0.000
step: 38600704, training/sps: 27644.724 +/- 0.000
step: 38600704, training/entropy: 0.000 +/- 0.000
step: 38600704, training/alpha: 0.000 +/- 0.000
step: 38600704, training/alpha_loss: 0.000 +/- 0.000
step: 39616512, eval/episode_dist: 107.004 +/- 0.000
step: 39616512, eval/episode_reward: 257.031 +/- 0.000
step: 39616512, eval/episode_reward_ctrl: 0.000 +/- 0.000
step: 39616512, eval/episode_reward_dist: -107.004 +/- 0.000
step: 39616512, eval/episode_success: 257.031 +/- 0.000
step: 39616512, eval/episode_success_any: 0.625 +/- 0.000
step: 39616512, eval/episode_success_hard: 0.000 +/- 0.000
step: 39616512, eval/episode_success_easy: 0.000 +/- 0.000
step: 39616512, eval/episode_reward_near: 0.000 +/- 0.000
step: 39616512, eval/episode_reward_survive: 0.000 +/- 0.000
step: 39616512, training/actor_loss: 0.000 +/- 0.000
step: 39616512, training/critic_loss: 0.000 +/- 0.000
step: 39616512, training/sps: 27748.834 +/- 0.000
step: 39616512, training/entropy: 0.000 +/- 0.000
step: 39616512, training/alpha: 0.000 +/- 0.000
step: 39616512, training/alpha_loss: 0.000 +/- 0.000
step: 40632320, eval/episode_dist: 106.215 +/- 0.000
step: 40632320, eval/episode_reward: 250.422 +/- 0.000
step: 40632320, eval/episode_reward_ctrl: 0.000 +/- 0.000
step: 40632320, eval/episode_reward_dist: -106.215 +/- 0.000
step: 40632320, eval/episode_success: 250.422 +/- 0.000
step: 40632320, eval/episode_success_any: 0.586 +/- 0.000
step: 40632320, eval/episode_success_hard: 0.000 +/- 0.000
step: 40632320, eval/episode_success_easy: 0.000 +/- 0.000
step: 40632320, eval/episode_reward_near: 0.000 +/- 0.000
step: 40632320, eval/episode_reward_survive: 0.000 +/- 0.000
step: 40632320, training/actor_loss: 0.000 +/- 0.000
step: 40632320, training/critic_loss: 0.000 +/- 0.000
step: 40632320, training/sps: 27415.394 +/- 0.000
step: 40632320, training/entropy: 0.000 +/- 0.000
step: 40632320, training/alpha: 0.000 +/- 0.000
step: 40632320, training/alpha_loss: 0.000 +/- 0.000
step: 41648128, eval/episode_dist: 106.502 +/- 0.000
step: 41648128, eval/episode_reward: 226.594 +/- 0.000
step: 41648128, eval/episode_reward_ctrl: 0.000 +/- 0.000
step: 41648128, eval/episode_reward_dist: -106.502 +/- 0.000
step: 41648128, eval/episode_success: 226.594 +/- 0.000
step: 41648128, eval/episode_success_any: 0.555 +/- 0.000
step: 41648128, eval/episode_success_hard: 0.000 +/- 0.000
step: 41648128, eval/episode_success_easy: 0.000 +/- 0.000
step: 41648128, eval/episode_reward_near: 0.000 +/- 0.000
step: 41648128, eval/episode_reward_survive: 0.000 +/- 0.000
step: 41648128, training/actor_loss: 0.000 +/- 0.000
step: 41648128, training/critic_loss: 0.000 +/- 0.000
step: 41648128, training/sps: 27827.931 +/- 0.000
step: 41648128, training/entropy: 0.000 +/- 0.000
step: 41648128, training/alpha: 0.000 +/- 0.000
step: 41648128, training/alpha_loss: 0.000 +/- 0.000
step: 42663936, eval/episode_dist: 112.312 +/- 0.000
step: 42663936, eval/episode_reward: 186.508 +/- 0.000
step: 42663936, eval/episode_reward_ctrl: 0.000 +/- 0.000
step: 42663936, eval/episode_reward_dist: -112.312 +/- 0.000
step: 42663936, eval/episode_success: 186.508 +/- 0.000
step: 42663936, eval/episode_success_any: 0.578 +/- 0.000
step: 42663936, eval/episode_success_hard: 0.000 +/- 0.000
step: 42663936, eval/episode_success_easy: 0.000 +/- 0.000
step: 42663936, eval/episode_reward_near: 0.000 +/- 0.000
step: 42663936, eval/episode_reward_survive: 0.000 +/- 0.000
step: 42663936, training/actor_loss: 0.000 +/- 0.000
step: 42663936, training/critic_loss: 0.000 +/- 0.000
step: 42663936, training/sps: 27385.939 +/- 0.000
step: 42663936, training/entropy: 0.000 +/- 0.000
step: 42663936, training/alpha: 0.000 +/- 0.000
step: 42663936, training/alpha_loss: 0.000 +/- 0.000
step: 43679744, eval/episode_dist: 107.964 +/- 0.000
step: 43679744, eval/episode_reward: 252.641 +/- 0.000
step: 43679744, eval/episode_reward_ctrl: 0.000 +/- 0.000
step: 43679744, eval/episode_reward_dist: -107.964 +/- 0.000
step: 43679744, eval/episode_success: 252.641 +/- 0.000
step: 43679744, eval/episode_success_any: 0.516 +/- 0.000
step: 43679744, eval/episode_success_hard: 0.000 +/- 0.000
step: 43679744, eval/episode_success_easy: 0.000 +/- 0.000
step: 43679744, eval/episode_reward_near: 0.000 +/- 0.000
step: 43679744, eval/episode_reward_survive: 0.000 +/- 0.000
step: 43679744, training/actor_loss: 0.000 +/- 0.000
step: 43679744, training/critic_loss: 0.000 +/- 0.000
step: 43679744, training/sps: 27584.952 +/- 0.000
step: 43679744, training/entropy: 0.000 +/- 0.000
step: 43679744, training/alpha: 0.000 +/- 0.000
step: 43679744, training/alpha_loss: 0.000 +/- 0.000
step: 44695552, eval/episode_dist: 100.621 +/- 0.000
step: 44695552, eval/episode_reward: 288.609 +/- 0.000
step: 44695552, eval/episode_reward_ctrl: 0.000 +/- 0.000
step: 44695552, eval/episode_reward_dist: -100.621 +/- 0.000
step: 44695552, eval/episode_success: 288.609 +/- 0.000
step: 44695552, eval/episode_success_any: 0.586 +/- 0.000
step: 44695552, eval/episode_success_hard: 0.000 +/- 0.000
step: 44695552, eval/episode_success_easy: 0.000 +/- 0.000
step: 44695552, eval/episode_reward_near: 0.000 +/- 0.000
step: 44695552, eval/episode_reward_survive: 0.000 +/- 0.000
step: 44695552, training/actor_loss: 0.000 +/- 0.000
step: 44695552, training/critic_loss: 0.000 +/- 0.000
step: 44695552, training/sps: 27253.667 +/- 0.000
step: 44695552, training/entropy: 0.000 +/- 0.000
step: 44695552, training/alpha: 0.000 +/- 0.000
step: 44695552, training/alpha_loss: 0.000 +/- 0.000
step: 45711360, eval/episode_dist: 111.663 +/- 0.000
step: 45711360, eval/episode_reward: 190.625 +/- 0.000
step: 45711360, eval/episode_reward_ctrl: 0.000 +/- 0.000
step: 45711360, eval/episode_reward_dist: -111.663 +/- 0.000
step: 45711360, eval/episode_success: 190.625 +/- 0.000
step: 45711360, eval/episode_success_any: 0.516 +/- 0.000
step: 45711360, eval/episode_success_hard: 0.000 +/- 0.000
step: 45711360, eval/episode_success_easy: 0.000 +/- 0.000
step: 45711360, eval/episode_reward_near: 0.000 +/- 0.000
step: 45711360, eval/episode_reward_survive: 0.000 +/- 0.000
step: 45711360, training/actor_loss: 0.000 +/- 0.000
step: 45711360, training/critic_loss: 0.000 +/- 0.000
step: 45711360, training/sps: 27889.409 +/- 0.000
step: 45711360, training/entropy: 0.000 +/- 0.000
step: 45711360, training/alpha: 0.000 +/- 0.000
step: 45711360, training/alpha_loss: 0.000 +/- 0.000
step: 46727168, eval/episode_dist: 108.445 +/- 0.000
step: 46727168, eval/episode_reward: 188.516 +/- 0.000
step: 46727168, eval/episode_reward_ctrl: 0.000 +/- 0.000
step: 46727168, eval/episode_reward_dist: -108.445 +/- 0.000
step: 46727168, eval/episode_success: 188.516 +/- 0.000
step: 46727168, eval/episode_success_any: 0.547 +/- 0.000
step: 46727168, eval/episode_success_hard: 0.000 +/- 0.000
step: 46727168, eval/episode_success_easy: 0.000 +/- 0.000
step: 46727168, eval/episode_reward_near: 0.000 +/- 0.000
step: 46727168, eval/episode_reward_survive: 0.000 +/- 0.000
step: 46727168, training/actor_loss: 0.000 +/- 0.000
step: 46727168, training/critic_loss: 0.000 +/- 0.000
step: 46727168, training/sps: 27396.543 +/- 0.000
step: 46727168, training/entropy: 0.000 +/- 0.000
step: 46727168, training/alpha: 0.000 +/- 0.000
step: 46727168, training/alpha_loss: 0.000 +/- 0.000
step: 47742976, eval/episode_dist: 108.170 +/- 0.000
step: 47742976, eval/episode_reward: 201.055 +/- 0.000
step: 47742976, eval/episode_reward_ctrl: 0.000 +/- 0.000
step: 47742976, eval/episode_reward_dist: -108.170 +/- 0.000
step: 47742976, eval/episode_success: 201.055 +/- 0.000
step: 47742976, eval/episode_success_any: 0.531 +/- 0.000
step: 47742976, eval/episode_success_hard: 0.000 +/- 0.000
step: 47742976, eval/episode_success_easy: 0.000 +/- 0.000
step: 47742976, eval/episode_reward_near: 0.000 +/- 0.000
step: 47742976, eval/episode_reward_survive: 0.000 +/- 0.000
step: 47742976, training/actor_loss: 0.000 +/- 0.000
step: 47742976, training/critic_loss: 0.000 +/- 0.000
step: 47742976, training/sps: 27564.609 +/- 0.000
step: 47742976, training/entropy: 0.000 +/- 0.000
step: 47742976, training/alpha: 0.000 +/- 0.000
step: 47742976, training/alpha_loss: 0.000 +/- 0.000
step: 48758784, eval/episode_dist: 111.139 +/- 0.000
step: 48758784, eval/episode_reward: 232.805 +/- 0.000
step: 48758784, eval/episode_reward_ctrl: 0.000 +/- 0.000
step: 48758784, eval/episode_reward_dist: -111.139 +/- 0.000
step: 48758784, eval/episode_success: 232.805 +/- 0.000
step: 48758784, eval/episode_success_any: 0.562 +/- 0.000
step: 48758784, eval/episode_success_hard: 0.000 +/- 0.000
step: 48758784, eval/episode_success_easy: 0.000 +/- 0.000
step: 48758784, eval/episode_reward_near: 0.000 +/- 0.000
step: 48758784, eval/episode_reward_survive: 0.000 +/- 0.000
step: 48758784, training/actor_loss: 0.000 +/- 0.000
step: 48758784, training/critic_loss: 0.000 +/- 0.000
step: 48758784, training/sps: 27095.168 +/- 0.000
step: 48758784, training/entropy: 0.000 +/- 0.000
step: 48758784, training/alpha: 0.000 +/- 0.000
step: 48758784, training/alpha_loss: 0.000 +/- 0.000
step: 49774592, eval/episode_dist: 108.724 +/- 0.000
step: 49774592, eval/episode_reward: 235.781 +/- 0.000
step: 49774592, eval/episode_reward_ctrl: 0.000 +/- 0.000
step: 49774592, eval/episode_reward_dist: -108.724 +/- 0.000
step: 49774592, eval/episode_success: 235.781 +/- 0.000
step: 49774592, eval/episode_success_any: 0.516 +/- 0.000
step: 49774592, eval/episode_success_hard: 0.000 +/- 0.000
step: 49774592, eval/episode_success_easy: 0.000 +/- 0.000
step: 49774592, eval/episode_reward_near: 0.000 +/- 0.000
step: 49774592, eval/episode_reward_survive: 0.000 +/- 0.000
step: 49774592, training/actor_loss: 0.000 +/- 0.000
step: 49774592, training/critic_loss: 0.000 +/- 0.000
step: 49774592, training/sps: 27487.123 +/- 0.000
step: 49774592, training/entropy: 0.000 +/- 0.000
step: 49774592, training/alpha: 0.000 +/- 0.000
step: 49774592, training/alpha_loss: 0.000 +/- 0.000

  _     ._   __/__   _ _  _  _ _/_   Recorded: 19:12:10  Samples:  5970
 /_//_/// /_\ / //_// / //_'/ //     Duration: 2948.128  CPU time: 3001.834
/   _/                      v4.6.2

Program: training_ppo.py --project_name test --group_name first_run --exp_name reacher-ppo-numenvs256-numtimesteps20000000-batchsize1024-1-della-maxent-gaussianmlp- --num_evals 50 --seed 1 --num_timesteps 20000000 --batch_size 1024 --num_envs 256 --discounting 0.99 --action_repeat 1 --env_name reacher --use_dense_reward --episode_length 1025 --unroll_length 62 --n_hidden 8 --min_replay_size 1000 --max_replay_size 10000 --log_wandb

2948.107 <module>  training_ppo.py:1
└─ 2948.107 main  training_ppo.py:14
   └─ 2946.250 train  src/baselines/ppo.py:78
      ├─ 1824.230 training_epoch_with_timing  src/baselines/ppo.py:357
      │  ├─ 1775.116 [self]  src/baselines/ppo.py
      │  └─ 48.714 cache_miss  jax/_src/api.py:1788
      │        [4 frames hidden]  jax
      ├─ 640.319 MetricsRecorder.progress  utils.py:309
      │  └─ 636.784 render  utils.py:328
      │     ├─ 386.841 [self]  utils.py
      │     ├─ 122.199 render  brax/io/html.py:56
      │     │     [17 frames hidden]  brax, jax
      │     ├─ 66.570 cache_miss  jax/_src/pjit.py:246
      │     │     [15 frames hidden]  jax
      │     └─ 37.505 ArrayImpl.__getitem__  jax/_src/array.py:309
      │           [2 frames hidden]  jax
      └─ 474.999 CrlEvaluator.run_evaluation  src/evaluator.py:22
         └─ 457.075 [self]  src/evaluator.py


[1;34mwandb[0m: 
[1;34mwandb[0m: You can sync this run to the cloud by running:
[1;34mwandb[0m: [1mwandb sync /home/kw2960/JaxGCRL/wandb/offline-run-20250907_191210-zxdvqosh[0m
[1;34mwandb[0m: Find logs at: [1;35mwandb/offline-run-20250907_191210-zxdvqosh/logs[0m
