Arguments:
{
    "action_repeat": 1,
    "alpha_lr": 0.0003,
    "backend": null,
    "batch_size": 512,
    "contrastive_loss_fn": "symmetric_infonce",
    "critic_lr": 0.0003,
    "disable_entropy_actor": false,
    "discounting": 0.99,
    "discriminator_lr": 0.0003,
    "energy_fn": "l2",
    "entropy_alpha": 1e-06,
    "env_name": "ant",
    "episode_length": 1025,
    "eval_env": null,
    "exp_name": "ant-ppo-numenvs1024-numtimesteps3000000000-batchsize512-della-maxent-gaussianmlp-newpponet",
    "generator_lr": 0.0003,
    "group_name": "first_run",
    "h_dim": 256,
    "l2_penalty": 0.0,
    "log_wandb": true,
    "logsumexp_penalty": 0.0,
    "max_replay_size": 10000,
    "min_replay_size": 1000,
    "n_hidden": 8,
    "no_resubs": false,
    "noise_dim": 4,
    "num_envs": 1024,
    "num_eval_envs": 256,
    "num_evals": 100,
    "num_timesteps": 3000000000,
    "policy_lr": 0.0003,
    "project_name": "test",
    "random_goals": 0.0,
    "repr_dim": 64,
    "saved_ckpt_path": null,
    "seed": 1,
    "train_step_multiplier": 1,
    "unroll_length": 62,
    "use_dense_reward": true,
    "use_generator_for_targets": false,
    "use_her": false,
    "use_ln": false,
    "var_post": "meanfield",
    "visualization_interval": 5
}
Num_minibatches 16
Updates per environment step: 0.0020161290322580645
step: 0, eval/episode_dist: 8688.008 +/- 0.000
step: 0, eval/episode_reward: 0.000 +/- 0.000
step: 0, eval/episode_reward_ctrl: -968.018 +/- 0.000
step: 0, eval/episode_reward_survive: 897.031 +/- 0.000
step: 0, eval/episode_success: 0.000 +/- 0.000
step: 0, eval/episode_success_easy: 0.000 +/- 0.000
step: 0, eval/episode_success_any: 0.000 +/- 0.000
step: 0, eval/episode_success_hard: 0.000 +/- 0.000
step: 0, eval/episode_reward_dist: 0.000 +/- 0.000
step: 0, eval/episode_reward_near: 0.000 +/- 0.000
step: 0, training/actor_loss: 0.000 +/- 0.000
step: 0, training/critic_loss: 0.000 +/- 0.000
step: 0, training/sps: 0.000 +/- 0.000
step: 0, training/entropy: 0.000 +/- 0.000
step: 0, training/alpha: 0.000 +/- 0.000
step: 0, training/alpha_loss: 0.000 +/- 0.000
step: 30474240, eval/episode_dist: 10057.383 +/- 0.000
step: 30474240, eval/episode_reward: 0.000 +/- 0.000
step: 30474240, eval/episode_reward_ctrl: -884.860 +/- 0.000
step: 30474240, eval/episode_reward_survive: 990.922 +/- 0.000
step: 30474240, eval/episode_success: 0.000 +/- 0.000
step: 30474240, eval/episode_success_easy: 0.000 +/- 0.000
step: 30474240, eval/episode_success_any: 0.000 +/- 0.000
step: 30474240, eval/episode_success_hard: 0.000 +/- 0.000
step: 30474240, eval/episode_reward_dist: 0.000 +/- 0.000
step: 30474240, eval/episode_reward_near: 0.000 +/- 0.000
step: 30474240, training/actor_loss: 0.000 +/- 0.000
step: 30474240, training/critic_loss: 0.000 +/- 0.000
step: 30474240, training/sps: 344626.512 +/- 0.000
step: 30474240, training/entropy: 0.000 +/- 0.000
step: 30474240, training/alpha: 0.000 +/- 0.000
step: 30474240, training/alpha_loss: 0.000 +/- 0.000
step: 60948480, eval/episode_dist: 9809.773 +/- 0.000
step: 60948480, eval/episode_reward: 0.000 +/- 0.000
step: 60948480, eval/episode_reward_ctrl: -874.446 +/- 0.000
step: 60948480, eval/episode_reward_survive: 949.836 +/- 0.000
step: 60948480, eval/episode_success: 0.000 +/- 0.000
step: 60948480, eval/episode_success_easy: 0.000 +/- 0.000
step: 60948480, eval/episode_success_any: 0.000 +/- 0.000
step: 60948480, eval/episode_success_hard: 0.000 +/- 0.000
step: 60948480, eval/episode_reward_dist: 0.000 +/- 0.000
step: 60948480, eval/episode_reward_near: 0.000 +/- 0.000
step: 60948480, training/actor_loss: 0.000 +/- 0.000
step: 60948480, training/critic_loss: 0.000 +/- 0.000
step: 60948480, training/sps: 402064.481 +/- 0.000
step: 60948480, training/entropy: 0.000 +/- 0.000
step: 60948480, training/alpha: 0.000 +/- 0.000
step: 60948480, training/alpha_loss: 0.000 +/- 0.000
step: 91422720, eval/episode_dist: 9796.234 +/- 0.000
step: 91422720, eval/episode_reward: 0.000 +/- 0.000
step: 91422720, eval/episode_reward_ctrl: -920.965 +/- 0.000
step: 91422720, eval/episode_reward_survive: 981.250 +/- 0.000
step: 91422720, eval/episode_success: 0.000 +/- 0.000
step: 91422720, eval/episode_success_easy: 0.000 +/- 0.000
step: 91422720, eval/episode_success_any: 0.000 +/- 0.000
step: 91422720, eval/episode_success_hard: 0.000 +/- 0.000
step: 91422720, eval/episode_reward_dist: 0.000 +/- 0.000
step: 91422720, eval/episode_reward_near: 0.000 +/- 0.000
step: 91422720, training/actor_loss: 0.000 +/- 0.000
step: 91422720, training/critic_loss: 0.000 +/- 0.000
step: 91422720, training/sps: 401467.184 +/- 0.000
step: 91422720, training/entropy: 0.000 +/- 0.000
step: 91422720, training/alpha: 0.000 +/- 0.000
step: 91422720, training/alpha_loss: 0.000 +/- 0.000
step: 121896960, eval/episode_dist: 9650.823 +/- 0.000
step: 121896960, eval/episode_reward: 0.000 +/- 0.000
step: 121896960, eval/episode_reward_ctrl: -934.692 +/- 0.000
step: 121896960, eval/episode_reward_survive: 962.867 +/- 0.000
step: 121896960, eval/episode_success: 0.000 +/- 0.000
step: 121896960, eval/episode_success_easy: 0.000 +/- 0.000
step: 121896960, eval/episode_success_any: 0.000 +/- 0.000
step: 121896960, eval/episode_success_hard: 0.000 +/- 0.000
step: 121896960, eval/episode_reward_dist: 0.000 +/- 0.000
step: 121896960, eval/episode_reward_near: 0.000 +/- 0.000
step: 121896960, training/actor_loss: 0.000 +/- 0.000
step: 121896960, training/critic_loss: 0.000 +/- 0.000
step: 121896960, training/sps: 401857.477 +/- 0.000
step: 121896960, training/entropy: 0.000 +/- 0.000
step: 121896960, training/alpha: 0.000 +/- 0.000
step: 121896960, training/alpha_loss: 0.000 +/- 0.000
step: 152371200, eval/episode_dist: 9687.341 +/- 0.000
step: 152371200, eval/episode_reward: 0.000 +/- 0.000
step: 152371200, eval/episode_reward_ctrl: -1026.189 +/- 0.000
step: 152371200, eval/episode_reward_survive: 998.586 +/- 0.000
step: 152371200, eval/episode_success: 0.000 +/- 0.000
step: 152371200, eval/episode_success_easy: 0.000 +/- 0.000
step: 152371200, eval/episode_success_any: 0.000 +/- 0.000
step: 152371200, eval/episode_success_hard: 0.000 +/- 0.000
step: 152371200, eval/episode_reward_dist: 0.000 +/- 0.000
step: 152371200, eval/episode_reward_near: 0.000 +/- 0.000
step: 152371200, training/actor_loss: 0.000 +/- 0.000
step: 152371200, training/critic_loss: 0.000 +/- 0.000
step: 152371200, training/sps: 402599.347 +/- 0.000
step: 152371200, training/entropy: 0.000 +/- 0.000
step: 152371200, training/alpha: 0.000 +/- 0.000
step: 152371200, training/alpha_loss: 0.000 +/- 0.000
step: 182845440, eval/episode_dist: 9128.361 +/- 0.000
step: 182845440, eval/episode_reward: 0.000 +/- 0.000
step: 182845440, eval/episode_reward_ctrl: -854.051 +/- 0.000
step: 182845440, eval/episode_reward_survive: 933.438 +/- 0.000
step: 182845440, eval/episode_success: 0.000 +/- 0.000
step: 182845440, eval/episode_success_easy: 0.000 +/- 0.000
step: 182845440, eval/episode_success_any: 0.000 +/- 0.000
step: 182845440, eval/episode_success_hard: 0.000 +/- 0.000
step: 182845440, eval/episode_reward_dist: 0.000 +/- 0.000
step: 182845440, eval/episode_reward_near: 0.000 +/- 0.000
step: 182845440, training/actor_loss: 0.000 +/- 0.000
step: 182845440, training/critic_loss: 0.000 +/- 0.000
step: 182845440, training/sps: 402474.728 +/- 0.000
step: 182845440, training/entropy: 0.000 +/- 0.000
step: 182845440, training/alpha: 0.000 +/- 0.000
step: 182845440, training/alpha_loss: 0.000 +/- 0.000
step: 213319680, eval/episode_dist: 9512.651 +/- 0.000
step: 213319680, eval/episode_reward: 0.000 +/- 0.000
step: 213319680, eval/episode_reward_ctrl: -889.144 +/- 0.000
step: 213319680, eval/episode_reward_survive: 968.477 +/- 0.000
step: 213319680, eval/episode_success: 0.000 +/- 0.000
step: 213319680, eval/episode_success_easy: 0.000 +/- 0.000
step: 213319680, eval/episode_success_any: 0.000 +/- 0.000
step: 213319680, eval/episode_success_hard: 0.000 +/- 0.000
step: 213319680, eval/episode_reward_dist: 0.000 +/- 0.000
step: 213319680, eval/episode_reward_near: 0.000 +/- 0.000
step: 213319680, training/actor_loss: 0.000 +/- 0.000
step: 213319680, training/critic_loss: 0.000 +/- 0.000
step: 213319680, training/sps: 402442.888 +/- 0.000
step: 213319680, training/entropy: 0.000 +/- 0.000
step: 213319680, training/alpha: 0.000 +/- 0.000
step: 213319680, training/alpha_loss: 0.000 +/- 0.000
step: 243793920, eval/episode_dist: 9335.377 +/- 0.000
step: 243793920, eval/episode_reward: 0.000 +/- 0.000
step: 243793920, eval/episode_reward_ctrl: -874.578 +/- 0.000
step: 243793920, eval/episode_reward_survive: 951.648 +/- 0.000
step: 243793920, eval/episode_success: 0.000 +/- 0.000
step: 243793920, eval/episode_success_easy: 0.000 +/- 0.000
step: 243793920, eval/episode_success_any: 0.000 +/- 0.000
step: 243793920, eval/episode_success_hard: 0.000 +/- 0.000
step: 243793920, eval/episode_reward_dist: 0.000 +/- 0.000
step: 243793920, eval/episode_reward_near: 0.000 +/- 0.000
step: 243793920, training/actor_loss: 0.000 +/- 0.000
step: 243793920, training/critic_loss: 0.000 +/- 0.000
step: 243793920, training/sps: 401920.589 +/- 0.000
step: 243793920, training/entropy: 0.000 +/- 0.000
step: 243793920, training/alpha: 0.000 +/- 0.000
step: 243793920, training/alpha_loss: 0.000 +/- 0.000
step: 274268160, eval/episode_dist: 9697.369 +/- 0.000
step: 274268160, eval/episode_reward: 0.000 +/- 0.000
step: 274268160, eval/episode_reward_ctrl: -877.851 +/- 0.000
step: 274268160, eval/episode_reward_survive: 979.344 +/- 0.000
step: 274268160, eval/episode_success: 0.000 +/- 0.000
step: 274268160, eval/episode_success_easy: 0.000 +/- 0.000
step: 274268160, eval/episode_success_any: 0.000 +/- 0.000
step: 274268160, eval/episode_success_hard: 0.000 +/- 0.000
step: 274268160, eval/episode_reward_dist: 0.000 +/- 0.000
step: 274268160, eval/episode_reward_near: 0.000 +/- 0.000
step: 274268160, training/actor_loss: 0.000 +/- 0.000
step: 274268160, training/critic_loss: 0.000 +/- 0.000
step: 274268160, training/sps: 402823.783 +/- 0.000
step: 274268160, training/entropy: 0.000 +/- 0.000
step: 274268160, training/alpha: 0.000 +/- 0.000
step: 274268160, training/alpha_loss: 0.000 +/- 0.000
step: 304742400, eval/episode_dist: 9794.953 +/- 0.000
step: 304742400, eval/episode_reward: 0.000 +/- 0.000
step: 304742400, eval/episode_reward_ctrl: -888.795 +/- 0.000
step: 304742400, eval/episode_reward_survive: 995.250 +/- 0.000
step: 304742400, eval/episode_success: 0.000 +/- 0.000
step: 304742400, eval/episode_success_easy: 0.000 +/- 0.000
step: 304742400, eval/episode_success_any: 0.000 +/- 0.000
step: 304742400, eval/episode_success_hard: 0.000 +/- 0.000
step: 304742400, eval/episode_reward_dist: 0.000 +/- 0.000
step: 304742400, eval/episode_reward_near: 0.000 +/- 0.000
step: 304742400, training/actor_loss: 0.000 +/- 0.000
step: 304742400, training/critic_loss: 0.000 +/- 0.000
step: 304742400, training/sps: 402034.452 +/- 0.000
step: 304742400, training/entropy: 0.000 +/- 0.000
step: 304742400, training/alpha: 0.000 +/- 0.000
step: 304742400, training/alpha_loss: 0.000 +/- 0.000
step: 335216640, eval/episode_dist: 9798.516 +/- 0.000
step: 335216640, eval/episode_reward: 0.000 +/- 0.000
step: 335216640, eval/episode_reward_ctrl: -827.570 +/- 0.000
step: 335216640, eval/episode_reward_survive: 987.539 +/- 0.000
step: 335216640, eval/episode_success: 0.000 +/- 0.000
step: 335216640, eval/episode_success_easy: 0.000 +/- 0.000
step: 335216640, eval/episode_success_any: 0.000 +/- 0.000
step: 335216640, eval/episode_success_hard: 0.000 +/- 0.000
step: 335216640, eval/episode_reward_dist: 0.000 +/- 0.000
step: 335216640, eval/episode_reward_near: 0.000 +/- 0.000
step: 335216640, training/actor_loss: 0.000 +/- 0.000
step: 335216640, training/critic_loss: 0.000 +/- 0.000
step: 335216640, training/sps: 402753.247 +/- 0.000
step: 335216640, training/entropy: 0.000 +/- 0.000
step: 335216640, training/alpha: 0.000 +/- 0.000
step: 335216640, training/alpha_loss: 0.000 +/- 0.000
step: 365690880, eval/episode_dist: 9982.599 +/- 0.000
step: 365690880, eval/episode_reward: 0.000 +/- 0.000
step: 365690880, eval/episode_reward_ctrl: -868.494 +/- 0.000
step: 365690880, eval/episode_reward_survive: 1002.664 +/- 0.000
step: 365690880, eval/episode_success: 0.000 +/- 0.000
step: 365690880, eval/episode_success_easy: 0.000 +/- 0.000
step: 365690880, eval/episode_success_any: 0.000 +/- 0.000
step: 365690880, eval/episode_success_hard: 0.000 +/- 0.000
step: 365690880, eval/episode_reward_dist: 0.000 +/- 0.000
step: 365690880, eval/episode_reward_near: 0.000 +/- 0.000
step: 365690880, training/actor_loss: 0.000 +/- 0.000
step: 365690880, training/critic_loss: 0.000 +/- 0.000
step: 365690880, training/sps: 402221.417 +/- 0.000
step: 365690880, training/entropy: 0.000 +/- 0.000
step: 365690880, training/alpha: 0.000 +/- 0.000
step: 365690880, training/alpha_loss: 0.000 +/- 0.000
step: 396165120, eval/episode_dist: 10038.611 +/- 0.000
step: 396165120, eval/episode_reward: 0.000 +/- 0.000
step: 396165120, eval/episode_reward_ctrl: -823.105 +/- 0.000
step: 396165120, eval/episode_reward_survive: 1009.953 +/- 0.000
step: 396165120, eval/episode_success: 0.000 +/- 0.000
step: 396165120, eval/episode_success_easy: 0.000 +/- 0.000
step: 396165120, eval/episode_success_any: 0.000 +/- 0.000
step: 396165120, eval/episode_success_hard: 0.000 +/- 0.000
step: 396165120, eval/episode_reward_dist: 0.000 +/- 0.000
step: 396165120, eval/episode_reward_near: 0.000 +/- 0.000
step: 396165120, training/actor_loss: 0.000 +/- 0.000
step: 396165120, training/critic_loss: 0.000 +/- 0.000
step: 396165120, training/sps: 402795.692 +/- 0.000
step: 396165120, training/entropy: 0.000 +/- 0.000
step: 396165120, training/alpha: 0.000 +/- 0.000
step: 396165120, training/alpha_loss: 0.000 +/- 0.000
step: 426639360, eval/episode_dist: 10025.197 +/- 0.000
step: 426639360, eval/episode_reward: 0.000 +/- 0.000
step: 426639360, eval/episode_reward_ctrl: -870.855 +/- 0.000
step: 426639360, eval/episode_reward_survive: 1009.812 +/- 0.000
step: 426639360, eval/episode_success: 0.000 +/- 0.000
step: 426639360, eval/episode_success_easy: 0.000 +/- 0.000
step: 426639360, eval/episode_success_any: 0.000 +/- 0.000
step: 426639360, eval/episode_success_hard: 0.000 +/- 0.000
step: 426639360, eval/episode_reward_dist: 0.000 +/- 0.000
step: 426639360, eval/episode_reward_near: 0.000 +/- 0.000
step: 426639360, training/actor_loss: 0.000 +/- 0.000
step: 426639360, training/critic_loss: 0.000 +/- 0.000
step: 426639360, training/sps: 402292.601 +/- 0.000
step: 426639360, training/entropy: 0.000 +/- 0.000
step: 426639360, training/alpha: 0.000 +/- 0.000
step: 426639360, training/alpha_loss: 0.000 +/- 0.000
step: 457113600, eval/episode_dist: 9993.296 +/- 0.000
step: 457113600, eval/episode_reward: 0.000 +/- 0.000
step: 457113600, eval/episode_reward_ctrl: -908.119 +/- 0.000
step: 457113600, eval/episode_reward_survive: 1009.969 +/- 0.000
step: 457113600, eval/episode_success: 0.000 +/- 0.000
step: 457113600, eval/episode_success_easy: 0.000 +/- 0.000
step: 457113600, eval/episode_success_any: 0.000 +/- 0.000
step: 457113600, eval/episode_success_hard: 0.000 +/- 0.000
step: 457113600, eval/episode_reward_dist: 0.000 +/- 0.000
step: 457113600, eval/episode_reward_near: 0.000 +/- 0.000
step: 457113600, training/actor_loss: 0.000 +/- 0.000
step: 457113600, training/critic_loss: 0.000 +/- 0.000
step: 457113600, training/sps: 402872.017 +/- 0.000
step: 457113600, training/entropy: 0.000 +/- 0.000
step: 457113600, training/alpha: 0.000 +/- 0.000
step: 457113600, training/alpha_loss: 0.000 +/- 0.000
step: 487587840, eval/episode_dist: 10061.991 +/- 0.000
step: 487587840, eval/episode_reward: 0.000 +/- 0.000
step: 487587840, eval/episode_reward_ctrl: -876.549 +/- 0.000
step: 487587840, eval/episode_reward_survive: 1017.570 +/- 0.000
step: 487587840, eval/episode_success: 0.000 +/- 0.000
step: 487587840, eval/episode_success_easy: 0.000 +/- 0.000
step: 487587840, eval/episode_success_any: 0.000 +/- 0.000
step: 487587840, eval/episode_success_hard: 0.000 +/- 0.000
step: 487587840, eval/episode_reward_dist: 0.000 +/- 0.000
step: 487587840, eval/episode_reward_near: 0.000 +/- 0.000
step: 487587840, training/actor_loss: 0.000 +/- 0.000
step: 487587840, training/critic_loss: 0.000 +/- 0.000
step: 487587840, training/sps: 402461.638 +/- 0.000
step: 487587840, training/entropy: 0.000 +/- 0.000
step: 487587840, training/alpha: 0.000 +/- 0.000
step: 487587840, training/alpha_loss: 0.000 +/- 0.000
step: 518062080, eval/episode_dist: 10162.615 +/- 0.000
step: 518062080, eval/episode_reward: 0.000 +/- 0.000
step: 518062080, eval/episode_reward_ctrl: -840.063 +/- 0.000
step: 518062080, eval/episode_reward_survive: 1017.641 +/- 0.000
step: 518062080, eval/episode_success: 0.000 +/- 0.000
step: 518062080, eval/episode_success_easy: 0.000 +/- 0.000
step: 518062080, eval/episode_success_any: 0.000 +/- 0.000
step: 518062080, eval/episode_success_hard: 0.000 +/- 0.000
step: 518062080, eval/episode_reward_dist: 0.000 +/- 0.000
step: 518062080, eval/episode_reward_near: 0.000 +/- 0.000
step: 518062080, training/actor_loss: 0.000 +/- 0.000
step: 518062080, training/critic_loss: 0.000 +/- 0.000
step: 518062080, training/sps: 402519.483 +/- 0.000
step: 518062080, training/entropy: 0.000 +/- 0.000
step: 518062080, training/alpha: 0.000 +/- 0.000
step: 518062080, training/alpha_loss: 0.000 +/- 0.000
step: 548536320, eval/episode_dist: 10069.318 +/- 0.000
step: 548536320, eval/episode_reward: 0.000 +/- 0.000
step: 548536320, eval/episode_reward_ctrl: -823.962 +/- 0.000
step: 548536320, eval/episode_reward_survive: 1010.117 +/- 0.000
step: 548536320, eval/episode_success: 0.000 +/- 0.000
step: 548536320, eval/episode_success_easy: 0.000 +/- 0.000
step: 548536320, eval/episode_success_any: 0.000 +/- 0.000
step: 548536320, eval/episode_success_hard: 0.000 +/- 0.000
step: 548536320, eval/episode_reward_dist: 0.000 +/- 0.000
step: 548536320, eval/episode_reward_near: 0.000 +/- 0.000
step: 548536320, training/actor_loss: 0.000 +/- 0.000
step: 548536320, training/critic_loss: 0.000 +/- 0.000
step: 548536320, training/sps: 401802.632 +/- 0.000
step: 548536320, training/entropy: 0.000 +/- 0.000
step: 548536320, training/alpha: 0.000 +/- 0.000
step: 548536320, training/alpha_loss: 0.000 +/- 0.000
step: 579010560, eval/episode_dist: 10103.160 +/- 0.000
step: 579010560, eval/episode_reward: 0.000 +/- 0.000
step: 579010560, eval/episode_reward_ctrl: -884.175 +/- 0.000
step: 579010560, eval/episode_reward_survive: 1017.648 +/- 0.000
step: 579010560, eval/episode_success: 0.000 +/- 0.000
step: 579010560, eval/episode_success_easy: 0.000 +/- 0.000
step: 579010560, eval/episode_success_any: 0.000 +/- 0.000
step: 579010560, eval/episode_success_hard: 0.000 +/- 0.000
step: 579010560, eval/episode_reward_dist: 0.000 +/- 0.000
step: 579010560, eval/episode_reward_near: 0.000 +/- 0.000
step: 579010560, training/actor_loss: 0.000 +/- 0.000
step: 579010560, training/critic_loss: 0.000 +/- 0.000
step: 579010560, training/sps: 402578.351 +/- 0.000
step: 579010560, training/entropy: 0.000 +/- 0.000
step: 579010560, training/alpha: 0.000 +/- 0.000
step: 579010560, training/alpha_loss: 0.000 +/- 0.000
step: 609484800, eval/episode_dist: 9997.482 +/- 0.000
step: 609484800, eval/episode_reward: 0.000 +/- 0.000
step: 609484800, eval/episode_reward_ctrl: -856.086 +/- 0.000
step: 609484800, eval/episode_reward_survive: 1010.336 +/- 0.000
step: 609484800, eval/episode_success: 0.000 +/- 0.000
step: 609484800, eval/episode_success_easy: 0.000 +/- 0.000
step: 609484800, eval/episode_success_any: 0.000 +/- 0.000
step: 609484800, eval/episode_success_hard: 0.000 +/- 0.000
step: 609484800, eval/episode_reward_dist: 0.000 +/- 0.000
step: 609484800, eval/episode_reward_near: 0.000 +/- 0.000
step: 609484800, training/actor_loss: 0.000 +/- 0.000
step: 609484800, training/critic_loss: 0.000 +/- 0.000
step: 609484800, training/sps: 401747.203 +/- 0.000
step: 609484800, training/entropy: 0.000 +/- 0.000
step: 609484800, training/alpha: 0.000 +/- 0.000
step: 609484800, training/alpha_loss: 0.000 +/- 0.000
step: 639959040, eval/episode_dist: 10096.879 +/- 0.000
step: 639959040, eval/episode_reward: 0.000 +/- 0.000
step: 639959040, eval/episode_reward_ctrl: -823.012 +/- 0.000
step: 639959040, eval/episode_reward_survive: 1010.172 +/- 0.000
step: 639959040, eval/episode_success: 0.000 +/- 0.000
step: 639959040, eval/episode_success_easy: 0.000 +/- 0.000
step: 639959040, eval/episode_success_any: 0.000 +/- 0.000
step: 639959040, eval/episode_success_hard: 0.000 +/- 0.000
step: 639959040, eval/episode_reward_dist: 0.000 +/- 0.000
step: 639959040, eval/episode_reward_near: 0.000 +/- 0.000
step: 639959040, training/actor_loss: 0.000 +/- 0.000
step: 639959040, training/critic_loss: 0.000 +/- 0.000
step: 639959040, training/sps: 402542.316 +/- 0.000
step: 639959040, training/entropy: 0.000 +/- 0.000
step: 639959040, training/alpha: 0.000 +/- 0.000
step: 639959040, training/alpha_loss: 0.000 +/- 0.000
step: 670433280, eval/episode_dist: 10157.098 +/- 0.000
step: 670433280, eval/episode_reward: 0.000 +/- 0.000
step: 670433280, eval/episode_reward_ctrl: -823.213 +/- 0.000
step: 670433280, eval/episode_reward_survive: 1003.906 +/- 0.000
step: 670433280, eval/episode_success: 0.000 +/- 0.000
step: 670433280, eval/episode_success_easy: 0.000 +/- 0.000
step: 670433280, eval/episode_success_any: 0.000 +/- 0.000
step: 670433280, eval/episode_success_hard: 0.000 +/- 0.000
step: 670433280, eval/episode_reward_dist: 0.000 +/- 0.000
step: 670433280, eval/episode_reward_near: 0.000 +/- 0.000
step: 670433280, training/actor_loss: 0.000 +/- 0.000
step: 670433280, training/critic_loss: 0.000 +/- 0.000
step: 670433280, training/sps: 402693.755 +/- 0.000
step: 670433280, training/entropy: 0.000 +/- 0.000
step: 670433280, training/alpha: 0.000 +/- 0.000
step: 670433280, training/alpha_loss: 0.000 +/- 0.000
step: 700907520, eval/episode_dist: 10143.252 +/- 0.000
step: 700907520, eval/episode_reward: 0.000 +/- 0.000
step: 700907520, eval/episode_reward_ctrl: -860.569 +/- 0.000
step: 700907520, eval/episode_reward_survive: 1002.703 +/- 0.000
step: 700907520, eval/episode_success: 0.000 +/- 0.000
step: 700907520, eval/episode_success_easy: 0.000 +/- 0.000
step: 700907520, eval/episode_success_any: 0.000 +/- 0.000
step: 700907520, eval/episode_success_hard: 0.000 +/- 0.000
step: 700907520, eval/episode_reward_dist: 0.000 +/- 0.000
step: 700907520, eval/episode_reward_near: 0.000 +/- 0.000
step: 700907520, training/actor_loss: 0.000 +/- 0.000
step: 700907520, training/critic_loss: 0.000 +/- 0.000
step: 700907520, training/sps: 402763.609 +/- 0.000
step: 700907520, training/entropy: 0.000 +/- 0.000
step: 700907520, training/alpha: 0.000 +/- 0.000
step: 700907520, training/alpha_loss: 0.000 +/- 0.000
step: 731381760, eval/episode_dist: 10175.748 +/- 0.000
step: 731381760, eval/episode_reward: 0.000 +/- 0.000
step: 731381760, eval/episode_reward_ctrl: -864.402 +/- 0.000
step: 731381760, eval/episode_reward_survive: 1017.406 +/- 0.000
step: 731381760, eval/episode_success: 0.000 +/- 0.000
step: 731381760, eval/episode_success_easy: 0.000 +/- 0.000
step: 731381760, eval/episode_success_any: 0.000 +/- 0.000
step: 731381760, eval/episode_success_hard: 0.000 +/- 0.000
step: 731381760, eval/episode_reward_dist: 0.000 +/- 0.000
step: 731381760, eval/episode_reward_near: 0.000 +/- 0.000
step: 731381760, training/actor_loss: 0.000 +/- 0.000
step: 731381760, training/critic_loss: 0.000 +/- 0.000
step: 731381760, training/sps: 402680.264 +/- 0.000
step: 731381760, training/entropy: 0.000 +/- 0.000
step: 731381760, training/alpha: 0.000 +/- 0.000
step: 731381760, training/alpha_loss: 0.000 +/- 0.000
step: 761856000, eval/episode_dist: 10296.119 +/- 0.000
step: 761856000, eval/episode_reward: 0.000 +/- 0.000
step: 761856000, eval/episode_reward_ctrl: -836.324 +/- 0.000
step: 761856000, eval/episode_reward_survive: 1025.000 +/- 0.000
step: 761856000, eval/episode_success: 0.000 +/- 0.000
step: 761856000, eval/episode_success_easy: 0.000 +/- 0.000
step: 761856000, eval/episode_success_any: 0.000 +/- 0.000
step: 761856000, eval/episode_success_hard: 0.000 +/- 0.000
step: 761856000, eval/episode_reward_dist: 0.000 +/- 0.000
step: 761856000, eval/episode_reward_near: 0.000 +/- 0.000
step: 761856000, training/actor_loss: 0.000 +/- 0.000
step: 761856000, training/critic_loss: 0.000 +/- 0.000
step: 761856000, training/sps: 402787.559 +/- 0.000
step: 761856000, training/entropy: 0.000 +/- 0.000
step: 761856000, training/alpha: 0.000 +/- 0.000
step: 761856000, training/alpha_loss: 0.000 +/- 0.000
step: 792330240, eval/episode_dist: 10302.590 +/- 0.000
step: 792330240, eval/episode_reward: 0.000 +/- 0.000
step: 792330240, eval/episode_reward_ctrl: -862.429 +/- 0.000
step: 792330240, eval/episode_reward_survive: 1017.391 +/- 0.000
step: 792330240, eval/episode_success: 0.000 +/- 0.000
step: 792330240, eval/episode_success_easy: 0.000 +/- 0.000
step: 792330240, eval/episode_success_any: 0.000 +/- 0.000
step: 792330240, eval/episode_success_hard: 0.000 +/- 0.000
step: 792330240, eval/episode_reward_dist: 0.000 +/- 0.000
step: 792330240, eval/episode_reward_near: 0.000 +/- 0.000
step: 792330240, training/actor_loss: 0.000 +/- 0.000
step: 792330240, training/critic_loss: 0.000 +/- 0.000
step: 792330240, training/sps: 401866.575 +/- 0.000
step: 792330240, training/entropy: 0.000 +/- 0.000
step: 792330240, training/alpha: 0.000 +/- 0.000
step: 792330240, training/alpha_loss: 0.000 +/- 0.000
step: 822804480, eval/episode_dist: 10033.896 +/- 0.000
step: 822804480, eval/episode_reward: 0.000 +/- 0.000
step: 822804480, eval/episode_reward_ctrl: -834.299 +/- 0.000
step: 822804480, eval/episode_reward_survive: 994.961 +/- 0.000
step: 822804480, eval/episode_success: 0.000 +/- 0.000
step: 822804480, eval/episode_success_easy: 0.000 +/- 0.000
step: 822804480, eval/episode_success_any: 0.000 +/- 0.000
step: 822804480, eval/episode_success_hard: 0.000 +/- 0.000
step: 822804480, eval/episode_reward_dist: 0.000 +/- 0.000
step: 822804480, eval/episode_reward_near: 0.000 +/- 0.000
step: 822804480, training/actor_loss: 0.000 +/- 0.000
step: 822804480, training/critic_loss: 0.000 +/- 0.000
step: 822804480, training/sps: 402573.802 +/- 0.000
step: 822804480, training/entropy: 0.000 +/- 0.000
step: 822804480, training/alpha: 0.000 +/- 0.000
step: 822804480, training/alpha_loss: 0.000 +/- 0.000
step: 853278720, eval/episode_dist: 9855.179 +/- 0.000
step: 853278720, eval/episode_reward: 0.000 +/- 0.000
step: 853278720, eval/episode_reward_ctrl: -794.674 +/- 0.000
step: 853278720, eval/episode_reward_survive: 977.281 +/- 0.000
step: 853278720, eval/episode_success: 0.000 +/- 0.000
step: 853278720, eval/episode_success_easy: 0.000 +/- 0.000
step: 853278720, eval/episode_success_any: 0.000 +/- 0.000
step: 853278720, eval/episode_success_hard: 0.000 +/- 0.000
step: 853278720, eval/episode_reward_dist: 0.000 +/- 0.000
step: 853278720, eval/episode_reward_near: 0.000 +/- 0.000
step: 853278720, training/actor_loss: 0.000 +/- 0.000
step: 853278720, training/critic_loss: 0.000 +/- 0.000
step: 853278720, training/sps: 401794.649 +/- 0.000
step: 853278720, training/entropy: 0.000 +/- 0.000
step: 853278720, training/alpha: 0.000 +/- 0.000
step: 853278720, training/alpha_loss: 0.000 +/- 0.000
step: 883752960, eval/episode_dist: 10030.752 +/- 0.000
step: 883752960, eval/episode_reward: 0.000 +/- 0.000
step: 883752960, eval/episode_reward_ctrl: -806.072 +/- 0.000
step: 883752960, eval/episode_reward_survive: 1002.406 +/- 0.000
step: 883752960, eval/episode_success: 0.000 +/- 0.000
step: 883752960, eval/episode_success_easy: 0.000 +/- 0.000
step: 883752960, eval/episode_success_any: 0.000 +/- 0.000
step: 883752960, eval/episode_success_hard: 0.000 +/- 0.000
step: 883752960, eval/episode_reward_dist: 0.000 +/- 0.000
step: 883752960, eval/episode_reward_near: 0.000 +/- 0.000
step: 883752960, training/actor_loss: 0.000 +/- 0.000
step: 883752960, training/critic_loss: 0.000 +/- 0.000
step: 883752960, training/sps: 402607.575 +/- 0.000
step: 883752960, training/entropy: 0.000 +/- 0.000
step: 883752960, training/alpha: 0.000 +/- 0.000
step: 883752960, training/alpha_loss: 0.000 +/- 0.000
step: 914227200, eval/episode_dist: 9936.266 +/- 0.000
step: 914227200, eval/episode_reward: 0.000 +/- 0.000
step: 914227200, eval/episode_reward_ctrl: -799.824 +/- 0.000
step: 914227200, eval/episode_reward_survive: 995.516 +/- 0.000
step: 914227200, eval/episode_success: 0.000 +/- 0.000
step: 914227200, eval/episode_success_easy: 0.000 +/- 0.000
step: 914227200, eval/episode_success_any: 0.000 +/- 0.000
step: 914227200, eval/episode_success_hard: 0.000 +/- 0.000
step: 914227200, eval/episode_reward_dist: 0.000 +/- 0.000
step: 914227200, eval/episode_reward_near: 0.000 +/- 0.000
step: 914227200, training/actor_loss: 0.000 +/- 0.000
step: 914227200, training/critic_loss: 0.000 +/- 0.000
step: 914227200, training/sps: 402583.002 +/- 0.000
step: 914227200, training/entropy: 0.000 +/- 0.000
step: 914227200, training/alpha: 0.000 +/- 0.000
step: 914227200, training/alpha_loss: 0.000 +/- 0.000
step: 944701440, eval/episode_dist: 10173.475 +/- 0.000
step: 944701440, eval/episode_reward: 0.000 +/- 0.000
step: 944701440, eval/episode_reward_ctrl: -787.605 +/- 0.000
step: 944701440, eval/episode_reward_survive: 1002.414 +/- 0.000
step: 944701440, eval/episode_success: 0.000 +/- 0.000
step: 944701440, eval/episode_success_easy: 0.000 +/- 0.000
step: 944701440, eval/episode_success_any: 0.000 +/- 0.000
step: 944701440, eval/episode_success_hard: 0.000 +/- 0.000
step: 944701440, eval/episode_reward_dist: 0.000 +/- 0.000
step: 944701440, eval/episode_reward_near: 0.000 +/- 0.000
step: 944701440, training/actor_loss: 0.000 +/- 0.000
step: 944701440, training/critic_loss: 0.000 +/- 0.000
step: 944701440, training/sps: 402638.212 +/- 0.000
step: 944701440, training/entropy: 0.000 +/- 0.000
step: 944701440, training/alpha: 0.000 +/- 0.000
step: 944701440, training/alpha_loss: 0.000 +/- 0.000
step: 975175680, eval/episode_dist: 10390.910 +/- 0.000
step: 975175680, eval/episode_reward: 0.000 +/- 0.000
step: 975175680, eval/episode_reward_ctrl: -798.992 +/- 0.000
step: 975175680, eval/episode_reward_survive: 1017.344 +/- 0.000
step: 975175680, eval/episode_success: 0.000 +/- 0.000
step: 975175680, eval/episode_success_easy: 0.000 +/- 0.000
step: 975175680, eval/episode_success_any: 0.000 +/- 0.000
step: 975175680, eval/episode_success_hard: 0.000 +/- 0.000
step: 975175680, eval/episode_reward_dist: 0.000 +/- 0.000
step: 975175680, eval/episode_reward_near: 0.000 +/- 0.000
step: 975175680, training/actor_loss: 0.000 +/- 0.000
step: 975175680, training/critic_loss: 0.000 +/- 0.000
step: 975175680, training/sps: 401940.243 +/- 0.000
step: 975175680, training/entropy: 0.000 +/- 0.000
step: 975175680, training/alpha: 0.000 +/- 0.000
step: 975175680, training/alpha_loss: 0.000 +/- 0.000
step: 1005649920, eval/episode_dist: 9582.945 +/- 0.000
step: 1005649920, eval/episode_reward: 0.000 +/- 0.000
step: 1005649920, eval/episode_reward_ctrl: -773.409 +/- 0.000
step: 1005649920, eval/episode_reward_survive: 960.656 +/- 0.000
step: 1005649920, eval/episode_success: 0.000 +/- 0.000
step: 1005649920, eval/episode_success_easy: 0.000 +/- 0.000
step: 1005649920, eval/episode_success_any: 0.000 +/- 0.000
step: 1005649920, eval/episode_success_hard: 0.000 +/- 0.000
step: 1005649920, eval/episode_reward_dist: 0.000 +/- 0.000
step: 1005649920, eval/episode_reward_near: 0.000 +/- 0.000
step: 1005649920, training/actor_loss: 0.000 +/- 0.000
step: 1005649920, training/critic_loss: 0.000 +/- 0.000
step: 1005649920, training/sps: 402948.339 +/- 0.000
step: 1005649920, training/entropy: 0.000 +/- 0.000
step: 1005649920, training/alpha: 0.000 +/- 0.000
step: 1005649920, training/alpha_loss: 0.000 +/- 0.000
step: 1036124160, eval/episode_dist: 10048.100 +/- 0.000
step: 1036124160, eval/episode_reward: 0.000 +/- 0.000
step: 1036124160, eval/episode_reward_ctrl: -772.501 +/- 0.000
step: 1036124160, eval/episode_reward_survive: 1010.188 +/- 0.000
step: 1036124160, eval/episode_success: 0.000 +/- 0.000
step: 1036124160, eval/episode_success_easy: 0.000 +/- 0.000
step: 1036124160, eval/episode_success_any: 0.000 +/- 0.000
step: 1036124160, eval/episode_success_hard: 0.000 +/- 0.000
step: 1036124160, eval/episode_reward_dist: 0.000 +/- 0.000
step: 1036124160, eval/episode_reward_near: 0.000 +/- 0.000
step: 1036124160, training/actor_loss: 0.000 +/- 0.000
step: 1036124160, training/critic_loss: 0.000 +/- 0.000
step: 1036124160, training/sps: 401837.658 +/- 0.000
step: 1036124160, training/entropy: 0.000 +/- 0.000
step: 1036124160, training/alpha: 0.000 +/- 0.000
step: 1036124160, training/alpha_loss: 0.000 +/- 0.000
step: 1066598400, eval/episode_dist: 10199.455 +/- 0.000
step: 1066598400, eval/episode_reward: 0.000 +/- 0.000
step: 1066598400, eval/episode_reward_ctrl: -803.346 +/- 0.000
step: 1066598400, eval/episode_reward_survive: 1010.297 +/- 0.000
step: 1066598400, eval/episode_success: 0.000 +/- 0.000
step: 1066598400, eval/episode_success_easy: 0.000 +/- 0.000
step: 1066598400, eval/episode_success_any: 0.000 +/- 0.000
step: 1066598400, eval/episode_success_hard: 0.000 +/- 0.000
step: 1066598400, eval/episode_reward_dist: 0.000 +/- 0.000
step: 1066598400, eval/episode_reward_near: 0.000 +/- 0.000
step: 1066598400, training/actor_loss: 0.000 +/- 0.000
step: 1066598400, training/critic_loss: 0.000 +/- 0.000
step: 1066598400, training/sps: 402908.841 +/- 0.000
step: 1066598400, training/entropy: 0.000 +/- 0.000
step: 1066598400, training/alpha: 0.000 +/- 0.000
step: 1066598400, training/alpha_loss: 0.000 +/- 0.000
step: 1097072640, eval/episode_dist: 9771.465 +/- 0.000
step: 1097072640, eval/episode_reward: 0.000 +/- 0.000
step: 1097072640, eval/episode_reward_ctrl: -775.138 +/- 0.000
step: 1097072640, eval/episode_reward_survive: 980.180 +/- 0.000
step: 1097072640, eval/episode_success: 0.000 +/- 0.000
step: 1097072640, eval/episode_success_easy: 0.000 +/- 0.000
step: 1097072640, eval/episode_success_any: 0.000 +/- 0.000
step: 1097072640, eval/episode_success_hard: 0.000 +/- 0.000
step: 1097072640, eval/episode_reward_dist: 0.000 +/- 0.000
step: 1097072640, eval/episode_reward_near: 0.000 +/- 0.000
step: 1097072640, training/actor_loss: 0.000 +/- 0.000
step: 1097072640, training/critic_loss: 0.000 +/- 0.000
step: 1097072640, training/sps: 401911.003 +/- 0.000
step: 1097072640, training/entropy: 0.000 +/- 0.000
step: 1097072640, training/alpha: 0.000 +/- 0.000
step: 1097072640, training/alpha_loss: 0.000 +/- 0.000
step: 1127546880, eval/episode_dist: 10268.920 +/- 0.000
step: 1127546880, eval/episode_reward: 0.000 +/- 0.000
step: 1127546880, eval/episode_reward_ctrl: -814.484 +/- 0.000
step: 1127546880, eval/episode_reward_survive: 1025.000 +/- 0.000
step: 1127546880, eval/episode_success: 0.000 +/- 0.000
step: 1127546880, eval/episode_success_easy: 0.000 +/- 0.000
step: 1127546880, eval/episode_success_any: 0.000 +/- 0.000
step: 1127546880, eval/episode_success_hard: 0.000 +/- 0.000
step: 1127546880, eval/episode_reward_dist: 0.000 +/- 0.000
step: 1127546880, eval/episode_reward_near: 0.000 +/- 0.000
step: 1127546880, training/actor_loss: 0.000 +/- 0.000
step: 1127546880, training/critic_loss: 0.000 +/- 0.000
step: 1127546880, training/sps: 402890.900 +/- 0.000
step: 1127546880, training/entropy: 0.000 +/- 0.000
step: 1127546880, training/alpha: 0.000 +/- 0.000
step: 1127546880, training/alpha_loss: 0.000 +/- 0.000
step: 1158021120, eval/episode_dist: 10004.708 +/- 0.000
step: 1158021120, eval/episode_reward: 0.000 +/- 0.000
step: 1158021120, eval/episode_reward_ctrl: -805.211 +/- 0.000
step: 1158021120, eval/episode_reward_survive: 994.836 +/- 0.000
step: 1158021120, eval/episode_success: 0.000 +/- 0.000
step: 1158021120, eval/episode_success_easy: 0.000 +/- 0.000
step: 1158021120, eval/episode_success_any: 0.000 +/- 0.000
step: 1158021120, eval/episode_success_hard: 0.000 +/- 0.000
step: 1158021120, eval/episode_reward_dist: 0.000 +/- 0.000
step: 1158021120, eval/episode_reward_near: 0.000 +/- 0.000
step: 1158021120, training/actor_loss: 0.000 +/- 0.000
step: 1158021120, training/critic_loss: 0.000 +/- 0.000
step: 1158021120, training/sps: 402558.280 +/- 0.000
step: 1158021120, training/entropy: 0.000 +/- 0.000
step: 1158021120, training/alpha: 0.000 +/- 0.000
step: 1158021120, training/alpha_loss: 0.000 +/- 0.000
step: 1188495360, eval/episode_dist: 10310.469 +/- 0.000
step: 1188495360, eval/episode_reward: 0.000 +/- 0.000
step: 1188495360, eval/episode_reward_ctrl: -789.465 +/- 0.000
step: 1188495360, eval/episode_reward_survive: 1017.547 +/- 0.000
step: 1188495360, eval/episode_success: 0.000 +/- 0.000
step: 1188495360, eval/episode_success_easy: 0.000 +/- 0.000
step: 1188495360, eval/episode_success_any: 0.000 +/- 0.000
step: 1188495360, eval/episode_success_hard: 0.000 +/- 0.000
step: 1188495360, eval/episode_reward_dist: 0.000 +/- 0.000
step: 1188495360, eval/episode_reward_near: 0.000 +/- 0.000
step: 1188495360, training/actor_loss: 0.000 +/- 0.000
step: 1188495360, training/critic_loss: 0.000 +/- 0.000
step: 1188495360, training/sps: 402924.488 +/- 0.000
step: 1188495360, training/entropy: 0.000 +/- 0.000
step: 1188495360, training/alpha: 0.000 +/- 0.000
step: 1188495360, training/alpha_loss: 0.000 +/- 0.000
step: 1218969600, eval/episode_dist: 10369.348 +/- 0.000
step: 1218969600, eval/episode_reward: 0.000 +/- 0.000
step: 1218969600, eval/episode_reward_ctrl: -864.745 +/- 0.000
step: 1218969600, eval/episode_reward_survive: 1025.000 +/- 0.000
step: 1218969600, eval/episode_success: 0.000 +/- 0.000
step: 1218969600, eval/episode_success_easy: 0.000 +/- 0.000
step: 1218969600, eval/episode_success_any: 0.000 +/- 0.000
step: 1218969600, eval/episode_success_hard: 0.000 +/- 0.000
step: 1218969600, eval/episode_reward_dist: 0.000 +/- 0.000
step: 1218969600, eval/episode_reward_near: 0.000 +/- 0.000
step: 1218969600, training/actor_loss: 0.000 +/- 0.000
step: 1218969600, training/critic_loss: 0.000 +/- 0.000
step: 1218969600, training/sps: 402034.932 +/- 0.000
step: 1218969600, training/entropy: 0.000 +/- 0.000
step: 1218969600, training/alpha: 0.000 +/- 0.000
step: 1218969600, training/alpha_loss: 0.000 +/- 0.000
step: 1249443840, eval/episode_dist: 10104.406 +/- 0.000
step: 1249443840, eval/episode_reward: 0.000 +/- 0.000
step: 1249443840, eval/episode_reward_ctrl: -796.781 +/- 0.000
step: 1249443840, eval/episode_reward_survive: 995.102 +/- 0.000
step: 1249443840, eval/episode_success: 0.000 +/- 0.000
step: 1249443840, eval/episode_success_easy: 0.000 +/- 0.000
step: 1249443840, eval/episode_success_any: 0.000 +/- 0.000
step: 1249443840, eval/episode_success_hard: 0.000 +/- 0.000
step: 1249443840, eval/episode_reward_dist: 0.000 +/- 0.000
step: 1249443840, eval/episode_reward_near: 0.000 +/- 0.000
step: 1249443840, training/actor_loss: 0.000 +/- 0.000
step: 1249443840, training/critic_loss: 0.000 +/- 0.000
step: 1249443840, training/sps: 402916.515 +/- 0.000
step: 1249443840, training/entropy: 0.000 +/- 0.000
step: 1249443840, training/alpha: 0.000 +/- 0.000
step: 1249443840, training/alpha_loss: 0.000 +/- 0.000
step: 1279918080, eval/episode_dist: 10038.777 +/- 0.000
step: 1279918080, eval/episode_reward: 0.000 +/- 0.000
step: 1279918080, eval/episode_reward_ctrl: -750.532 +/- 0.000
step: 1279918080, eval/episode_reward_survive: 1002.430 +/- 0.000
step: 1279918080, eval/episode_success: 0.000 +/- 0.000
step: 1279918080, eval/episode_success_easy: 0.000 +/- 0.000
step: 1279918080, eval/episode_success_any: 0.000 +/- 0.000
step: 1279918080, eval/episode_success_hard: 0.000 +/- 0.000
step: 1279918080, eval/episode_reward_dist: 0.000 +/- 0.000
step: 1279918080, eval/episode_reward_near: 0.000 +/- 0.000
step: 1279918080, training/actor_loss: 0.000 +/- 0.000
step: 1279918080, training/critic_loss: 0.000 +/- 0.000
step: 1279918080, training/sps: 402198.531 +/- 0.000
step: 1279918080, training/entropy: 0.000 +/- 0.000
step: 1279918080, training/alpha: 0.000 +/- 0.000
step: 1279918080, training/alpha_loss: 0.000 +/- 0.000
step: 1310392320, eval/episode_dist: 10142.318 +/- 0.000
step: 1310392320, eval/episode_reward: 0.000 +/- 0.000
step: 1310392320, eval/episode_reward_ctrl: -845.634 +/- 0.000
step: 1310392320, eval/episode_reward_survive: 1005.016 +/- 0.000
step: 1310392320, eval/episode_success: 0.000 +/- 0.000
step: 1310392320, eval/episode_success_easy: 0.000 +/- 0.000
step: 1310392320, eval/episode_success_any: 0.000 +/- 0.000
step: 1310392320, eval/episode_success_hard: 0.000 +/- 0.000
step: 1310392320, eval/episode_reward_dist: 0.000 +/- 0.000
step: 1310392320, eval/episode_reward_near: 0.000 +/- 0.000
step: 1310392320, training/actor_loss: 0.000 +/- 0.000
step: 1310392320, training/critic_loss: 0.000 +/- 0.000
step: 1310392320, training/sps: 402799.439 +/- 0.000
step: 1310392320, training/entropy: 0.000 +/- 0.000
step: 1310392320, training/alpha: 0.000 +/- 0.000
step: 1310392320, training/alpha_loss: 0.000 +/- 0.000
step: 1340866560, eval/episode_dist: 9925.908 +/- 0.000
step: 1340866560, eval/episode_reward: 0.000 +/- 0.000
step: 1340866560, eval/episode_reward_ctrl: -785.120 +/- 0.000
step: 1340866560, eval/episode_reward_survive: 988.422 +/- 0.000
step: 1340866560, eval/episode_success: 0.000 +/- 0.000
step: 1340866560, eval/episode_success_easy: 0.000 +/- 0.000
step: 1340866560, eval/episode_success_any: 0.000 +/- 0.000
step: 1340866560, eval/episode_success_hard: 0.000 +/- 0.000
step: 1340866560, eval/episode_reward_dist: 0.000 +/- 0.000
step: 1340866560, eval/episode_reward_near: 0.000 +/- 0.000
step: 1340866560, training/actor_loss: 0.000 +/- 0.000
step: 1340866560, training/critic_loss: 0.000 +/- 0.000
step: 1340866560, training/sps: 402180.146 +/- 0.000
step: 1340866560, training/entropy: 0.000 +/- 0.000
step: 1340866560, training/alpha: 0.000 +/- 0.000
step: 1340866560, training/alpha_loss: 0.000 +/- 0.000
step: 1371340800, eval/episode_dist: 10228.312 +/- 0.000
step: 1371340800, eval/episode_reward: 0.000 +/- 0.000
step: 1371340800, eval/episode_reward_ctrl: -805.678 +/- 0.000
step: 1371340800, eval/episode_reward_survive: 1025.000 +/- 0.000
step: 1371340800, eval/episode_success: 0.000 +/- 0.000
step: 1371340800, eval/episode_success_easy: 0.000 +/- 0.000
step: 1371340800, eval/episode_success_any: 0.000 +/- 0.000
step: 1371340800, eval/episode_success_hard: 0.000 +/- 0.000
step: 1371340800, eval/episode_reward_dist: 0.000 +/- 0.000
step: 1371340800, eval/episode_reward_near: 0.000 +/- 0.000
step: 1371340800, training/actor_loss: 0.000 +/- 0.000
step: 1371340800, training/critic_loss: 0.000 +/- 0.000
step: 1371340800, training/sps: 402801.913 +/- 0.000
step: 1371340800, training/entropy: 0.000 +/- 0.000
step: 1371340800, training/alpha: 0.000 +/- 0.000
step: 1371340800, training/alpha_loss: 0.000 +/- 0.000
step: 1401815040, eval/episode_dist: 10277.351 +/- 0.000
step: 1401815040, eval/episode_reward: 0.000 +/- 0.000
step: 1401815040, eval/episode_reward_ctrl: -810.910 +/- 0.000
step: 1401815040, eval/episode_reward_survive: 1025.000 +/- 0.000
step: 1401815040, eval/episode_success: 0.000 +/- 0.000
step: 1401815040, eval/episode_success_easy: 0.000 +/- 0.000
step: 1401815040, eval/episode_success_any: 0.000 +/- 0.000
step: 1401815040, eval/episode_success_hard: 0.000 +/- 0.000
step: 1401815040, eval/episode_reward_dist: 0.000 +/- 0.000
step: 1401815040, eval/episode_reward_near: 0.000 +/- 0.000
step: 1401815040, training/actor_loss: 0.000 +/- 0.000
step: 1401815040, training/critic_loss: 0.000 +/- 0.000
step: 1401815040, training/sps: 402213.497 +/- 0.000
step: 1401815040, training/entropy: 0.000 +/- 0.000
step: 1401815040, training/alpha: 0.000 +/- 0.000
step: 1401815040, training/alpha_loss: 0.000 +/- 0.000
step: 1432289280, eval/episode_dist: 10009.811 +/- 0.000
step: 1432289280, eval/episode_reward: 0.000 +/- 0.000
step: 1432289280, eval/episode_reward_ctrl: -817.724 +/- 0.000
step: 1432289280, eval/episode_reward_survive: 1009.977 +/- 0.000
step: 1432289280, eval/episode_success: 0.000 +/- 0.000
step: 1432289280, eval/episode_success_easy: 0.000 +/- 0.000
step: 1432289280, eval/episode_success_any: 0.000 +/- 0.000
step: 1432289280, eval/episode_success_hard: 0.000 +/- 0.000
step: 1432289280, eval/episode_reward_dist: 0.000 +/- 0.000
step: 1432289280, eval/episode_reward_near: 0.000 +/- 0.000
step: 1432289280, training/actor_loss: 0.000 +/- 0.000
step: 1432289280, training/critic_loss: 0.000 +/- 0.000
step: 1432289280, training/sps: 402680.044 +/- 0.000
step: 1432289280, training/entropy: 0.000 +/- 0.000
step: 1432289280, training/alpha: 0.000 +/- 0.000
step: 1432289280, training/alpha_loss: 0.000 +/- 0.000
step: 1462763520, eval/episode_dist: 10132.404 +/- 0.000
step: 1462763520, eval/episode_reward: 0.000 +/- 0.000
step: 1462763520, eval/episode_reward_ctrl: -809.929 +/- 0.000
step: 1462763520, eval/episode_reward_survive: 1017.750 +/- 0.000
step: 1462763520, eval/episode_success: 0.000 +/- 0.000
step: 1462763520, eval/episode_success_easy: 0.000 +/- 0.000
step: 1462763520, eval/episode_success_any: 0.000 +/- 0.000
step: 1462763520, eval/episode_success_hard: 0.000 +/- 0.000
step: 1462763520, eval/episode_reward_dist: 0.000 +/- 0.000
step: 1462763520, eval/episode_reward_near: 0.000 +/- 0.000
step: 1462763520, training/actor_loss: 0.000 +/- 0.000
step: 1462763520, training/critic_loss: 0.000 +/- 0.000
step: 1462763520, training/sps: 401899.420 +/- 0.000
step: 1462763520, training/entropy: 0.000 +/- 0.000
step: 1462763520, training/alpha: 0.000 +/- 0.000
step: 1462763520, training/alpha_loss: 0.000 +/- 0.000
step: 1493237760, eval/episode_dist: 9960.018 +/- 0.000
step: 1493237760, eval/episode_reward: 0.000 +/- 0.000
step: 1493237760, eval/episode_reward_ctrl: -781.373 +/- 0.000
step: 1493237760, eval/episode_reward_survive: 1002.250 +/- 0.000
step: 1493237760, eval/episode_success: 0.000 +/- 0.000
step: 1493237760, eval/episode_success_easy: 0.000 +/- 0.000
step: 1493237760, eval/episode_success_any: 0.000 +/- 0.000
step: 1493237760, eval/episode_success_hard: 0.000 +/- 0.000
step: 1493237760, eval/episode_reward_dist: 0.000 +/- 0.000
step: 1493237760, eval/episode_reward_near: 0.000 +/- 0.000
step: 1493237760, training/actor_loss: 0.000 +/- 0.000
step: 1493237760, training/critic_loss: 0.000 +/- 0.000
step: 1493237760, training/sps: 402690.510 +/- 0.000
step: 1493237760, training/entropy: 0.000 +/- 0.000
step: 1493237760, training/alpha: 0.000 +/- 0.000
step: 1493237760, training/alpha_loss: 0.000 +/- 0.000
step: 1523712000, eval/episode_dist: 10038.805 +/- 0.000
step: 1523712000, eval/episode_reward: 0.000 +/- 0.000
step: 1523712000, eval/episode_reward_ctrl: -724.353 +/- 0.000
step: 1523712000, eval/episode_reward_survive: 1009.773 +/- 0.000
step: 1523712000, eval/episode_success: 0.000 +/- 0.000
step: 1523712000, eval/episode_success_easy: 0.000 +/- 0.000
step: 1523712000, eval/episode_success_any: 0.000 +/- 0.000
step: 1523712000, eval/episode_success_hard: 0.000 +/- 0.000
step: 1523712000, eval/episode_reward_dist: 0.000 +/- 0.000
step: 1523712000, eval/episode_reward_near: 0.000 +/- 0.000
step: 1523712000, training/actor_loss: 0.000 +/- 0.000
step: 1523712000, training/critic_loss: 0.000 +/- 0.000
step: 1523712000, training/sps: 401910.450 +/- 0.000
step: 1523712000, training/entropy: 0.000 +/- 0.000
step: 1523712000, training/alpha: 0.000 +/- 0.000
step: 1523712000, training/alpha_loss: 0.000 +/- 0.000
step: 1554186240, eval/episode_dist: 9976.494 +/- 0.000
step: 1554186240, eval/episode_reward: 0.000 +/- 0.000
step: 1554186240, eval/episode_reward_ctrl: -770.899 +/- 0.000
step: 1554186240, eval/episode_reward_survive: 999.227 +/- 0.000
step: 1554186240, eval/episode_success: 0.000 +/- 0.000
step: 1554186240, eval/episode_success_easy: 0.000 +/- 0.000
step: 1554186240, eval/episode_success_any: 0.000 +/- 0.000
step: 1554186240, eval/episode_success_hard: 0.000 +/- 0.000
step: 1554186240, eval/episode_reward_dist: 0.000 +/- 0.000
step: 1554186240, eval/episode_reward_near: 0.000 +/- 0.000
step: 1554186240, training/actor_loss: 0.000 +/- 0.000
step: 1554186240, training/critic_loss: 0.000 +/- 0.000
step: 1554186240, training/sps: 402678.062 +/- 0.000
step: 1554186240, training/entropy: 0.000 +/- 0.000
step: 1554186240, training/alpha: 0.000 +/- 0.000
step: 1554186240, training/alpha_loss: 0.000 +/- 0.000
step: 1584660480, eval/episode_dist: 10169.256 +/- 0.000
step: 1584660480, eval/episode_reward: 0.000 +/- 0.000
step: 1584660480, eval/episode_reward_ctrl: -834.317 +/- 0.000
step: 1584660480, eval/episode_reward_survive: 1017.297 +/- 0.000
step: 1584660480, eval/episode_success: 0.000 +/- 0.000
step: 1584660480, eval/episode_success_easy: 0.000 +/- 0.000
step: 1584660480, eval/episode_success_any: 0.000 +/- 0.000
step: 1584660480, eval/episode_success_hard: 0.000 +/- 0.000
step: 1584660480, eval/episode_reward_dist: 0.000 +/- 0.000
step: 1584660480, eval/episode_reward_near: 0.000 +/- 0.000
step: 1584660480, training/actor_loss: 0.000 +/- 0.000
step: 1584660480, training/critic_loss: 0.000 +/- 0.000
step: 1584660480, training/sps: 402694.065 +/- 0.000
step: 1584660480, training/entropy: 0.000 +/- 0.000
step: 1584660480, training/alpha: 0.000 +/- 0.000
step: 1584660480, training/alpha_loss: 0.000 +/- 0.000
step: 1615134720, eval/episode_dist: 10132.279 +/- 0.000
step: 1615134720, eval/episode_reward: 0.000 +/- 0.000
step: 1615134720, eval/episode_reward_ctrl: -805.271 +/- 0.000
step: 1615134720, eval/episode_reward_survive: 1009.945 +/- 0.000
step: 1615134720, eval/episode_success: 0.000 +/- 0.000
step: 1615134720, eval/episode_success_easy: 0.000 +/- 0.000
step: 1615134720, eval/episode_success_any: 0.000 +/- 0.000
step: 1615134720, eval/episode_success_hard: 0.000 +/- 0.000
step: 1615134720, eval/episode_reward_dist: 0.000 +/- 0.000
step: 1615134720, eval/episode_reward_near: 0.000 +/- 0.000
step: 1615134720, training/actor_loss: 0.000 +/- 0.000
step: 1615134720, training/critic_loss: 0.000 +/- 0.000
step: 1615134720, training/sps: 402764.246 +/- 0.000
step: 1615134720, training/entropy: 0.000 +/- 0.000
step: 1615134720, training/alpha: 0.000 +/- 0.000
step: 1615134720, training/alpha_loss: 0.000 +/- 0.000
step: 1645608960, eval/episode_dist: 10137.131 +/- 0.000
step: 1645608960, eval/episode_reward: 0.000 +/- 0.000
step: 1645608960, eval/episode_reward_ctrl: -836.276 +/- 0.000
step: 1645608960, eval/episode_reward_survive: 1010.023 +/- 0.000
step: 1645608960, eval/episode_success: 0.000 +/- 0.000
step: 1645608960, eval/episode_success_easy: 0.000 +/- 0.000
step: 1645608960, eval/episode_success_any: 0.000 +/- 0.000
step: 1645608960, eval/episode_success_hard: 0.000 +/- 0.000
step: 1645608960, eval/episode_reward_dist: 0.000 +/- 0.000
step: 1645608960, eval/episode_reward_near: 0.000 +/- 0.000
step: 1645608960, training/actor_loss: 0.000 +/- 0.000
step: 1645608960, training/critic_loss: 0.000 +/- 0.000
step: 1645608960, training/sps: 402302.953 +/- 0.000
step: 1645608960, training/entropy: 0.000 +/- 0.000
step: 1645608960, training/alpha: 0.000 +/- 0.000
step: 1645608960, training/alpha_loss: 0.000 +/- 0.000
step: 1676083200, eval/episode_dist: 10010.250 +/- 0.000
step: 1676083200, eval/episode_reward: 0.000 +/- 0.000
step: 1676083200, eval/episode_reward_ctrl: -801.309 +/- 0.000
step: 1676083200, eval/episode_reward_survive: 1002.289 +/- 0.000
step: 1676083200, eval/episode_success: 0.000 +/- 0.000
step: 1676083200, eval/episode_success_easy: 0.000 +/- 0.000
step: 1676083200, eval/episode_success_any: 0.000 +/- 0.000
step: 1676083200, eval/episode_success_hard: 0.000 +/- 0.000
step: 1676083200, eval/episode_reward_dist: 0.000 +/- 0.000
step: 1676083200, eval/episode_reward_near: 0.000 +/- 0.000
step: 1676083200, training/actor_loss: 0.000 +/- 0.000
step: 1676083200, training/critic_loss: 0.000 +/- 0.000
step: 1676083200, training/sps: 402759.973 +/- 0.000
step: 1676083200, training/entropy: 0.000 +/- 0.000
step: 1676083200, training/alpha: 0.000 +/- 0.000
step: 1676083200, training/alpha_loss: 0.000 +/- 0.000
step: 1706557440, eval/episode_dist: 10033.706 +/- 0.000
step: 1706557440, eval/episode_reward: 0.000 +/- 0.000
step: 1706557440, eval/episode_reward_ctrl: -866.172 +/- 0.000
step: 1706557440, eval/episode_reward_survive: 1002.398 +/- 0.000
step: 1706557440, eval/episode_success: 0.000 +/- 0.000
step: 1706557440, eval/episode_success_easy: 0.000 +/- 0.000
step: 1706557440, eval/episode_success_any: 0.000 +/- 0.000
step: 1706557440, eval/episode_success_hard: 0.000 +/- 0.000
step: 1706557440, eval/episode_reward_dist: 0.000 +/- 0.000
step: 1706557440, eval/episode_reward_near: 0.000 +/- 0.000
step: 1706557440, training/actor_loss: 0.000 +/- 0.000
step: 1706557440, training/critic_loss: 0.000 +/- 0.000
step: 1706557440, training/sps: 401902.804 +/- 0.000
step: 1706557440, training/entropy: 0.000 +/- 0.000
step: 1706557440, training/alpha: 0.000 +/- 0.000
step: 1706557440, training/alpha_loss: 0.000 +/- 0.000
step: 1737031680, eval/episode_dist: 9939.963 +/- 0.000
step: 1737031680, eval/episode_reward: 0.000 +/- 0.000
step: 1737031680, eval/episode_reward_ctrl: -757.456 +/- 0.000
step: 1737031680, eval/episode_reward_survive: 995.031 +/- 0.000
step: 1737031680, eval/episode_success: 0.000 +/- 0.000
step: 1737031680, eval/episode_success_easy: 0.000 +/- 0.000
step: 1737031680, eval/episode_success_any: 0.000 +/- 0.000
step: 1737031680, eval/episode_success_hard: 0.000 +/- 0.000
step: 1737031680, eval/episode_reward_dist: 0.000 +/- 0.000
step: 1737031680, eval/episode_reward_near: 0.000 +/- 0.000
step: 1737031680, training/actor_loss: 0.000 +/- 0.000
step: 1737031680, training/critic_loss: 0.000 +/- 0.000
step: 1737031680, training/sps: 402677.513 +/- 0.000
step: 1737031680, training/entropy: 0.000 +/- 0.000
step: 1737031680, training/alpha: 0.000 +/- 0.000
step: 1737031680, training/alpha_loss: 0.000 +/- 0.000
step: 1767505920, eval/episode_dist: 10204.938 +/- 0.000
step: 1767505920, eval/episode_reward: 0.000 +/- 0.000
step: 1767505920, eval/episode_reward_ctrl: -808.691 +/- 0.000
step: 1767505920, eval/episode_reward_survive: 1025.000 +/- 0.000
step: 1767505920, eval/episode_success: 0.000 +/- 0.000
step: 1767505920, eval/episode_success_easy: 0.000 +/- 0.000
step: 1767505920, eval/episode_success_any: 0.000 +/- 0.000
step: 1767505920, eval/episode_success_hard: 0.000 +/- 0.000
step: 1767505920, eval/episode_reward_dist: 0.000 +/- 0.000
step: 1767505920, eval/episode_reward_near: 0.000 +/- 0.000
step: 1767505920, training/actor_loss: 0.000 +/- 0.000
step: 1767505920, training/critic_loss: 0.000 +/- 0.000
step: 1767505920, training/sps: 402199.182 +/- 0.000
step: 1767505920, training/entropy: 0.000 +/- 0.000
step: 1767505920, training/alpha: 0.000 +/- 0.000
step: 1767505920, training/alpha_loss: 0.000 +/- 0.000
step: 1797980160, eval/episode_dist: 10074.338 +/- 0.000
step: 1797980160, eval/episode_reward: 0.000 +/- 0.000
step: 1797980160, eval/episode_reward_ctrl: -812.037 +/- 0.000
step: 1797980160, eval/episode_reward_survive: 1009.836 +/- 0.000
step: 1797980160, eval/episode_success: 0.000 +/- 0.000
step: 1797980160, eval/episode_success_easy: 0.000 +/- 0.000
step: 1797980160, eval/episode_success_any: 0.000 +/- 0.000
step: 1797980160, eval/episode_success_hard: 0.000 +/- 0.000
step: 1797980160, eval/episode_reward_dist: 0.000 +/- 0.000
step: 1797980160, eval/episode_reward_near: 0.000 +/- 0.000
step: 1797980160, training/actor_loss: 0.000 +/- 0.000
step: 1797980160, training/critic_loss: 0.000 +/- 0.000
step: 1797980160, training/sps: 402728.098 +/- 0.000
step: 1797980160, training/entropy: 0.000 +/- 0.000
step: 1797980160, training/alpha: 0.000 +/- 0.000
step: 1797980160, training/alpha_loss: 0.000 +/- 0.000
step: 1828454400, eval/episode_dist: 10026.361 +/- 0.000
step: 1828454400, eval/episode_reward: 0.000 +/- 0.000
step: 1828454400, eval/episode_reward_ctrl: -759.487 +/- 0.000
step: 1828454400, eval/episode_reward_survive: 1010.164 +/- 0.000
step: 1828454400, eval/episode_success: 0.000 +/- 0.000
step: 1828454400, eval/episode_success_easy: 0.000 +/- 0.000
step: 1828454400, eval/episode_success_any: 0.000 +/- 0.000
step: 1828454400, eval/episode_success_hard: 0.000 +/- 0.000
step: 1828454400, eval/episode_reward_dist: 0.000 +/- 0.000
step: 1828454400, eval/episode_reward_near: 0.000 +/- 0.000
step: 1828454400, training/actor_loss: 0.000 +/- 0.000
step: 1828454400, training/critic_loss: 0.000 +/- 0.000
step: 1828454400, training/sps: 401989.506 +/- 0.000
step: 1828454400, training/entropy: 0.000 +/- 0.000
step: 1828454400, training/alpha: 0.000 +/- 0.000
step: 1828454400, training/alpha_loss: 0.000 +/- 0.000
step: 1858928640, eval/episode_dist: 9968.691 +/- 0.000
step: 1858928640, eval/episode_reward: 0.000 +/- 0.000
step: 1858928640, eval/episode_reward_ctrl: -739.799 +/- 0.000
step: 1858928640, eval/episode_reward_survive: 1002.672 +/- 0.000
step: 1858928640, eval/episode_success: 0.000 +/- 0.000
step: 1858928640, eval/episode_success_easy: 0.000 +/- 0.000
step: 1858928640, eval/episode_success_any: 0.000 +/- 0.000
step: 1858928640, eval/episode_success_hard: 0.000 +/- 0.000
step: 1858928640, eval/episode_reward_dist: 0.000 +/- 0.000
step: 1858928640, eval/episode_reward_near: 0.000 +/- 0.000
step: 1858928640, training/actor_loss: 0.000 +/- 0.000
step: 1858928640, training/critic_loss: 0.000 +/- 0.000
step: 1858928640, training/sps: 402735.785 +/- 0.000
step: 1858928640, training/entropy: 0.000 +/- 0.000
step: 1858928640, training/alpha: 0.000 +/- 0.000
step: 1858928640, training/alpha_loss: 0.000 +/- 0.000
step: 1889402880, eval/episode_dist: 9941.236 +/- 0.000
step: 1889402880, eval/episode_reward: 0.000 +/- 0.000
step: 1889402880, eval/episode_reward_ctrl: -730.108 +/- 0.000
step: 1889402880, eval/episode_reward_survive: 1002.562 +/- 0.000
step: 1889402880, eval/episode_success: 0.000 +/- 0.000
step: 1889402880, eval/episode_success_easy: 0.000 +/- 0.000
step: 1889402880, eval/episode_success_any: 0.000 +/- 0.000
step: 1889402880, eval/episode_success_hard: 0.000 +/- 0.000
step: 1889402880, eval/episode_reward_dist: 0.000 +/- 0.000
step: 1889402880, eval/episode_reward_near: 0.000 +/- 0.000
step: 1889402880, training/actor_loss: 0.000 +/- 0.000
step: 1889402880, training/critic_loss: 0.000 +/- 0.000
step: 1889402880, training/sps: 401980.653 +/- 0.000
step: 1889402880, training/entropy: 0.000 +/- 0.000
step: 1889402880, training/alpha: 0.000 +/- 0.000
step: 1889402880, training/alpha_loss: 0.000 +/- 0.000
step: 1919877120, eval/episode_dist: 10032.170 +/- 0.000
step: 1919877120, eval/episode_reward: 0.000 +/- 0.000
step: 1919877120, eval/episode_reward_ctrl: -762.846 +/- 0.000
step: 1919877120, eval/episode_reward_survive: 1009.734 +/- 0.000
step: 1919877120, eval/episode_success: 0.000 +/- 0.000
step: 1919877120, eval/episode_success_easy: 0.000 +/- 0.000
step: 1919877120, eval/episode_success_any: 0.000 +/- 0.000
step: 1919877120, eval/episode_success_hard: 0.000 +/- 0.000
step: 1919877120, eval/episode_reward_dist: 0.000 +/- 0.000
step: 1919877120, eval/episode_reward_near: 0.000 +/- 0.000
step: 1919877120, training/actor_loss: 0.000 +/- 0.000
step: 1919877120, training/critic_loss: 0.000 +/- 0.000
step: 1919877120, training/sps: 402574.129 +/- 0.000
step: 1919877120, training/entropy: 0.000 +/- 0.000
step: 1919877120, training/alpha: 0.000 +/- 0.000
step: 1919877120, training/alpha_loss: 0.000 +/- 0.000
step: 1950351360, eval/episode_dist: 10027.863 +/- 0.000
step: 1950351360, eval/episode_reward: 0.000 +/- 0.000
step: 1950351360, eval/episode_reward_ctrl: -777.044 +/- 0.000
step: 1950351360, eval/episode_reward_survive: 1010.070 +/- 0.000
step: 1950351360, eval/episode_success: 0.000 +/- 0.000
step: 1950351360, eval/episode_success_easy: 0.000 +/- 0.000
step: 1950351360, eval/episode_success_any: 0.000 +/- 0.000
step: 1950351360, eval/episode_success_hard: 0.000 +/- 0.000
step: 1950351360, eval/episode_reward_dist: 0.000 +/- 0.000
step: 1950351360, eval/episode_reward_near: 0.000 +/- 0.000
step: 1950351360, training/actor_loss: 0.000 +/- 0.000
step: 1950351360, training/critic_loss: 0.000 +/- 0.000
step: 1950351360, training/sps: 403429.716 +/- 0.000
step: 1950351360, training/entropy: 0.000 +/- 0.000
step: 1950351360, training/alpha: 0.000 +/- 0.000
step: 1950351360, training/alpha_loss: 0.000 +/- 0.000
step: 1980825600, eval/episode_dist: 10113.789 +/- 0.000
step: 1980825600, eval/episode_reward: 0.000 +/- 0.000
step: 1980825600, eval/episode_reward_ctrl: -777.547 +/- 0.000
step: 1980825600, eval/episode_reward_survive: 1017.484 +/- 0.000
step: 1980825600, eval/episode_success: 0.000 +/- 0.000
step: 1980825600, eval/episode_success_easy: 0.000 +/- 0.000
step: 1980825600, eval/episode_success_any: 0.000 +/- 0.000
step: 1980825600, eval/episode_success_hard: 0.000 +/- 0.000
step: 1980825600, eval/episode_reward_dist: 0.000 +/- 0.000
step: 1980825600, eval/episode_reward_near: 0.000 +/- 0.000
step: 1980825600, training/actor_loss: 0.000 +/- 0.000
step: 1980825600, training/critic_loss: 0.000 +/- 0.000
step: 1980825600, training/sps: 402534.889 +/- 0.000
step: 1980825600, training/entropy: 0.000 +/- 0.000
step: 1980825600, training/alpha: 0.000 +/- 0.000
step: 1980825600, training/alpha_loss: 0.000 +/- 0.000
step: 2011299840, eval/episode_dist: 9969.145 +/- 0.000
step: 2011299840, eval/episode_reward: 0.000 +/- 0.000
step: 2011299840, eval/episode_reward_ctrl: -750.725 +/- 0.000
step: 2011299840, eval/episode_reward_survive: 1001.102 +/- 0.000
step: 2011299840, eval/episode_success: 0.000 +/- 0.000
step: 2011299840, eval/episode_success_easy: 0.000 +/- 0.000
step: 2011299840, eval/episode_success_any: 0.000 +/- 0.000
step: 2011299840, eval/episode_success_hard: 0.000 +/- 0.000
step: 2011299840, eval/episode_reward_dist: 0.000 +/- 0.000
step: 2011299840, eval/episode_reward_near: 0.000 +/- 0.000
step: 2011299840, training/actor_loss: 0.000 +/- 0.000
step: 2011299840, training/critic_loss: 0.000 +/- 0.000
step: 2011299840, training/sps: 402558.867 +/- 0.000
step: 2011299840, training/entropy: 0.000 +/- 0.000
step: 2011299840, training/alpha: 0.000 +/- 0.000
step: 2011299840, training/alpha_loss: 0.000 +/- 0.000
step: 2041774080, eval/episode_dist: 10114.082 +/- 0.000
step: 2041774080, eval/episode_reward: 0.000 +/- 0.000
step: 2041774080, eval/episode_reward_ctrl: -774.870 +/- 0.000
step: 2041774080, eval/episode_reward_survive: 1017.398 +/- 0.000
step: 2041774080, eval/episode_success: 0.000 +/- 0.000
step: 2041774080, eval/episode_success_easy: 0.000 +/- 0.000
step: 2041774080, eval/episode_success_any: 0.000 +/- 0.000
step: 2041774080, eval/episode_success_hard: 0.000 +/- 0.000
step: 2041774080, eval/episode_reward_dist: 0.000 +/- 0.000
step: 2041774080, eval/episode_reward_near: 0.000 +/- 0.000
step: 2041774080, training/actor_loss: 0.000 +/- 0.000
step: 2041774080, training/critic_loss: 0.000 +/- 0.000
step: 2041774080, training/sps: 402839.452 +/- 0.000
step: 2041774080, training/entropy: 0.000 +/- 0.000
step: 2041774080, training/alpha: 0.000 +/- 0.000
step: 2041774080, training/alpha_loss: 0.000 +/- 0.000
step: 2072248320, eval/episode_dist: 10086.279 +/- 0.000
step: 2072248320, eval/episode_reward: 0.000 +/- 0.000
step: 2072248320, eval/episode_reward_ctrl: -739.089 +/- 0.000
step: 2072248320, eval/episode_reward_survive: 1017.375 +/- 0.000
step: 2072248320, eval/episode_success: 0.000 +/- 0.000
step: 2072248320, eval/episode_success_easy: 0.000 +/- 0.000
step: 2072248320, eval/episode_success_any: 0.000 +/- 0.000
step: 2072248320, eval/episode_success_hard: 0.000 +/- 0.000
step: 2072248320, eval/episode_reward_dist: 0.000 +/- 0.000
step: 2072248320, eval/episode_reward_near: 0.000 +/- 0.000
step: 2072248320, training/actor_loss: 0.000 +/- 0.000
step: 2072248320, training/critic_loss: 0.000 +/- 0.000
step: 2072248320, training/sps: 402842.623 +/- 0.000
step: 2072248320, training/entropy: 0.000 +/- 0.000
step: 2072248320, training/alpha: 0.000 +/- 0.000
step: 2072248320, training/alpha_loss: 0.000 +/- 0.000
step: 2102722560, eval/episode_dist: 9980.258 +/- 0.000
step: 2102722560, eval/episode_reward: 0.000 +/- 0.000
step: 2102722560, eval/episode_reward_ctrl: -756.615 +/- 0.000
step: 2102722560, eval/episode_reward_survive: 1007.836 +/- 0.000
step: 2102722560, eval/episode_success: 0.000 +/- 0.000
step: 2102722560, eval/episode_success_easy: 0.000 +/- 0.000
step: 2102722560, eval/episode_success_any: 0.000 +/- 0.000
step: 2102722560, eval/episode_success_hard: 0.000 +/- 0.000
step: 2102722560, eval/episode_reward_dist: 0.000 +/- 0.000
step: 2102722560, eval/episode_reward_near: 0.000 +/- 0.000
step: 2102722560, training/actor_loss: 0.000 +/- 0.000
step: 2102722560, training/critic_loss: 0.000 +/- 0.000
step: 2102722560, training/sps: 402876.256 +/- 0.000
step: 2102722560, training/entropy: 0.000 +/- 0.000
step: 2102722560, training/alpha: 0.000 +/- 0.000
step: 2102722560, training/alpha_loss: 0.000 +/- 0.000
step: 2133196800, eval/episode_dist: 10196.176 +/- 0.000
step: 2133196800, eval/episode_reward: 0.000 +/- 0.000
step: 2133196800, eval/episode_reward_ctrl: -829.309 +/- 0.000
step: 2133196800, eval/episode_reward_survive: 1017.312 +/- 0.000
step: 2133196800, eval/episode_success: 0.000 +/- 0.000
step: 2133196800, eval/episode_success_easy: 0.000 +/- 0.000
step: 2133196800, eval/episode_success_any: 0.000 +/- 0.000
step: 2133196800, eval/episode_success_hard: 0.000 +/- 0.000
step: 2133196800, eval/episode_reward_dist: 0.000 +/- 0.000
step: 2133196800, eval/episode_reward_near: 0.000 +/- 0.000
step: 2133196800, training/actor_loss: 0.000 +/- 0.000
step: 2133196800, training/critic_loss: 0.000 +/- 0.000
step: 2133196800, training/sps: 402776.476 +/- 0.000
step: 2133196800, training/entropy: 0.000 +/- 0.000
step: 2133196800, training/alpha: 0.000 +/- 0.000
step: 2133196800, training/alpha_loss: 0.000 +/- 0.000
step: -2131296256, eval/episode_dist: 10180.179 +/- 0.000
step: -2131296256, eval/episode_reward: 0.000 +/- 0.000
step: -2131296256, eval/episode_reward_ctrl: -815.721 +/- 0.000
step: -2131296256, eval/episode_reward_survive: 1009.953 +/- 0.000
step: -2131296256, eval/episode_success: 0.000 +/- 0.000
step: -2131296256, eval/episode_success_easy: 0.000 +/- 0.000
step: -2131296256, eval/episode_success_any: 0.000 +/- 0.000
step: -2131296256, eval/episode_success_hard: 0.000 +/- 0.000
step: -2131296256, eval/episode_reward_dist: 0.000 +/- 0.000
step: -2131296256, eval/episode_reward_near: 0.000 +/- 0.000
step: -2131296256, training/actor_loss: 0.000 +/- 0.000
step: -2131296256, training/critic_loss: 0.000 +/- 0.000
step: -2131296256, training/sps: 402838.272 +/- 0.000
step: -2131296256, training/entropy: 0.000 +/- 0.000
step: -2131296256, training/alpha: 0.000 +/- 0.000
step: -2131296256, training/alpha_loss: 0.000 +/- 0.000
step: -2100822016, eval/episode_dist: 9975.629 +/- 0.000
step: -2100822016, eval/episode_reward: 0.000 +/- 0.000
step: -2100822016, eval/episode_reward_ctrl: -830.379 +/- 0.000
step: -2100822016, eval/episode_reward_survive: 1002.953 +/- 0.000
step: -2100822016, eval/episode_success: 0.000 +/- 0.000
step: -2100822016, eval/episode_success_easy: 0.000 +/- 0.000
step: -2100822016, eval/episode_success_any: 0.000 +/- 0.000
step: -2100822016, eval/episode_success_hard: 0.000 +/- 0.000
step: -2100822016, eval/episode_reward_dist: 0.000 +/- 0.000
step: -2100822016, eval/episode_reward_near: 0.000 +/- 0.000
step: -2100822016, training/actor_loss: 0.000 +/- 0.000
step: -2100822016, training/critic_loss: 0.000 +/- 0.000
step: -2100822016, training/sps: 402832.366 +/- 0.000
step: -2100822016, training/entropy: 0.000 +/- 0.000
step: -2100822016, training/alpha: 0.000 +/- 0.000
step: -2100822016, training/alpha_loss: 0.000 +/- 0.000
step: -2070347776, eval/episode_dist: 10081.366 +/- 0.000
step: -2070347776, eval/episode_reward: 0.000 +/- 0.000
step: -2070347776, eval/episode_reward_ctrl: -754.876 +/- 0.000
step: -2070347776, eval/episode_reward_survive: 1011.070 +/- 0.000
step: -2070347776, eval/episode_success: 0.000 +/- 0.000
step: -2070347776, eval/episode_success_easy: 0.000 +/- 0.000
step: -2070347776, eval/episode_success_any: 0.000 +/- 0.000
step: -2070347776, eval/episode_success_hard: 0.000 +/- 0.000
step: -2070347776, eval/episode_reward_dist: 0.000 +/- 0.000
step: -2070347776, eval/episode_reward_near: 0.000 +/- 0.000
step: -2070347776, training/actor_loss: 0.000 +/- 0.000
step: -2070347776, training/critic_loss: 0.000 +/- 0.000
step: -2070347776, training/sps: 402766.014 +/- 0.000
step: -2070347776, training/entropy: 0.000 +/- 0.000
step: -2070347776, training/alpha: 0.000 +/- 0.000
step: -2070347776, training/alpha_loss: 0.000 +/- 0.000
step: -2039873536, eval/episode_dist: 9876.959 +/- 0.000
step: -2039873536, eval/episode_reward: 0.000 +/- 0.000
step: -2039873536, eval/episode_reward_ctrl: -792.660 +/- 0.000
step: -2039873536, eval/episode_reward_survive: 994.094 +/- 0.000
step: -2039873536, eval/episode_success: 0.000 +/- 0.000
step: -2039873536, eval/episode_success_easy: 0.000 +/- 0.000
step: -2039873536, eval/episode_success_any: 0.000 +/- 0.000
step: -2039873536, eval/episode_success_hard: 0.000 +/- 0.000
step: -2039873536, eval/episode_reward_dist: 0.000 +/- 0.000
step: -2039873536, eval/episode_reward_near: 0.000 +/- 0.000
step: -2039873536, training/actor_loss: 0.000 +/- 0.000
step: -2039873536, training/critic_loss: 0.000 +/- 0.000
step: -2039873536, training/sps: 402885.209 +/- 0.000
step: -2039873536, training/entropy: 0.000 +/- 0.000
step: -2039873536, training/alpha: 0.000 +/- 0.000
step: -2039873536, training/alpha_loss: 0.000 +/- 0.000
step: -2009399296, eval/episode_dist: 9930.811 +/- 0.000
step: -2009399296, eval/episode_reward: 0.000 +/- 0.000
step: -2009399296, eval/episode_reward_ctrl: -771.388 +/- 0.000
step: -2009399296, eval/episode_reward_survive: 1003.570 +/- 0.000
step: -2009399296, eval/episode_success: 0.000 +/- 0.000
step: -2009399296, eval/episode_success_easy: 0.000 +/- 0.000
step: -2009399296, eval/episode_success_any: 0.000 +/- 0.000
step: -2009399296, eval/episode_success_hard: 0.000 +/- 0.000
step: -2009399296, eval/episode_reward_dist: 0.000 +/- 0.000
step: -2009399296, eval/episode_reward_near: 0.000 +/- 0.000
step: -2009399296, training/actor_loss: 0.000 +/- 0.000
step: -2009399296, training/critic_loss: 0.000 +/- 0.000
step: -2009399296, training/sps: 402758.467 +/- 0.000
step: -2009399296, training/entropy: 0.000 +/- 0.000
step: -2009399296, training/alpha: 0.000 +/- 0.000
step: -2009399296, training/alpha_loss: 0.000 +/- 0.000
step: -1978925056, eval/episode_dist: 9891.222 +/- 0.000
step: -1978925056, eval/episode_reward: 0.000 +/- 0.000
step: -1978925056, eval/episode_reward_ctrl: -763.436 +/- 0.000
step: -1978925056, eval/episode_reward_survive: 994.180 +/- 0.000
step: -1978925056, eval/episode_success: 0.000 +/- 0.000
step: -1978925056, eval/episode_success_easy: 0.000 +/- 0.000
step: -1978925056, eval/episode_success_any: 0.000 +/- 0.000
step: -1978925056, eval/episode_success_hard: 0.000 +/- 0.000
step: -1978925056, eval/episode_reward_dist: 0.000 +/- 0.000
step: -1978925056, eval/episode_reward_near: 0.000 +/- 0.000
step: -1978925056, training/actor_loss: 0.000 +/- 0.000
step: -1978925056, training/critic_loss: 0.000 +/- 0.000
step: -1978925056, training/sps: 402845.939 +/- 0.000
step: -1978925056, training/entropy: 0.000 +/- 0.000
step: -1978925056, training/alpha: 0.000 +/- 0.000
step: -1978925056, training/alpha_loss: 0.000 +/- 0.000
step: -1948450816, eval/episode_dist: 9971.438 +/- 0.000
step: -1948450816, eval/episode_reward: 0.000 +/- 0.000
step: -1948450816, eval/episode_reward_ctrl: -777.530 +/- 0.000
step: -1948450816, eval/episode_reward_survive: 1001.867 +/- 0.000
step: -1948450816, eval/episode_success: 0.000 +/- 0.000
step: -1948450816, eval/episode_success_easy: 0.000 +/- 0.000
step: -1948450816, eval/episode_success_any: 0.000 +/- 0.000
step: -1948450816, eval/episode_success_hard: 0.000 +/- 0.000
step: -1948450816, eval/episode_reward_dist: 0.000 +/- 0.000
step: -1948450816, eval/episode_reward_near: 0.000 +/- 0.000
step: -1948450816, training/actor_loss: 0.000 +/- 0.000
step: -1948450816, training/critic_loss: 0.000 +/- 0.000
step: -1948450816, training/sps: 402830.794 +/- 0.000
step: -1948450816, training/entropy: 0.000 +/- 0.000
step: -1948450816, training/alpha: 0.000 +/- 0.000
step: -1948450816, training/alpha_loss: 0.000 +/- 0.000
step: -1917976576, eval/episode_dist: 10039.004 +/- 0.000
step: -1917976576, eval/episode_reward: 0.000 +/- 0.000
step: -1917976576, eval/episode_reward_ctrl: -725.800 +/- 0.000
step: -1917976576, eval/episode_reward_survive: 1000.945 +/- 0.000
step: -1917976576, eval/episode_success: 0.000 +/- 0.000
step: -1917976576, eval/episode_success_easy: 0.000 +/- 0.000
step: -1917976576, eval/episode_success_any: 0.000 +/- 0.000
step: -1917976576, eval/episode_success_hard: 0.000 +/- 0.000
step: -1917976576, eval/episode_reward_dist: 0.000 +/- 0.000
step: -1917976576, eval/episode_reward_near: 0.000 +/- 0.000
step: -1917976576, training/actor_loss: 0.000 +/- 0.000
step: -1917976576, training/critic_loss: 0.000 +/- 0.000
step: -1917976576, training/sps: 402855.843 +/- 0.000
step: -1917976576, training/entropy: 0.000 +/- 0.000
step: -1917976576, training/alpha: 0.000 +/- 0.000
step: -1917976576, training/alpha_loss: 0.000 +/- 0.000
step: -1887502336, eval/episode_dist: 10091.341 +/- 0.000
step: -1887502336, eval/episode_reward: 0.000 +/- 0.000
step: -1887502336, eval/episode_reward_ctrl: -774.503 +/- 0.000
step: -1887502336, eval/episode_reward_survive: 1003.250 +/- 0.000
step: -1887502336, eval/episode_success: 0.000 +/- 0.000
step: -1887502336, eval/episode_success_easy: 0.000 +/- 0.000
step: -1887502336, eval/episode_success_any: 0.000 +/- 0.000
step: -1887502336, eval/episode_success_hard: 0.000 +/- 0.000
step: -1887502336, eval/episode_reward_dist: 0.000 +/- 0.000
step: -1887502336, eval/episode_reward_near: 0.000 +/- 0.000
step: -1887502336, training/actor_loss: 0.000 +/- 0.000
step: -1887502336, training/critic_loss: 0.000 +/- 0.000
step: -1887502336, training/sps: 402846.559 +/- 0.000
step: -1887502336, training/entropy: 0.000 +/- 0.000
step: -1887502336, training/alpha: 0.000 +/- 0.000
step: -1887502336, training/alpha_loss: 0.000 +/- 0.000
step: -1857028096, eval/episode_dist: 10071.125 +/- 0.000
step: -1857028096, eval/episode_reward: 0.000 +/- 0.000
step: -1857028096, eval/episode_reward_ctrl: -810.079 +/- 0.000
step: -1857028096, eval/episode_reward_survive: 1005.094 +/- 0.000
step: -1857028096, eval/episode_success: 0.000 +/- 0.000
step: -1857028096, eval/episode_success_easy: 0.000 +/- 0.000
step: -1857028096, eval/episode_success_any: 0.000 +/- 0.000
step: -1857028096, eval/episode_success_hard: 0.000 +/- 0.000
step: -1857028096, eval/episode_reward_dist: 0.000 +/- 0.000
step: -1857028096, eval/episode_reward_near: 0.000 +/- 0.000
step: -1857028096, training/actor_loss: 0.000 +/- 0.000
step: -1857028096, training/critic_loss: 0.000 +/- 0.000
step: -1857028096, training/sps: 402869.379 +/- 0.000
step: -1857028096, training/entropy: 0.000 +/- 0.000
step: -1857028096, training/alpha: 0.000 +/- 0.000
step: -1857028096, training/alpha_loss: 0.000 +/- 0.000
step: -1826553856, eval/episode_dist: 10207.052 +/- 0.000
step: -1826553856, eval/episode_reward: 0.000 +/- 0.000
step: -1826553856, eval/episode_reward_ctrl: -799.157 +/- 0.000
step: -1826553856, eval/episode_reward_survive: 1010.930 +/- 0.000
step: -1826553856, eval/episode_success: 0.000 +/- 0.000
step: -1826553856, eval/episode_success_easy: 0.000 +/- 0.000
step: -1826553856, eval/episode_success_any: 0.000 +/- 0.000
step: -1826553856, eval/episode_success_hard: 0.000 +/- 0.000
step: -1826553856, eval/episode_reward_dist: 0.000 +/- 0.000
step: -1826553856, eval/episode_reward_near: 0.000 +/- 0.000
step: -1826553856, training/actor_loss: 0.000 +/- 0.000
step: -1826553856, training/critic_loss: 0.000 +/- 0.000
step: -1826553856, training/sps: 402873.650 +/- 0.000
step: -1826553856, training/entropy: 0.000 +/- 0.000
step: -1826553856, training/alpha: 0.000 +/- 0.000
step: -1826553856, training/alpha_loss: 0.000 +/- 0.000
step: -1796079616, eval/episode_dist: 10017.606 +/- 0.000
step: -1796079616, eval/episode_reward: 0.000 +/- 0.000
step: -1796079616, eval/episode_reward_ctrl: -782.409 +/- 0.000
step: -1796079616, eval/episode_reward_survive: 1004.414 +/- 0.000
step: -1796079616, eval/episode_success: 0.000 +/- 0.000
step: -1796079616, eval/episode_success_easy: 0.000 +/- 0.000
step: -1796079616, eval/episode_success_any: 0.000 +/- 0.000
step: -1796079616, eval/episode_success_hard: 0.000 +/- 0.000
step: -1796079616, eval/episode_reward_dist: 0.000 +/- 0.000
step: -1796079616, eval/episode_reward_near: 0.000 +/- 0.000
step: -1796079616, training/actor_loss: 0.000 +/- 0.000
step: -1796079616, training/critic_loss: 0.000 +/- 0.000
step: -1796079616, training/sps: 402709.272 +/- 0.000
step: -1796079616, training/entropy: 0.000 +/- 0.000
step: -1796079616, training/alpha: 0.000 +/- 0.000
step: -1796079616, training/alpha_loss: 0.000 +/- 0.000
step: -1765605376, eval/episode_dist: 10116.136 +/- 0.000
step: -1765605376, eval/episode_reward: 0.000 +/- 0.000
step: -1765605376, eval/episode_reward_ctrl: -772.126 +/- 0.000
step: -1765605376, eval/episode_reward_survive: 1015.445 +/- 0.000
step: -1765605376, eval/episode_success: 0.000 +/- 0.000
step: -1765605376, eval/episode_success_easy: 0.000 +/- 0.000
step: -1765605376, eval/episode_success_any: 0.000 +/- 0.000
step: -1765605376, eval/episode_success_hard: 0.000 +/- 0.000
step: -1765605376, eval/episode_reward_dist: 0.000 +/- 0.000
step: -1765605376, eval/episode_reward_near: 0.000 +/- 0.000
step: -1765605376, training/actor_loss: 0.000 +/- 0.000
step: -1765605376, training/critic_loss: 0.000 +/- 0.000
step: -1765605376, training/sps: 402626.866 +/- 0.000
step: -1765605376, training/entropy: 0.000 +/- 0.000
step: -1765605376, training/alpha: 0.000 +/- 0.000
step: -1765605376, training/alpha_loss: 0.000 +/- 0.000
step: -1735131136, eval/episode_dist: 10120.777 +/- 0.000
step: -1735131136, eval/episode_reward: 0.000 +/- 0.000
step: -1735131136, eval/episode_reward_ctrl: -769.045 +/- 0.000
step: -1735131136, eval/episode_reward_survive: 1014.484 +/- 0.000
step: -1735131136, eval/episode_success: 0.000 +/- 0.000
step: -1735131136, eval/episode_success_easy: 0.000 +/- 0.000
step: -1735131136, eval/episode_success_any: 0.000 +/- 0.000
step: -1735131136, eval/episode_success_hard: 0.000 +/- 0.000
step: -1735131136, eval/episode_reward_dist: 0.000 +/- 0.000
step: -1735131136, eval/episode_reward_near: 0.000 +/- 0.000
step: -1735131136, training/actor_loss: 0.000 +/- 0.000
step: -1735131136, training/critic_loss: 0.000 +/- 0.000
step: -1735131136, training/sps: 402691.033 +/- 0.000
step: -1735131136, training/entropy: 0.000 +/- 0.000
step: -1735131136, training/alpha: 0.000 +/- 0.000
step: -1735131136, training/alpha_loss: 0.000 +/- 0.000
step: -1704656896, eval/episode_dist: 9946.713 +/- 0.000
step: -1704656896, eval/episode_reward: 0.000 +/- 0.000
step: -1704656896, eval/episode_reward_ctrl: -767.958 +/- 0.000
step: -1704656896, eval/episode_reward_survive: 996.844 +/- 0.000
step: -1704656896, eval/episode_success: 0.000 +/- 0.000
step: -1704656896, eval/episode_success_easy: 0.000 +/- 0.000
step: -1704656896, eval/episode_success_any: 0.000 +/- 0.000
step: -1704656896, eval/episode_success_hard: 0.000 +/- 0.000
step: -1704656896, eval/episode_reward_dist: 0.000 +/- 0.000
step: -1704656896, eval/episode_reward_near: 0.000 +/- 0.000
step: -1704656896, training/actor_loss: 0.000 +/- 0.000
step: -1704656896, training/critic_loss: 0.000 +/- 0.000
step: -1704656896, training/sps: 402683.300 +/- 0.000
step: -1704656896, training/entropy: 0.000 +/- 0.000
step: -1704656896, training/alpha: 0.000 +/- 0.000
step: -1704656896, training/alpha_loss: 0.000 +/- 0.000
step: -1674182656, eval/episode_dist: 10028.471 +/- 0.000
step: -1674182656, eval/episode_reward: 0.000 +/- 0.000
step: -1674182656, eval/episode_reward_ctrl: -715.383 +/- 0.000
step: -1674182656, eval/episode_reward_survive: 1003.094 +/- 0.000
step: -1674182656, eval/episode_success: 0.000 +/- 0.000
step: -1674182656, eval/episode_success_easy: 0.000 +/- 0.000
step: -1674182656, eval/episode_success_any: 0.000 +/- 0.000
step: -1674182656, eval/episode_success_hard: 0.000 +/- 0.000
step: -1674182656, eval/episode_reward_dist: 0.000 +/- 0.000
step: -1674182656, eval/episode_reward_near: 0.000 +/- 0.000
step: -1674182656, training/actor_loss: 0.000 +/- 0.000
step: -1674182656, training/critic_loss: 0.000 +/- 0.000
step: -1674182656, training/sps: 402368.379 +/- 0.000
step: -1674182656, training/entropy: 0.000 +/- 0.000
step: -1674182656, training/alpha: 0.000 +/- 0.000
step: -1674182656, training/alpha_loss: 0.000 +/- 0.000
step: -1643708416, eval/episode_dist: 9823.228 +/- 0.000
step: -1643708416, eval/episode_reward: 0.000 +/- 0.000
step: -1643708416, eval/episode_reward_ctrl: -726.868 +/- 0.000
step: -1643708416, eval/episode_reward_survive: 987.867 +/- 0.000
step: -1643708416, eval/episode_success: 0.000 +/- 0.000
step: -1643708416, eval/episode_success_easy: 0.000 +/- 0.000
step: -1643708416, eval/episode_success_any: 0.000 +/- 0.000
step: -1643708416, eval/episode_success_hard: 0.000 +/- 0.000
step: -1643708416, eval/episode_reward_dist: 0.000 +/- 0.000
step: -1643708416, eval/episode_reward_near: 0.000 +/- 0.000
step: -1643708416, training/actor_loss: 0.000 +/- 0.000
step: -1643708416, training/critic_loss: 0.000 +/- 0.000
step: -1643708416, training/sps: 402905.867 +/- 0.000
step: -1643708416, training/entropy: 0.000 +/- 0.000
step: -1643708416, training/alpha: 0.000 +/- 0.000
step: -1643708416, training/alpha_loss: 0.000 +/- 0.000
step: -1613234176, eval/episode_dist: 10044.666 +/- 0.000
step: -1613234176, eval/episode_reward: 0.000 +/- 0.000
step: -1613234176, eval/episode_reward_ctrl: -771.775 +/- 0.000
step: -1613234176, eval/episode_reward_survive: 1001.531 +/- 0.000
step: -1613234176, eval/episode_success: 0.000 +/- 0.000
step: -1613234176, eval/episode_success_easy: 0.000 +/- 0.000
step: -1613234176, eval/episode_success_any: 0.000 +/- 0.000
step: -1613234176, eval/episode_success_hard: 0.000 +/- 0.000
step: -1613234176, eval/episode_reward_dist: 0.000 +/- 0.000
step: -1613234176, eval/episode_reward_near: 0.000 +/- 0.000
step: -1613234176, training/actor_loss: 0.000 +/- 0.000
step: -1613234176, training/critic_loss: 0.000 +/- 0.000
step: -1613234176, training/sps: 402627.998 +/- 0.000
step: -1613234176, training/entropy: 0.000 +/- 0.000
step: -1613234176, training/alpha: 0.000 +/- 0.000
step: -1613234176, training/alpha_loss: 0.000 +/- 0.000
step: -1582759936, eval/episode_dist: 9976.113 +/- 0.000
step: -1582759936, eval/episode_reward: 0.000 +/- 0.000
step: -1582759936, eval/episode_reward_ctrl: -688.512 +/- 0.000
step: -1582759936, eval/episode_reward_survive: 994.648 +/- 0.000
step: -1582759936, eval/episode_success: 0.000 +/- 0.000
step: -1582759936, eval/episode_success_easy: 0.000 +/- 0.000
step: -1582759936, eval/episode_success_any: 0.000 +/- 0.000
step: -1582759936, eval/episode_success_hard: 0.000 +/- 0.000
step: -1582759936, eval/episode_reward_dist: 0.000 +/- 0.000
step: -1582759936, eval/episode_reward_near: 0.000 +/- 0.000
step: -1582759936, training/actor_loss: 0.000 +/- 0.000
step: -1582759936, training/critic_loss: 0.000 +/- 0.000
step: -1582759936, training/sps: 402986.735 +/- 0.000
step: -1582759936, training/entropy: 0.000 +/- 0.000
step: -1582759936, training/alpha: 0.000 +/- 0.000
step: -1582759936, training/alpha_loss: 0.000 +/- 0.000
step: -1552285696, eval/episode_dist: 9840.946 +/- 0.000
step: -1552285696, eval/episode_reward: 0.000 +/- 0.000
step: -1552285696, eval/episode_reward_ctrl: -756.819 +/- 0.000
step: -1552285696, eval/episode_reward_survive: 991.617 +/- 0.000
step: -1552285696, eval/episode_success: 0.000 +/- 0.000
step: -1552285696, eval/episode_success_easy: 0.000 +/- 0.000
step: -1552285696, eval/episode_success_any: 0.000 +/- 0.000
step: -1552285696, eval/episode_success_hard: 0.000 +/- 0.000
step: -1552285696, eval/episode_reward_dist: 0.000 +/- 0.000
step: -1552285696, eval/episode_reward_near: 0.000 +/- 0.000
step: -1552285696, training/actor_loss: 0.000 +/- 0.000
step: -1552285696, training/critic_loss: 0.000 +/- 0.000
step: -1552285696, training/sps: 401833.700 +/- 0.000
step: -1552285696, training/entropy: 0.000 +/- 0.000
step: -1552285696, training/alpha: 0.000 +/- 0.000
step: -1552285696, training/alpha_loss: 0.000 +/- 0.000
step: -1521811456, eval/episode_dist: 9939.666 +/- 0.000
step: -1521811456, eval/episode_reward: 0.000 +/- 0.000
step: -1521811456, eval/episode_reward_ctrl: -734.526 +/- 0.000
step: -1521811456, eval/episode_reward_survive: 1004.047 +/- 0.000
step: -1521811456, eval/episode_success: 0.000 +/- 0.000
step: -1521811456, eval/episode_success_easy: 0.000 +/- 0.000
step: -1521811456, eval/episode_success_any: 0.000 +/- 0.000
step: -1521811456, eval/episode_success_hard: 0.000 +/- 0.000
step: -1521811456, eval/episode_reward_dist: 0.000 +/- 0.000
step: -1521811456, eval/episode_reward_near: 0.000 +/- 0.000
step: -1521811456, training/actor_loss: 0.000 +/- 0.000
step: -1521811456, training/critic_loss: 0.000 +/- 0.000
step: -1521811456, training/sps: 402966.452 +/- 0.000
step: -1521811456, training/entropy: 0.000 +/- 0.000
step: -1521811456, training/alpha: 0.000 +/- 0.000
step: -1521811456, training/alpha_loss: 0.000 +/- 0.000
step: -1491337216, eval/episode_dist: 9874.077 +/- 0.000
step: -1491337216, eval/episode_reward: 0.000 +/- 0.000
step: -1491337216, eval/episode_reward_ctrl: -804.497 +/- 0.000
step: -1491337216, eval/episode_reward_survive: 997.680 +/- 0.000
step: -1491337216, eval/episode_success: 0.000 +/- 0.000
step: -1491337216, eval/episode_success_easy: 0.000 +/- 0.000
step: -1491337216, eval/episode_success_any: 0.000 +/- 0.000
step: -1491337216, eval/episode_success_hard: 0.000 +/- 0.000
step: -1491337216, eval/episode_reward_dist: 0.000 +/- 0.000
step: -1491337216, eval/episode_reward_near: 0.000 +/- 0.000
step: -1491337216, training/actor_loss: 0.000 +/- 0.000
step: -1491337216, training/critic_loss: 0.000 +/- 0.000
step: -1491337216, training/sps: 402473.245 +/- 0.000
step: -1491337216, training/entropy: 0.000 +/- 0.000
step: -1491337216, training/alpha: 0.000 +/- 0.000
step: -1491337216, training/alpha_loss: 0.000 +/- 0.000
step: -1460862976, eval/episode_dist: 10175.781 +/- 0.000
step: -1460862976, eval/episode_reward: 0.000 +/- 0.000
step: -1460862976, eval/episode_reward_ctrl: -736.294 +/- 0.000
step: -1460862976, eval/episode_reward_survive: 1021.438 +/- 0.000
step: -1460862976, eval/episode_success: 0.000 +/- 0.000
step: -1460862976, eval/episode_success_easy: 0.000 +/- 0.000
step: -1460862976, eval/episode_success_any: 0.000 +/- 0.000
step: -1460862976, eval/episode_success_hard: 0.000 +/- 0.000
step: -1460862976, eval/episode_reward_dist: 0.000 +/- 0.000
step: -1460862976, eval/episode_reward_near: 0.000 +/- 0.000
step: -1460862976, training/actor_loss: 0.000 +/- 0.000
step: -1460862976, training/critic_loss: 0.000 +/- 0.000
step: -1460862976, training/sps: 403044.379 +/- 0.000
step: -1460862976, training/entropy: 0.000 +/- 0.000
step: -1460862976, training/alpha: 0.000 +/- 0.000
step: -1460862976, training/alpha_loss: 0.000 +/- 0.000
step: -1430388736, eval/episode_dist: 10086.095 +/- 0.000
step: -1430388736, eval/episode_reward: 0.000 +/- 0.000
step: -1430388736, eval/episode_reward_ctrl: -725.754 +/- 0.000
step: -1430388736, eval/episode_reward_survive: 1019.094 +/- 0.000
step: -1430388736, eval/episode_success: 0.000 +/- 0.000
step: -1430388736, eval/episode_success_easy: 0.000 +/- 0.000
step: -1430388736, eval/episode_success_any: 0.000 +/- 0.000
step: -1430388736, eval/episode_success_hard: 0.000 +/- 0.000
step: -1430388736, eval/episode_reward_dist: 0.000 +/- 0.000
step: -1430388736, eval/episode_reward_near: 0.000 +/- 0.000
step: -1430388736, training/actor_loss: 0.000 +/- 0.000
step: -1430388736, training/critic_loss: 0.000 +/- 0.000
step: -1430388736, training/sps: 402447.252 +/- 0.000
step: -1430388736, training/entropy: 0.000 +/- 0.000
step: -1430388736, training/alpha: 0.000 +/- 0.000
step: -1430388736, training/alpha_loss: 0.000 +/- 0.000
step: -1399914496, eval/episode_dist: 10073.221 +/- 0.000
step: -1399914496, eval/episode_reward: 0.000 +/- 0.000
step: -1399914496, eval/episode_reward_ctrl: -767.969 +/- 0.000
step: -1399914496, eval/episode_reward_survive: 1016.945 +/- 0.000
step: -1399914496, eval/episode_success: 0.000 +/- 0.000
step: -1399914496, eval/episode_success_easy: 0.000 +/- 0.000
step: -1399914496, eval/episode_success_any: 0.000 +/- 0.000
step: -1399914496, eval/episode_success_hard: 0.000 +/- 0.000
step: -1399914496, eval/episode_reward_dist: 0.000 +/- 0.000
step: -1399914496, eval/episode_reward_near: 0.000 +/- 0.000
step: -1399914496, training/actor_loss: 0.000 +/- 0.000
step: -1399914496, training/critic_loss: 0.000 +/- 0.000
step: -1399914496, training/sps: 402993.387 +/- 0.000
step: -1399914496, training/entropy: 0.000 +/- 0.000
step: -1399914496, training/alpha: 0.000 +/- 0.000
step: -1399914496, training/alpha_loss: 0.000 +/- 0.000
step: -1369440256, eval/episode_dist: 10134.705 +/- 0.000
step: -1369440256, eval/episode_reward: 0.000 +/- 0.000
step: -1369440256, eval/episode_reward_ctrl: -751.564 +/- 0.000
step: -1369440256, eval/episode_reward_survive: 1023.211 +/- 0.000
step: -1369440256, eval/episode_success: 0.000 +/- 0.000
step: -1369440256, eval/episode_success_easy: 0.000 +/- 0.000
step: -1369440256, eval/episode_success_any: 0.000 +/- 0.000
step: -1369440256, eval/episode_success_hard: 0.000 +/- 0.000
step: -1369440256, eval/episode_reward_dist: 0.000 +/- 0.000
step: -1369440256, eval/episode_reward_near: 0.000 +/- 0.000
step: -1369440256, training/actor_loss: 0.000 +/- 0.000
step: -1369440256, training/critic_loss: 0.000 +/- 0.000
step: -1369440256, training/sps: 402645.155 +/- 0.000
step: -1369440256, training/entropy: 0.000 +/- 0.000
step: -1369440256, training/alpha: 0.000 +/- 0.000
step: -1369440256, training/alpha_loss: 0.000 +/- 0.000
step: -1338966016, eval/episode_dist: 10080.472 +/- 0.000
step: -1338966016, eval/episode_reward: 0.000 +/- 0.000
step: -1338966016, eval/episode_reward_ctrl: -720.218 +/- 0.000
step: -1338966016, eval/episode_reward_survive: 1024.219 +/- 0.000
step: -1338966016, eval/episode_success: 0.000 +/- 0.000
step: -1338966016, eval/episode_success_easy: 0.000 +/- 0.000
step: -1338966016, eval/episode_success_any: 0.000 +/- 0.000
step: -1338966016, eval/episode_success_hard: 0.000 +/- 0.000
step: -1338966016, eval/episode_reward_dist: 0.000 +/- 0.000
step: -1338966016, eval/episode_reward_near: 0.000 +/- 0.000
step: -1338966016, training/actor_loss: 0.000 +/- 0.000
step: -1338966016, training/critic_loss: 0.000 +/- 0.000
step: -1338966016, training/sps: 402785.812 +/- 0.000
step: -1338966016, training/entropy: 0.000 +/- 0.000
step: -1338966016, training/alpha: 0.000 +/- 0.000
step: -1338966016, training/alpha_loss: 0.000 +/- 0.000
step: -1308491776, eval/episode_dist: 10059.823 +/- 0.000
step: -1308491776, eval/episode_reward: 0.000 +/- 0.000
step: -1308491776, eval/episode_reward_ctrl: -713.359 +/- 0.000
step: -1308491776, eval/episode_reward_survive: 1015.117 +/- 0.000
step: -1308491776, eval/episode_success: 0.000 +/- 0.000
step: -1308491776, eval/episode_success_easy: 0.000 +/- 0.000
step: -1308491776, eval/episode_success_any: 0.000 +/- 0.000
step: -1308491776, eval/episode_success_hard: 0.000 +/- 0.000
step: -1308491776, eval/episode_reward_dist: 0.000 +/- 0.000
step: -1308491776, eval/episode_reward_near: 0.000 +/- 0.000
step: -1308491776, training/actor_loss: 0.000 +/- 0.000
step: -1308491776, training/critic_loss: 0.000 +/- 0.000
step: -1308491776, training/sps: 402474.890 +/- 0.000
step: -1308491776, training/entropy: 0.000 +/- 0.000
step: -1308491776, training/alpha: 0.000 +/- 0.000
step: -1308491776, training/alpha_loss: 0.000 +/- 0.000
step: -1278017536, eval/episode_dist: 10099.553 +/- 0.000
step: -1278017536, eval/episode_reward: 0.000 +/- 0.000
step: -1278017536, eval/episode_reward_ctrl: -747.638 +/- 0.000
step: -1278017536, eval/episode_reward_survive: 1020.688 +/- 0.000
step: -1278017536, eval/episode_success: 0.000 +/- 0.000
step: -1278017536, eval/episode_success_easy: 0.000 +/- 0.000
step: -1278017536, eval/episode_success_any: 0.000 +/- 0.000
step: -1278017536, eval/episode_success_hard: 0.000 +/- 0.000
step: -1278017536, eval/episode_reward_dist: 0.000 +/- 0.000
step: -1278017536, eval/episode_reward_near: 0.000 +/- 0.000
step: -1278017536, training/actor_loss: 0.000 +/- 0.000
step: -1278017536, training/critic_loss: 0.000 +/- 0.000
step: -1278017536, training/sps: 402792.974 +/- 0.000
step: -1278017536, training/entropy: 0.000 +/- 0.000
step: -1278017536, training/alpha: 0.000 +/- 0.000
step: -1278017536, training/alpha_loss: 0.000 +/- 0.000
[1;34mwandb[0m: 
[1;34mwandb[0m: You can sync this run to the cloud by running:
[1;34mwandb[0m: [1mwandb sync /home/kw2960/JaxGCRL/wandb/offline-run-20250908_095003-uhj12juz[0m
[1;34mwandb[0m: Find logs at: [1;35mwandb/offline-run-20250908_095003-uhj12juz/logs[0m
