Arguments:
{
    "action_repeat": 1,
    "alpha_lr": 0.0003,
    "backend": null,
    "batch_size": 512,
    "contrastive_loss_fn": "symmetric_infonce",
    "critic_lr": 0.0003,
    "disable_entropy_actor": false,
    "discounting": 0.99,
    "discriminator_lr": 0.0003,
    "energy_fn": "l2",
    "entropy_alpha": 1e-06,
    "env_name": "ant",
    "episode_length": 1025,
    "eval_env": null,
    "exp_name": "ant-ppo-numenvs1024-numtimesteps30000000-batchsize512-1-della-maxent-gaussianmlp-",
    "generator_lr": 0.0003,
    "group_name": "first_run",
    "h_dim": 256,
    "l2_penalty": 0.0,
    "log_wandb": true,
    "logsumexp_penalty": 0.0,
    "max_replay_size": 10000,
    "min_replay_size": 1000,
    "n_hidden": 8,
    "no_resubs": false,
    "noise_dim": 4,
    "num_envs": 1024,
    "num_eval_envs": 256,
    "num_evals": 50,
    "num_timesteps": 30000000,
    "policy_lr": 0.0003,
    "project_name": "test",
    "random_goals": 0.0,
    "repr_dim": 64,
    "saved_ckpt_path": null,
    "seed": 1,
    "train_step_multiplier": 1,
    "unroll_length": 62,
    "use_dense_reward": true,
    "use_generator_for_targets": false,
    "use_her": false,
    "use_ln": false,
    "var_post": "meanfield",
    "visualization_interval": 5
}
Num_minibatches 16
Updates per environment step: 0.0020161290322580645
step: 0, eval/episode_dist: 9956.151 +/- 0.000
step: 0, eval/episode_reward: 0.000 +/- 0.000
step: 0, eval/episode_reward_ctrl: -1162.491 +/- 0.000
step: 0, eval/episode_reward_survive: 975.086 +/- 0.000
step: 0, eval/episode_success: 0.000 +/- 0.000
step: 0, eval/episode_success_easy: 0.664 +/- 0.000
step: 0, eval/episode_success_any: 0.000 +/- 0.000
step: 0, eval/episode_success_hard: 0.000 +/- 0.000
step: 0, eval/episode_reward_dist: 0.000 +/- 0.000
step: 0, eval/episode_reward_near: 0.000 +/- 0.000
step: 0, training/actor_loss: 0.000 +/- 0.000
step: 0, training/critic_loss: 0.000 +/- 0.000
step: 0, training/sps: 0.000 +/- 0.000
step: 0, training/entropy: 0.000 +/- 0.000
step: 0, training/alpha: 0.000 +/- 0.000
step: 0, training/alpha_loss: 0.000 +/- 0.000
step: 1015808, eval/episode_dist: 9642.656 +/- 0.000
step: 1015808, eval/episode_reward: 0.000 +/- 0.000
step: 1015808, eval/episode_reward_ctrl: -1133.204 +/- 0.000
step: 1015808, eval/episode_reward_survive: 962.789 +/- 0.000
step: 1015808, eval/episode_success: 0.000 +/- 0.000
step: 1015808, eval/episode_success_easy: 0.117 +/- 0.000
step: 1015808, eval/episode_success_any: 0.000 +/- 0.000
step: 1015808, eval/episode_success_hard: 0.000 +/- 0.000
step: 1015808, eval/episode_reward_dist: 0.000 +/- 0.000
step: 1015808, eval/episode_reward_near: 0.000 +/- 0.000
step: 1015808, training/actor_loss: 0.000 +/- 0.000
step: 1015808, training/critic_loss: 0.000 +/- 0.000
step: 1015808, training/sps: 61567.117 +/- 0.000
step: 1015808, training/entropy: 0.000 +/- 0.000
step: 1015808, training/alpha: 0.000 +/- 0.000
step: 1015808, training/alpha_loss: 0.000 +/- 0.000
step: 2031616, eval/episode_dist: 9715.130 +/- 0.000
step: 2031616, eval/episode_reward: 0.000 +/- 0.000
step: 2031616, eval/episode_reward_ctrl: -1156.004 +/- 0.000
step: 2031616, eval/episode_reward_survive: 953.305 +/- 0.000
step: 2031616, eval/episode_success: 0.000 +/- 0.000
step: 2031616, eval/episode_success_easy: 0.000 +/- 0.000
step: 2031616, eval/episode_success_any: 0.000 +/- 0.000
step: 2031616, eval/episode_success_hard: 0.000 +/- 0.000
step: 2031616, eval/episode_reward_dist: 0.000 +/- 0.000
step: 2031616, eval/episode_reward_near: 0.000 +/- 0.000
step: 2031616, training/actor_loss: 0.000 +/- 0.000
step: 2031616, training/critic_loss: 0.000 +/- 0.000
step: 2031616, training/sps: 396405.317 +/- 0.000
step: 2031616, training/entropy: 0.000 +/- 0.000
step: 2031616, training/alpha: 0.000 +/- 0.000
step: 2031616, training/alpha_loss: 0.000 +/- 0.000
step: 3047424, eval/episode_dist: 9820.918 +/- 0.000
step: 3047424, eval/episode_reward: 0.000 +/- 0.000
step: 3047424, eval/episode_reward_ctrl: -1110.673 +/- 0.000
step: 3047424, eval/episode_reward_survive: 944.578 +/- 0.000
step: 3047424, eval/episode_success: 0.000 +/- 0.000
step: 3047424, eval/episode_success_easy: 0.000 +/- 0.000
step: 3047424, eval/episode_success_any: 0.000 +/- 0.000
step: 3047424, eval/episode_success_hard: 0.000 +/- 0.000
step: 3047424, eval/episode_reward_dist: 0.000 +/- 0.000
step: 3047424, eval/episode_reward_near: 0.000 +/- 0.000
step: 3047424, training/actor_loss: 0.000 +/- 0.000
step: 3047424, training/critic_loss: 0.000 +/- 0.000
step: 3047424, training/sps: 395699.927 +/- 0.000
step: 3047424, training/entropy: 0.000 +/- 0.000
step: 3047424, training/alpha: 0.000 +/- 0.000
step: 3047424, training/alpha_loss: 0.000 +/- 0.000
step: 4063232, eval/episode_dist: 10228.643 +/- 0.000
step: 4063232, eval/episode_reward: 0.000 +/- 0.000
step: 4063232, eval/episode_reward_ctrl: -1200.064 +/- 0.000
step: 4063232, eval/episode_reward_survive: 994.555 +/- 0.000
step: 4063232, eval/episode_success: 0.000 +/- 0.000
step: 4063232, eval/episode_success_easy: 2.359 +/- 0.000
step: 4063232, eval/episode_success_any: 0.000 +/- 0.000
step: 4063232, eval/episode_success_hard: 0.000 +/- 0.000
step: 4063232, eval/episode_reward_dist: 0.000 +/- 0.000
step: 4063232, eval/episode_reward_near: 0.000 +/- 0.000
step: 4063232, training/actor_loss: 0.000 +/- 0.000
step: 4063232, training/critic_loss: 0.000 +/- 0.000
step: 4063232, training/sps: 397221.372 +/- 0.000
step: 4063232, training/entropy: 0.000 +/- 0.000
step: 4063232, training/alpha: 0.000 +/- 0.000
step: 4063232, training/alpha_loss: 0.000 +/- 0.000
step: 5079040, eval/episode_dist: 9861.133 +/- 0.000
step: 5079040, eval/episode_reward: 0.000 +/- 0.000
step: 5079040, eval/episode_reward_ctrl: -1182.177 +/- 0.000
step: 5079040, eval/episode_reward_survive: 974.242 +/- 0.000
step: 5079040, eval/episode_success: 0.000 +/- 0.000
step: 5079040, eval/episode_success_easy: 0.000 +/- 0.000
step: 5079040, eval/episode_success_any: 0.000 +/- 0.000
step: 5079040, eval/episode_success_hard: 0.000 +/- 0.000
step: 5079040, eval/episode_reward_dist: 0.000 +/- 0.000
step: 5079040, eval/episode_reward_near: 0.000 +/- 0.000
step: 5079040, training/actor_loss: 0.000 +/- 0.000
step: 5079040, training/critic_loss: 0.000 +/- 0.000
step: 5079040, training/sps: 396941.375 +/- 0.000
step: 5079040, training/entropy: 0.000 +/- 0.000
step: 5079040, training/alpha: 0.000 +/- 0.000
step: 5079040, training/alpha_loss: 0.000 +/- 0.000
step: 6094848, eval/episode_dist: 9292.574 +/- 0.000
step: 6094848, eval/episode_reward: 0.000 +/- 0.000
step: 6094848, eval/episode_reward_ctrl: -1149.508 +/- 0.000
step: 6094848, eval/episode_reward_survive: 946.070 +/- 0.000
step: 6094848, eval/episode_success: 0.000 +/- 0.000
step: 6094848, eval/episode_success_easy: 0.984 +/- 0.000
step: 6094848, eval/episode_success_any: 0.000 +/- 0.000
step: 6094848, eval/episode_success_hard: 0.000 +/- 0.000
step: 6094848, eval/episode_reward_dist: 0.000 +/- 0.000
step: 6094848, eval/episode_reward_near: 0.000 +/- 0.000
step: 6094848, training/actor_loss: 0.000 +/- 0.000
step: 6094848, training/critic_loss: 0.000 +/- 0.000
step: 6094848, training/sps: 396378.617 +/- 0.000
step: 6094848, training/entropy: 0.000 +/- 0.000
step: 6094848, training/alpha: 0.000 +/- 0.000
step: 6094848, training/alpha_loss: 0.000 +/- 0.000
step: 7110656, eval/episode_dist: 9698.277 +/- 0.000
step: 7110656, eval/episode_reward: 0.000 +/- 0.000
step: 7110656, eval/episode_reward_ctrl: -1157.998 +/- 0.000
step: 7110656, eval/episode_reward_survive: 958.820 +/- 0.000
step: 7110656, eval/episode_success: 0.000 +/- 0.000
step: 7110656, eval/episode_success_easy: 0.000 +/- 0.000
step: 7110656, eval/episode_success_any: 0.000 +/- 0.000
step: 7110656, eval/episode_success_hard: 0.000 +/- 0.000
step: 7110656, eval/episode_reward_dist: 0.000 +/- 0.000
step: 7110656, eval/episode_reward_near: 0.000 +/- 0.000
step: 7110656, training/actor_loss: 0.000 +/- 0.000
step: 7110656, training/critic_loss: 0.000 +/- 0.000
step: 7110656, training/sps: 395044.251 +/- 0.000
step: 7110656, training/entropy: 0.000 +/- 0.000
step: 7110656, training/alpha: 0.000 +/- 0.000
step: 7110656, training/alpha_loss: 0.000 +/- 0.000
step: 8126464, eval/episode_dist: 9295.098 +/- 0.000
step: 8126464, eval/episode_reward: 0.000 +/- 0.000
step: 8126464, eval/episode_reward_ctrl: -1148.726 +/- 0.000
step: 8126464, eval/episode_reward_survive: 941.375 +/- 0.000
step: 8126464, eval/episode_success: 0.000 +/- 0.000
step: 8126464, eval/episode_success_easy: 0.641 +/- 0.000
step: 8126464, eval/episode_success_any: 0.000 +/- 0.000
step: 8126464, eval/episode_success_hard: 0.000 +/- 0.000
step: 8126464, eval/episode_reward_dist: 0.000 +/- 0.000
step: 8126464, eval/episode_reward_near: 0.000 +/- 0.000
step: 8126464, training/actor_loss: 0.000 +/- 0.000
step: 8126464, training/critic_loss: 0.000 +/- 0.000
step: 8126464, training/sps: 395052.200 +/- 0.000
step: 8126464, training/entropy: 0.000 +/- 0.000
step: 8126464, training/alpha: 0.000 +/- 0.000
step: 8126464, training/alpha_loss: 0.000 +/- 0.000
step: 9142272, eval/episode_dist: 10055.191 +/- 0.000
step: 9142272, eval/episode_reward: 0.000 +/- 0.000
step: 9142272, eval/episode_reward_ctrl: -1196.361 +/- 0.000
step: 9142272, eval/episode_reward_survive: 986.148 +/- 0.000
step: 9142272, eval/episode_success: 0.000 +/- 0.000
step: 9142272, eval/episode_success_easy: 0.000 +/- 0.000
step: 9142272, eval/episode_success_any: 0.000 +/- 0.000
step: 9142272, eval/episode_success_hard: 0.000 +/- 0.000
step: 9142272, eval/episode_reward_dist: 0.000 +/- 0.000
step: 9142272, eval/episode_reward_near: 0.000 +/- 0.000
step: 9142272, training/actor_loss: 0.000 +/- 0.000
step: 9142272, training/critic_loss: 0.000 +/- 0.000
step: 9142272, training/sps: 396380.866 +/- 0.000
step: 9142272, training/entropy: 0.000 +/- 0.000
step: 9142272, training/alpha: 0.000 +/- 0.000
step: 9142272, training/alpha_loss: 0.000 +/- 0.000
step: 10158080, eval/episode_dist: 9784.389 +/- 0.000
step: 10158080, eval/episode_reward: 0.062 +/- 0.000
step: 10158080, eval/episode_reward_ctrl: -1190.669 +/- 0.000
step: 10158080, eval/episode_reward_survive: 981.344 +/- 0.000
step: 10158080, eval/episode_success: 0.062 +/- 0.000
step: 10158080, eval/episode_success_easy: 2.555 +/- 0.000
step: 10158080, eval/episode_success_any: 0.008 +/- 0.000
step: 10158080, eval/episode_success_hard: 0.000 +/- 0.000
step: 10158080, eval/episode_reward_dist: 0.000 +/- 0.000
step: 10158080, eval/episode_reward_near: 0.000 +/- 0.000
step: 10158080, training/actor_loss: 0.000 +/- 0.000
step: 10158080, training/critic_loss: 0.000 +/- 0.000
step: 10158080, training/sps: 395388.677 +/- 0.000
step: 10158080, training/entropy: 0.000 +/- 0.000
step: 10158080, training/alpha: 0.000 +/- 0.000
step: 10158080, training/alpha_loss: 0.000 +/- 0.000
step: 11173888, eval/episode_dist: 9618.084 +/- 0.000
step: 11173888, eval/episode_reward: 0.000 +/- 0.000
step: 11173888, eval/episode_reward_ctrl: -1182.390 +/- 0.000
step: 11173888, eval/episode_reward_survive: 961.320 +/- 0.000
step: 11173888, eval/episode_success: 0.000 +/- 0.000
step: 11173888, eval/episode_success_easy: 0.000 +/- 0.000
step: 11173888, eval/episode_success_any: 0.000 +/- 0.000
step: 11173888, eval/episode_success_hard: 0.000 +/- 0.000
step: 11173888, eval/episode_reward_dist: 0.000 +/- 0.000
step: 11173888, eval/episode_reward_near: 0.000 +/- 0.000
step: 11173888, training/actor_loss: 0.000 +/- 0.000
step: 11173888, training/critic_loss: 0.000 +/- 0.000
step: 11173888, training/sps: 395917.903 +/- 0.000
step: 11173888, training/entropy: 0.000 +/- 0.000
step: 11173888, training/alpha: 0.000 +/- 0.000
step: 11173888, training/alpha_loss: 0.000 +/- 0.000
step: 12189696, eval/episode_dist: 9529.004 +/- 0.000
step: 12189696, eval/episode_reward: 0.641 +/- 0.000
step: 12189696, eval/episode_reward_ctrl: -1170.567 +/- 0.000
step: 12189696, eval/episode_reward_survive: 949.586 +/- 0.000
step: 12189696, eval/episode_success: 0.641 +/- 0.000
step: 12189696, eval/episode_success_easy: 1.430 +/- 0.000
step: 12189696, eval/episode_success_any: 0.008 +/- 0.000
step: 12189696, eval/episode_success_hard: 0.000 +/- 0.000
step: 12189696, eval/episode_reward_dist: 0.000 +/- 0.000
step: 12189696, eval/episode_reward_near: 0.000 +/- 0.000
step: 12189696, training/actor_loss: 0.000 +/- 0.000
step: 12189696, training/critic_loss: 0.000 +/- 0.000
step: 12189696, training/sps: 395426.107 +/- 0.000
step: 12189696, training/entropy: 0.000 +/- 0.000
step: 12189696, training/alpha: 0.000 +/- 0.000
step: 12189696, training/alpha_loss: 0.000 +/- 0.000
step: 13205504, eval/episode_dist: 9563.303 +/- 0.000
step: 13205504, eval/episode_reward: 0.383 +/- 0.000
step: 13205504, eval/episode_reward_ctrl: -1146.981 +/- 0.000
step: 13205504, eval/episode_reward_survive: 930.258 +/- 0.000
step: 13205504, eval/episode_success: 0.383 +/- 0.000
step: 13205504, eval/episode_success_easy: 1.922 +/- 0.000
step: 13205504, eval/episode_success_any: 0.008 +/- 0.000
step: 13205504, eval/episode_success_hard: 0.000 +/- 0.000
step: 13205504, eval/episode_reward_dist: 0.000 +/- 0.000
step: 13205504, eval/episode_reward_near: 0.000 +/- 0.000
step: 13205504, training/actor_loss: 0.000 +/- 0.000
step: 13205504, training/critic_loss: 0.000 +/- 0.000
step: 13205504, training/sps: 396698.889 +/- 0.000
step: 13205504, training/entropy: 0.000 +/- 0.000
step: 13205504, training/alpha: 0.000 +/- 0.000
step: 13205504, training/alpha_loss: 0.000 +/- 0.000
step: 14221312, eval/episode_dist: 9616.171 +/- 0.000
step: 14221312, eval/episode_reward: 0.000 +/- 0.000
step: 14221312, eval/episode_reward_ctrl: -1164.506 +/- 0.000
step: 14221312, eval/episode_reward_survive: 944.945 +/- 0.000
step: 14221312, eval/episode_success: 0.000 +/- 0.000
step: 14221312, eval/episode_success_easy: 0.000 +/- 0.000
step: 14221312, eval/episode_success_any: 0.000 +/- 0.000
step: 14221312, eval/episode_success_hard: 0.000 +/- 0.000
step: 14221312, eval/episode_reward_dist: 0.000 +/- 0.000
step: 14221312, eval/episode_reward_near: 0.000 +/- 0.000
step: 14221312, training/actor_loss: 0.000 +/- 0.000
step: 14221312, training/critic_loss: 0.000 +/- 0.000
step: 14221312, training/sps: 395843.342 +/- 0.000
step: 14221312, training/entropy: 0.000 +/- 0.000
step: 14221312, training/alpha: 0.000 +/- 0.000
step: 14221312, training/alpha_loss: 0.000 +/- 0.000
step: 15237120, eval/episode_dist: 9010.719 +/- 0.000
step: 15237120, eval/episode_reward: 0.000 +/- 0.000
step: 15237120, eval/episode_reward_ctrl: -1126.424 +/- 0.000
step: 15237120, eval/episode_reward_survive: 912.734 +/- 0.000
step: 15237120, eval/episode_success: 0.000 +/- 0.000
step: 15237120, eval/episode_success_easy: 0.148 +/- 0.000
step: 15237120, eval/episode_success_any: 0.000 +/- 0.000
step: 15237120, eval/episode_success_hard: 0.000 +/- 0.000
step: 15237120, eval/episode_reward_dist: 0.000 +/- 0.000
step: 15237120, eval/episode_reward_near: 0.000 +/- 0.000
step: 15237120, training/actor_loss: 0.000 +/- 0.000
step: 15237120, training/critic_loss: 0.000 +/- 0.000
step: 15237120, training/sps: 395890.238 +/- 0.000
step: 15237120, training/entropy: 0.000 +/- 0.000
step: 15237120, training/alpha: 0.000 +/- 0.000
step: 15237120, training/alpha_loss: 0.000 +/- 0.000
step: 16252928, eval/episode_dist: 9535.756 +/- 0.000
step: 16252928, eval/episode_reward: 0.000 +/- 0.000
step: 16252928, eval/episode_reward_ctrl: -1149.704 +/- 0.000
step: 16252928, eval/episode_reward_survive: 948.328 +/- 0.000
step: 16252928, eval/episode_success: 0.000 +/- 0.000
step: 16252928, eval/episode_success_easy: 0.320 +/- 0.000
step: 16252928, eval/episode_success_any: 0.000 +/- 0.000
step: 16252928, eval/episode_success_hard: 0.000 +/- 0.000
step: 16252928, eval/episode_reward_dist: 0.000 +/- 0.000
step: 16252928, eval/episode_reward_near: 0.000 +/- 0.000
step: 16252928, training/actor_loss: 0.000 +/- 0.000
step: 16252928, training/critic_loss: 0.000 +/- 0.000
step: 16252928, training/sps: 395513.471 +/- 0.000
step: 16252928, training/entropy: 0.000 +/- 0.000
step: 16252928, training/alpha: 0.000 +/- 0.000
step: 16252928, training/alpha_loss: 0.000 +/- 0.000
step: 17268736, eval/episode_dist: 9197.494 +/- 0.000
step: 17268736, eval/episode_reward: 0.000 +/- 0.000
step: 17268736, eval/episode_reward_ctrl: -1109.808 +/- 0.000
step: 17268736, eval/episode_reward_survive: 917.852 +/- 0.000
step: 17268736, eval/episode_success: 0.000 +/- 0.000
step: 17268736, eval/episode_success_easy: 0.000 +/- 0.000
step: 17268736, eval/episode_success_any: 0.000 +/- 0.000
step: 17268736, eval/episode_success_hard: 0.000 +/- 0.000
step: 17268736, eval/episode_reward_dist: 0.000 +/- 0.000
step: 17268736, eval/episode_reward_near: 0.000 +/- 0.000
step: 17268736, training/actor_loss: 0.000 +/- 0.000
step: 17268736, training/critic_loss: 0.000 +/- 0.000
step: 17268736, training/sps: 396205.816 +/- 0.000
step: 17268736, training/entropy: 0.000 +/- 0.000
step: 17268736, training/alpha: 0.000 +/- 0.000
step: 17268736, training/alpha_loss: 0.000 +/- 0.000
step: 18284544, eval/episode_dist: 9688.898 +/- 0.000
step: 18284544, eval/episode_reward: 0.000 +/- 0.000
step: 18284544, eval/episode_reward_ctrl: -1149.152 +/- 0.000
step: 18284544, eval/episode_reward_survive: 940.906 +/- 0.000
step: 18284544, eval/episode_success: 0.000 +/- 0.000
step: 18284544, eval/episode_success_easy: 0.820 +/- 0.000
step: 18284544, eval/episode_success_any: 0.000 +/- 0.000
step: 18284544, eval/episode_success_hard: 0.000 +/- 0.000
step: 18284544, eval/episode_reward_dist: 0.000 +/- 0.000
step: 18284544, eval/episode_reward_near: 0.000 +/- 0.000
step: 18284544, training/actor_loss: 0.000 +/- 0.000
step: 18284544, training/critic_loss: 0.000 +/- 0.000
step: 18284544, training/sps: 394373.879 +/- 0.000
step: 18284544, training/entropy: 0.000 +/- 0.000
step: 18284544, training/alpha: 0.000 +/- 0.000
step: 18284544, training/alpha_loss: 0.000 +/- 0.000
step: 19300352, eval/episode_dist: 9507.460 +/- 0.000
step: 19300352, eval/episode_reward: 0.000 +/- 0.000
step: 19300352, eval/episode_reward_ctrl: -1141.979 +/- 0.000
step: 19300352, eval/episode_reward_survive: 942.875 +/- 0.000
step: 19300352, eval/episode_success: 0.000 +/- 0.000
step: 19300352, eval/episode_success_easy: 0.000 +/- 0.000
step: 19300352, eval/episode_success_any: 0.000 +/- 0.000
step: 19300352, eval/episode_success_hard: 0.000 +/- 0.000
step: 19300352, eval/episode_reward_dist: 0.000 +/- 0.000
step: 19300352, eval/episode_reward_near: 0.000 +/- 0.000
step: 19300352, training/actor_loss: 0.000 +/- 0.000
step: 19300352, training/critic_loss: 0.000 +/- 0.000
step: 19300352, training/sps: 396514.332 +/- 0.000
step: 19300352, training/entropy: 0.000 +/- 0.000
step: 19300352, training/alpha: 0.000 +/- 0.000
step: 19300352, training/alpha_loss: 0.000 +/- 0.000
step: 20316160, eval/episode_dist: 9351.410 +/- 0.000
step: 20316160, eval/episode_reward: 0.000 +/- 0.000
step: 20316160, eval/episode_reward_ctrl: -1152.619 +/- 0.000
step: 20316160, eval/episode_reward_survive: 941.766 +/- 0.000
step: 20316160, eval/episode_success: 0.000 +/- 0.000
step: 20316160, eval/episode_success_easy: 0.000 +/- 0.000
step: 20316160, eval/episode_success_any: 0.000 +/- 0.000
step: 20316160, eval/episode_success_hard: 0.000 +/- 0.000
step: 20316160, eval/episode_reward_dist: 0.000 +/- 0.000
step: 20316160, eval/episode_reward_near: 0.000 +/- 0.000
step: 20316160, training/actor_loss: 0.000 +/- 0.000
step: 20316160, training/critic_loss: 0.000 +/- 0.000
step: 20316160, training/sps: 394797.456 +/- 0.000
step: 20316160, training/entropy: 0.000 +/- 0.000
step: 20316160, training/alpha: 0.000 +/- 0.000
step: 20316160, training/alpha_loss: 0.000 +/- 0.000
step: 21331968, eval/episode_dist: 9625.504 +/- 0.000
step: 21331968, eval/episode_reward: 0.000 +/- 0.000
step: 21331968, eval/episode_reward_ctrl: -1194.218 +/- 0.000
step: 21331968, eval/episode_reward_survive: 964.953 +/- 0.000
step: 21331968, eval/episode_success: 0.000 +/- 0.000
step: 21331968, eval/episode_success_easy: 3.406 +/- 0.000
step: 21331968, eval/episode_success_any: 0.000 +/- 0.000
step: 21331968, eval/episode_success_hard: 0.000 +/- 0.000
step: 21331968, eval/episode_reward_dist: 0.000 +/- 0.000
step: 21331968, eval/episode_reward_near: 0.000 +/- 0.000
step: 21331968, training/actor_loss: 0.000 +/- 0.000
step: 21331968, training/critic_loss: 0.000 +/- 0.000
step: 21331968, training/sps: 396558.287 +/- 0.000
step: 21331968, training/entropy: 0.000 +/- 0.000
step: 21331968, training/alpha: 0.000 +/- 0.000
step: 21331968, training/alpha_loss: 0.000 +/- 0.000
step: 22347776, eval/episode_dist: 9602.572 +/- 0.000
step: 22347776, eval/episode_reward: 0.000 +/- 0.000
step: 22347776, eval/episode_reward_ctrl: -1171.964 +/- 0.000
step: 22347776, eval/episode_reward_survive: 958.445 +/- 0.000
step: 22347776, eval/episode_success: 0.000 +/- 0.000
step: 22347776, eval/episode_success_easy: 0.180 +/- 0.000
step: 22347776, eval/episode_success_any: 0.000 +/- 0.000
step: 22347776, eval/episode_success_hard: 0.000 +/- 0.000
step: 22347776, eval/episode_reward_dist: 0.000 +/- 0.000
step: 22347776, eval/episode_reward_near: 0.000 +/- 0.000
step: 22347776, training/actor_loss: 0.000 +/- 0.000
step: 22347776, training/critic_loss: 0.000 +/- 0.000
step: 22347776, training/sps: 395095.172 +/- 0.000
step: 22347776, training/entropy: 0.000 +/- 0.000
step: 22347776, training/alpha: 0.000 +/- 0.000
step: 22347776, training/alpha_loss: 0.000 +/- 0.000
step: 23363584, eval/episode_dist: 9446.468 +/- 0.000
step: 23363584, eval/episode_reward: 0.000 +/- 0.000
step: 23363584, eval/episode_reward_ctrl: -1170.981 +/- 0.000
step: 23363584, eval/episode_reward_survive: 955.023 +/- 0.000
step: 23363584, eval/episode_success: 0.000 +/- 0.000
step: 23363584, eval/episode_success_easy: 0.164 +/- 0.000
step: 23363584, eval/episode_success_any: 0.000 +/- 0.000
step: 23363584, eval/episode_success_hard: 0.000 +/- 0.000
step: 23363584, eval/episode_reward_dist: 0.000 +/- 0.000
step: 23363584, eval/episode_reward_near: 0.000 +/- 0.000
step: 23363584, training/actor_loss: 0.000 +/- 0.000
step: 23363584, training/critic_loss: 0.000 +/- 0.000
step: 23363584, training/sps: 396788.036 +/- 0.000
step: 23363584, training/entropy: 0.000 +/- 0.000
step: 23363584, training/alpha: 0.000 +/- 0.000
step: 23363584, training/alpha_loss: 0.000 +/- 0.000
step: 24379392, eval/episode_dist: 9249.671 +/- 0.000
step: 24379392, eval/episode_reward: 0.000 +/- 0.000
step: 24379392, eval/episode_reward_ctrl: -1138.275 +/- 0.000
step: 24379392, eval/episode_reward_survive: 934.578 +/- 0.000
step: 24379392, eval/episode_success: 0.000 +/- 0.000
step: 24379392, eval/episode_success_easy: 0.000 +/- 0.000
step: 24379392, eval/episode_success_any: 0.000 +/- 0.000
step: 24379392, eval/episode_success_hard: 0.000 +/- 0.000
step: 24379392, eval/episode_reward_dist: 0.000 +/- 0.000
step: 24379392, eval/episode_reward_near: 0.000 +/- 0.000
step: 24379392, training/actor_loss: 0.000 +/- 0.000
step: 24379392, training/critic_loss: 0.000 +/- 0.000
step: 24379392, training/sps: 395971.624 +/- 0.000
step: 24379392, training/entropy: 0.000 +/- 0.000
step: 24379392, training/alpha: 0.000 +/- 0.000
step: 24379392, training/alpha_loss: 0.000 +/- 0.000
step: 25395200, eval/episode_dist: 9102.629 +/- 0.000
step: 25395200, eval/episode_reward: 0.258 +/- 0.000
step: 25395200, eval/episode_reward_ctrl: -1158.358 +/- 0.000
step: 25395200, eval/episode_reward_survive: 932.875 +/- 0.000
step: 25395200, eval/episode_success: 0.258 +/- 0.000
step: 25395200, eval/episode_success_easy: 3.500 +/- 0.000
step: 25395200, eval/episode_success_any: 0.008 +/- 0.000
step: 25395200, eval/episode_success_hard: 0.000 +/- 0.000
step: 25395200, eval/episode_reward_dist: 0.000 +/- 0.000
step: 25395200, eval/episode_reward_near: 0.000 +/- 0.000
step: 25395200, training/actor_loss: 0.000 +/- 0.000
step: 25395200, training/critic_loss: 0.000 +/- 0.000
step: 25395200, training/sps: 397225.075 +/- 0.000
step: 25395200, training/entropy: 0.000 +/- 0.000
step: 25395200, training/alpha: 0.000 +/- 0.000
step: 25395200, training/alpha_loss: 0.000 +/- 0.000
step: 26411008, eval/episode_dist: 9678.072 +/- 0.000
step: 26411008, eval/episode_reward: 0.000 +/- 0.000
step: 26411008, eval/episode_reward_ctrl: -1201.938 +/- 0.000
step: 26411008, eval/episode_reward_survive: 966.266 +/- 0.000
step: 26411008, eval/episode_success: 0.000 +/- 0.000
step: 26411008, eval/episode_success_easy: 1.250 +/- 0.000
step: 26411008, eval/episode_success_any: 0.000 +/- 0.000
step: 26411008, eval/episode_success_hard: 0.000 +/- 0.000
step: 26411008, eval/episode_reward_dist: 0.000 +/- 0.000
step: 26411008, eval/episode_reward_near: 0.000 +/- 0.000
step: 26411008, training/actor_loss: 0.000 +/- 0.000
step: 26411008, training/critic_loss: 0.000 +/- 0.000
step: 26411008, training/sps: 395457.414 +/- 0.000
step: 26411008, training/entropy: 0.000 +/- 0.000
step: 26411008, training/alpha: 0.000 +/- 0.000
step: 26411008, training/alpha_loss: 0.000 +/- 0.000
step: 27426816, eval/episode_dist: 9590.137 +/- 0.000
step: 27426816, eval/episode_reward: 0.000 +/- 0.000
step: 27426816, eval/episode_reward_ctrl: -1197.558 +/- 0.000
step: 27426816, eval/episode_reward_survive: 967.797 +/- 0.000
step: 27426816, eval/episode_success: 0.000 +/- 0.000
step: 27426816, eval/episode_success_easy: 0.000 +/- 0.000
step: 27426816, eval/episode_success_any: 0.000 +/- 0.000
step: 27426816, eval/episode_success_hard: 0.000 +/- 0.000
step: 27426816, eval/episode_reward_dist: 0.000 +/- 0.000
step: 27426816, eval/episode_reward_near: 0.000 +/- 0.000
step: 27426816, training/actor_loss: 0.000 +/- 0.000
step: 27426816, training/critic_loss: 0.000 +/- 0.000
step: 27426816, training/sps: 395908.227 +/- 0.000
step: 27426816, training/entropy: 0.000 +/- 0.000
step: 27426816, training/alpha: 0.000 +/- 0.000
step: 27426816, training/alpha_loss: 0.000 +/- 0.000
step: 28442624, eval/episode_dist: 9344.986 +/- 0.000
step: 28442624, eval/episode_reward: 0.000 +/- 0.000
step: 28442624, eval/episode_reward_ctrl: -1176.675 +/- 0.000
step: 28442624, eval/episode_reward_survive: 945.734 +/- 0.000
step: 28442624, eval/episode_success: 0.000 +/- 0.000
step: 28442624, eval/episode_success_easy: 0.000 +/- 0.000
step: 28442624, eval/episode_success_any: 0.000 +/- 0.000
step: 28442624, eval/episode_success_hard: 0.000 +/- 0.000
step: 28442624, eval/episode_reward_dist: 0.000 +/- 0.000
step: 28442624, eval/episode_reward_near: 0.000 +/- 0.000
step: 28442624, training/actor_loss: 0.000 +/- 0.000
step: 28442624, training/critic_loss: 0.000 +/- 0.000
step: 28442624, training/sps: 396193.510 +/- 0.000
step: 28442624, training/entropy: 0.000 +/- 0.000
step: 28442624, training/alpha: 0.000 +/- 0.000
step: 28442624, training/alpha_loss: 0.000 +/- 0.000
step: 29458432, eval/episode_dist: 9882.168 +/- 0.000
step: 29458432, eval/episode_reward: 0.000 +/- 0.000
step: 29458432, eval/episode_reward_ctrl: -1187.640 +/- 0.000
step: 29458432, eval/episode_reward_survive: 976.156 +/- 0.000
step: 29458432, eval/episode_success: 0.000 +/- 0.000
step: 29458432, eval/episode_success_easy: 0.000 +/- 0.000
step: 29458432, eval/episode_success_any: 0.000 +/- 0.000
step: 29458432, eval/episode_success_hard: 0.000 +/- 0.000
step: 29458432, eval/episode_reward_dist: 0.000 +/- 0.000
step: 29458432, eval/episode_reward_near: 0.000 +/- 0.000
step: 29458432, training/actor_loss: 0.000 +/- 0.000
step: 29458432, training/critic_loss: 0.000 +/- 0.000
step: 29458432, training/sps: 397844.806 +/- 0.000
step: 29458432, training/entropy: 0.000 +/- 0.000
step: 29458432, training/alpha: 0.000 +/- 0.000
step: 29458432, training/alpha_loss: 0.000 +/- 0.000
step: 30474240, eval/episode_dist: 10066.688 +/- 0.000
step: 30474240, eval/episode_reward: 0.266 +/- 0.000
step: 30474240, eval/episode_reward_ctrl: -1243.272 +/- 0.000
step: 30474240, eval/episode_reward_survive: 1004.828 +/- 0.000
step: 30474240, eval/episode_success: 0.266 +/- 0.000
step: 30474240, eval/episode_success_easy: 1.328 +/- 0.000
step: 30474240, eval/episode_success_any: 0.008 +/- 0.000
step: 30474240, eval/episode_success_hard: 0.000 +/- 0.000
step: 30474240, eval/episode_reward_dist: 0.000 +/- 0.000
step: 30474240, eval/episode_reward_near: 0.000 +/- 0.000
step: 30474240, training/actor_loss: 0.000 +/- 0.000
step: 30474240, training/critic_loss: 0.000 +/- 0.000
step: 30474240, training/sps: 396175.532 +/- 0.000
step: 30474240, training/entropy: 0.000 +/- 0.000
step: 30474240, training/alpha: 0.000 +/- 0.000
step: 30474240, training/alpha_loss: 0.000 +/- 0.000
step: 31490048, eval/episode_dist: 10090.395 +/- 0.000
step: 31490048, eval/episode_reward: 0.000 +/- 0.000
step: 31490048, eval/episode_reward_ctrl: -1223.362 +/- 0.000
step: 31490048, eval/episode_reward_survive: 992.320 +/- 0.000
step: 31490048, eval/episode_success: 0.000 +/- 0.000
step: 31490048, eval/episode_success_easy: 0.000 +/- 0.000
step: 31490048, eval/episode_success_any: 0.000 +/- 0.000
step: 31490048, eval/episode_success_hard: 0.000 +/- 0.000
step: 31490048, eval/episode_reward_dist: 0.000 +/- 0.000
step: 31490048, eval/episode_reward_near: 0.000 +/- 0.000
step: 31490048, training/actor_loss: 0.000 +/- 0.000
step: 31490048, training/critic_loss: 0.000 +/- 0.000
step: 31490048, training/sps: 397028.744 +/- 0.000
step: 31490048, training/entropy: 0.000 +/- 0.000
step: 31490048, training/alpha: 0.000 +/- 0.000
step: 31490048, training/alpha_loss: 0.000 +/- 0.000
step: 32505856, eval/episode_dist: 9836.378 +/- 0.000
step: 32505856, eval/episode_reward: 0.000 +/- 0.000
step: 32505856, eval/episode_reward_ctrl: -1180.650 +/- 0.000
step: 32505856, eval/episode_reward_survive: 967.055 +/- 0.000
step: 32505856, eval/episode_success: 0.000 +/- 0.000
step: 32505856, eval/episode_success_easy: 0.523 +/- 0.000
step: 32505856, eval/episode_success_any: 0.000 +/- 0.000
step: 32505856, eval/episode_success_hard: 0.000 +/- 0.000
step: 32505856, eval/episode_reward_dist: 0.000 +/- 0.000
step: 32505856, eval/episode_reward_near: 0.000 +/- 0.000
step: 32505856, training/actor_loss: 0.000 +/- 0.000
step: 32505856, training/critic_loss: 0.000 +/- 0.000
step: 32505856, training/sps: 394326.940 +/- 0.000
step: 32505856, training/entropy: 0.000 +/- 0.000
step: 32505856, training/alpha: 0.000 +/- 0.000
step: 32505856, training/alpha_loss: 0.000 +/- 0.000
step: 33521664, eval/episode_dist: 9882.759 +/- 0.000
step: 33521664, eval/episode_reward: 0.359 +/- 0.000
step: 33521664, eval/episode_reward_ctrl: -1242.775 +/- 0.000
step: 33521664, eval/episode_reward_survive: 1003.156 +/- 0.000
step: 33521664, eval/episode_success: 0.359 +/- 0.000
step: 33521664, eval/episode_success_easy: 4.992 +/- 0.000
step: 33521664, eval/episode_success_any: 0.008 +/- 0.000
step: 33521664, eval/episode_success_hard: 0.000 +/- 0.000
step: 33521664, eval/episode_reward_dist: 0.000 +/- 0.000
step: 33521664, eval/episode_reward_near: 0.000 +/- 0.000
step: 33521664, training/actor_loss: 0.000 +/- 0.000
step: 33521664, training/critic_loss: 0.000 +/- 0.000
step: 33521664, training/sps: 396458.507 +/- 0.000
step: 33521664, training/entropy: 0.000 +/- 0.000
step: 33521664, training/alpha: 0.000 +/- 0.000
step: 33521664, training/alpha_loss: 0.000 +/- 0.000
step: 34537472, eval/episode_dist: 10121.158 +/- 0.000
step: 34537472, eval/episode_reward: 0.000 +/- 0.000
step: 34537472, eval/episode_reward_ctrl: -1241.139 +/- 0.000
step: 34537472, eval/episode_reward_survive: 1011.297 +/- 0.000
step: 34537472, eval/episode_success: 0.000 +/- 0.000
step: 34537472, eval/episode_success_easy: 0.047 +/- 0.000
step: 34537472, eval/episode_success_any: 0.000 +/- 0.000
step: 34537472, eval/episode_success_hard: 0.000 +/- 0.000
step: 34537472, eval/episode_reward_dist: 0.000 +/- 0.000
step: 34537472, eval/episode_reward_near: 0.000 +/- 0.000
step: 34537472, training/actor_loss: 0.000 +/- 0.000
step: 34537472, training/critic_loss: 0.000 +/- 0.000
step: 34537472, training/sps: 395814.437 +/- 0.000
step: 34537472, training/entropy: 0.000 +/- 0.000
step: 34537472, training/alpha: 0.000 +/- 0.000
step: 34537472, training/alpha_loss: 0.000 +/- 0.000
step: 35553280, eval/episode_dist: 10213.974 +/- 0.000
step: 35553280, eval/episode_reward: 0.000 +/- 0.000
step: 35553280, eval/episode_reward_ctrl: -1208.756 +/- 0.000
step: 35553280, eval/episode_reward_survive: 991.383 +/- 0.000
step: 35553280, eval/episode_success: 0.000 +/- 0.000
step: 35553280, eval/episode_success_easy: 0.445 +/- 0.000
step: 35553280, eval/episode_success_any: 0.000 +/- 0.000
step: 35553280, eval/episode_success_hard: 0.000 +/- 0.000
step: 35553280, eval/episode_reward_dist: 0.000 +/- 0.000
step: 35553280, eval/episode_reward_near: 0.000 +/- 0.000
step: 35553280, training/actor_loss: 0.000 +/- 0.000
step: 35553280, training/critic_loss: 0.000 +/- 0.000
step: 35553280, training/sps: 397082.730 +/- 0.000
step: 35553280, training/entropy: 0.000 +/- 0.000
step: 35553280, training/alpha: 0.000 +/- 0.000
step: 35553280, training/alpha_loss: 0.000 +/- 0.000
step: 36569088, eval/episode_dist: 10000.163 +/- 0.000
step: 36569088, eval/episode_reward: 0.000 +/- 0.000
step: 36569088, eval/episode_reward_ctrl: -1206.609 +/- 0.000
step: 36569088, eval/episode_reward_survive: 1000.148 +/- 0.000
step: 36569088, eval/episode_success: 0.000 +/- 0.000
step: 36569088, eval/episode_success_easy: 0.000 +/- 0.000
step: 36569088, eval/episode_success_any: 0.000 +/- 0.000
step: 36569088, eval/episode_success_hard: 0.000 +/- 0.000
step: 36569088, eval/episode_reward_dist: 0.000 +/- 0.000
step: 36569088, eval/episode_reward_near: 0.000 +/- 0.000
step: 36569088, training/actor_loss: 0.000 +/- 0.000
step: 36569088, training/critic_loss: 0.000 +/- 0.000
step: 36569088, training/sps: 395105.760 +/- 0.000
step: 36569088, training/entropy: 0.000 +/- 0.000
step: 36569088, training/alpha: 0.000 +/- 0.000
step: 36569088, training/alpha_loss: 0.000 +/- 0.000
step: 37584896, eval/episode_dist: 9824.454 +/- 0.000
step: 37584896, eval/episode_reward: 0.000 +/- 0.000
step: 37584896, eval/episode_reward_ctrl: -1182.313 +/- 0.000
step: 37584896, eval/episode_reward_survive: 987.711 +/- 0.000
step: 37584896, eval/episode_success: 0.000 +/- 0.000
step: 37584896, eval/episode_success_easy: 0.320 +/- 0.000
step: 37584896, eval/episode_success_any: 0.000 +/- 0.000
step: 37584896, eval/episode_success_hard: 0.000 +/- 0.000
step: 37584896, eval/episode_reward_dist: 0.000 +/- 0.000
step: 37584896, eval/episode_reward_near: 0.000 +/- 0.000
step: 37584896, training/actor_loss: 0.000 +/- 0.000
step: 37584896, training/critic_loss: 0.000 +/- 0.000
step: 37584896, training/sps: 396022.085 +/- 0.000
step: 37584896, training/entropy: 0.000 +/- 0.000
step: 37584896, training/alpha: 0.000 +/- 0.000
step: 37584896, training/alpha_loss: 0.000 +/- 0.000
step: 38600704, eval/episode_dist: 9912.418 +/- 0.000
step: 38600704, eval/episode_reward: 0.000 +/- 0.000
step: 38600704, eval/episode_reward_ctrl: -1163.540 +/- 0.000
step: 38600704, eval/episode_reward_survive: 971.398 +/- 0.000
step: 38600704, eval/episode_success: 0.000 +/- 0.000
step: 38600704, eval/episode_success_easy: 3.328 +/- 0.000
step: 38600704, eval/episode_success_any: 0.000 +/- 0.000
step: 38600704, eval/episode_success_hard: 0.000 +/- 0.000
step: 38600704, eval/episode_reward_dist: 0.000 +/- 0.000
step: 38600704, eval/episode_reward_near: 0.000 +/- 0.000
step: 38600704, training/actor_loss: 0.000 +/- 0.000
step: 38600704, training/critic_loss: 0.000 +/- 0.000
step: 38600704, training/sps: 395258.938 +/- 0.000
step: 38600704, training/entropy: 0.000 +/- 0.000
step: 38600704, training/alpha: 0.000 +/- 0.000
step: 38600704, training/alpha_loss: 0.000 +/- 0.000
step: 39616512, eval/episode_dist: 9921.429 +/- 0.000
step: 39616512, eval/episode_reward: 0.000 +/- 0.000
step: 39616512, eval/episode_reward_ctrl: -1188.268 +/- 0.000
step: 39616512, eval/episode_reward_survive: 996.211 +/- 0.000
step: 39616512, eval/episode_success: 0.000 +/- 0.000
step: 39616512, eval/episode_success_easy: 0.000 +/- 0.000
step: 39616512, eval/episode_success_any: 0.000 +/- 0.000
step: 39616512, eval/episode_success_hard: 0.000 +/- 0.000
step: 39616512, eval/episode_reward_dist: 0.000 +/- 0.000
step: 39616512, eval/episode_reward_near: 0.000 +/- 0.000
step: 39616512, training/actor_loss: 0.000 +/- 0.000
step: 39616512, training/critic_loss: 0.000 +/- 0.000
step: 39616512, training/sps: 396808.398 +/- 0.000
step: 39616512, training/entropy: 0.000 +/- 0.000
step: 39616512, training/alpha: 0.000 +/- 0.000
step: 39616512, training/alpha_loss: 0.000 +/- 0.000
step: 40632320, eval/episode_dist: 9730.417 +/- 0.000
step: 40632320, eval/episode_reward: 0.000 +/- 0.000
step: 40632320, eval/episode_reward_ctrl: -1162.942 +/- 0.000
step: 40632320, eval/episode_reward_survive: 972.219 +/- 0.000
step: 40632320, eval/episode_success: 0.000 +/- 0.000
step: 40632320, eval/episode_success_easy: 0.000 +/- 0.000
step: 40632320, eval/episode_success_any: 0.000 +/- 0.000
step: 40632320, eval/episode_success_hard: 0.000 +/- 0.000
step: 40632320, eval/episode_reward_dist: 0.000 +/- 0.000
step: 40632320, eval/episode_reward_near: 0.000 +/- 0.000
step: 40632320, training/actor_loss: 0.000 +/- 0.000
step: 40632320, training/critic_loss: 0.000 +/- 0.000
step: 40632320, training/sps: 396726.261 +/- 0.000
step: 40632320, training/entropy: 0.000 +/- 0.000
step: 40632320, training/alpha: 0.000 +/- 0.000
step: 40632320, training/alpha_loss: 0.000 +/- 0.000
step: 41648128, eval/episode_dist: 10358.547 +/- 0.000
step: 41648128, eval/episode_reward: 0.000 +/- 0.000
step: 41648128, eval/episode_reward_ctrl: -1220.731 +/- 0.000
step: 41648128, eval/episode_reward_survive: 1011.664 +/- 0.000
step: 41648128, eval/episode_success: 0.000 +/- 0.000
step: 41648128, eval/episode_success_easy: 0.000 +/- 0.000
step: 41648128, eval/episode_success_any: 0.000 +/- 0.000
step: 41648128, eval/episode_success_hard: 0.000 +/- 0.000
step: 41648128, eval/episode_reward_dist: 0.000 +/- 0.000
step: 41648128, eval/episode_reward_near: 0.000 +/- 0.000
step: 41648128, training/actor_loss: 0.000 +/- 0.000
step: 41648128, training/critic_loss: 0.000 +/- 0.000
step: 41648128, training/sps: 396333.559 +/- 0.000
step: 41648128, training/entropy: 0.000 +/- 0.000
step: 41648128, training/alpha: 0.000 +/- 0.000
step: 41648128, training/alpha_loss: 0.000 +/- 0.000
step: 42663936, eval/episode_dist: 9910.111 +/- 0.000
step: 42663936, eval/episode_reward: 0.000 +/- 0.000
step: 42663936, eval/episode_reward_ctrl: -1188.348 +/- 0.000
step: 42663936, eval/episode_reward_survive: 986.539 +/- 0.000
step: 42663936, eval/episode_success: 0.000 +/- 0.000
step: 42663936, eval/episode_success_easy: 0.211 +/- 0.000
step: 42663936, eval/episode_success_any: 0.000 +/- 0.000
step: 42663936, eval/episode_success_hard: 0.000 +/- 0.000
step: 42663936, eval/episode_reward_dist: 0.000 +/- 0.000
step: 42663936, eval/episode_reward_near: 0.000 +/- 0.000
step: 42663936, training/actor_loss: 0.000 +/- 0.000
step: 42663936, training/critic_loss: 0.000 +/- 0.000
step: 42663936, training/sps: 396431.505 +/- 0.000
step: 42663936, training/entropy: 0.000 +/- 0.000
step: 42663936, training/alpha: 0.000 +/- 0.000
step: 42663936, training/alpha_loss: 0.000 +/- 0.000
step: 43679744, eval/episode_dist: 10017.971 +/- 0.000
step: 43679744, eval/episode_reward: 0.000 +/- 0.000
step: 43679744, eval/episode_reward_ctrl: -1191.506 +/- 0.000
step: 43679744, eval/episode_reward_survive: 1001.188 +/- 0.000
step: 43679744, eval/episode_success: 0.000 +/- 0.000
step: 43679744, eval/episode_success_easy: 2.070 +/- 0.000
step: 43679744, eval/episode_success_any: 0.000 +/- 0.000
step: 43679744, eval/episode_success_hard: 0.000 +/- 0.000
step: 43679744, eval/episode_reward_dist: 0.000 +/- 0.000
step: 43679744, eval/episode_reward_near: 0.000 +/- 0.000
step: 43679744, training/actor_loss: 0.000 +/- 0.000
step: 43679744, training/critic_loss: 0.000 +/- 0.000
step: 43679744, training/sps: 397176.678 +/- 0.000
step: 43679744, training/entropy: 0.000 +/- 0.000
step: 43679744, training/alpha: 0.000 +/- 0.000
step: 43679744, training/alpha_loss: 0.000 +/- 0.000
step: 44695552, eval/episode_dist: 9532.406 +/- 0.000
step: 44695552, eval/episode_reward: 0.000 +/- 0.000
step: 44695552, eval/episode_reward_ctrl: -1157.308 +/- 0.000
step: 44695552, eval/episode_reward_survive: 969.523 +/- 0.000
step: 44695552, eval/episode_success: 0.000 +/- 0.000
step: 44695552, eval/episode_success_easy: 0.555 +/- 0.000
step: 44695552, eval/episode_success_any: 0.000 +/- 0.000
step: 44695552, eval/episode_success_hard: 0.000 +/- 0.000
step: 44695552, eval/episode_reward_dist: 0.000 +/- 0.000
step: 44695552, eval/episode_reward_near: 0.000 +/- 0.000
step: 44695552, training/actor_loss: 0.000 +/- 0.000
step: 44695552, training/critic_loss: 0.000 +/- 0.000
step: 44695552, training/sps: 396605.500 +/- 0.000
step: 44695552, training/entropy: 0.000 +/- 0.000
step: 44695552, training/alpha: 0.000 +/- 0.000
step: 44695552, training/alpha_loss: 0.000 +/- 0.000
step: 45711360, eval/episode_dist: 10000.381 +/- 0.000
step: 45711360, eval/episode_reward: 0.000 +/- 0.000
step: 45711360, eval/episode_reward_ctrl: -1193.378 +/- 0.000
step: 45711360, eval/episode_reward_survive: 997.703 +/- 0.000
step: 45711360, eval/episode_success: 0.000 +/- 0.000
step: 45711360, eval/episode_success_easy: 0.719 +/- 0.000
step: 45711360, eval/episode_success_any: 0.000 +/- 0.000
step: 45711360, eval/episode_success_hard: 0.000 +/- 0.000
step: 45711360, eval/episode_reward_dist: 0.000 +/- 0.000
step: 45711360, eval/episode_reward_near: 0.000 +/- 0.000
step: 45711360, training/actor_loss: 0.000 +/- 0.000
step: 45711360, training/critic_loss: 0.000 +/- 0.000
step: 45711360, training/sps: 397196.561 +/- 0.000
step: 45711360, training/entropy: 0.000 +/- 0.000
step: 45711360, training/alpha: 0.000 +/- 0.000
step: 45711360, training/alpha_loss: 0.000 +/- 0.000
step: 46727168, eval/episode_dist: 9876.365 +/- 0.000
step: 46727168, eval/episode_reward: 0.000 +/- 0.000
step: 46727168, eval/episode_reward_ctrl: -1199.146 +/- 0.000
step: 46727168, eval/episode_reward_survive: 994.953 +/- 0.000
step: 46727168, eval/episode_success: 0.000 +/- 0.000
step: 46727168, eval/episode_success_easy: 1.102 +/- 0.000
step: 46727168, eval/episode_success_any: 0.000 +/- 0.000
step: 46727168, eval/episode_success_hard: 0.000 +/- 0.000
step: 46727168, eval/episode_reward_dist: 0.000 +/- 0.000
step: 46727168, eval/episode_reward_near: 0.000 +/- 0.000
step: 46727168, training/actor_loss: 0.000 +/- 0.000
step: 46727168, training/critic_loss: 0.000 +/- 0.000
step: 46727168, training/sps: 394775.251 +/- 0.000
step: 46727168, training/entropy: 0.000 +/- 0.000
step: 46727168, training/alpha: 0.000 +/- 0.000
step: 46727168, training/alpha_loss: 0.000 +/- 0.000
step: 47742976, eval/episode_dist: 9948.092 +/- 0.000
step: 47742976, eval/episode_reward: 0.000 +/- 0.000
step: 47742976, eval/episode_reward_ctrl: -1166.529 +/- 0.000
step: 47742976, eval/episode_reward_survive: 993.828 +/- 0.000
step: 47742976, eval/episode_success: 0.000 +/- 0.000
step: 47742976, eval/episode_success_easy: 3.062 +/- 0.000
step: 47742976, eval/episode_success_any: 0.000 +/- 0.000
step: 47742976, eval/episode_success_hard: 0.000 +/- 0.000
step: 47742976, eval/episode_reward_dist: 0.000 +/- 0.000
step: 47742976, eval/episode_reward_near: 0.000 +/- 0.000
step: 47742976, training/actor_loss: 0.000 +/- 0.000
step: 47742976, training/critic_loss: 0.000 +/- 0.000
step: 47742976, training/sps: 396123.154 +/- 0.000
step: 47742976, training/entropy: 0.000 +/- 0.000
step: 47742976, training/alpha: 0.000 +/- 0.000
step: 47742976, training/alpha_loss: 0.000 +/- 0.000
step: 48758784, eval/episode_dist: 9737.213 +/- 0.000
step: 48758784, eval/episode_reward: 0.469 +/- 0.000
step: 48758784, eval/episode_reward_ctrl: -1141.510 +/- 0.000
step: 48758784, eval/episode_reward_survive: 981.555 +/- 0.000
step: 48758784, eval/episode_success: 0.469 +/- 0.000
step: 48758784, eval/episode_success_easy: 1.484 +/- 0.000
step: 48758784, eval/episode_success_any: 0.008 +/- 0.000
step: 48758784, eval/episode_success_hard: 0.000 +/- 0.000
step: 48758784, eval/episode_reward_dist: 0.000 +/- 0.000
step: 48758784, eval/episode_reward_near: 0.000 +/- 0.000
step: 48758784, training/actor_loss: 0.000 +/- 0.000
step: 48758784, training/critic_loss: 0.000 +/- 0.000
step: 48758784, training/sps: 396338.463 +/- 0.000
step: 48758784, training/entropy: 0.000 +/- 0.000
step: 48758784, training/alpha: 0.000 +/- 0.000
step: 48758784, training/alpha_loss: 0.000 +/- 0.000
step: 49774592, eval/episode_dist: 9922.361 +/- 0.000
step: 49774592, eval/episode_reward: 0.000 +/- 0.000
step: 49774592, eval/episode_reward_ctrl: -1154.541 +/- 0.000
step: 49774592, eval/episode_reward_survive: 983.695 +/- 0.000
step: 49774592, eval/episode_success: 0.000 +/- 0.000
step: 49774592, eval/episode_success_easy: 0.000 +/- 0.000
step: 49774592, eval/episode_success_any: 0.000 +/- 0.000
step: 49774592, eval/episode_success_hard: 0.000 +/- 0.000
step: 49774592, eval/episode_reward_dist: 0.000 +/- 0.000
step: 49774592, eval/episode_reward_near: 0.000 +/- 0.000
step: 49774592, training/actor_loss: 0.000 +/- 0.000
step: 49774592, training/critic_loss: 0.000 +/- 0.000
step: 49774592, training/sps: 397980.338 +/- 0.000
step: 49774592, training/entropy: 0.000 +/- 0.000
step: 49774592, training/alpha: 0.000 +/- 0.000
step: 49774592, training/alpha_loss: 0.000 +/- 0.000

  _     ._   __/__   _ _  _  _ _/_   Recorded: 19:12:10  Samples:  2526
 /_//_/// /_\ / //_// / //_'/ //     Duration: 541.267   CPU time: 576.141
/   _/                      v4.6.2

Program: training_ppo.py --project_name test --group_name first_run --exp_name ant-ppo-numenvs1024-numtimesteps30000000-batchsize512-1-della-maxent-gaussianmlp- --num_evals 50 --seed 1 --num_timesteps 30000000 --batch_size 512 --num_envs 1024 --discounting 0.99 --action_repeat 1 --env_name ant --use_dense_reward --episode_length 1025 --unroll_length 62 --n_hidden 8 --min_replay_size 1000 --max_replay_size 10000 --log_wandb

541.248 <module>  training_ppo.py:1
└─ 541.248 main  training_ppo.py:14
   └─ 539.417 train  src/baselines/ppo.py:78
      ├─ 293.282 MetricsRecorder.progress  utils.py:309
      │  └─ 290.273 render  utils.py:328
      │     ├─ 114.731 render  brax/io/html.py:56
      │     │     [46 frames hidden]  brax, jax, <built-in>
      │     ├─ 101.114 cache_miss  jax/_src/pjit.py:246
      │     │     [53 frames hidden]  jax
      │     │        22.753 WrappedFun.call_wrapped  jax/_src/linear_util.py:178
      │     │        └─ 17.865 Ant.step  envs/ant.py:161
      │     │           └─ 17.865 DynamicJaxprTracer.pipeline_step  brax/envs/base.py:121
      │     │                 [11 frames hidden]  brax, jax
      │     ├─ 41.868 [self]  utils.py
      │     ├─ 18.302 ArrayImpl.__getitem__  jax/_src/array.py:309
      │     │     [4 frames hidden]  jax
      │     ├─ 6.259 clz_from_iterable  flax/struct.py:149
      │     │     [2 frames hidden]  flax
      │     └─ 6.100 split  jax/_src/random.py:283
      ├─ 141.704 training_epoch_with_timing  src/baselines/ppo.py:357
      │  ├─ 125.199 [self]  src/baselines/ppo.py
      │  └─ 16.505 cache_miss  jax/_src/api.py:1788
      │        [11 frames hidden]  jax
      └─ 98.105 CrlEvaluator.run_evaluation  src/evaluator.py:22
         ├─ 86.825 [self]  src/evaluator.py
         └─ 11.162 cache_miss  jax/_src/pjit.py:246
               [8 frames hidden]  jax


[1;34mwandb[0m: 
[1;34mwandb[0m: You can sync this run to the cloud by running:
[1;34mwandb[0m: [1mwandb sync /home/kw2960/JaxGCRL/wandb/offline-run-20250907_191210-g2nna5el[0m
[1;34mwandb[0m: Find logs at: [1;35mwandb/offline-run-20250907_191210-g2nna5el/logs[0m
