Arguments:
{
    "action_repeat": 1,
    "alpha_lr": 0.0003,
    "backend": null,
    "batch_size": 512,
    "contrastive_loss_fn": "symmetric_infonce",
    "critic_lr": 0.0003,
    "disable_entropy_actor": false,
    "discounting": 0.99,
    "discriminator_lr": 0.0003,
    "energy_fn": "l2",
    "entropy_alpha": 1e-06,
    "env_name": "ant",
    "episode_length": 1025,
    "eval_env": null,
    "exp_name": "ant-ppo-numenvs1024-numtimesteps30000000000-batchsize512-della-maxent-gaussianmlp-long_training",
    "generator_lr": 0.0003,
    "group_name": "first_run",
    "h_dim": 256,
    "l2_penalty": 0.0,
    "log_wandb": true,
    "logsumexp_penalty": 0.0,
    "max_replay_size": 10000,
    "min_replay_size": 1000,
    "n_hidden": 8,
    "no_resubs": false,
    "noise_dim": 4,
    "num_envs": 1024,
    "num_eval_envs": 256,
    "num_evals": 100,
    "num_timesteps": 30000000000,
    "policy_lr": 0.0003,
    "project_name": "test",
    "random_goals": 0.0,
    "repr_dim": 64,
    "saved_ckpt_path": null,
    "seed": 1,
    "train_step_multiplier": 1,
    "unroll_length": 62,
    "use_dense_reward": true,
    "use_generator_for_targets": false,
    "use_her": false,
    "use_ln": false,
    "var_post": "meanfield",
    "visualization_interval": 5
}
Num_minibatches 16
Updates per environment step: 0.0020161290322580645
step: 0, eval/episode_dist: 9697.017 +/- 0.000
step: 0, eval/episode_reward: 0.328 +/- 0.000
step: 0, eval/episode_reward_ctrl: -1142.998 +/- 0.000
step: 0, eval/episode_reward_survive: 958.141 +/- 0.000
step: 0, eval/episode_success: 0.328 +/- 0.000
step: 0, eval/episode_success_easy: 1.156 +/- 0.000
step: 0, eval/episode_success_any: 0.008 +/- 0.000
step: 0, eval/episode_success_hard: 0.000 +/- 0.000
step: 0, eval/episode_reward_dist: 0.000 +/- 0.000
step: 0, eval/episode_reward_near: 0.000 +/- 0.000
step: 0, training/actor_loss: 0.000 +/- 0.000
step: 0, training/critic_loss: 0.000 +/- 0.000
step: 0, training/sps: 0.000 +/- 0.000
step: 0, training/entropy: 0.000 +/- 0.000
step: 0, training/alpha: 0.000 +/- 0.000
step: 0, training/alpha_loss: 0.000 +/- 0.000
step: 303218688, eval/episode_dist: 10174.002 +/- 0.000
step: 303218688, eval/episode_reward: 0.562 +/- 0.000
step: 303218688, eval/episode_reward_ctrl: -1322.069 +/- 0.000
step: 303218688, eval/episode_reward_survive: 957.688 +/- 0.000
step: 303218688, eval/episode_success: 0.562 +/- 0.000
step: 303218688, eval/episode_success_easy: 3.625 +/- 0.000
step: 303218688, eval/episode_success_any: 0.023 +/- 0.000
step: 303218688, eval/episode_success_hard: 0.000 +/- 0.000
step: 303218688, eval/episode_reward_dist: 0.000 +/- 0.000
step: 303218688, eval/episode_reward_near: 0.000 +/- 0.000
step: 303218688, training/actor_loss: 0.000 +/- 0.000
step: 303218688, training/critic_loss: 0.000 +/- 0.000
step: 303218688, training/sps: 392100.247 +/- 0.000
step: 303218688, training/entropy: 0.000 +/- 0.000
step: 303218688, training/alpha: 0.000 +/- 0.000
step: 303218688, training/alpha_loss: 0.000 +/- 0.000
step: 606437376, eval/episode_dist: 8118.535 +/- 0.000
step: 606437376, eval/episode_reward: 0.484 +/- 0.000
step: 606437376, eval/episode_reward_ctrl: -1097.515 +/- 0.000
step: 606437376, eval/episode_reward_survive: 786.391 +/- 0.000
step: 606437376, eval/episode_success: 0.484 +/- 0.000
step: 606437376, eval/episode_success_easy: 8.648 +/- 0.000
step: 606437376, eval/episode_success_any: 0.023 +/- 0.000
step: 606437376, eval/episode_success_hard: 0.000 +/- 0.000
step: 606437376, eval/episode_reward_dist: 0.000 +/- 0.000
step: 606437376, eval/episode_reward_near: 0.000 +/- 0.000
step: 606437376, training/actor_loss: 0.000 +/- 0.000
step: 606437376, training/critic_loss: 0.000 +/- 0.000
step: 606437376, training/sps: 400422.219 +/- 0.000
step: 606437376, training/entropy: 0.000 +/- 0.000
step: 606437376, training/alpha: 0.000 +/- 0.000
step: 606437376, training/alpha_loss: 0.000 +/- 0.000
step: 909656064, eval/episode_dist: 7372.958 +/- 0.000
step: 909656064, eval/episode_reward: 0.734 +/- 0.000
step: 909656064, eval/episode_reward_ctrl: -1059.945 +/- 0.000
step: 909656064, eval/episode_reward_survive: 715.969 +/- 0.000
step: 909656064, eval/episode_success: 0.734 +/- 0.000
step: 909656064, eval/episode_success_easy: 10.719 +/- 0.000
step: 909656064, eval/episode_success_any: 0.031 +/- 0.000
step: 909656064, eval/episode_success_hard: 0.000 +/- 0.000
step: 909656064, eval/episode_reward_dist: 0.000 +/- 0.000
step: 909656064, eval/episode_reward_near: 0.000 +/- 0.000
step: 909656064, training/actor_loss: 0.000 +/- 0.000
step: 909656064, training/critic_loss: 0.000 +/- 0.000
step: 909656064, training/sps: 399235.276 +/- 0.000
step: 909656064, training/entropy: 0.000 +/- 0.000
step: 909656064, training/alpha: 0.000 +/- 0.000
step: 909656064, training/alpha_loss: 0.000 +/- 0.000
step: 1212874752, eval/episode_dist: 8916.235 +/- 0.000
step: 1212874752, eval/episode_reward: 0.961 +/- 0.000
step: 1212874752, eval/episode_reward_ctrl: -1193.834 +/- 0.000
step: 1212874752, eval/episode_reward_survive: 832.711 +/- 0.000
step: 1212874752, eval/episode_success: 0.961 +/- 0.000
step: 1212874752, eval/episode_success_easy: 6.930 +/- 0.000
step: 1212874752, eval/episode_success_any: 0.016 +/- 0.000
step: 1212874752, eval/episode_success_hard: 0.000 +/- 0.000
step: 1212874752, eval/episode_reward_dist: 0.000 +/- 0.000
step: 1212874752, eval/episode_reward_near: 0.000 +/- 0.000
step: 1212874752, training/actor_loss: 0.000 +/- 0.000
step: 1212874752, training/critic_loss: 0.000 +/- 0.000
step: 1212874752, training/sps: 399348.157 +/- 0.000
step: 1212874752, training/entropy: 0.000 +/- 0.000
step: 1212874752, training/alpha: 0.000 +/- 0.000
step: 1212874752, training/alpha_loss: 0.000 +/- 0.000
step: 1516093440, eval/episode_dist: 9165.411 +/- 0.000
step: 1516093440, eval/episode_reward: 0.281 +/- 0.000
step: 1516093440, eval/episode_reward_ctrl: -1251.391 +/- 0.000
step: 1516093440, eval/episode_reward_survive: 845.320 +/- 0.000
step: 1516093440, eval/episode_success: 0.281 +/- 0.000
step: 1516093440, eval/episode_success_easy: 4.812 +/- 0.000
step: 1516093440, eval/episode_success_any: 0.023 +/- 0.000
step: 1516093440, eval/episode_success_hard: 0.000 +/- 0.000
step: 1516093440, eval/episode_reward_dist: 0.000 +/- 0.000
step: 1516093440, eval/episode_reward_near: 0.000 +/- 0.000
step: 1516093440, training/actor_loss: 0.000 +/- 0.000
step: 1516093440, training/critic_loss: 0.000 +/- 0.000
step: 1516093440, training/sps: 399945.017 +/- 0.000
step: 1516093440, training/entropy: 0.000 +/- 0.000
step: 1516093440, training/alpha: 0.000 +/- 0.000
step: 1516093440, training/alpha_loss: 0.000 +/- 0.000
step: 1819312128, eval/episode_dist: 8808.657 +/- 0.000
step: 1819312128, eval/episode_reward: 1.906 +/- 0.000
step: 1819312128, eval/episode_reward_ctrl: -1324.115 +/- 0.000
step: 1819312128, eval/episode_reward_survive: 893.062 +/- 0.000
step: 1819312128, eval/episode_success: 1.906 +/- 0.000
step: 1819312128, eval/episode_success_easy: 43.375 +/- 0.000
step: 1819312128, eval/episode_success_any: 0.055 +/- 0.000
step: 1819312128, eval/episode_success_hard: 0.000 +/- 0.000
step: 1819312128, eval/episode_reward_dist: 0.000 +/- 0.000
step: 1819312128, eval/episode_reward_near: 0.000 +/- 0.000
step: 1819312128, training/actor_loss: 0.000 +/- 0.000
step: 1819312128, training/critic_loss: 0.000 +/- 0.000
step: 1819312128, training/sps: 400484.772 +/- 0.000
step: 1819312128, training/entropy: 0.000 +/- 0.000
step: 1819312128, training/alpha: 0.000 +/- 0.000
step: 1819312128, training/alpha_loss: 0.000 +/- 0.000
step: 2122530816, eval/episode_dist: 7901.862 +/- 0.000
step: 2122530816, eval/episode_reward: 5.875 +/- 0.000
step: 2122530816, eval/episode_reward_ctrl: -1319.206 +/- 0.000
step: 2122530816, eval/episode_reward_survive: 911.344 +/- 0.000
step: 2122530816, eval/episode_success: 5.875 +/- 0.000
step: 2122530816, eval/episode_success_easy: 72.383 +/- 0.000
step: 2122530816, eval/episode_success_any: 0.109 +/- 0.000
step: 2122530816, eval/episode_success_hard: 0.000 +/- 0.000
step: 2122530816, eval/episode_reward_dist: 0.000 +/- 0.000
step: 2122530816, eval/episode_reward_near: 0.000 +/- 0.000
step: 2122530816, training/actor_loss: 0.000 +/- 0.000
step: 2122530816, training/critic_loss: 0.000 +/- 0.000
step: 2122530816, training/sps: 398797.496 +/- 0.000
step: 2122530816, training/entropy: 0.000 +/- 0.000
step: 2122530816, training/alpha: 0.000 +/- 0.000
step: 2122530816, training/alpha_loss: 0.000 +/- 0.000
step: -1869217792, eval/episode_dist: 8062.407 +/- 0.000
step: -1869217792, eval/episode_reward: 0.055 +/- 0.000
step: -1869217792, eval/episode_reward_ctrl: -1376.545 +/- 0.000
step: -1869217792, eval/episode_reward_survive: 792.289 +/- 0.000
step: -1869217792, eval/episode_success: 0.055 +/- 0.000
step: -1869217792, eval/episode_success_easy: 4.859 +/- 0.000
step: -1869217792, eval/episode_success_any: 0.008 +/- 0.000
step: -1869217792, eval/episode_success_hard: 0.000 +/- 0.000
step: -1869217792, eval/episode_reward_dist: 0.000 +/- 0.000
step: -1869217792, eval/episode_reward_near: 0.000 +/- 0.000
step: -1869217792, training/actor_loss: 0.000 +/- 0.000
step: -1869217792, training/critic_loss: 0.000 +/- 0.000
step: -1869217792, training/sps: 398355.962 +/- 0.000
step: -1869217792, training/entropy: 0.000 +/- 0.000
step: -1869217792, training/alpha: 0.000 +/- 0.000
step: -1869217792, training/alpha_loss: 0.000 +/- 0.000
step: -1565999104, eval/episode_dist: 7287.686 +/- 0.000
step: -1565999104, eval/episode_reward: 0.570 +/- 0.000
step: -1565999104, eval/episode_reward_ctrl: -1216.987 +/- 0.000
step: -1565999104, eval/episode_reward_survive: 779.797 +/- 0.000
step: -1565999104, eval/episode_success: 0.570 +/- 0.000
step: -1565999104, eval/episode_success_easy: 27.906 +/- 0.000
step: -1565999104, eval/episode_success_any: 0.016 +/- 0.000
step: -1565999104, eval/episode_success_hard: 0.000 +/- 0.000
step: -1565999104, eval/episode_reward_dist: 0.000 +/- 0.000
step: -1565999104, eval/episode_reward_near: 0.000 +/- 0.000
step: -1565999104, training/actor_loss: 0.000 +/- 0.000
step: -1565999104, training/critic_loss: 0.000 +/- 0.000
step: -1565999104, training/sps: 399157.330 +/- 0.000
step: -1565999104, training/entropy: 0.000 +/- 0.000
step: -1565999104, training/alpha: 0.000 +/- 0.000
step: -1565999104, training/alpha_loss: 0.000 +/- 0.000
step: -1262780416, eval/episode_dist: 6638.360 +/- 0.000
step: -1262780416, eval/episode_reward: 0.586 +/- 0.000
step: -1262780416, eval/episode_reward_ctrl: -1132.625 +/- 0.000
step: -1262780416, eval/episode_reward_survive: 690.742 +/- 0.000
step: -1262780416, eval/episode_success: 0.586 +/- 0.000
step: -1262780416, eval/episode_success_easy: 28.844 +/- 0.000
step: -1262780416, eval/episode_success_any: 0.031 +/- 0.000
step: -1262780416, eval/episode_success_hard: 0.000 +/- 0.000
step: -1262780416, eval/episode_reward_dist: 0.000 +/- 0.000
step: -1262780416, eval/episode_reward_near: 0.000 +/- 0.000
step: -1262780416, training/actor_loss: 0.000 +/- 0.000
step: -1262780416, training/critic_loss: 0.000 +/- 0.000
step: -1262780416, training/sps: 398941.167 +/- 0.000
step: -1262780416, training/entropy: 0.000 +/- 0.000
step: -1262780416, training/alpha: 0.000 +/- 0.000
step: -1262780416, training/alpha_loss: 0.000 +/- 0.000
step: -959561728, eval/episode_dist: 5554.391 +/- 0.000
step: -959561728, eval/episode_reward: 2.234 +/- 0.000
step: -959561728, eval/episode_reward_ctrl: -1031.682 +/- 0.000
step: -959561728, eval/episode_reward_survive: 583.953 +/- 0.000
step: -959561728, eval/episode_success: 2.234 +/- 0.000
step: -959561728, eval/episode_success_easy: 10.695 +/- 0.000
step: -959561728, eval/episode_success_any: 0.008 +/- 0.000
step: -959561728, eval/episode_success_hard: 0.000 +/- 0.000
step: -959561728, eval/episode_reward_dist: 0.000 +/- 0.000
step: -959561728, eval/episode_reward_near: 0.000 +/- 0.000
step: -959561728, training/actor_loss: 0.000 +/- 0.000
step: -959561728, training/critic_loss: 0.000 +/- 0.000
step: -959561728, training/sps: 399130.867 +/- 0.000
step: -959561728, training/entropy: 0.000 +/- 0.000
step: -959561728, training/alpha: 0.000 +/- 0.000
step: -959561728, training/alpha_loss: 0.000 +/- 0.000
step: -656343040, eval/episode_dist: 5892.266 +/- 0.000
step: -656343040, eval/episode_reward: 5.875 +/- 0.000
step: -656343040, eval/episode_reward_ctrl: -1141.857 +/- 0.000
step: -656343040, eval/episode_reward_survive: 635.414 +/- 0.000
step: -656343040, eval/episode_success: 5.875 +/- 0.000
step: -656343040, eval/episode_success_easy: 43.180 +/- 0.000
step: -656343040, eval/episode_success_any: 0.031 +/- 0.000
step: -656343040, eval/episode_success_hard: 0.000 +/- 0.000
step: -656343040, eval/episode_reward_dist: 0.000 +/- 0.000
step: -656343040, eval/episode_reward_near: 0.000 +/- 0.000
step: -656343040, training/actor_loss: 0.000 +/- 0.000
step: -656343040, training/critic_loss: 0.000 +/- 0.000
step: -656343040, training/sps: 398268.874 +/- 0.000
step: -656343040, training/entropy: 0.000 +/- 0.000
step: -656343040, training/alpha: 0.000 +/- 0.000
step: -656343040, training/alpha_loss: 0.000 +/- 0.000
step: -353124352, eval/episode_dist: 5112.736 +/- 0.000
step: -353124352, eval/episode_reward: 16.195 +/- 0.000
step: -353124352, eval/episode_reward_ctrl: -932.442 +/- 0.000
step: -353124352, eval/episode_reward_survive: 546.172 +/- 0.000
step: -353124352, eval/episode_success: 16.195 +/- 0.000
step: -353124352, eval/episode_success_easy: 45.305 +/- 0.000
step: -353124352, eval/episode_success_any: 0.047 +/- 0.000
step: -353124352, eval/episode_success_hard: 0.000 +/- 0.000
step: -353124352, eval/episode_reward_dist: 0.000 +/- 0.000
step: -353124352, eval/episode_reward_near: 0.000 +/- 0.000
step: -353124352, training/actor_loss: 0.000 +/- 0.000
step: -353124352, training/critic_loss: 0.000 +/- 0.000
step: -353124352, training/sps: 399139.552 +/- 0.000
step: -353124352, training/entropy: 0.000 +/- 0.000
step: -353124352, training/alpha: 0.000 +/- 0.000
step: -353124352, training/alpha_loss: 0.000 +/- 0.000
step: -49905664, eval/episode_dist: 4803.721 +/- 0.000
step: -49905664, eval/episode_reward: 4.164 +/- 0.000
step: -49905664, eval/episode_reward_ctrl: -813.928 +/- 0.000
step: -49905664, eval/episode_reward_survive: 487.930 +/- 0.000
step: -49905664, eval/episode_success: 4.164 +/- 0.000
step: -49905664, eval/episode_success_easy: 28.352 +/- 0.000
step: -49905664, eval/episode_success_any: 0.062 +/- 0.000
step: -49905664, eval/episode_success_hard: 0.000 +/- 0.000
step: -49905664, eval/episode_reward_dist: 0.000 +/- 0.000
step: -49905664, eval/episode_reward_near: 0.000 +/- 0.000
step: -49905664, training/actor_loss: 0.000 +/- 0.000
step: -49905664, training/critic_loss: 0.000 +/- 0.000
step: -49905664, training/sps: 399727.191 +/- 0.000
step: -49905664, training/entropy: 0.000 +/- 0.000
step: -49905664, training/alpha: 0.000 +/- 0.000
step: -49905664, training/alpha_loss: 0.000 +/- 0.000
step: 253313024, eval/episode_dist: 4664.527 +/- 0.000
step: 253313024, eval/episode_reward: 26.227 +/- 0.000
step: 253313024, eval/episode_reward_ctrl: -911.407 +/- 0.000
step: 253313024, eval/episode_reward_survive: 566.086 +/- 0.000
step: 253313024, eval/episode_success: 26.227 +/- 0.000
step: 253313024, eval/episode_success_easy: 65.180 +/- 0.000
step: 253313024, eval/episode_success_any: 0.070 +/- 0.000
step: 253313024, eval/episode_success_hard: 0.000 +/- 0.000
step: 253313024, eval/episode_reward_dist: 0.000 +/- 0.000
step: 253313024, eval/episode_reward_near: 0.000 +/- 0.000
step: 253313024, training/actor_loss: 0.000 +/- 0.000
step: 253313024, training/critic_loss: 0.000 +/- 0.000
step: 253313024, training/sps: 398299.570 +/- 0.000
step: 253313024, training/entropy: 0.000 +/- 0.000
step: 253313024, training/alpha: 0.000 +/- 0.000
step: 253313024, training/alpha_loss: 0.000 +/- 0.000
step: 556531712, eval/episode_dist: 5584.754 +/- 0.000
step: 556531712, eval/episode_reward: 0.133 +/- 0.000
step: 556531712, eval/episode_reward_ctrl: -902.484 +/- 0.000
step: 556531712, eval/episode_reward_survive: 550.531 +/- 0.000
step: 556531712, eval/episode_success: 0.133 +/- 0.000
step: 556531712, eval/episode_success_easy: 13.328 +/- 0.000
step: 556531712, eval/episode_success_any: 0.008 +/- 0.000
step: 556531712, eval/episode_success_hard: 0.000 +/- 0.000
step: 556531712, eval/episode_reward_dist: 0.000 +/- 0.000
step: 556531712, eval/episode_reward_near: 0.000 +/- 0.000
step: 556531712, training/actor_loss: 0.000 +/- 0.000
step: 556531712, training/critic_loss: 0.000 +/- 0.000
step: 556531712, training/sps: 398374.536 +/- 0.000
step: 556531712, training/entropy: 0.000 +/- 0.000
step: 556531712, training/alpha: 0.000 +/- 0.000
step: 556531712, training/alpha_loss: 0.000 +/- 0.000
step: 859750400, eval/episode_dist: 5553.700 +/- 0.000
step: 859750400, eval/episode_reward: 17.914 +/- 0.000
step: 859750400, eval/episode_reward_ctrl: -1015.136 +/- 0.000
step: 859750400, eval/episode_reward_survive: 599.719 +/- 0.000
step: 859750400, eval/episode_success: 17.914 +/- 0.000
step: 859750400, eval/episode_success_easy: 49.891 +/- 0.000
step: 859750400, eval/episode_success_any: 0.031 +/- 0.000
step: 859750400, eval/episode_success_hard: 0.000 +/- 0.000
step: 859750400, eval/episode_reward_dist: 0.000 +/- 0.000
step: 859750400, eval/episode_reward_near: 0.000 +/- 0.000
step: 859750400, training/actor_loss: 0.000 +/- 0.000
step: 859750400, training/critic_loss: 0.000 +/- 0.000
step: 859750400, training/sps: 399875.979 +/- 0.000
step: 859750400, training/entropy: 0.000 +/- 0.000
step: 859750400, training/alpha: 0.000 +/- 0.000
step: 859750400, training/alpha_loss: 0.000 +/- 0.000
step: 1162969088, eval/episode_dist: 6615.003 +/- 0.000
step: 1162969088, eval/episode_reward: 15.258 +/- 0.000
step: 1162969088, eval/episode_reward_ctrl: -1038.854 +/- 0.000
step: 1162969088, eval/episode_reward_survive: 670.516 +/- 0.000
step: 1162969088, eval/episode_success: 15.258 +/- 0.000
step: 1162969088, eval/episode_success_easy: 35.438 +/- 0.000
step: 1162969088, eval/episode_success_any: 0.039 +/- 0.000
step: 1162969088, eval/episode_success_hard: 0.000 +/- 0.000
step: 1162969088, eval/episode_reward_dist: 0.000 +/- 0.000
step: 1162969088, eval/episode_reward_near: 0.000 +/- 0.000
step: 1162969088, training/actor_loss: 0.000 +/- 0.000
step: 1162969088, training/critic_loss: 0.000 +/- 0.000
step: 1162969088, training/sps: 398308.828 +/- 0.000
step: 1162969088, training/entropy: 0.000 +/- 0.000
step: 1162969088, training/alpha: 0.000 +/- 0.000
step: 1162969088, training/alpha_loss: 0.000 +/- 0.000
step: 1466187776, eval/episode_dist: 6179.715 +/- 0.000
step: 1466187776, eval/episode_reward: 1.305 +/- 0.000
step: 1466187776, eval/episode_reward_ctrl: -1011.468 +/- 0.000
step: 1466187776, eval/episode_reward_survive: 678.820 +/- 0.000
step: 1466187776, eval/episode_success: 1.305 +/- 0.000
step: 1466187776, eval/episode_success_easy: 41.633 +/- 0.000
step: 1466187776, eval/episode_success_any: 0.039 +/- 0.000
step: 1466187776, eval/episode_success_hard: 0.000 +/- 0.000
step: 1466187776, eval/episode_reward_dist: 0.000 +/- 0.000
step: 1466187776, eval/episode_reward_near: 0.000 +/- 0.000
step: 1466187776, training/actor_loss: 0.000 +/- 0.000
step: 1466187776, training/critic_loss: 0.000 +/- 0.000
step: 1466187776, training/sps: 399793.412 +/- 0.000
step: 1466187776, training/entropy: 0.000 +/- 0.000
step: 1466187776, training/alpha: 0.000 +/- 0.000
step: 1466187776, training/alpha_loss: 0.000 +/- 0.000
step: 1769406464, eval/episode_dist: 6006.032 +/- 0.000
step: 1769406464, eval/episode_reward: 0.383 +/- 0.000
step: 1769406464, eval/episode_reward_ctrl: -895.426 +/- 0.000
step: 1769406464, eval/episode_reward_survive: 614.445 +/- 0.000
step: 1769406464, eval/episode_success: 0.383 +/- 0.000
step: 1769406464, eval/episode_success_easy: 22.633 +/- 0.000
step: 1769406464, eval/episode_success_any: 0.008 +/- 0.000
step: 1769406464, eval/episode_success_hard: 0.000 +/- 0.000
step: 1769406464, eval/episode_reward_dist: 0.000 +/- 0.000
step: 1769406464, eval/episode_reward_near: 0.000 +/- 0.000
step: 1769406464, training/actor_loss: 0.000 +/- 0.000
step: 1769406464, training/critic_loss: 0.000 +/- 0.000
step: 1769406464, training/sps: 398314.739 +/- 0.000
step: 1769406464, training/entropy: 0.000 +/- 0.000
step: 1769406464, training/alpha: 0.000 +/- 0.000
step: 1769406464, training/alpha_loss: 0.000 +/- 0.000
step: 2072625152, eval/episode_dist: 6615.816 +/- 0.000
step: 2072625152, eval/episode_reward: 0.320 +/- 0.000
step: 2072625152, eval/episode_reward_ctrl: -990.736 +/- 0.000
step: 2072625152, eval/episode_reward_survive: 656.031 +/- 0.000
step: 2072625152, eval/episode_success: 0.320 +/- 0.000
step: 2072625152, eval/episode_success_easy: 8.812 +/- 0.000
step: 2072625152, eval/episode_success_any: 0.023 +/- 0.000
step: 2072625152, eval/episode_success_hard: 0.000 +/- 0.000
step: 2072625152, eval/episode_reward_dist: 0.000 +/- 0.000
step: 2072625152, eval/episode_reward_near: 0.000 +/- 0.000
step: 2072625152, training/actor_loss: 0.000 +/- 0.000
step: 2072625152, training/critic_loss: 0.000 +/- 0.000
step: 2072625152, training/sps: 400245.396 +/- 0.000
step: 2072625152, training/entropy: 0.000 +/- 0.000
step: 2072625152, training/alpha: 0.000 +/- 0.000
step: 2072625152, training/alpha_loss: 0.000 +/- 0.000
step: -1919123456, eval/episode_dist: 6766.951 +/- 0.000
step: -1919123456, eval/episode_reward: 15.969 +/- 0.000
step: -1919123456, eval/episode_reward_ctrl: -1075.654 +/- 0.000
step: -1919123456, eval/episode_reward_survive: 730.445 +/- 0.000
step: -1919123456, eval/episode_success: 15.969 +/- 0.000
step: -1919123456, eval/episode_success_easy: 37.469 +/- 0.000
step: -1919123456, eval/episode_success_any: 0.023 +/- 0.000
step: -1919123456, eval/episode_success_hard: 0.000 +/- 0.000
step: -1919123456, eval/episode_reward_dist: 0.000 +/- 0.000
step: -1919123456, eval/episode_reward_near: 0.000 +/- 0.000
step: -1919123456, training/actor_loss: 0.000 +/- 0.000
step: -1919123456, training/critic_loss: 0.000 +/- 0.000
step: -1919123456, training/sps: 398797.839 +/- 0.000
step: -1919123456, training/entropy: 0.000 +/- 0.000
step: -1919123456, training/alpha: 0.000 +/- 0.000
step: -1919123456, training/alpha_loss: 0.000 +/- 0.000
step: -1615904768, eval/episode_dist: 5727.957 +/- 0.000
step: -1615904768, eval/episode_reward: 31.797 +/- 0.000
step: -1615904768, eval/episode_reward_ctrl: -1084.917 +/- 0.000
step: -1615904768, eval/episode_reward_survive: 689.602 +/- 0.000
step: -1615904768, eval/episode_success: 31.797 +/- 0.000
step: -1615904768, eval/episode_success_easy: 102.125 +/- 0.000
step: -1615904768, eval/episode_success_any: 0.078 +/- 0.000
step: -1615904768, eval/episode_success_hard: 0.000 +/- 0.000
step: -1615904768, eval/episode_reward_dist: 0.000 +/- 0.000
step: -1615904768, eval/episode_reward_near: 0.000 +/- 0.000
step: -1615904768, training/actor_loss: 0.000 +/- 0.000
step: -1615904768, training/critic_loss: 0.000 +/- 0.000
step: -1615904768, training/sps: 398174.158 +/- 0.000
step: -1615904768, training/entropy: 0.000 +/- 0.000
step: -1615904768, training/alpha: 0.000 +/- 0.000
step: -1615904768, training/alpha_loss: 0.000 +/- 0.000
step: -1312686080, eval/episode_dist: 5331.365 +/- 0.000
step: -1312686080, eval/episode_reward: 53.891 +/- 0.000
step: -1312686080, eval/episode_reward_ctrl: -1069.935 +/- 0.000
step: -1312686080, eval/episode_reward_survive: 677.930 +/- 0.000
step: -1312686080, eval/episode_success: 53.891 +/- 0.000
step: -1312686080, eval/episode_success_easy: 107.648 +/- 0.000
step: -1312686080, eval/episode_success_any: 0.086 +/- 0.000
step: -1312686080, eval/episode_success_hard: 0.000 +/- 0.000
step: -1312686080, eval/episode_reward_dist: 0.000 +/- 0.000
step: -1312686080, eval/episode_reward_near: 0.000 +/- 0.000
step: -1312686080, training/actor_loss: 0.000 +/- 0.000
step: -1312686080, training/critic_loss: 0.000 +/- 0.000
step: -1312686080, training/sps: 398749.477 +/- 0.000
step: -1312686080, training/entropy: 0.000 +/- 0.000
step: -1312686080, training/alpha: 0.000 +/- 0.000
step: -1312686080, training/alpha_loss: 0.000 +/- 0.000
step: -1009467392, eval/episode_dist: 5499.330 +/- 0.000
step: -1009467392, eval/episode_reward: 30.383 +/- 0.000
step: -1009467392, eval/episode_reward_ctrl: -1108.106 +/- 0.000
step: -1009467392, eval/episode_reward_survive: 709.281 +/- 0.000
step: -1009467392, eval/episode_success: 30.383 +/- 0.000
step: -1009467392, eval/episode_success_easy: 125.547 +/- 0.000
step: -1009467392, eval/episode_success_any: 0.062 +/- 0.000
step: -1009467392, eval/episode_success_hard: 0.000 +/- 0.000
step: -1009467392, eval/episode_reward_dist: 0.000 +/- 0.000
step: -1009467392, eval/episode_reward_near: 0.000 +/- 0.000
step: -1009467392, training/actor_loss: 0.000 +/- 0.000
step: -1009467392, training/critic_loss: 0.000 +/- 0.000
step: -1009467392, training/sps: 400080.100 +/- 0.000
step: -1009467392, training/entropy: 0.000 +/- 0.000
step: -1009467392, training/alpha: 0.000 +/- 0.000
step: -1009467392, training/alpha_loss: 0.000 +/- 0.000
step: -706248704, eval/episode_dist: 6380.218 +/- 0.000
step: -706248704, eval/episode_reward: 12.922 +/- 0.000
step: -706248704, eval/episode_reward_ctrl: -1137.624 +/- 0.000
step: -706248704, eval/episode_reward_survive: 740.070 +/- 0.000
step: -706248704, eval/episode_success: 12.922 +/- 0.000
step: -706248704, eval/episode_success_easy: 66.688 +/- 0.000
step: -706248704, eval/episode_success_any: 0.039 +/- 0.000
step: -706248704, eval/episode_success_hard: 0.000 +/- 0.000
step: -706248704, eval/episode_reward_dist: 0.000 +/- 0.000
step: -706248704, eval/episode_reward_near: 0.000 +/- 0.000
step: -706248704, training/actor_loss: 0.000 +/- 0.000
step: -706248704, training/critic_loss: 0.000 +/- 0.000
step: -706248704, training/sps: 398933.018 +/- 0.000
step: -706248704, training/entropy: 0.000 +/- 0.000
step: -706248704, training/alpha: 0.000 +/- 0.000
step: -706248704, training/alpha_loss: 0.000 +/- 0.000
step: -403030016, eval/episode_dist: 5275.291 +/- 0.000
step: -403030016, eval/episode_reward: 31.227 +/- 0.000
step: -403030016, eval/episode_reward_ctrl: -1127.896 +/- 0.000
step: -403030016, eval/episode_reward_survive: 696.680 +/- 0.000
step: -403030016, eval/episode_success: 31.227 +/- 0.000
step: -403030016, eval/episode_success_easy: 121.898 +/- 0.000
step: -403030016, eval/episode_success_any: 0.062 +/- 0.000
step: -403030016, eval/episode_success_hard: 0.000 +/- 0.000
step: -403030016, eval/episode_reward_dist: 0.000 +/- 0.000
step: -403030016, eval/episode_reward_near: 0.000 +/- 0.000
step: -403030016, training/actor_loss: 0.000 +/- 0.000
step: -403030016, training/critic_loss: 0.000 +/- 0.000
step: -403030016, training/sps: 400021.182 +/- 0.000
step: -403030016, training/entropy: 0.000 +/- 0.000
step: -403030016, training/alpha: 0.000 +/- 0.000
step: -403030016, training/alpha_loss: 0.000 +/- 0.000
step: -99811328, eval/episode_dist: 5155.028 +/- 0.000
step: -99811328, eval/episode_reward: 17.711 +/- 0.000
step: -99811328, eval/episode_reward_ctrl: -1001.298 +/- 0.000
step: -99811328, eval/episode_reward_survive: 670.000 +/- 0.000
step: -99811328, eval/episode_success: 17.711 +/- 0.000
step: -99811328, eval/episode_success_easy: 110.945 +/- 0.000
step: -99811328, eval/episode_success_any: 0.031 +/- 0.000
step: -99811328, eval/episode_success_hard: 0.000 +/- 0.000
step: -99811328, eval/episode_reward_dist: 0.000 +/- 0.000
step: -99811328, eval/episode_reward_near: 0.000 +/- 0.000
step: -99811328, training/actor_loss: 0.000 +/- 0.000
step: -99811328, training/critic_loss: 0.000 +/- 0.000
step: -99811328, training/sps: 398802.219 +/- 0.000
step: -99811328, training/entropy: 0.000 +/- 0.000
step: -99811328, training/alpha: 0.000 +/- 0.000
step: -99811328, training/alpha_loss: 0.000 +/- 0.000
step: 203407360, eval/episode_dist: 5726.086 +/- 0.000
step: 203407360, eval/episode_reward: 37.211 +/- 0.000
step: 203407360, eval/episode_reward_ctrl: -1138.525 +/- 0.000
step: 203407360, eval/episode_reward_survive: 746.430 +/- 0.000
step: 203407360, eval/episode_success: 37.211 +/- 0.000
step: 203407360, eval/episode_success_easy: 102.602 +/- 0.000
step: 203407360, eval/episode_success_any: 0.070 +/- 0.000
step: 203407360, eval/episode_success_hard: 0.000 +/- 0.000
step: 203407360, eval/episode_reward_dist: 0.000 +/- 0.000
step: 203407360, eval/episode_reward_near: 0.000 +/- 0.000
step: 203407360, training/actor_loss: 0.000 +/- 0.000
step: 203407360, training/critic_loss: 0.000 +/- 0.000
step: 203407360, training/sps: 400334.184 +/- 0.000
step: 203407360, training/entropy: 0.000 +/- 0.000
step: 203407360, training/alpha: 0.000 +/- 0.000
step: 203407360, training/alpha_loss: 0.000 +/- 0.000
step: 506626048, eval/episode_dist: 5371.548 +/- 0.000
step: 506626048, eval/episode_reward: 37.805 +/- 0.000
step: 506626048, eval/episode_reward_ctrl: -1035.527 +/- 0.000
step: 506626048, eval/episode_reward_survive: 665.078 +/- 0.000
step: 506626048, eval/episode_success: 37.805 +/- 0.000
step: 506626048, eval/episode_success_easy: 89.609 +/- 0.000
step: 506626048, eval/episode_success_any: 0.078 +/- 0.000
step: 506626048, eval/episode_success_hard: 0.000 +/- 0.000
step: 506626048, eval/episode_reward_dist: 0.000 +/- 0.000
step: 506626048, eval/episode_reward_near: 0.000 +/- 0.000
step: 506626048, training/actor_loss: 0.000 +/- 0.000
step: 506626048, training/critic_loss: 0.000 +/- 0.000
step: 506626048, training/sps: 398819.173 +/- 0.000
step: 506626048, training/entropy: 0.000 +/- 0.000
step: 506626048, training/alpha: 0.000 +/- 0.000
step: 506626048, training/alpha_loss: 0.000 +/- 0.000
step: 809844736, eval/episode_dist: 5730.448 +/- 0.000
step: 809844736, eval/episode_reward: 42.195 +/- 0.000
step: 809844736, eval/episode_reward_ctrl: -1084.384 +/- 0.000
step: 809844736, eval/episode_reward_survive: 710.695 +/- 0.000
step: 809844736, eval/episode_success: 42.195 +/- 0.000
step: 809844736, eval/episode_success_easy: 78.469 +/- 0.000
step: 809844736, eval/episode_success_any: 0.070 +/- 0.000
step: 809844736, eval/episode_success_hard: 0.000 +/- 0.000
step: 809844736, eval/episode_reward_dist: 0.000 +/- 0.000
step: 809844736, eval/episode_reward_near: 0.000 +/- 0.000
step: 809844736, training/actor_loss: 0.000 +/- 0.000
step: 809844736, training/critic_loss: 0.000 +/- 0.000
step: 809844736, training/sps: 400027.080 +/- 0.000
step: 809844736, training/entropy: 0.000 +/- 0.000
step: 809844736, training/alpha: 0.000 +/- 0.000
step: 809844736, training/alpha_loss: 0.000 +/- 0.000
step: 1113063424, eval/episode_dist: 6414.694 +/- 0.000
step: 1113063424, eval/episode_reward: 57.633 +/- 0.000
step: 1113063424, eval/episode_reward_ctrl: -1143.975 +/- 0.000
step: 1113063424, eval/episode_reward_survive: 801.438 +/- 0.000
step: 1113063424, eval/episode_success: 57.633 +/- 0.000
step: 1113063424, eval/episode_success_easy: 122.969 +/- 0.000
step: 1113063424, eval/episode_success_any: 0.109 +/- 0.000
step: 1113063424, eval/episode_success_hard: 0.000 +/- 0.000
step: 1113063424, eval/episode_reward_dist: 0.000 +/- 0.000
step: 1113063424, eval/episode_reward_near: 0.000 +/- 0.000
step: 1113063424, training/actor_loss: 0.000 +/- 0.000
step: 1113063424, training/critic_loss: 0.000 +/- 0.000
step: 1113063424, training/sps: 398454.548 +/- 0.000
step: 1113063424, training/entropy: 0.000 +/- 0.000
step: 1113063424, training/alpha: 0.000 +/- 0.000
step: 1113063424, training/alpha_loss: 0.000 +/- 0.000
step: 1416282112, eval/episode_dist: 5750.200 +/- 0.000
step: 1416282112, eval/episode_reward: 49.055 +/- 0.000
step: 1416282112, eval/episode_reward_ctrl: -1046.937 +/- 0.000
step: 1416282112, eval/episode_reward_survive: 760.477 +/- 0.000
step: 1416282112, eval/episode_success: 49.055 +/- 0.000
step: 1416282112, eval/episode_success_easy: 101.812 +/- 0.000
step: 1416282112, eval/episode_success_any: 0.086 +/- 0.000
step: 1416282112, eval/episode_success_hard: 0.000 +/- 0.000
step: 1416282112, eval/episode_reward_dist: 0.000 +/- 0.000
step: 1416282112, eval/episode_reward_near: 0.000 +/- 0.000
step: 1416282112, training/actor_loss: 0.000 +/- 0.000
step: 1416282112, training/critic_loss: 0.000 +/- 0.000
step: 1416282112, training/sps: 399840.224 +/- 0.000
step: 1416282112, training/entropy: 0.000 +/- 0.000
step: 1416282112, training/alpha: 0.000 +/- 0.000
step: 1416282112, training/alpha_loss: 0.000 +/- 0.000
step: 1719500800, eval/episode_dist: 6034.117 +/- 0.000
step: 1719500800, eval/episode_reward: 90.273 +/- 0.000
step: 1719500800, eval/episode_reward_ctrl: -1278.450 +/- 0.000
step: 1719500800, eval/episode_reward_survive: 840.234 +/- 0.000
step: 1719500800, eval/episode_success: 90.273 +/- 0.000
step: 1719500800, eval/episode_success_easy: 161.734 +/- 0.000
step: 1719500800, eval/episode_success_any: 0.133 +/- 0.000
step: 1719500800, eval/episode_success_hard: 0.000 +/- 0.000
step: 1719500800, eval/episode_reward_dist: 0.000 +/- 0.000
step: 1719500800, eval/episode_reward_near: 0.000 +/- 0.000
step: 1719500800, training/actor_loss: 0.000 +/- 0.000
step: 1719500800, training/critic_loss: 0.000 +/- 0.000
step: 1719500800, training/sps: 398602.376 +/- 0.000
step: 1719500800, training/entropy: 0.000 +/- 0.000
step: 1719500800, training/alpha: 0.000 +/- 0.000
step: 1719500800, training/alpha_loss: 0.000 +/- 0.000
step: 2022719488, eval/episode_dist: 6030.189 +/- 0.000
step: 2022719488, eval/episode_reward: 64.703 +/- 0.000
step: 2022719488, eval/episode_reward_ctrl: -1138.502 +/- 0.000
step: 2022719488, eval/episode_reward_survive: 795.914 +/- 0.000
step: 2022719488, eval/episode_success: 64.703 +/- 0.000
step: 2022719488, eval/episode_success_easy: 150.773 +/- 0.000
step: 2022719488, eval/episode_success_any: 0.133 +/- 0.000
step: 2022719488, eval/episode_success_hard: 0.000 +/- 0.000
step: 2022719488, eval/episode_reward_dist: 0.000 +/- 0.000
step: 2022719488, eval/episode_reward_near: 0.000 +/- 0.000
step: 2022719488, training/actor_loss: 0.000 +/- 0.000
step: 2022719488, training/critic_loss: 0.000 +/- 0.000
step: 2022719488, training/sps: 399986.129 +/- 0.000
step: 2022719488, training/entropy: 0.000 +/- 0.000
step: 2022719488, training/alpha: 0.000 +/- 0.000
step: 2022719488, training/alpha_loss: 0.000 +/- 0.000
step: -1969029120, eval/episode_dist: 5911.810 +/- 0.000
step: -1969029120, eval/episode_reward: 87.422 +/- 0.000
step: -1969029120, eval/episode_reward_ctrl: -1152.096 +/- 0.000
step: -1969029120, eval/episode_reward_survive: 789.422 +/- 0.000
step: -1969029120, eval/episode_success: 87.422 +/- 0.000
step: -1969029120, eval/episode_success_easy: 169.172 +/- 0.000
step: -1969029120, eval/episode_success_any: 0.141 +/- 0.000
step: -1969029120, eval/episode_success_hard: 0.000 +/- 0.000
step: -1969029120, eval/episode_reward_dist: 0.000 +/- 0.000
step: -1969029120, eval/episode_reward_near: 0.000 +/- 0.000
step: -1969029120, training/actor_loss: 0.000 +/- 0.000
step: -1969029120, training/critic_loss: 0.000 +/- 0.000
step: -1969029120, training/sps: 397350.378 +/- 0.000
step: -1969029120, training/entropy: 0.000 +/- 0.000
step: -1969029120, training/alpha: 0.000 +/- 0.000
step: -1969029120, training/alpha_loss: 0.000 +/- 0.000
step: -1665810432, eval/episode_dist: 5266.581 +/- 0.000
step: -1665810432, eval/episode_reward: 110.641 +/- 0.000
step: -1665810432, eval/episode_reward_ctrl: -1186.152 +/- 0.000
step: -1665810432, eval/episode_reward_survive: 809.047 +/- 0.000
step: -1665810432, eval/episode_success: 110.641 +/- 0.000
step: -1665810432, eval/episode_success_easy: 210.789 +/- 0.000
step: -1665810432, eval/episode_success_any: 0.211 +/- 0.000
step: -1665810432, eval/episode_success_hard: 0.000 +/- 0.000
step: -1665810432, eval/episode_reward_dist: 0.000 +/- 0.000
step: -1665810432, eval/episode_reward_near: 0.000 +/- 0.000
step: -1665810432, training/actor_loss: 0.000 +/- 0.000
step: -1665810432, training/critic_loss: 0.000 +/- 0.000
step: -1665810432, training/sps: 400287.640 +/- 0.000
step: -1665810432, training/entropy: 0.000 +/- 0.000
step: -1665810432, training/alpha: 0.000 +/- 0.000
step: -1665810432, training/alpha_loss: 0.000 +/- 0.000
step: -1362591744, eval/episode_dist: 5196.383 +/- 0.000
step: -1362591744, eval/episode_reward: 138.391 +/- 0.000
step: -1362591744, eval/episode_reward_ctrl: -1222.396 +/- 0.000
step: -1362591744, eval/episode_reward_survive: 831.945 +/- 0.000
step: -1362591744, eval/episode_success: 138.391 +/- 0.000
step: -1362591744, eval/episode_success_easy: 255.906 +/- 0.000
step: -1362591744, eval/episode_success_any: 0.250 +/- 0.000
step: -1362591744, eval/episode_success_hard: 0.000 +/- 0.000
step: -1362591744, eval/episode_reward_dist: 0.000 +/- 0.000
step: -1362591744, eval/episode_reward_near: 0.000 +/- 0.000
step: -1362591744, training/actor_loss: 0.000 +/- 0.000
step: -1362591744, training/critic_loss: 0.000 +/- 0.000
step: -1362591744, training/sps: 396566.285 +/- 0.000
step: -1362591744, training/entropy: 0.000 +/- 0.000
step: -1362591744, training/alpha: 0.000 +/- 0.000
step: -1362591744, training/alpha_loss: 0.000 +/- 0.000
step: -1059373056, eval/episode_dist: 5653.544 +/- 0.000
step: -1059373056, eval/episode_reward: 89.000 +/- 0.000
step: -1059373056, eval/episode_reward_ctrl: -1193.866 +/- 0.000
step: -1059373056, eval/episode_reward_survive: 812.039 +/- 0.000
step: -1059373056, eval/episode_success: 89.000 +/- 0.000
step: -1059373056, eval/episode_success_easy: 193.555 +/- 0.000
step: -1059373056, eval/episode_success_any: 0.148 +/- 0.000
step: -1059373056, eval/episode_success_hard: 0.000 +/- 0.000
step: -1059373056, eval/episode_reward_dist: 0.000 +/- 0.000
step: -1059373056, eval/episode_reward_near: 0.000 +/- 0.000
step: -1059373056, training/actor_loss: 0.000 +/- 0.000
step: -1059373056, training/critic_loss: 0.000 +/- 0.000
step: -1059373056, training/sps: 400247.386 +/- 0.000
step: -1059373056, training/entropy: 0.000 +/- 0.000
step: -1059373056, training/alpha: 0.000 +/- 0.000
step: -1059373056, training/alpha_loss: 0.000 +/- 0.000
step: -756154368, eval/episode_dist: 5263.979 +/- 0.000
step: -756154368, eval/episode_reward: 159.164 +/- 0.000
step: -756154368, eval/episode_reward_ctrl: -1202.009 +/- 0.000
step: -756154368, eval/episode_reward_survive: 849.984 +/- 0.000
step: -756154368, eval/episode_success: 159.164 +/- 0.000
step: -756154368, eval/episode_success_easy: 268.570 +/- 0.000
step: -756154368, eval/episode_success_any: 0.289 +/- 0.000
step: -756154368, eval/episode_success_hard: 0.000 +/- 0.000
step: -756154368, eval/episode_reward_dist: 0.000 +/- 0.000
step: -756154368, eval/episode_reward_near: 0.000 +/- 0.000
step: -756154368, training/actor_loss: 0.000 +/- 0.000
step: -756154368, training/critic_loss: 0.000 +/- 0.000
step: -756154368, training/sps: 399035.244 +/- 0.000
step: -756154368, training/entropy: 0.000 +/- 0.000
step: -756154368, training/alpha: 0.000 +/- 0.000
step: -756154368, training/alpha_loss: 0.000 +/- 0.000
step: -452935680, eval/episode_dist: 5539.824 +/- 0.000
step: -452935680, eval/episode_reward: 135.484 +/- 0.000
step: -452935680, eval/episode_reward_ctrl: -1139.277 +/- 0.000
step: -452935680, eval/episode_reward_survive: 803.938 +/- 0.000
step: -452935680, eval/episode_success: 135.484 +/- 0.000
step: -452935680, eval/episode_success_easy: 225.156 +/- 0.000
step: -452935680, eval/episode_success_any: 0.203 +/- 0.000
step: -452935680, eval/episode_success_hard: 0.000 +/- 0.000
step: -452935680, eval/episode_reward_dist: 0.000 +/- 0.000
step: -452935680, eval/episode_reward_near: 0.000 +/- 0.000
step: -452935680, training/actor_loss: 0.000 +/- 0.000
step: -452935680, training/critic_loss: 0.000 +/- 0.000
step: -452935680, training/sps: 400179.419 +/- 0.000
step: -452935680, training/entropy: 0.000 +/- 0.000
step: -452935680, training/alpha: 0.000 +/- 0.000
step: -452935680, training/alpha_loss: 0.000 +/- 0.000
step: -149716992, eval/episode_dist: 5740.166 +/- 0.000
step: -149716992, eval/episode_reward: 164.320 +/- 0.000
step: -149716992, eval/episode_reward_ctrl: -1181.462 +/- 0.000
step: -149716992, eval/episode_reward_survive: 836.078 +/- 0.000
step: -149716992, eval/episode_success: 164.320 +/- 0.000
step: -149716992, eval/episode_success_easy: 219.984 +/- 0.000
step: -149716992, eval/episode_success_any: 0.250 +/- 0.000
step: -149716992, eval/episode_success_hard: 0.000 +/- 0.000
step: -149716992, eval/episode_reward_dist: 0.000 +/- 0.000
step: -149716992, eval/episode_reward_near: 0.000 +/- 0.000
step: -149716992, training/actor_loss: 0.000 +/- 0.000
step: -149716992, training/critic_loss: 0.000 +/- 0.000
step: -149716992, training/sps: 399374.327 +/- 0.000
step: -149716992, training/entropy: 0.000 +/- 0.000
step: -149716992, training/alpha: 0.000 +/- 0.000
step: -149716992, training/alpha_loss: 0.000 +/- 0.000
step: 153501696, eval/episode_dist: 5748.821 +/- 0.000
step: 153501696, eval/episode_reward: 164.836 +/- 0.000
step: 153501696, eval/episode_reward_ctrl: -1140.680 +/- 0.000
step: 153501696, eval/episode_reward_survive: 885.164 +/- 0.000
step: 153501696, eval/episode_success: 164.836 +/- 0.000
step: 153501696, eval/episode_success_easy: 260.453 +/- 0.000
step: 153501696, eval/episode_success_any: 0.258 +/- 0.000
step: 153501696, eval/episode_success_hard: 0.000 +/- 0.000
step: 153501696, eval/episode_reward_dist: 0.000 +/- 0.000
step: 153501696, eval/episode_reward_near: 0.000 +/- 0.000
step: 153501696, training/actor_loss: 0.000 +/- 0.000
step: 153501696, training/critic_loss: 0.000 +/- 0.000
step: 153501696, training/sps: 399832.142 +/- 0.000
step: 153501696, training/entropy: 0.000 +/- 0.000
step: 153501696, training/alpha: 0.000 +/- 0.000
step: 153501696, training/alpha_loss: 0.000 +/- 0.000
step: 456720384, eval/episode_dist: 5705.459 +/- 0.000
step: 456720384, eval/episode_reward: 160.781 +/- 0.000
step: 456720384, eval/episode_reward_ctrl: -1145.892 +/- 0.000
step: 456720384, eval/episode_reward_survive: 877.297 +/- 0.000
step: 456720384, eval/episode_success: 160.781 +/- 0.000
step: 456720384, eval/episode_success_easy: 269.438 +/- 0.000
step: 456720384, eval/episode_success_any: 0.273 +/- 0.000
step: 456720384, eval/episode_success_hard: 0.000 +/- 0.000
step: 456720384, eval/episode_reward_dist: 0.000 +/- 0.000
step: 456720384, eval/episode_reward_near: 0.000 +/- 0.000
step: 456720384, training/actor_loss: 0.000 +/- 0.000
step: 456720384, training/critic_loss: 0.000 +/- 0.000
step: 456720384, training/sps: 397255.822 +/- 0.000
step: 456720384, training/entropy: 0.000 +/- 0.000
step: 456720384, training/alpha: 0.000 +/- 0.000
step: 456720384, training/alpha_loss: 0.000 +/- 0.000
step: 759939072, eval/episode_dist: 5064.198 +/- 0.000
step: 759939072, eval/episode_reward: 186.211 +/- 0.000
step: 759939072, eval/episode_reward_ctrl: -1092.730 +/- 0.000
step: 759939072, eval/episode_reward_survive: 780.320 +/- 0.000
step: 759939072, eval/episode_success: 186.211 +/- 0.000
step: 759939072, eval/episode_success_easy: 256.422 +/- 0.000
step: 759939072, eval/episode_success_any: 0.289 +/- 0.000
step: 759939072, eval/episode_success_hard: 0.000 +/- 0.000
step: 759939072, eval/episode_reward_dist: 0.000 +/- 0.000
step: 759939072, eval/episode_reward_near: 0.000 +/- 0.000
step: 759939072, training/actor_loss: 0.000 +/- 0.000
step: 759939072, training/critic_loss: 0.000 +/- 0.000
step: 759939072, training/sps: 399881.031 +/- 0.000
step: 759939072, training/entropy: 0.000 +/- 0.000
step: 759939072, training/alpha: 0.000 +/- 0.000
step: 759939072, training/alpha_loss: 0.000 +/- 0.000
step: 1063157760, eval/episode_dist: 4791.204 +/- 0.000
step: 1063157760, eval/episode_reward: 175.750 +/- 0.000
step: 1063157760, eval/episode_reward_ctrl: -1009.579 +/- 0.000
step: 1063157760, eval/episode_reward_survive: 779.914 +/- 0.000
step: 1063157760, eval/episode_success: 175.750 +/- 0.000
step: 1063157760, eval/episode_success_easy: 254.188 +/- 0.000
step: 1063157760, eval/episode_success_any: 0.266 +/- 0.000
step: 1063157760, eval/episode_success_hard: 0.000 +/- 0.000
step: 1063157760, eval/episode_reward_dist: 0.000 +/- 0.000
step: 1063157760, eval/episode_reward_near: 0.000 +/- 0.000
step: 1063157760, training/actor_loss: 0.000 +/- 0.000
step: 1063157760, training/critic_loss: 0.000 +/- 0.000
step: 1063157760, training/sps: 397628.421 +/- 0.000
step: 1063157760, training/entropy: 0.000 +/- 0.000
step: 1063157760, training/alpha: 0.000 +/- 0.000
step: 1063157760, training/alpha_loss: 0.000 +/- 0.000
step: 1366376448, eval/episode_dist: 5550.388 +/- 0.000
step: 1366376448, eval/episode_reward: 36.812 +/- 0.000
step: 1366376448, eval/episode_reward_ctrl: -1159.684 +/- 0.000
step: 1366376448, eval/episode_reward_survive: 837.312 +/- 0.000
step: 1366376448, eval/episode_success: 36.812 +/- 0.000
step: 1366376448, eval/episode_success_easy: 223.078 +/- 0.000
step: 1366376448, eval/episode_success_any: 0.125 +/- 0.000
step: 1366376448, eval/episode_success_hard: 0.000 +/- 0.000
step: 1366376448, eval/episode_reward_dist: 0.000 +/- 0.000
step: 1366376448, eval/episode_reward_near: 0.000 +/- 0.000
step: 1366376448, training/actor_loss: 0.000 +/- 0.000
step: 1366376448, training/critic_loss: 0.000 +/- 0.000
step: 1366376448, training/sps: 400247.282 +/- 0.000
step: 1366376448, training/entropy: 0.000 +/- 0.000
step: 1366376448, training/alpha: 0.000 +/- 0.000
step: 1366376448, training/alpha_loss: 0.000 +/- 0.000
step: 1669595136, eval/episode_dist: 4006.038 +/- 0.000
step: 1669595136, eval/episode_reward: 116.125 +/- 0.000
step: 1669595136, eval/episode_reward_ctrl: -1108.327 +/- 0.000
step: 1669595136, eval/episode_reward_survive: 785.195 +/- 0.000
step: 1669595136, eval/episode_success: 116.125 +/- 0.000
step: 1669595136, eval/episode_success_easy: 326.023 +/- 0.000
step: 1669595136, eval/episode_success_any: 0.312 +/- 0.000
step: 1669595136, eval/episode_success_hard: 0.000 +/- 0.000
step: 1669595136, eval/episode_reward_dist: 0.000 +/- 0.000
step: 1669595136, eval/episode_reward_near: 0.000 +/- 0.000
step: 1669595136, training/actor_loss: 0.000 +/- 0.000
step: 1669595136, training/critic_loss: 0.000 +/- 0.000
step: 1669595136, training/sps: 399242.309 +/- 0.000
step: 1669595136, training/entropy: 0.000 +/- 0.000
step: 1669595136, training/alpha: 0.000 +/- 0.000
step: 1669595136, training/alpha_loss: 0.000 +/- 0.000
step: 1972813824, eval/episode_dist: 4032.860 +/- 0.000
step: 1972813824, eval/episode_reward: 160.812 +/- 0.000
step: 1972813824, eval/episode_reward_ctrl: -1058.409 +/- 0.000
step: 1972813824, eval/episode_reward_survive: 782.984 +/- 0.000
step: 1972813824, eval/episode_success: 160.812 +/- 0.000
step: 1972813824, eval/episode_success_easy: 326.000 +/- 0.000
step: 1972813824, eval/episode_success_any: 0.312 +/- 0.000
step: 1972813824, eval/episode_success_hard: 0.000 +/- 0.000
step: 1972813824, eval/episode_reward_dist: 0.000 +/- 0.000
step: 1972813824, eval/episode_reward_near: 0.000 +/- 0.000
step: 1972813824, training/actor_loss: 0.000 +/- 0.000
step: 1972813824, training/critic_loss: 0.000 +/- 0.000
step: 1972813824, training/sps: 400263.185 +/- 0.000
step: 1972813824, training/entropy: 0.000 +/- 0.000
step: 1972813824, training/alpha: 0.000 +/- 0.000
step: 1972813824, training/alpha_loss: 0.000 +/- 0.000
step: -2018934784, eval/episode_dist: 5095.309 +/- 0.000
step: -2018934784, eval/episode_reward: 103.930 +/- 0.000
step: -2018934784, eval/episode_reward_ctrl: -992.294 +/- 0.000
step: -2018934784, eval/episode_reward_survive: 770.242 +/- 0.000
step: -2018934784, eval/episode_success: 103.930 +/- 0.000
step: -2018934784, eval/episode_success_easy: 224.523 +/- 0.000
step: -2018934784, eval/episode_success_any: 0.211 +/- 0.000
step: -2018934784, eval/episode_success_hard: 0.000 +/- 0.000
step: -2018934784, eval/episode_reward_dist: 0.000 +/- 0.000
step: -2018934784, eval/episode_reward_near: 0.000 +/- 0.000
step: -2018934784, training/actor_loss: 0.000 +/- 0.000
step: -2018934784, training/critic_loss: 0.000 +/- 0.000
step: -2018934784, training/sps: 399273.853 +/- 0.000
step: -2018934784, training/entropy: 0.000 +/- 0.000
step: -2018934784, training/alpha: 0.000 +/- 0.000
step: -2018934784, training/alpha_loss: 0.000 +/- 0.000
step: -1715716096, eval/episode_dist: 4776.997 +/- 0.000
step: -1715716096, eval/episode_reward: 172.492 +/- 0.000
step: -1715716096, eval/episode_reward_ctrl: -1085.962 +/- 0.000
step: -1715716096, eval/episode_reward_survive: 796.328 +/- 0.000
step: -1715716096, eval/episode_success: 172.492 +/- 0.000
step: -1715716096, eval/episode_success_easy: 290.664 +/- 0.000
step: -1715716096, eval/episode_success_any: 0.266 +/- 0.000
step: -1715716096, eval/episode_success_hard: 0.000 +/- 0.000
step: -1715716096, eval/episode_reward_dist: 0.000 +/- 0.000
step: -1715716096, eval/episode_reward_near: 0.000 +/- 0.000
step: -1715716096, training/actor_loss: 0.000 +/- 0.000
step: -1715716096, training/critic_loss: 0.000 +/- 0.000
step: -1715716096, training/sps: 400175.218 +/- 0.000
step: -1715716096, training/entropy: 0.000 +/- 0.000
step: -1715716096, training/alpha: 0.000 +/- 0.000
step: -1715716096, training/alpha_loss: 0.000 +/- 0.000
step: -1412497408, eval/episode_dist: 4409.110 +/- 0.000
step: -1412497408, eval/episode_reward: 175.062 +/- 0.000
step: -1412497408, eval/episode_reward_ctrl: -1095.877 +/- 0.000
step: -1412497408, eval/episode_reward_survive: 801.773 +/- 0.000
step: -1412497408, eval/episode_success: 175.062 +/- 0.000
step: -1412497408, eval/episode_success_easy: 306.570 +/- 0.000
step: -1412497408, eval/episode_success_any: 0.273 +/- 0.000
step: -1412497408, eval/episode_success_hard: 0.000 +/- 0.000
step: -1412497408, eval/episode_reward_dist: 0.000 +/- 0.000
step: -1412497408, eval/episode_reward_near: 0.000 +/- 0.000
step: -1412497408, training/actor_loss: 0.000 +/- 0.000
step: -1412497408, training/critic_loss: 0.000 +/- 0.000
step: -1412497408, training/sps: 399217.138 +/- 0.000
step: -1412497408, training/entropy: 0.000 +/- 0.000
step: -1412497408, training/alpha: 0.000 +/- 0.000
step: -1412497408, training/alpha_loss: 0.000 +/- 0.000
step: -1109278720, eval/episode_dist: 4709.295 +/- 0.000
step: -1109278720, eval/episode_reward: 221.852 +/- 0.000
step: -1109278720, eval/episode_reward_ctrl: -1139.500 +/- 0.000
step: -1109278720, eval/episode_reward_survive: 863.562 +/- 0.000
step: -1109278720, eval/episode_success: 221.852 +/- 0.000
step: -1109278720, eval/episode_success_easy: 356.250 +/- 0.000
step: -1109278720, eval/episode_success_any: 0.336 +/- 0.000
step: -1109278720, eval/episode_success_hard: 0.000 +/- 0.000
step: -1109278720, eval/episode_reward_dist: 0.000 +/- 0.000
step: -1109278720, eval/episode_reward_near: 0.000 +/- 0.000
step: -1109278720, training/actor_loss: 0.000 +/- 0.000
step: -1109278720, training/critic_loss: 0.000 +/- 0.000
step: -1109278720, training/sps: 400102.721 +/- 0.000
step: -1109278720, training/entropy: 0.000 +/- 0.000
step: -1109278720, training/alpha: 0.000 +/- 0.000
step: -1109278720, training/alpha_loss: 0.000 +/- 0.000
step: -806060032, eval/episode_dist: 3971.032 +/- 0.000
step: -806060032, eval/episode_reward: 268.734 +/- 0.000
step: -806060032, eval/episode_reward_ctrl: -1103.870 +/- 0.000
step: -806060032, eval/episode_reward_survive: 877.367 +/- 0.000
step: -806060032, eval/episode_success: 268.734 +/- 0.000
step: -806060032, eval/episode_success_easy: 443.688 +/- 0.000
step: -806060032, eval/episode_success_any: 0.438 +/- 0.000
step: -806060032, eval/episode_success_hard: 0.000 +/- 0.000
step: -806060032, eval/episode_reward_dist: 0.000 +/- 0.000
step: -806060032, eval/episode_reward_near: 0.000 +/- 0.000
step: -806060032, training/actor_loss: 0.000 +/- 0.000
step: -806060032, training/critic_loss: 0.000 +/- 0.000
step: -806060032, training/sps: 399793.536 +/- 0.000
step: -806060032, training/entropy: 0.000 +/- 0.000
step: -806060032, training/alpha: 0.000 +/- 0.000
step: -806060032, training/alpha_loss: 0.000 +/- 0.000
step: -502841344, eval/episode_dist: 4507.608 +/- 0.000
step: -502841344, eval/episode_reward: 219.414 +/- 0.000
step: -502841344, eval/episode_reward_ctrl: -1138.511 +/- 0.000
step: -502841344, eval/episode_reward_survive: 863.305 +/- 0.000
step: -502841344, eval/episode_success: 219.414 +/- 0.000
step: -502841344, eval/episode_success_easy: 364.969 +/- 0.000
step: -502841344, eval/episode_success_any: 0.344 +/- 0.000
step: -502841344, eval/episode_success_hard: 0.000 +/- 0.000
step: -502841344, eval/episode_reward_dist: 0.000 +/- 0.000
step: -502841344, eval/episode_reward_near: 0.000 +/- 0.000
step: -502841344, training/actor_loss: 0.000 +/- 0.000
step: -502841344, training/critic_loss: 0.000 +/- 0.000
step: -502841344, training/sps: 400124.681 +/- 0.000
step: -502841344, training/entropy: 0.000 +/- 0.000
step: -502841344, training/alpha: 0.000 +/- 0.000
step: -502841344, training/alpha_loss: 0.000 +/- 0.000
step: -199622656, eval/episode_dist: 4606.373 +/- 0.000
step: -199622656, eval/episode_reward: 264.930 +/- 0.000
step: -199622656, eval/episode_reward_ctrl: -1225.452 +/- 0.000
step: -199622656, eval/episode_reward_survive: 927.469 +/- 0.000
step: -199622656, eval/episode_success: 264.930 +/- 0.000
step: -199622656, eval/episode_success_easy: 411.547 +/- 0.000
step: -199622656, eval/episode_success_any: 0.422 +/- 0.000
step: -199622656, eval/episode_success_hard: 0.000 +/- 0.000
step: -199622656, eval/episode_reward_dist: 0.000 +/- 0.000
step: -199622656, eval/episode_reward_near: 0.000 +/- 0.000
step: -199622656, training/actor_loss: 0.000 +/- 0.000
step: -199622656, training/critic_loss: 0.000 +/- 0.000
step: -199622656, training/sps: 397653.345 +/- 0.000
step: -199622656, training/entropy: 0.000 +/- 0.000
step: -199622656, training/alpha: 0.000 +/- 0.000
step: -199622656, training/alpha_loss: 0.000 +/- 0.000
step: 103596032, eval/episode_dist: 5706.943 +/- 0.000
step: 103596032, eval/episode_reward: 122.375 +/- 0.000
step: 103596032, eval/episode_reward_ctrl: -1188.769 +/- 0.000
step: 103596032, eval/episode_reward_survive: 872.430 +/- 0.000
step: 103596032, eval/episode_success: 122.375 +/- 0.000
step: 103596032, eval/episode_success_easy: 251.992 +/- 0.000
step: 103596032, eval/episode_success_any: 0.211 +/- 0.000
step: 103596032, eval/episode_success_hard: 0.000 +/- 0.000
step: 103596032, eval/episode_reward_dist: 0.000 +/- 0.000
step: 103596032, eval/episode_reward_near: 0.000 +/- 0.000
step: 103596032, training/actor_loss: 0.000 +/- 0.000
step: 103596032, training/critic_loss: 0.000 +/- 0.000
step: 103596032, training/sps: 399967.000 +/- 0.000
step: 103596032, training/entropy: 0.000 +/- 0.000
step: 103596032, training/alpha: 0.000 +/- 0.000
step: 103596032, training/alpha_loss: 0.000 +/- 0.000
step: 406814720, eval/episode_dist: 4154.568 +/- 0.000
step: 406814720, eval/episode_reward: 262.352 +/- 0.000
step: 406814720, eval/episode_reward_ctrl: -1119.402 +/- 0.000
step: 406814720, eval/episode_reward_survive: 836.469 +/- 0.000
step: 406814720, eval/episode_success: 262.352 +/- 0.000
step: 406814720, eval/episode_success_easy: 374.383 +/- 0.000
step: 406814720, eval/episode_success_any: 0.406 +/- 0.000
step: 406814720, eval/episode_success_hard: 0.000 +/- 0.000
step: 406814720, eval/episode_reward_dist: 0.000 +/- 0.000
step: 406814720, eval/episode_reward_near: 0.000 +/- 0.000
step: 406814720, training/actor_loss: 0.000 +/- 0.000
step: 406814720, training/critic_loss: 0.000 +/- 0.000
step: 406814720, training/sps: 397249.536 +/- 0.000
step: 406814720, training/entropy: 0.000 +/- 0.000
step: 406814720, training/alpha: 0.000 +/- 0.000
step: 406814720, training/alpha_loss: 0.000 +/- 0.000
step: 710033408, eval/episode_dist: 3899.683 +/- 0.000
step: 710033408, eval/episode_reward: 222.070 +/- 0.000
step: 710033408, eval/episode_reward_ctrl: -1104.763 +/- 0.000
step: 710033408, eval/episode_reward_survive: 809.805 +/- 0.000
step: 710033408, eval/episode_success: 222.070 +/- 0.000
step: 710033408, eval/episode_success_easy: 378.875 +/- 0.000
step: 710033408, eval/episode_success_any: 0.359 +/- 0.000
step: 710033408, eval/episode_success_hard: 0.000 +/- 0.000
step: 710033408, eval/episode_reward_dist: 0.000 +/- 0.000
step: 710033408, eval/episode_reward_near: 0.000 +/- 0.000
step: 710033408, training/actor_loss: 0.000 +/- 0.000
step: 710033408, training/critic_loss: 0.000 +/- 0.000
step: 710033408, training/sps: 399979.239 +/- 0.000
step: 710033408, training/entropy: 0.000 +/- 0.000
step: 710033408, training/alpha: 0.000 +/- 0.000
step: 710033408, training/alpha_loss: 0.000 +/- 0.000
step: 1013252096, eval/episode_dist: 3990.412 +/- 0.000
step: 1013252096, eval/episode_reward: 265.906 +/- 0.000
step: 1013252096, eval/episode_reward_ctrl: -992.884 +/- 0.000
step: 1013252096, eval/episode_reward_survive: 825.500 +/- 0.000
step: 1013252096, eval/episode_success: 265.906 +/- 0.000
step: 1013252096, eval/episode_success_easy: 377.734 +/- 0.000
step: 1013252096, eval/episode_success_any: 0.414 +/- 0.000
step: 1013252096, eval/episode_success_hard: 0.000 +/- 0.000
step: 1013252096, eval/episode_reward_dist: 0.000 +/- 0.000
step: 1013252096, eval/episode_reward_near: 0.000 +/- 0.000
step: 1013252096, training/actor_loss: 0.000 +/- 0.000
step: 1013252096, training/critic_loss: 0.000 +/- 0.000
step: 1013252096, training/sps: 398152.597 +/- 0.000
step: 1013252096, training/entropy: 0.000 +/- 0.000
step: 1013252096, training/alpha: 0.000 +/- 0.000
step: 1013252096, training/alpha_loss: 0.000 +/- 0.000
step: 1316470784, eval/episode_dist: 3883.947 +/- 0.000
step: 1316470784, eval/episode_reward: 321.953 +/- 0.000
step: 1316470784, eval/episode_reward_ctrl: -1090.511 +/- 0.000
step: 1316470784, eval/episode_reward_survive: 846.461 +/- 0.000
step: 1316470784, eval/episode_success: 321.953 +/- 0.000
step: 1316470784, eval/episode_success_easy: 413.555 +/- 0.000
step: 1316470784, eval/episode_success_any: 0.445 +/- 0.000
step: 1316470784, eval/episode_success_hard: 0.000 +/- 0.000
step: 1316470784, eval/episode_reward_dist: 0.000 +/- 0.000
step: 1316470784, eval/episode_reward_near: 0.000 +/- 0.000
step: 1316470784, training/actor_loss: 0.000 +/- 0.000
step: 1316470784, training/critic_loss: 0.000 +/- 0.000
step: 1316470784, training/sps: 399959.649 +/- 0.000
step: 1316470784, training/entropy: 0.000 +/- 0.000
step: 1316470784, training/alpha: 0.000 +/- 0.000
step: 1316470784, training/alpha_loss: 0.000 +/- 0.000
step: 1619689472, eval/episode_dist: 3515.592 +/- 0.000
step: 1619689472, eval/episode_reward: 325.703 +/- 0.000
step: 1619689472, eval/episode_reward_ctrl: -1101.974 +/- 0.000
step: 1619689472, eval/episode_reward_survive: 817.430 +/- 0.000
step: 1619689472, eval/episode_success: 325.703 +/- 0.000
step: 1619689472, eval/episode_success_easy: 422.484 +/- 0.000
step: 1619689472, eval/episode_success_any: 0.469 +/- 0.000
step: 1619689472, eval/episode_success_hard: 0.000 +/- 0.000
step: 1619689472, eval/episode_reward_dist: 0.000 +/- 0.000
step: 1619689472, eval/episode_reward_near: 0.000 +/- 0.000
step: 1619689472, training/actor_loss: 0.000 +/- 0.000
step: 1619689472, training/critic_loss: 0.000 +/- 0.000
step: 1619689472, training/sps: 399171.182 +/- 0.000
step: 1619689472, training/entropy: 0.000 +/- 0.000
step: 1619689472, training/alpha: 0.000 +/- 0.000
step: 1619689472, training/alpha_loss: 0.000 +/- 0.000
step: 1922908160, eval/episode_dist: 3392.287 +/- 0.000
step: 1922908160, eval/episode_reward: 388.797 +/- 0.000
step: 1922908160, eval/episode_reward_ctrl: -1009.398 +/- 0.000
step: 1922908160, eval/episode_reward_survive: 892.414 +/- 0.000
step: 1922908160, eval/episode_success: 388.797 +/- 0.000
step: 1922908160, eval/episode_success_easy: 502.039 +/- 0.000
step: 1922908160, eval/episode_success_any: 0.547 +/- 0.000
step: 1922908160, eval/episode_success_hard: 0.000 +/- 0.000
step: 1922908160, eval/episode_reward_dist: 0.000 +/- 0.000
step: 1922908160, eval/episode_reward_near: 0.000 +/- 0.000
step: 1922908160, training/actor_loss: 0.000 +/- 0.000
step: 1922908160, training/critic_loss: 0.000 +/- 0.000
step: 1922908160, training/sps: 400229.875 +/- 0.000
step: 1922908160, training/entropy: 0.000 +/- 0.000
step: 1922908160, training/alpha: 0.000 +/- 0.000
step: 1922908160, training/alpha_loss: 0.000 +/- 0.000
step: -2068840448, eval/episode_dist: 3963.858 +/- 0.000
step: -2068840448, eval/episode_reward: 308.789 +/- 0.000
step: -2068840448, eval/episode_reward_ctrl: -1110.184 +/- 0.000
step: -2068840448, eval/episode_reward_survive: 837.578 +/- 0.000
step: -2068840448, eval/episode_success: 308.789 +/- 0.000
step: -2068840448, eval/episode_success_easy: 399.617 +/- 0.000
step: -2068840448, eval/episode_success_any: 0.461 +/- 0.000
step: -2068840448, eval/episode_success_hard: 0.000 +/- 0.000
step: -2068840448, eval/episode_reward_dist: 0.000 +/- 0.000
step: -2068840448, eval/episode_reward_near: 0.000 +/- 0.000
step: -2068840448, training/actor_loss: 0.000 +/- 0.000
step: -2068840448, training/critic_loss: 0.000 +/- 0.000
step: -2068840448, training/sps: 399153.273 +/- 0.000
step: -2068840448, training/entropy: 0.000 +/- 0.000
step: -2068840448, training/alpha: 0.000 +/- 0.000
step: -2068840448, training/alpha_loss: 0.000 +/- 0.000
step: -1765621760, eval/episode_dist: 3666.691 +/- 0.000
step: -1765621760, eval/episode_reward: 341.055 +/- 0.000
step: -1765621760, eval/episode_reward_ctrl: -1090.523 +/- 0.000
step: -1765621760, eval/episode_reward_survive: 872.812 +/- 0.000
step: -1765621760, eval/episode_success: 341.055 +/- 0.000
step: -1765621760, eval/episode_success_easy: 483.656 +/- 0.000
step: -1765621760, eval/episode_success_any: 0.484 +/- 0.000
step: -1765621760, eval/episode_success_hard: 0.000 +/- 0.000
step: -1765621760, eval/episode_reward_dist: 0.000 +/- 0.000
step: -1765621760, eval/episode_reward_near: 0.000 +/- 0.000
step: -1765621760, training/actor_loss: 0.000 +/- 0.000
step: -1765621760, training/critic_loss: 0.000 +/- 0.000
step: -1765621760, training/sps: 400233.479 +/- 0.000
step: -1765621760, training/entropy: 0.000 +/- 0.000
step: -1765621760, training/alpha: 0.000 +/- 0.000
step: -1765621760, training/alpha_loss: 0.000 +/- 0.000
step: -1462403072, eval/episode_dist: 3611.823 +/- 0.000
step: -1462403072, eval/episode_reward: 362.820 +/- 0.000
step: -1462403072, eval/episode_reward_ctrl: -944.948 +/- 0.000
step: -1462403072, eval/episode_reward_survive: 807.969 +/- 0.000
step: -1462403072, eval/episode_success: 362.820 +/- 0.000
step: -1462403072, eval/episode_success_easy: 420.648 +/- 0.000
step: -1462403072, eval/episode_success_any: 0.469 +/- 0.000
step: -1462403072, eval/episode_success_hard: 0.000 +/- 0.000
step: -1462403072, eval/episode_reward_dist: 0.000 +/- 0.000
step: -1462403072, eval/episode_reward_near: 0.000 +/- 0.000
step: -1462403072, training/actor_loss: 0.000 +/- 0.000
step: -1462403072, training/critic_loss: 0.000 +/- 0.000
step: -1462403072, training/sps: 397378.906 +/- 0.000
step: -1462403072, training/entropy: 0.000 +/- 0.000
step: -1462403072, training/alpha: 0.000 +/- 0.000
step: -1462403072, training/alpha_loss: 0.000 +/- 0.000
step: -1159184384, eval/episode_dist: 3719.254 +/- 0.000
step: -1159184384, eval/episode_reward: 328.070 +/- 0.000
step: -1159184384, eval/episode_reward_ctrl: -1037.749 +/- 0.000
step: -1159184384, eval/episode_reward_survive: 789.367 +/- 0.000
step: -1159184384, eval/episode_success: 328.070 +/- 0.000
step: -1159184384, eval/episode_success_easy: 393.516 +/- 0.000
step: -1159184384, eval/episode_success_any: 0.453 +/- 0.000
step: -1159184384, eval/episode_success_hard: 0.000 +/- 0.000
step: -1159184384, eval/episode_reward_dist: 0.000 +/- 0.000
step: -1159184384, eval/episode_reward_near: 0.000 +/- 0.000
step: -1159184384, training/actor_loss: 0.000 +/- 0.000
step: -1159184384, training/critic_loss: 0.000 +/- 0.000
step: -1159184384, training/sps: 399928.387 +/- 0.000
step: -1159184384, training/entropy: 0.000 +/- 0.000
step: -1159184384, training/alpha: 0.000 +/- 0.000
step: -1159184384, training/alpha_loss: 0.000 +/- 0.000
step: -855965696, eval/episode_dist: 3705.979 +/- 0.000
step: -855965696, eval/episode_reward: 292.562 +/- 0.000
step: -855965696, eval/episode_reward_ctrl: -1049.547 +/- 0.000
step: -855965696, eval/episode_reward_survive: 777.766 +/- 0.000
step: -855965696, eval/episode_success: 292.562 +/- 0.000
step: -855965696, eval/episode_success_easy: 391.039 +/- 0.000
step: -855965696, eval/episode_success_any: 0.406 +/- 0.000
step: -855965696, eval/episode_success_hard: 0.000 +/- 0.000
step: -855965696, eval/episode_reward_dist: 0.000 +/- 0.000
step: -855965696, eval/episode_reward_near: 0.000 +/- 0.000
step: -855965696, training/actor_loss: 0.000 +/- 0.000
step: -855965696, training/critic_loss: 0.000 +/- 0.000
step: -855965696, training/sps: 397482.772 +/- 0.000
step: -855965696, training/entropy: 0.000 +/- 0.000
step: -855965696, training/alpha: 0.000 +/- 0.000
step: -855965696, training/alpha_loss: 0.000 +/- 0.000
step: -552747008, eval/episode_dist: 2919.077 +/- 0.000
step: -552747008, eval/episode_reward: 374.000 +/- 0.000
step: -552747008, eval/episode_reward_ctrl: -1188.005 +/- 0.000
step: -552747008, eval/episode_reward_survive: 837.039 +/- 0.000
step: -552747008, eval/episode_success: 374.000 +/- 0.000
step: -552747008, eval/episode_success_easy: 489.812 +/- 0.000
step: -552747008, eval/episode_success_any: 0.500 +/- 0.000
step: -552747008, eval/episode_success_hard: 0.000 +/- 0.000
step: -552747008, eval/episode_reward_dist: 0.000 +/- 0.000
step: -552747008, eval/episode_reward_near: 0.000 +/- 0.000
step: -552747008, training/actor_loss: 0.000 +/- 0.000
step: -552747008, training/critic_loss: 0.000 +/- 0.000
step: -552747008, training/sps: 399942.853 +/- 0.000
step: -552747008, training/entropy: 0.000 +/- 0.000
step: -552747008, training/alpha: 0.000 +/- 0.000
step: -552747008, training/alpha_loss: 0.000 +/- 0.000
step: -249528320, eval/episode_dist: 3172.670 +/- 0.000
step: -249528320, eval/episode_reward: 384.852 +/- 0.000
step: -249528320, eval/episode_reward_ctrl: -1000.646 +/- 0.000
step: -249528320, eval/episode_reward_survive: 800.133 +/- 0.000
step: -249528320, eval/episode_success: 384.852 +/- 0.000
step: -249528320, eval/episode_success_easy: 466.336 +/- 0.000
step: -249528320, eval/episode_success_any: 0.484 +/- 0.000
step: -249528320, eval/episode_success_hard: 0.000 +/- 0.000
step: -249528320, eval/episode_reward_dist: 0.000 +/- 0.000
step: -249528320, eval/episode_reward_near: 0.000 +/- 0.000
step: -249528320, training/actor_loss: 0.000 +/- 0.000
step: -249528320, training/critic_loss: 0.000 +/- 0.000
step: -249528320, training/sps: 397586.105 +/- 0.000
step: -249528320, training/entropy: 0.000 +/- 0.000
step: -249528320, training/alpha: 0.000 +/- 0.000
step: -249528320, training/alpha_loss: 0.000 +/- 0.000
step: 53690368, eval/episode_dist: 2797.074 +/- 0.000
step: 53690368, eval/episode_reward: 445.820 +/- 0.000
step: 53690368, eval/episode_reward_ctrl: -1166.509 +/- 0.000
step: 53690368, eval/episode_reward_survive: 842.492 +/- 0.000
step: 53690368, eval/episode_success: 445.820 +/- 0.000
step: 53690368, eval/episode_success_easy: 531.117 +/- 0.000
step: 53690368, eval/episode_success_any: 0.570 +/- 0.000
step: 53690368, eval/episode_success_hard: 0.000 +/- 0.000
step: 53690368, eval/episode_reward_dist: 0.000 +/- 0.000
step: 53690368, eval/episode_reward_near: 0.000 +/- 0.000
step: 53690368, training/actor_loss: 0.000 +/- 0.000
step: 53690368, training/critic_loss: 0.000 +/- 0.000
step: 53690368, training/sps: 399816.116 +/- 0.000
step: 53690368, training/entropy: 0.000 +/- 0.000
step: 53690368, training/alpha: 0.000 +/- 0.000
step: 53690368, training/alpha_loss: 0.000 +/- 0.000
step: 356909056, eval/episode_dist: 3898.000 +/- 0.000
step: 356909056, eval/episode_reward: 328.016 +/- 0.000
step: 356909056, eval/episode_reward_ctrl: -1133.242 +/- 0.000
step: 356909056, eval/episode_reward_survive: 854.133 +/- 0.000
step: 356909056, eval/episode_success: 328.016 +/- 0.000
step: 356909056, eval/episode_success_easy: 441.258 +/- 0.000
step: 356909056, eval/episode_success_any: 0.430 +/- 0.000
step: 356909056, eval/episode_success_hard: 0.000 +/- 0.000
step: 356909056, eval/episode_reward_dist: 0.000 +/- 0.000
step: 356909056, eval/episode_reward_near: 0.000 +/- 0.000
step: 356909056, training/actor_loss: 0.000 +/- 0.000
step: 356909056, training/critic_loss: 0.000 +/- 0.000
step: 356909056, training/sps: 398420.114 +/- 0.000
step: 356909056, training/entropy: 0.000 +/- 0.000
step: 356909056, training/alpha: 0.000 +/- 0.000
step: 356909056, training/alpha_loss: 0.000 +/- 0.000
step: 660127744, eval/episode_dist: 3451.399 +/- 0.000
step: 660127744, eval/episode_reward: 369.477 +/- 0.000
step: 660127744, eval/episode_reward_ctrl: -1019.725 +/- 0.000
step: 660127744, eval/episode_reward_survive: 815.477 +/- 0.000
step: 660127744, eval/episode_success: 369.477 +/- 0.000
step: 660127744, eval/episode_success_easy: 463.711 +/- 0.000
step: 660127744, eval/episode_success_any: 0.492 +/- 0.000
step: 660127744, eval/episode_success_hard: 0.000 +/- 0.000
step: 660127744, eval/episode_reward_dist: 0.000 +/- 0.000
step: 660127744, eval/episode_reward_near: 0.000 +/- 0.000
step: 660127744, training/actor_loss: 0.000 +/- 0.000
step: 660127744, training/critic_loss: 0.000 +/- 0.000
step: 660127744, training/sps: 400165.450 +/- 0.000
step: 660127744, training/entropy: 0.000 +/- 0.000
step: 660127744, training/alpha: 0.000 +/- 0.000
step: 660127744, training/alpha_loss: 0.000 +/- 0.000
step: 963346432, eval/episode_dist: 3766.101 +/- 0.000
step: 963346432, eval/episode_reward: 389.266 +/- 0.000
step: 963346432, eval/episode_reward_ctrl: -1185.033 +/- 0.000
step: 963346432, eval/episode_reward_survive: 894.078 +/- 0.000
step: 963346432, eval/episode_success: 389.266 +/- 0.000
step: 963346432, eval/episode_success_easy: 502.000 +/- 0.000
step: 963346432, eval/episode_success_any: 0.508 +/- 0.000
step: 963346432, eval/episode_success_hard: 0.000 +/- 0.000
step: 963346432, eval/episode_reward_dist: 0.000 +/- 0.000
step: 963346432, eval/episode_reward_near: 0.000 +/- 0.000
step: 963346432, training/actor_loss: 0.000 +/- 0.000
step: 963346432, training/critic_loss: 0.000 +/- 0.000
step: 963346432, training/sps: 399063.672 +/- 0.000
step: 963346432, training/entropy: 0.000 +/- 0.000
step: 963346432, training/alpha: 0.000 +/- 0.000
step: 963346432, training/alpha_loss: 0.000 +/- 0.000
step: 1266565120, eval/episode_dist: 3527.295 +/- 0.000
step: 1266565120, eval/episode_reward: 407.203 +/- 0.000
step: 1266565120, eval/episode_reward_ctrl: -1187.175 +/- 0.000
step: 1266565120, eval/episode_reward_survive: 880.547 +/- 0.000
step: 1266565120, eval/episode_success: 407.203 +/- 0.000
step: 1266565120, eval/episode_success_easy: 482.797 +/- 0.000
step: 1266565120, eval/episode_success_any: 0.500 +/- 0.000
step: 1266565120, eval/episode_success_hard: 0.000 +/- 0.000
step: 1266565120, eval/episode_reward_dist: 0.000 +/- 0.000
step: 1266565120, eval/episode_reward_near: 0.000 +/- 0.000
step: 1266565120, training/actor_loss: 0.000 +/- 0.000
step: 1266565120, training/critic_loss: 0.000 +/- 0.000
step: 1266565120, training/sps: 400157.883 +/- 0.000
step: 1266565120, training/entropy: 0.000 +/- 0.000
step: 1266565120, training/alpha: 0.000 +/- 0.000
step: 1266565120, training/alpha_loss: 0.000 +/- 0.000
step: 1569783808, eval/episode_dist: 3783.119 +/- 0.000
step: 1569783808, eval/episode_reward: 443.703 +/- 0.000
step: 1569783808, eval/episode_reward_ctrl: -1190.775 +/- 0.000
step: 1569783808, eval/episode_reward_survive: 894.555 +/- 0.000
step: 1569783808, eval/episode_success: 443.703 +/- 0.000
step: 1569783808, eval/episode_success_easy: 512.836 +/- 0.000
step: 1569783808, eval/episode_success_any: 0.547 +/- 0.000
step: 1569783808, eval/episode_success_hard: 0.000 +/- 0.000
step: 1569783808, eval/episode_reward_dist: 0.000 +/- 0.000
step: 1569783808, eval/episode_reward_near: 0.000 +/- 0.000
step: 1569783808, training/actor_loss: 0.000 +/- 0.000
step: 1569783808, training/critic_loss: 0.000 +/- 0.000
step: 1569783808, training/sps: 399011.614 +/- 0.000
step: 1569783808, training/entropy: 0.000 +/- 0.000
step: 1569783808, training/alpha: 0.000 +/- 0.000
step: 1569783808, training/alpha_loss: 0.000 +/- 0.000
step: 1873002496, eval/episode_dist: 3601.196 +/- 0.000
step: 1873002496, eval/episode_reward: 421.969 +/- 0.000
step: 1873002496, eval/episode_reward_ctrl: -1199.169 +/- 0.000
step: 1873002496, eval/episode_reward_survive: 877.750 +/- 0.000
step: 1873002496, eval/episode_success: 421.969 +/- 0.000
step: 1873002496, eval/episode_success_easy: 490.836 +/- 0.000
step: 1873002496, eval/episode_success_any: 0.547 +/- 0.000
step: 1873002496, eval/episode_success_hard: 0.000 +/- 0.000
step: 1873002496, eval/episode_reward_dist: 0.000 +/- 0.000
step: 1873002496, eval/episode_reward_near: 0.000 +/- 0.000
step: 1873002496, training/actor_loss: 0.000 +/- 0.000
step: 1873002496, training/critic_loss: 0.000 +/- 0.000
step: 1873002496, training/sps: 400595.549 +/- 0.000
step: 1873002496, training/entropy: 0.000 +/- 0.000
step: 1873002496, training/alpha: 0.000 +/- 0.000
step: 1873002496, training/alpha_loss: 0.000 +/- 0.000
step: -2118746112, eval/episode_dist: 3372.568 +/- 0.000
step: -2118746112, eval/episode_reward: 389.602 +/- 0.000
step: -2118746112, eval/episode_reward_ctrl: -1099.622 +/- 0.000
step: -2118746112, eval/episode_reward_survive: 830.977 +/- 0.000
step: -2118746112, eval/episode_success: 389.602 +/- 0.000
step: -2118746112, eval/episode_success_easy: 494.070 +/- 0.000
step: -2118746112, eval/episode_success_any: 0.531 +/- 0.000
step: -2118746112, eval/episode_success_hard: 0.000 +/- 0.000
step: -2118746112, eval/episode_reward_dist: 0.000 +/- 0.000
step: -2118746112, eval/episode_reward_near: 0.000 +/- 0.000
step: -2118746112, training/actor_loss: 0.000 +/- 0.000
step: -2118746112, training/critic_loss: 0.000 +/- 0.000
step: -2118746112, training/sps: 398760.920 +/- 0.000
step: -2118746112, training/entropy: 0.000 +/- 0.000
step: -2118746112, training/alpha: 0.000 +/- 0.000
step: -2118746112, training/alpha_loss: 0.000 +/- 0.000
step: -1815527424, eval/episode_dist: 3066.413 +/- 0.000
step: -1815527424, eval/episode_reward: 503.328 +/- 0.000
step: -1815527424, eval/episode_reward_ctrl: -1135.707 +/- 0.000
step: -1815527424, eval/episode_reward_survive: 902.773 +/- 0.000
step: -1815527424, eval/episode_success: 503.328 +/- 0.000
step: -1815527424, eval/episode_success_easy: 580.359 +/- 0.000
step: -1815527424, eval/episode_success_any: 0.633 +/- 0.000
step: -1815527424, eval/episode_success_hard: 0.000 +/- 0.000
step: -1815527424, eval/episode_reward_dist: 0.000 +/- 0.000
step: -1815527424, eval/episode_reward_near: 0.000 +/- 0.000
step: -1815527424, training/actor_loss: 0.000 +/- 0.000
step: -1815527424, training/critic_loss: 0.000 +/- 0.000
step: -1815527424, training/sps: 400566.704 +/- 0.000
step: -1815527424, training/entropy: 0.000 +/- 0.000
step: -1815527424, training/alpha: 0.000 +/- 0.000
step: -1815527424, training/alpha_loss: 0.000 +/- 0.000
step: -1512308736, eval/episode_dist: 3123.027 +/- 0.000
step: -1512308736, eval/episode_reward: 525.984 +/- 0.000
step: -1512308736, eval/episode_reward_ctrl: -1202.624 +/- 0.000
step: -1512308736, eval/episode_reward_survive: 929.836 +/- 0.000
step: -1512308736, eval/episode_success: 525.984 +/- 0.000
step: -1512308736, eval/episode_success_easy: 605.141 +/- 0.000
step: -1512308736, eval/episode_success_any: 0.648 +/- 0.000
step: -1512308736, eval/episode_success_hard: 0.000 +/- 0.000
step: -1512308736, eval/episode_reward_dist: 0.000 +/- 0.000
step: -1512308736, eval/episode_reward_near: 0.000 +/- 0.000
step: -1512308736, training/actor_loss: 0.000 +/- 0.000
step: -1512308736, training/critic_loss: 0.000 +/- 0.000
step: -1512308736, training/sps: 398796.700 +/- 0.000
step: -1512308736, training/entropy: 0.000 +/- 0.000
step: -1512308736, training/alpha: 0.000 +/- 0.000
step: -1512308736, training/alpha_loss: 0.000 +/- 0.000
step: -1209090048, eval/episode_dist: 2698.055 +/- 0.000
step: -1209090048, eval/episode_reward: 445.875 +/- 0.000
step: -1209090048, eval/episode_reward_ctrl: -1267.818 +/- 0.000
step: -1209090048, eval/episode_reward_survive: 848.430 +/- 0.000
step: -1209090048, eval/episode_success: 445.875 +/- 0.000
step: -1209090048, eval/episode_success_easy: 544.820 +/- 0.000
step: -1209090048, eval/episode_success_any: 0.594 +/- 0.000
step: -1209090048, eval/episode_success_hard: 0.000 +/- 0.000
step: -1209090048, eval/episode_reward_dist: 0.000 +/- 0.000
step: -1209090048, eval/episode_reward_near: 0.000 +/- 0.000
step: -1209090048, training/actor_loss: 0.000 +/- 0.000
step: -1209090048, training/critic_loss: 0.000 +/- 0.000
step: -1209090048, training/sps: 400551.238 +/- 0.000
step: -1209090048, training/entropy: 0.000 +/- 0.000
step: -1209090048, training/alpha: 0.000 +/- 0.000
step: -1209090048, training/alpha_loss: 0.000 +/- 0.000
step: -905871360, eval/episode_dist: 2765.037 +/- 0.000
step: -905871360, eval/episode_reward: 491.633 +/- 0.000
step: -905871360, eval/episode_reward_ctrl: -1189.430 +/- 0.000
step: -905871360, eval/episode_reward_survive: 874.328 +/- 0.000
step: -905871360, eval/episode_success: 491.633 +/- 0.000
step: -905871360, eval/episode_success_easy: 594.891 +/- 0.000
step: -905871360, eval/episode_success_any: 0.648 +/- 0.000
step: -905871360, eval/episode_success_hard: 0.000 +/- 0.000
step: -905871360, eval/episode_reward_dist: 0.000 +/- 0.000
step: -905871360, eval/episode_reward_near: 0.000 +/- 0.000
step: -905871360, training/actor_loss: 0.000 +/- 0.000
step: -905871360, training/critic_loss: 0.000 +/- 0.000
step: -905871360, training/sps: 398548.057 +/- 0.000
step: -905871360, training/entropy: 0.000 +/- 0.000
step: -905871360, training/alpha: 0.000 +/- 0.000
step: -905871360, training/alpha_loss: 0.000 +/- 0.000
step: -602652672, eval/episode_dist: 3303.526 +/- 0.000
step: -602652672, eval/episode_reward: 440.250 +/- 0.000
step: -602652672, eval/episode_reward_ctrl: -1302.491 +/- 0.000
step: -602652672, eval/episode_reward_survive: 909.258 +/- 0.000
step: -602652672, eval/episode_success: 440.250 +/- 0.000
step: -602652672, eval/episode_success_easy: 550.547 +/- 0.000
step: -602652672, eval/episode_success_any: 0.562 +/- 0.000
step: -602652672, eval/episode_success_hard: 0.000 +/- 0.000
step: -602652672, eval/episode_reward_dist: 0.000 +/- 0.000
step: -602652672, eval/episode_reward_near: 0.000 +/- 0.000
step: -602652672, training/actor_loss: 0.000 +/- 0.000
step: -602652672, training/critic_loss: 0.000 +/- 0.000
step: -602652672, training/sps: 400480.127 +/- 0.000
step: -602652672, training/entropy: 0.000 +/- 0.000
step: -602652672, training/alpha: 0.000 +/- 0.000
step: -602652672, training/alpha_loss: 0.000 +/- 0.000
step: -299433984, eval/episode_dist: 3305.200 +/- 0.000
step: -299433984, eval/episode_reward: 520.609 +/- 0.000
step: -299433984, eval/episode_reward_ctrl: -1206.553 +/- 0.000
step: -299433984, eval/episode_reward_survive: 917.492 +/- 0.000
step: -299433984, eval/episode_success: 520.609 +/- 0.000
step: -299433984, eval/episode_success_easy: 577.875 +/- 0.000
step: -299433984, eval/episode_success_any: 0.625 +/- 0.000
step: -299433984, eval/episode_success_hard: 0.000 +/- 0.000
step: -299433984, eval/episode_reward_dist: 0.000 +/- 0.000
step: -299433984, eval/episode_reward_near: 0.000 +/- 0.000
step: -299433984, training/actor_loss: 0.000 +/- 0.000
step: -299433984, training/critic_loss: 0.000 +/- 0.000
step: -299433984, training/sps: 398518.331 +/- 0.000
step: -299433984, training/entropy: 0.000 +/- 0.000
step: -299433984, training/alpha: 0.000 +/- 0.000
step: -299433984, training/alpha_loss: 0.000 +/- 0.000
step: 3784704, eval/episode_dist: 3819.201 +/- 0.000
step: 3784704, eval/episode_reward: 471.328 +/- 0.000
step: 3784704, eval/episode_reward_ctrl: -1299.862 +/- 0.000
step: 3784704, eval/episode_reward_survive: 948.789 +/- 0.000
step: 3784704, eval/episode_success: 471.328 +/- 0.000
step: 3784704, eval/episode_success_easy: 567.250 +/- 0.000
step: 3784704, eval/episode_success_any: 0.617 +/- 0.000
step: 3784704, eval/episode_success_hard: 0.000 +/- 0.000
step: 3784704, eval/episode_reward_dist: 0.000 +/- 0.000
step: 3784704, eval/episode_reward_near: 0.000 +/- 0.000
step: 3784704, training/actor_loss: 0.000 +/- 0.000
step: 3784704, training/critic_loss: 0.000 +/- 0.000
step: 3784704, training/sps: 400440.349 +/- 0.000
step: 3784704, training/entropy: 0.000 +/- 0.000
step: 3784704, training/alpha: 0.000 +/- 0.000
step: 3784704, training/alpha_loss: 0.000 +/- 0.000
step: 307003392, eval/episode_dist: 3453.221 +/- 0.000
step: 307003392, eval/episode_reward: 462.438 +/- 0.000
step: 307003392, eval/episode_reward_ctrl: -1181.228 +/- 0.000
step: 307003392, eval/episode_reward_survive: 903.648 +/- 0.000
step: 307003392, eval/episode_success: 462.438 +/- 0.000
step: 307003392, eval/episode_success_easy: 539.344 +/- 0.000
step: 307003392, eval/episode_success_any: 0.578 +/- 0.000
step: 307003392, eval/episode_success_hard: 0.000 +/- 0.000
step: 307003392, eval/episode_reward_dist: 0.000 +/- 0.000
step: 307003392, eval/episode_reward_near: 0.000 +/- 0.000
step: 307003392, training/actor_loss: 0.000 +/- 0.000
step: 307003392, training/critic_loss: 0.000 +/- 0.000
step: 307003392, training/sps: 398460.777 +/- 0.000
step: 307003392, training/entropy: 0.000 +/- 0.000
step: 307003392, training/alpha: 0.000 +/- 0.000
step: 307003392, training/alpha_loss: 0.000 +/- 0.000
step: 610222080, eval/episode_dist: 3241.926 +/- 0.000
step: 610222080, eval/episode_reward: 529.430 +/- 0.000
step: 610222080, eval/episode_reward_ctrl: -1262.432 +/- 0.000
step: 610222080, eval/episode_reward_survive: 929.703 +/- 0.000
step: 610222080, eval/episode_success: 529.430 +/- 0.000
step: 610222080, eval/episode_success_easy: 602.367 +/- 0.000
step: 610222080, eval/episode_success_any: 0.656 +/- 0.000
step: 610222080, eval/episode_success_hard: 0.000 +/- 0.000
step: 610222080, eval/episode_reward_dist: 0.000 +/- 0.000
step: 610222080, eval/episode_reward_near: 0.000 +/- 0.000
step: 610222080, training/actor_loss: 0.000 +/- 0.000
step: 610222080, training/critic_loss: 0.000 +/- 0.000
step: 610222080, training/sps: 400636.941 +/- 0.000
step: 610222080, training/entropy: 0.000 +/- 0.000
step: 610222080, training/alpha: 0.000 +/- 0.000
step: 610222080, training/alpha_loss: 0.000 +/- 0.000
step: 913440768, eval/episode_dist: 2892.003 +/- 0.000
step: 913440768, eval/episode_reward: 563.453 +/- 0.000
step: 913440768, eval/episode_reward_ctrl: -1228.519 +/- 0.000
step: 913440768, eval/episode_reward_survive: 941.281 +/- 0.000
step: 913440768, eval/episode_success: 563.453 +/- 0.000
step: 913440768, eval/episode_success_easy: 640.969 +/- 0.000
step: 913440768, eval/episode_success_any: 0.703 +/- 0.000
step: 913440768, eval/episode_success_hard: 0.000 +/- 0.000
step: 913440768, eval/episode_reward_dist: 0.000 +/- 0.000
step: 913440768, eval/episode_reward_near: 0.000 +/- 0.000
step: 913440768, training/actor_loss: 0.000 +/- 0.000
step: 913440768, training/critic_loss: 0.000 +/- 0.000
step: 913440768, training/sps: 397545.367 +/- 0.000
step: 913440768, training/entropy: 0.000 +/- 0.000
step: 913440768, training/alpha: 0.000 +/- 0.000
step: 913440768, training/alpha_loss: 0.000 +/- 0.000
step: 1216659456, eval/episode_dist: 3403.930 +/- 0.000
step: 1216659456, eval/episode_reward: 515.914 +/- 0.000
step: 1216659456, eval/episode_reward_ctrl: -1220.370 +/- 0.000
step: 1216659456, eval/episode_reward_survive: 990.156 +/- 0.000
step: 1216659456, eval/episode_success: 515.914 +/- 0.000
step: 1216659456, eval/episode_success_easy: 634.289 +/- 0.000
step: 1216659456, eval/episode_success_any: 0.672 +/- 0.000
step: 1216659456, eval/episode_success_hard: 0.000 +/- 0.000
step: 1216659456, eval/episode_reward_dist: 0.000 +/- 0.000
step: 1216659456, eval/episode_reward_near: 0.000 +/- 0.000
step: 1216659456, training/actor_loss: 0.000 +/- 0.000
step: 1216659456, training/critic_loss: 0.000 +/- 0.000
step: 1216659456, training/sps: 400651.251 +/- 0.000
step: 1216659456, training/entropy: 0.000 +/- 0.000
step: 1216659456, training/alpha: 0.000 +/- 0.000
step: 1216659456, training/alpha_loss: 0.000 +/- 0.000
step: 1519878144, eval/episode_dist: 3316.400 +/- 0.000
step: 1519878144, eval/episode_reward: 480.961 +/- 0.000
step: 1519878144, eval/episode_reward_ctrl: -1267.274 +/- 0.000
step: 1519878144, eval/episode_reward_survive: 925.469 +/- 0.000
step: 1519878144, eval/episode_success: 480.961 +/- 0.000
step: 1519878144, eval/episode_success_easy: 581.930 +/- 0.000
step: 1519878144, eval/episode_success_any: 0.625 +/- 0.000
step: 1519878144, eval/episode_success_hard: 0.000 +/- 0.000
step: 1519878144, eval/episode_reward_dist: 0.000 +/- 0.000
step: 1519878144, eval/episode_reward_near: 0.000 +/- 0.000
step: 1519878144, training/actor_loss: 0.000 +/- 0.000
step: 1519878144, training/critic_loss: 0.000 +/- 0.000
step: 1519878144, training/sps: 397599.761 +/- 0.000
step: 1519878144, training/entropy: 0.000 +/- 0.000
step: 1519878144, training/alpha: 0.000 +/- 0.000
step: 1519878144, training/alpha_loss: 0.000 +/- 0.000
step: 1823096832, eval/episode_dist: 3428.269 +/- 0.000
step: 1823096832, eval/episode_reward: 515.531 +/- 0.000
step: 1823096832, eval/episode_reward_ctrl: -1228.937 +/- 0.000
step: 1823096832, eval/episode_reward_survive: 946.039 +/- 0.000
step: 1823096832, eval/episode_success: 515.531 +/- 0.000
step: 1823096832, eval/episode_success_easy: 600.070 +/- 0.000
step: 1823096832, eval/episode_success_any: 0.664 +/- 0.000
step: 1823096832, eval/episode_success_hard: 0.000 +/- 0.000
step: 1823096832, eval/episode_reward_dist: 0.000 +/- 0.000
step: 1823096832, eval/episode_reward_near: 0.000 +/- 0.000
step: 1823096832, training/actor_loss: 0.000 +/- 0.000
step: 1823096832, training/critic_loss: 0.000 +/- 0.000
step: 1823096832, training/sps: 400649.537 +/- 0.000
step: 1823096832, training/entropy: 0.000 +/- 0.000
step: 1823096832, training/alpha: 0.000 +/- 0.000
step: 1823096832, training/alpha_loss: 0.000 +/- 0.000
step: 2126315520, eval/episode_dist: 2520.217 +/- 0.000
step: 2126315520, eval/episode_reward: 641.508 +/- 0.000
step: 2126315520, eval/episode_reward_ctrl: -1253.192 +/- 0.000
step: 2126315520, eval/episode_reward_survive: 996.875 +/- 0.000
step: 2126315520, eval/episode_success: 641.508 +/- 0.000
step: 2126315520, eval/episode_success_easy: 729.898 +/- 0.000
step: 2126315520, eval/episode_success_any: 0.812 +/- 0.000
step: 2126315520, eval/episode_success_hard: 0.000 +/- 0.000
step: 2126315520, eval/episode_reward_dist: 0.000 +/- 0.000
step: 2126315520, eval/episode_reward_near: 0.000 +/- 0.000
step: 2126315520, training/actor_loss: 0.000 +/- 0.000
step: 2126315520, training/critic_loss: 0.000 +/- 0.000
step: 2126315520, training/sps: 398582.283 +/- 0.000
step: 2126315520, training/entropy: 0.000 +/- 0.000
step: 2126315520, training/alpha: 0.000 +/- 0.000
step: 2126315520, training/alpha_loss: 0.000 +/- 0.000
step: -1865433088, eval/episode_dist: 3298.539 +/- 0.000
step: -1865433088, eval/episode_reward: 515.625 +/- 0.000
step: -1865433088, eval/episode_reward_ctrl: -1113.188 +/- 0.000
step: -1865433088, eval/episode_reward_survive: 951.312 +/- 0.000
step: -1865433088, eval/episode_success: 515.625 +/- 0.000
step: -1865433088, eval/episode_success_easy: 597.055 +/- 0.000
step: -1865433088, eval/episode_success_any: 0.664 +/- 0.000
step: -1865433088, eval/episode_success_hard: 0.000 +/- 0.000
step: -1865433088, eval/episode_reward_dist: 0.000 +/- 0.000
step: -1865433088, eval/episode_reward_near: 0.000 +/- 0.000
step: -1865433088, training/actor_loss: 0.000 +/- 0.000
step: -1865433088, training/critic_loss: 0.000 +/- 0.000
step: -1865433088, training/sps: 399812.524 +/- 0.000
step: -1865433088, training/entropy: 0.000 +/- 0.000
step: -1865433088, training/alpha: 0.000 +/- 0.000
step: -1865433088, training/alpha_loss: 0.000 +/- 0.000
step: -1562214400, eval/episode_dist: 3273.900 +/- 0.000
step: -1562214400, eval/episode_reward: 541.891 +/- 0.000
step: -1562214400, eval/episode_reward_ctrl: -1282.646 +/- 0.000
step: -1562214400, eval/episode_reward_survive: 975.742 +/- 0.000
step: -1562214400, eval/episode_success: 541.891 +/- 0.000
step: -1562214400, eval/episode_success_easy: 640.766 +/- 0.000
step: -1562214400, eval/episode_success_any: 0.703 +/- 0.000
step: -1562214400, eval/episode_success_hard: 0.000 +/- 0.000
step: -1562214400, eval/episode_reward_dist: 0.000 +/- 0.000
step: -1562214400, eval/episode_reward_near: 0.000 +/- 0.000
step: -1562214400, training/actor_loss: 0.000 +/- 0.000
step: -1562214400, training/critic_loss: 0.000 +/- 0.000
step: -1562214400, training/sps: 398544.516 +/- 0.000
step: -1562214400, training/entropy: 0.000 +/- 0.000
step: -1562214400, training/alpha: 0.000 +/- 0.000
step: -1562214400, training/alpha_loss: 0.000 +/- 0.000
step: -1258995712, eval/episode_dist: 3360.225 +/- 0.000
step: -1258995712, eval/episode_reward: 566.000 +/- 0.000
step: -1258995712, eval/episode_reward_ctrl: -1313.697 +/- 0.000
step: -1258995712, eval/episode_reward_survive: 979.625 +/- 0.000
step: -1258995712, eval/episode_success: 566.000 +/- 0.000
step: -1258995712, eval/episode_success_easy: 626.461 +/- 0.000
step: -1258995712, eval/episode_success_any: 0.695 +/- 0.000
step: -1258995712, eval/episode_success_hard: 0.000 +/- 0.000
step: -1258995712, eval/episode_reward_dist: 0.000 +/- 0.000
step: -1258995712, eval/episode_reward_near: 0.000 +/- 0.000
step: -1258995712, training/actor_loss: 0.000 +/- 0.000
step: -1258995712, training/critic_loss: 0.000 +/- 0.000
step: -1258995712, training/sps: 399820.812 +/- 0.000
step: -1258995712, training/entropy: 0.000 +/- 0.000
step: -1258995712, training/alpha: 0.000 +/- 0.000
step: -1258995712, training/alpha_loss: 0.000 +/- 0.000
step: -955777024, eval/episode_dist: 2795.904 +/- 0.000
step: -955777024, eval/episode_reward: 599.805 +/- 0.000
step: -955777024, eval/episode_reward_ctrl: -1267.221 +/- 0.000
step: -955777024, eval/episode_reward_survive: 1006.891 +/- 0.000
step: -955777024, eval/episode_success: 599.805 +/- 0.000
step: -955777024, eval/episode_success_easy: 700.727 +/- 0.000
step: -955777024, eval/episode_success_any: 0.773 +/- 0.000
step: -955777024, eval/episode_success_hard: 0.000 +/- 0.000
step: -955777024, eval/episode_reward_dist: 0.000 +/- 0.000
step: -955777024, eval/episode_reward_near: 0.000 +/- 0.000
step: -955777024, training/actor_loss: 0.000 +/- 0.000
step: -955777024, training/critic_loss: 0.000 +/- 0.000
step: -955777024, training/sps: 398596.971 +/- 0.000
step: -955777024, training/entropy: 0.000 +/- 0.000
step: -955777024, training/alpha: 0.000 +/- 0.000
step: -955777024, training/alpha_loss: 0.000 +/- 0.000
step: -652558336, eval/episode_dist: 3023.718 +/- 0.000
step: -652558336, eval/episode_reward: 563.953 +/- 0.000
step: -652558336, eval/episode_reward_ctrl: -1238.915 +/- 0.000
step: -652558336, eval/episode_reward_survive: 980.422 +/- 0.000
step: -652558336, eval/episode_success: 563.953 +/- 0.000
step: -652558336, eval/episode_success_easy: 655.930 +/- 0.000
step: -652558336, eval/episode_success_any: 0.711 +/- 0.000
step: -652558336, eval/episode_success_hard: 0.000 +/- 0.000
step: -652558336, eval/episode_reward_dist: 0.000 +/- 0.000
step: -652558336, eval/episode_reward_near: 0.000 +/- 0.000
step: -652558336, training/actor_loss: 0.000 +/- 0.000
step: -652558336, training/critic_loss: 0.000 +/- 0.000
step: -652558336, training/sps: 399922.947 +/- 0.000
step: -652558336, training/entropy: 0.000 +/- 0.000
step: -652558336, training/alpha: 0.000 +/- 0.000
step: -652558336, training/alpha_loss: 0.000 +/- 0.000
step: -349339648, eval/episode_dist: 3086.310 +/- 0.000
step: -349339648, eval/episode_reward: 605.883 +/- 0.000
step: -349339648, eval/episode_reward_ctrl: -1264.549 +/- 0.000
step: -349339648, eval/episode_reward_survive: 1017.266 +/- 0.000
step: -349339648, eval/episode_success: 605.883 +/- 0.000
step: -349339648, eval/episode_success_easy: 677.688 +/- 0.000
step: -349339648, eval/episode_success_any: 0.742 +/- 0.000
step: -349339648, eval/episode_success_hard: 0.000 +/- 0.000
step: -349339648, eval/episode_reward_dist: 0.000 +/- 0.000
step: -349339648, eval/episode_reward_near: 0.000 +/- 0.000
step: -349339648, training/actor_loss: 0.000 +/- 0.000
step: -349339648, training/critic_loss: 0.000 +/- 0.000
step: -349339648, training/sps: 398200.758 +/- 0.000
step: -349339648, training/entropy: 0.000 +/- 0.000
step: -349339648, training/alpha: 0.000 +/- 0.000
step: -349339648, training/alpha_loss: 0.000 +/- 0.000
step: -46120960, eval/episode_dist: 3064.500 +/- 0.000
step: -46120960, eval/episode_reward: 634.617 +/- 0.000
step: -46120960, eval/episode_reward_ctrl: -1222.821 +/- 0.000
step: -46120960, eval/episode_reward_survive: 999.438 +/- 0.000
step: -46120960, eval/episode_success: 634.617 +/- 0.000
step: -46120960, eval/episode_success_easy: 675.398 +/- 0.000
step: -46120960, eval/episode_success_any: 0.758 +/- 0.000
step: -46120960, eval/episode_success_hard: 0.000 +/- 0.000
step: -46120960, eval/episode_reward_dist: 0.000 +/- 0.000
step: -46120960, eval/episode_reward_near: 0.000 +/- 0.000
step: -46120960, training/actor_loss: 0.000 +/- 0.000
step: -46120960, training/critic_loss: 0.000 +/- 0.000
step: -46120960, training/sps: 400066.792 +/- 0.000
step: -46120960, training/entropy: 0.000 +/- 0.000
step: -46120960, training/alpha: 0.000 +/- 0.000
step: -46120960, training/alpha_loss: 0.000 +/- 0.000
[1;34mwandb[0m: 
[1;34mwandb[0m: You can sync this run to the cloud by running:
[1;34mwandb[0m: [1mwandb sync /home/kw2960/JaxGCRL/wandb/offline-run-20250907_194139-x20mb4sh[0m
[1;34mwandb[0m: Find logs at: [1;35mwandb/offline-run-20250907_194139-x20mb4sh/logs[0m
